<html>
<body>
<pre>
<h1>µVision Build Log</h1>
<h2>Project:</h2>
D:\Keil-WS\mbed_rtosLED\mbed_rtos.uvproj
Project File Date:  09/02/2014

<h2>Output:</h2>
Build target 'NXP LPC4088'
compiling main.cpp...
linking...
Program Size: Code=25796 RO-data=1864 RW-data=600 ZI-data=5628  
After Build - User command #1: fromelf --bin -o build\mbed_rtos_LPC4088.bin build\mbed_rtos.axf
".\build\mbed_rtos.axf" - 0 Error(s), 0 Warning(s).
Load "D:\\Keil-WS\\mbed_rtosLED\\build\\mbed_rtos.axf" 
Erase Done.
Programming Done.
Verify OK.
c...
compiling HAL_CM4.c...
compiling main.cpp...
main.cpp(22): warning:  #1-D: last line of file ends without a newline
  }
main.cpp: 1 warning, 0 errors
compiling Thread.cpp...
compiling RtosTimer.cpp...
compiling Semaphore.cpp...
compiling Mutex.cpp...
linking...
Program Size: Code=25796 RO-data=1864 RW-data=600 ZI-data=5628  
After Build - User command #1: fromelf --bin -o build\mbed_rtos_LPC4088.bin build\mbed_rtos.axf
".\build\mbed_rtos.axf" - 0 Error(s), 1 Warning(s).
