<html>
<body>
<pre>
<h1>µVision Build Log</h1>
<h2>Project:</h2>
C:\Temp\weltitob\Github\WeKeBA\05_Source\mbed_rtosLED\mbed_rtos.uvproj
Project File Date:  09/08/2014

<h2>Output:</h2>
Rebuild target 'NXP LPC4088'
assembling SVC_Table.s...
compiling rt_Task.c...
compiling rt_System.c...
compiling rt_List.c...
compiling rt_Time.c...
compiling rt_Semaphore.c...
compiling rt_Mailbox.c...
compiling rt_CMSIS.c...
compiling HAL_CM.c...
compiling rt_Robin.c...
compiling rt_MemBox.c...
compiling RTX_Conf_CM.c...
compiling rt_Event.c...
compiling rt_Mutex.c...
compiling HAL_CM4.c...
compiling main.cpp...
compiling Thread.cpp...
compiling RtosTimer.cpp...
compiling Semaphore.cpp...
compiling Mutex.cpp...
linking...
Program Size: Code=25796 RO-data=1864 RW-data=600 ZI-data=5628  
After Build - User command #1: fromelf --bin -o build\mbed_rtos_LPC4088.bin build\mbed_rtos.axf
".\build\mbed_rtos.axf" - 0 Error(s), 0 Warning(s).
Load "C:\\Temp\\weltitob\\Github\\WeKeBA\\05_Source\\mbed_rtosLED\\build\\mbed_rtos.axf" 
RDDI-DAP Error
Error: Flash Download failed  -  Target DLL has been cancelled
Load "C:\\Temp\\weltitob\\Github\\WeKeBA\\05_Source\\mbed_rtosLED\\build\\mbed_rtos.axf" 
Erase Done.
Programming Done.
Verify OK.
</pre>
</body>
</html>
