Product: MDK-ARM Professional 5.10
Component: ARM Compiler 5.04 update 1 (build 49)
Tool: armlink [5040049]

==============================================================================

Section Cross References

    rt_task.o(.text) refers to hal_cm.o(.text) for rt_init_stack
    rt_task.o(.text) refers to rt_list.o(.text) for rt_get_first
    rt_task.o(.text) refers to hal_cm4.o(.emb_text) for rt_get_PSP
    rt_task.o(.text) refers to rt_system.o(.text) for rt_stk_check
    rt_task.o(.text) refers to rt_robin.o(.text) for rt_init_robin
    rt_task.o(.text) refers to rtx_conf_cm.o(.bss) for os_active_TCB
    rt_task.o(.text) refers to rtx_conf_cm.o(.constdata) for os_maxtaskrun
    rt_task.o(.text) refers to rt_task.o(.data) for os_tsk
    rt_task.o(.text) refers to libspace.o(.bss) for __libspace_start
    rt_task.o(.text) refers to rt_list.o(.bss) for os_rdy
    rt_task.o(.text) refers to rt_task.o(.bss) for os_idle_TCB
    rt_task.o(.text) refers to rtx_conf_cm.o(.text) for os_idle_demon
    rt_task.o(.text) refers to rt_system.o(.data) for os_tick_irqn
    rt_system.o(.text) refers to rt_list.o(.text) for rt_put_rdy_first
    rt_system.o(.text) refers to rt_task.o(.text) for rt_switch_req
    rt_system.o(.text) refers to rt_event.o(.text) for rt_evt_psh
    rt_system.o(.text) refers to rt_mailbox.o(.text) for rt_mbx_psh
    rt_system.o(.text) refers to rt_semaphore.o(.text) for rt_sem_psh
    rt_system.o(.text) refers to rt_robin.o(.text) for rt_chk_robin
    rt_system.o(.text) refers to rt_cmsis.o(.text) for sysTimerTick
    rt_system.o(.text) refers to rtx_conf_cm.o(.text) for os_error
    rt_system.o(.text) refers to rt_system.o(.data) for os_tick_irqn
    rt_system.o(.text) refers to rt_list.o(.bss) for os_dly
    rt_system.o(.text) refers to rt_task.o(.data) for os_tsk
    rt_system.o(.text) refers to rt_robin.o(.data) for os_robin
    rt_system.o(.text) refers to rt_time.o(.data) for os_time
    rt_system.o(.text) refers to rtx_conf_cm.o(.bss) for os_fifo
    rt_system.o(.text) refers to rtx_conf_cm.o(.constdata) for os_trv
    rt_list.o(.text) refers to rtx_conf_cm.o(.text) for os_error
    rt_list.o(.text) refers to rt_list.o(.bss) for os_rdy
    rt_list.o(.text) refers to rt_task.o(.data) for os_tsk
    rt_list.o(.text) refers to rt_time.o(.data) for os_time
    rt_list.o(.text) refers to rtx_conf_cm.o(.bss) for os_fifo
    rt_time.o(.text) refers to rt_task.o(.text) for rt_block
    rt_time.o(.text) refers to rt_time.o(.data) for os_time
    rt_time.o(.text) refers to rt_task.o(.data) for os_tsk
    rt_semaphore.o(.text) refers to rt_list.o(.text) for rt_get_first
    rt_semaphore.o(.text) refers to hal_cm.o(.text) for rt_ret_val
    rt_semaphore.o(.text) refers to rt_task.o(.text) for rt_dispatch
    rt_semaphore.o(.text) refers to rt_system.o(.text) for rt_psh_req
    rt_semaphore.o(.text) refers to rt_list.o(.bss) for os_rdy
    rt_semaphore.o(.text) refers to rt_task.o(.data) for os_tsk
    rt_mailbox.o(.text) refers to rt_list.o(.text) for rt_get_first
    rt_mailbox.o(.text) refers to hal_cm.o(.text) for rt_ret_val2
    rt_mailbox.o(.text) refers to rt_task.o(.text) for rt_dispatch
    rt_mailbox.o(.text) refers to rt_system.o(.text) for rt_psh_req
    rt_mailbox.o(.text) refers to rt_membox.o(.text) for rt_alloc_box
    rt_mailbox.o(.text) refers to rtx_conf_cm.o(.text) for os_error
    rt_mailbox.o(.text) refers to rt_task.o(.data) for os_tsk
    rt_mailbox.o(.text) refers to rt_list.o(.bss) for os_rdy
    rt_cmsis.o(.text) refers to rt_task.o(.text) for rt_sys_init
    rt_cmsis.o(.text) refers to rtx_conf_cm.o(.text) for sysThreadError
    rt_cmsis.o(.text) refers to rt_mailbox.o(.text) for rt_mbx_init
    rt_cmsis.o(.text) refers to rtx_conf_cm.o(.constdata) for os_clockrate
    rt_cmsis.o(.text) refers to rt_cmsis.o(.data) for os_initialized
    rt_cmsis.o(.text) refers to rt_task.o(.data) for os_tsk
    rt_cmsis.o(.text) refers to rtx_conf_cm.o(.bss) for os_active_TCB
    rt_cmsis.o(.text) refers to rtx_conf_cm.o(.data) for os_messageQ_def_osTimerMessageQ
    rt_cmsis.o(.text) refers to rt_time.o(.text) for rt_dly_wait
    rt_cmsis.o(.text) refers to rt_event.o(.text) for rt_evt_set
    rt_cmsis.o(.text) refers to rt_mutex.o(.text) for rt_mut_init
    rt_cmsis.o(.text) refers to rt_semaphore.o(.text) for rt_sem_init
    rt_cmsis.o(.text) refers to rt_membox.o(.text) for _init_box
    rt_cmsis.o(.text) refers to rt_list.o(.text) for rt_put_prio
    rt_cmsis.o(.text) refers to rt_system.o(.text) for rt_psh_req
    rt_cmsis.o(.text) refers to hal_cm.o(.text) for rt_ret_val
    rt_robin.o(.text) refers to rt_list.o(.text) for rt_get_first
    rt_robin.o(.text) refers to rt_robin.o(.data) for os_robin
    rt_robin.o(.text) refers to rtx_conf_cm.o(.constdata) for os_rrobin
    rt_robin.o(.text) refers to rt_list.o(.bss) for os_rdy
    rt_robin.o(.text) refers to rt_time.o(.data) for os_time
[...]
    free                                     0x00004a27   Thumb Code    20  h1_free_mt.o(.text)
    _printf_truncate_signed                  0x00004a3b   Thumb Code    18  _printf_truncate.o(.text)
    _printf_truncate_unsigned                0x00004a4d   Thumb Code    18  _printf_truncate.o(.text)
    _printf_int_common                       0x00004a5f   Thumb Code   178  _printf_intcommon.o(.text)
    _printf_charcount                        0x00004b11   Thumb Code    40  _printf_charcount.o(.text)
    _printf_char_common                      0x00004b43   Thumb Code    32  _printf_char_common.o(.text)
    _sputc                                   0x00004b69   Thumb Code    10  _sputc.o(.text)
    _printf_cs_common                        0x00004b73   Thumb Code    20  _printf_char.o(.text)
    _printf_char                             0x00004b87   Thumb Code    16  _printf_char.o(.text)
    _printf_string                           0x00004b97   Thumb Code     8  _printf_char.o(.text)
    _printf_wctomb                           0x00004ba1   Thumb Code   182  _printf_wctomb.o(.text)
    _printf_longlong_dec                     0x00004c5d   Thumb Code   104  _printf_longlong_dec.o(.text)
    _printf_longlong_oct                     0x00004cd5   Thumb Code    68  _printf_oct_int_ll.o(.text)
    _printf_int_oct                          0x00004d19   Thumb Code    24  _printf_oct_int_ll.o(.text)
    _printf_ll_oct                           0x00004d31   Thumb Code    12  _printf_oct_int_ll.o(.text)
    _chval                                   0x00004d45   Thumb Code    28  _chval.o(.text)
    _scanf_longlong                          0x00004d61   Thumb Code   342  _scanf_longlong.o(.text)
    _scanf_string                            0x00004eb7   Thumb Code   218  _scanf_str.o(.text)
    __vfscanf_char                           0x00004f9d   Thumb Code    24  scanf_char.o(.text)
    _sgetc                                   0x00004fbd   Thumb Code    30  _sgetc.o(.text)
    _sbackspace                              0x00004fdb   Thumb Code    34  _sgetc.o(.text)
    strtol                                   0x00004ffd   Thumb Code   112  strtol.o(.text)
    _scanf_mbtowc                            0x0000506d   Thumb Code   272  _scanf_mbtowc.o(.text)
    _scanf_wctomb                            0x0000517d   Thumb Code   226  _scanf_wctomb.o(.text)
    _scanf_wstring                           0x0000525f   Thumb Code   202  _scanf_wstr.o(.text)
    _readbuf                                 0x00005329   Thumb Code    54  filbuf.o(.text)
    _seteof                                  0x0000535f   Thumb Code    40  filbuf.o(.text)
    __filbuf                                 0x00005387   Thumb Code   476  filbuf.o(.text)
    __filbuf_byte                            0x00005387   Thumb Code     0  filbuf.o(.text)
    __filbuf_wide                            0x00005387   Thumb Code     0  filbuf.o(.text)
    __flsbuf                                 0x00005563   Thumb Code   470  flsbuf.o(.text)
    __flsbuf_byte                            0x00005563   Thumb Code     0  flsbuf.o(.text)
    __flsbuf_wide                            0x00005563   Thumb Code     0  flsbuf.o(.text)
    _fseek                                   0x00005739   Thumb Code   242  fseek.o(.text)
    fseek                                    0x00005739   Thumb Code     0  fseek.o(.text)
    _seterr                                  0x00005831   Thumb Code    20  stdio.o(.text)
    _writebuf                                0x00005845   Thumb Code    84  stdio.o(.text)
    _fflush                                  0x00005899   Thumb Code    70  stdio.o(.text)
    _deferredlazyseek                        0x000058df   Thumb Code    60  stdio.o(.text)
    setvbuf                                  0x00005921   Thumb Code   104  setvbuf_locked.o(.text)
    _initio                                  0x00005989   Thumb Code   240  initio_locked.o(.text)
    _terminateio                             0x00005a79   Thumb Code   168  initio_locked.o(.text)
    __rt_SIGPVFN                             0x00005b51   Thumb Code    14  defsig_pvfn_outer.o(.text)
    __aeabi_memcpy4                          0x00005b5f   Thumb Code     0  rt_memcpy_w.o(.text)
    __aeabi_memcpy8                          0x00005b5f   Thumb Code     0  rt_memcpy_w.o(.text)
    __rt_memcpy_w                            0x00005b5f   Thumb Code   100  rt_memcpy_w.o(.text)
    _memcpy_lastbytes_aligned                0x00005ba7   Thumb Code     0  rt_memcpy_w.o(.text)
    asctime                                  0x00005bc5   Thumb Code     6  asctime.o(.text)
    _localtime_r                             0x00005bd1   Thumb Code   158  localtime_internal.o(.text)
    _n$localtime_r                           0x00005bd1   Thumb Code     0  localtime_internal.o(.text)
    __rt_ctype_table                         0x00005c75   Thumb Code    16  rt_ctype_table.o(.text)
    __rt_heap_descriptor                     0x00005c85   Thumb Code    10  rt_heap_descriptor_twolibspace.o(.text)
    __use_no_heap                            0x00005c8f   Thumb Code     2  hguard.o(.text)
    __heap$guard                             0x00005c91   Thumb Code     2  hguard.o(.text)
    _terminate_user_alloc                    0x00005c93   Thumb Code     2  init_alloc.o(.text)
    _init_user_alloc                         0x00005c95   Thumb Code     2  init_alloc.o(.text)
    __Heap_Full                              0x00005c97   Thumb Code    34  init_alloc.o(.text)
    __Heap_Broken                            0x00005cb9   Thumb Code     6  init_alloc.o(.text)
    _init_alloc                              0x00005cbf   Thumb Code    94  init_alloc.o(.text)
    __Heap_Initialize                        0x00005d1d   Thumb Code    14  h1_init_mt.o(.text)
    __Heap_DescSize                          0x00005d2b   Thumb Code     4  h1_init_mt.o(.text)
    _ll_udiv10                               0x00005d2f   Thumb Code   138  lludiv10.o(.text)
    isspace                                  0x00005db9   Thumb Code    18  isspace.o(.text)
    __lib_sel_fp_printf                      0x00005dcb   Thumb Code     2  _printf_fp_dec.o(.text)
    _printf_fp_dec_real                      0x00005f79   Thumb Code   616  _printf_fp_dec.o(.text)
    _printf_fp_hex_real                      0x000061e1   Thumb Code   750  _printf_fp_hex.o(.text)
    _printf_char_file                        0x000064d9   Thumb Code    58  _printf_char_file_locked.o(.text)
    _printf_lcs_common                       0x00006519   Thumb Code    20  _printf_wchar.o(.text)
    _printf_wchar                            0x0000652d   Thumb Code    16  _printf_wchar.o(.text)
    _printf_wstring                          0x0000653d   Thumb Code     8  _printf_wchar.o(.text)
    __vfscanf                                0x00006545   Thumb Code   872  _scanf.o(.text)
    _scanf_really_real                       0x00006aad   Thumb Code   668  scanf_fp.o(.text)
    __vfscanf_char_file                      0x00006d55   Thumb Code    56  scanf_char_file_locked.o(.text)
    _strtoul                                 0x00006d95   Thumb Code   158  _strtoul.o(.text)
    _scanf_wcharmap                          0x00006e33   Thumb Code    30  _scanf_wcharmap.o(.text)
    ___backspace$unlocked$orig               0x00006e51   Thumb Code     2  backspace.o(.text)
    ___backspace$unlocked                    0x00006e53   Thumb Code    70  backspace.o(.text)
    _ftell_internal                          0x00006e99   Thumb Code    66  ftell.o(.text)
    ftell                                    0x00006e99   Thumb Code     0  ftell.o(.text)
    _flushlinebuffered                       0x00006edd   Thumb Code    84  flushlinebuffered_locked.o(.text)
    _mbrtowc                                 0x00006f39   Thumb Code    60  _mbrtowc.o(.text)
    _wcrtomb                                 0x00006f75   Thumb Code    64  _wcrtomb.o(.text)
    __sig_exit                               0x00006fb5   Thumb Code    10  defsig_exit.o(.text)
    __rt_SIGRTRED                            0x00006fbf   Thumb Code    14  defsig_rtred_outer.o(.text)
    __rt_SIGPVFN_inner                       0x00006fcd   Thumb Code    14  defsig_pvfn_inner.o(.text)
    _asctime_r                               0x00006ffd   Thumb Code    74  asctime_internal.o(.text)
    _n$asctime_r                             0x00006ffd   Thumb Code     0  asctime_internal.o(.text)
    _sys_exit                                0x00007065   Thumb Code     8  sys_exit.o(.text)
    __rt_locale                              0x00007071   Thumb Code    10  rt_locale_twolibspace.o(.text)
    __Heap_ProvideMemory                     0x0000707b   Thumb Code    62  h1_extend_mt.o(.text)
    sprintf                                  0x000070b9   Thumb Code    38  sprintf.o(.text)
    _printf_fp_infnan                        0x000070e5   Thumb Code   112  _printf_fp_infnan.o(.text)
    _btod_etento                             0x00007165   Thumb Code   212  bigflt0.o(.text)
    _ungetc_internal                         0x0000723d   Thumb Code    60  ungetc.o(.text)
    ungetc                                   0x0000723d   Thumb Code     0  ungetc.o(.text)
    __default_signal_display                 0x00007285   Thumb Code    50  defsig_general.o(.text)
    __rt_SIGRTRED_inner                      0x000072b9   Thumb Code    14  defsig_rtred_inner.o(.text)
    __rt_SIGRTMEM                            0x000072ed   Thumb Code    14  defsig_rtmem_outer.o(.text)
    _ttywrch                                 0x000072fb   Thumb Code    14  sys_wrch.o(.text)
    __I$use$semihosting                      0x00007309   Thumb Code     0  use_no_semi.o(.text)
    __use_no_semihosting_swi                 0x00007309   Thumb Code     2  use_no_semi.o(.text)
    __read_errno                             0x0000730b   Thumb Code    10  _rserrno.o(.text)
    __semihosting_library_function           0x0000730b   Thumb Code     0  indicate_semi.o(.text)
    __set_errno                              0x00007315   Thumb Code    12  _rserrno.o(.text)
    _scanf_really_hex_real                   0x00007321   Thumb Code   778  scanf_hexfp.o(.text)
    _scanf_really_infnan                     0x00007639   Thumb Code   292  scanf_infnan.o(.text)
    __rt_SIGRTMEM_inner                      0x0000776d   Thumb Code    22  defsig_rtmem_inner.o(.text)
    __aeabi_llsl                             0x000077bd   Thumb Code     0  llshl.o(.text)
    _ll_shift_l                              0x000077bd   Thumb Code    38  llshl.o(.text)
    _btod_d2e                                0x000077e3   Thumb Code    62  btod.o(CL$$btod_d2e)
    _d2e_denorm_low                          0x00007821   Thumb Code    70  btod.o(CL$$btod_d2e_denorm_low)
    _d2e_norm_op1                            0x00007867   Thumb Code    96  btod.o(CL$$btod_d2e_norm_op1)
    __btod_div_common                        0x000078c7   Thumb Code   696  btod.o(CL$$btod_div_common)
    _e2d                                     0x00007c01   Thumb Code    80  btod.o(CL$$btod_e2d)
    _e2e                                     0x00007c55   Thumb Code   198  btod.o(CL$$btod_e2e)
    _btod_ediv                               0x00007d1b   Thumb Code    40  btod.o(CL$$btod_ediv)
    _btod_edivd                              0x00007d43   Thumb Code    40  btod.o(CL$$btod_edivd)
    _btod_emul                               0x00007d6b   Thumb Code    40  btod.o(CL$$btod_emul)
    _btod_emuld                              0x00007d93   Thumb Code    40  btod.o(CL$$btod_emuld)
    __btod_mult_common                       0x00007dbb   Thumb Code   580  btod.o(CL$$btod_mult_common)
    SVC_Count                                0x00008000   Data           4  svc_table.o(SVC_TABLE)
    SVC_Table                                0x00008004   Data           0  svc_table.o(SVC_TABLE)
    main                                     0x00008005   Thumb Code    18  retarget.o(i.$Sub$$main)
    NVIC_SetVector                           0x0000801d   Thumb Code    98  cmsis_nvic.o(i.NVIC_SetVector)
    SystemCoreClockUpdate                    0x00008085   Thumb Code   504  system_LPC407x_8x_177x_8x.o(i.SystemCoreClockUpdate)
    SystemInit                               0x00008289   Thumb Code   204  system_LPC407x_8x_177x_8x.o(i.SystemInit)
    mbed::DigitalOut::write(int)             0x0000836d   Thumb Code    52  main.o(i._ZN4mbed10DigitalOut5writeEi)
    mbed::DigitalOut::DigitalOut(PinName)    0x000083f5   Thumb Code    26  main.o(i._ZN4mbed10DigitalOutC1E7PinName)
    mbed::DigitalOut::DigitalOut__sub_object(PinName) 0x000083f5   Thumb Code     0  main.o(i._ZN4mbed10DigitalOutC1E7PinName)
    mbed::DigitalOut::operator =(int)        0x0000840f   Thumb Code    18  main.o(i._ZN4mbed10DigitalOutaSEi)
    mbed::DigitalOut::operator int()         0x00008421   Thumb Code    52  main.o(i._ZN4mbed10DigitalOutcviEv)
    mbed::FileHandle::flen()                 0x000084a9   Thumb Code    58  retarget.o(i._ZN4mbed10FileHandle4flenEv)
    mbed::FileHandle::~FileHandle()          0x000084e5   Thumb Code     0  retarget.o(i._ZN4mbed10FileHandleD2Ev)
    mbed::FileHandle::~FileHandle__sub_object() 0x000084e5   Thumb Code    38  retarget.o(i._ZN4mbed10FileHandleD2Ev)
    mbed::SerialBase::_base_getc()           0x00008515   Thumb Code     6  SerialBase.o(i._ZN4mbed10SerialBase10_base_getcEv)
    mbed::SerialBase::_base_putc(int)        0x0000851b   Thumb Code    14  SerialBase.o(i._ZN4mbed10SerialBase10_base_putcEi)
    mbed::SerialBase::_irq_handler(unsigned, SerialIrq) 0x00008529   Thumb Code    14  SerialBase.o(i._ZN4mbed10SerialBase12_irq_handlerEj9SerialIrq)
    mbed::SerialBase::SerialBase(PinName, PinName) 0x00008539   Thumb Code    62  SerialBase.o(i._ZN4mbed10SerialBaseC1E7PinNameS1_)
    mbed::SerialBase::SerialBase__sub_object(PinName, PinName) 0x00008539   Thumb Code     0  SerialBase.o(i._ZN4mbed10SerialBaseC1E7PinNameS1_)
    mbed::FunctionPointer::call()            0x00008585   Thumb Code    24  FunctionPointer.o(i._ZN4mbed15FunctionPointer4callEv)
    mbed::FunctionPointer::FunctionPointer(void(*)()) 0x0000859d   Thumb Code    10  FunctionPointer.o(i._ZN4mbed15FunctionPointerC1EPFvvE)
    mbed::FunctionPointer::FunctionPointer__sub_object(void(*)()) 0x0000859d   Thumb Code     0  FunctionPointer.o(i._ZN4mbed15FunctionPointerC1EPFvvE)
    mbed::Serial::Serial(PinName, PinName, const char*) 0x000085a9   Thumb Code    32  Serial.o(i._ZN4mbed6SerialC1E7PinNameS1_PKc)
    mbed::Serial::Serial__sub_object(PinName, PinName, const char*) 0x000085a9   Thumb Code     0  Serial.o(i._ZN4mbed6SerialC1E7PinNameS1_PKc)
    mbed::Serial::~Serial()                  0x000085cd   Thumb Code    12  Serial.o(i._ZN4mbed6SerialD1Ev)
    mbed::Serial::~Serial__sub_object()      0x000085cd   Thumb Code     0  Serial.o(i._ZN4mbed6SerialD1Ev)
    mbed::Stream::flen()                     0x000085d9   Thumb Code     4  Stream.o(i._ZN4mbed6Stream4flenEv)
    mbed::Stream::read(void*, unsigned)      0x000085dd   Thumb Code    42  Stream.o(i._ZN4mbed6Stream4readEPvj)
    mbed::Stream::close()                    0x00008607   Thumb Code     4  Stream.o(i._ZN4mbed6Stream5closeEv)
    mbed::Stream::lseek(long, int)           0x0000860b   Thumb Code     4  Stream.o(i._ZN4mbed6Stream5lseekEli)
    mbed::Stream::scanf(const char*, ...)    0x0000860f   Thumb Code    30  Stream.o(i._ZN4mbed6Stream5scanfEPKcz)
    mbed::Stream::write(const void*, unsigned) 0x0000862d   Thumb Code    42  Stream.o(i._ZN4mbed6Stream5writeEPKvj)
    mbed::Stream::isatty()                   0x00008657   Thumb Code     4  Stream.o(i._ZN4mbed6Stream6isattyEv)
    mbed::Stream::printf(const char*, ...)   0x0000865b   Thumb Code    30  Stream.o(i._ZN4mbed6Stream6printfEPKcz)
    mbed::Stream::Stream__sub_object(const char*) 0x00008679   Thumb Code    54  Stream.o(i._ZN4mbed6StreamC2EPKc)
    mbed::Stream::~Stream()                  0x000086bd   Thumb Code     0  Stream.o(i._ZN4mbed6StreamD2Ev)
    mbed::Stream::~Stream__sub_object()      0x000086bd   Thumb Code    28  Stream.o(i._ZN4mbed6StreamD2Ev)
    mbed::FileBase::getPathType()            0x000086dd   Thumb Code     4  FileBase.o(i._ZN4mbed8FileBase11getPathTypeEv)
    mbed::FileBase::lookup(const char*, unsigned) 0x000086e1   Thumb Code    50  FileBase.o(i._ZN4mbed8FileBase6lookupEPKcj)
    mbed::FileBase::FileBase(const char*, mbed::PathType) 0x00008719   Thumb Code    28  FileBase.o(i._ZN4mbed8FileBaseC1EPKcNS_8PathTypeE)
    mbed::FileBase::FileBase__sub_object(const char*, mbed::PathType) 0x00008719   Thumb Code     0  FileBase.o(i._ZN4mbed8FileBaseC1EPKcNS_8PathTypeE)
    mbed::FileBase::~FileBase()              0x0000873d   Thumb Code    46  FileBase.o(i._ZN4mbed8FileBaseD1Ev)
    mbed::FileBase::~FileBase__sub_object()  0x0000873d   Thumb Code     0  FileBase.o(i._ZN4mbed8FileBaseD1Ev)
    mbed::FileLike::FileLike__sub_object(const char*) 0x00008775   Thumb Code    26  FileLike.o(i._ZN4mbed8FileLikeC2EPKc)
    mbed::FileLike::~FileLike()              0x00008799   Thumb Code     0  FileLike.o(i._ZN4mbed8FileLikeD2Ev)
    mbed::FileLike::~FileLike__sub_object()  0x00008799   Thumb Code    18  FileLike.o(i._ZN4mbed8FileLikeD2Ev)
    mbed::FilePath::fileSystem()             0x000087ab   Thumb Code    24  FilePath.o(i._ZN4mbed8FilePath10fileSystemEv)
    mbed::FilePath::file()                   0x000087c3   Thumb Code    28  FilePath.o(i._ZN4mbed8FilePath4fileEv)
    mbed::FilePath::exists()                 0x000087df   Thumb Code    10  FilePath.o(i._ZN4mbed8FilePath6existsEv)
    mbed::FilePath::isFile()                 0x000087e9   Thumb Code    24  FilePath.o(i._ZN4mbed8FilePath6isFileEv)
    mbed::FilePath::fileName()               0x00008801   Thumb Code     4  FilePath.o(i._ZN4mbed8FilePath8fileNameEv)
    mbed::FilePath::FilePath(const char*)    0x00008805   Thumb Code    64  FilePath.o(i._ZN4mbed8FilePathC1EPKc)
    mbed::FilePath::FilePath__sub_object(const char*) 0x00008805   Thumb Code     0  FilePath.o(i._ZN4mbed8FilePathC1EPKc)
    thunk{-72} to mbed::Serial::_getc()      0x00008845   Thumb Code     6  Serial.o(i._ZThn72_N4mbed6Serial5_getcEv)
    thunk{-72} to mbed::Serial::_putc(int)   0x0000884b   Thumb Code     6  Serial.o(i._ZThn72_N4mbed6Serial5_putcEi)
    __ARM_fpclassify                         0x00008851   Thumb Code    48  fpclassify.o(i.__ARM_fpclassify)
    __aeabi_atexit                           0x00008881   Thumb Code    50  aeabi_atexit.o(i.__aeabi_atexit)
    __aeabi_vec_ctor_nocookie_nodtor         0x000088b3   Thumb Code    36  aeabi_vec_ctor_nocookie_nodtor.o(i.__aeabi_vec_ctor_nocookie_nodtor)
    __cxa_finalize                           0x000088d7   Thumb Code    66  cxa_finalize.o(i.__cxa_finalize)
    __cxa_pure_virtual                       0x00008919   Thumb Code     6  pure_virt.o(i.__cxa_pure_virtual)
    __hardfp_ldexp                           0x00008921   Thumb Code   208  ldexp.o(i.__hardfp_ldexp)
    __mathlib_dbl_underflow                  0x00008a01   Thumb Code    24  dunder.o(i.__mathlib_dbl_underflow)
    __mathlib_narrow                         0x00008a21   Thumb Code   166  narrow.o(i.__mathlib_narrow)
    __reserved_stack_size                    0x00008ad9   Thumb Code     4  sys_helper.o(i.__reserved_stack_size)
    __support_ldexp                          0x00008add   Thumb Code    20  ldexp.o(i.__support_ldexp)
    __user_setup_stackheap                   0x00008af1   Thumb Code    24  sys.o(i.__user_setup_stackheap)
    _is_digit                                0x00008b0d   Thumb Code    14  __printf_wp.o(i._is_digit)
    _sys_close                               0x00008b1d   Thumb Code    40  retarget.o(i._sys_close)
    _sys_flen                                0x00008b49   Thumb Code    34  retarget.o(i._sys_flen)
    _sys_istty                               0x00008b71   Thumb Code    34  retarget.o(i._sys_istty)
    _sys_open                                0x00008b99   Thumb Code   280  retarget.o(i._sys_open)
    _sys_read                                0x00008ccd   Thumb Code    70  retarget.o(i._sys_read)
    _sys_seek                                0x00008d21   Thumb Code    36  retarget.o(i._sys_seek)
    _sys_write                               0x00008d49   Thumb Code    82  retarget.o(i._sys_write)
    error                                    0x00008da9   Thumb Code    20  error.o(i.error)
    exit                                     0x00008dc1   Thumb Code    24  exit.o(i.exit)
    _fgetc$unlocked                          0x00008de1   Thumb Code    24  fgetc.o(i.fgetc)
    _fputc$unlocked                          0x00008df9   Thumb Code    26  fputc.o(i.fputc)
    frexp                                    0x00008e19   Thumb Code   118  frexp.o(i.frexp)
    gpio_dir                                 0x00008ea5   Thumb Code    54  gpio_api.o(i.gpio_dir)
    gpio_init                                0x00008ef9   Thumb Code    64  gpio_api.o(i.gpio_init)
    gpio_init_out                            0x00008f39   Thumb Code    64  gpio.o(i.gpio_init_out)
    gpio_mode                                0x00008f7d   Thumb Code     8  gpio_api.o(i.gpio_mode)
    mbed_assert_internal                     0x00008f85   Thumb Code    24  assert.o(i.mbed_assert_internal)
    mbed_die                                 0x00008fd5   Thumb Code   258  board.o(i.mbed_die)
    mbed_main                                0x000090dd   Thumb Code     2  retarget.o(i.mbed_main)
    mbed_sdk_init                            0x000090df   Thumb Code     2  retarget.o(i.mbed_sdk_init)
    pin_function                             0x000090e1   Thumb Code    36  pinmap.o(i.pin_function)
    pin_mode                                 0x00009121   Thumb Code    56  pinmap.o(i.pin_mode)
    pinmap_merge                             0x00009175   Thumb Code    34  pinmap_common.o(i.pinmap_merge)
    pinmap_peripheral                        0x000091ad   Thumb Code    58  pinmap_common.o(i.pinmap_peripheral)
    pinmap_pinout                            0x00009209   Thumb Code    66  pinmap_common.o(i.pinmap_pinout)
    rtc_init                                 0x00009261   Thumb Code    26  rtc_api.o(i.rtc_init)
    rtc_isenabled                            0x00009285   Thumb Code    10  rtc_api.o(i.rtc_isenabled)
    rtc_read                                 0x00009295   Thumb Code    46  rtc_api.o(i.rtc_read)
    rtc_write                                0x000092c9   Thumb Code    64  rtc_api.o(i.rtc_write)
    serial_baud                              0x0000930d   Thumb Code   260  serial_api.o(i.serial_baud)
    serial_format                            0x00009415   Thumb Code   154  serial_api.o(i.serial_format)
    serial_getc                              0x000094b5   Thumb Code    14  serial_api.o(i.serial_getc)
    serial_init                              0x000094c5   Thumb Code   322  serial_api.o(i.serial_init)
    serial_irq_handler                       0x00009635   Thumb Code    14  serial_api.o(i.serial_irq_handler)
    serial_putc                              0x0000964d   Thumb Code    14  serial_api.o(i.serial_putc)
    set_time                                 0x0000965b   Thumb Code    18  rtc_time.o(i.set_time)
    time                                     0x0000966d   Thumb Code    34  rtc_time.o(i.time)
    us_ticker_clear_interrupt                0x00009691   Thumb Code     8  us_ticker.o(i.us_ticker_clear_interrupt)
    us_ticker_disable_interrupt              0x0000969d   Thumb Code    12  us_ticker.o(i.us_ticker_disable_interrupt)
    us_ticker_irq_handler                    0x000096ad   Thumb Code    60  us_ticker_api.o(i.us_ticker_irq_handler)
    us_ticker_read                           0x000096ed   Thumb Code    70  us_ticker.o(i.us_ticker_read)
    us_ticker_set_interrupt                  0x0000974d   Thumb Code    14  us_ticker.o(i.us_ticker_set_interrupt)
    wait_ms                                  0x00009761   Thumb Code    28  wait_api.o(i.wait_ms)
    _get_lc_ctype                            0x0000977d   Thumb Code    44  lc_ctype_c.o(locale$$code)
    _get_lc_numeric                          0x000097a9   Thumb Code    44  lc_numeric_c.o(locale$$code)
    _get_lc_time                             0x000097d5   Thumb Code    44  lc_time_c.o(locale$$code)
    __aeabi_d2f                              0x00009801   Thumb Code     0  d2f.o(x$fpl$d2f)
    _d2f                                     0x00009801   Thumb Code    98  d2f.o(x$fpl$d2f)
    __fpl_dcheck_NaN1                        0x00009865   Thumb Code    10  dcheck1.o(x$fpl$dcheck1)
    __fpl_dcmp_Inf                           0x00009875   Thumb Code    24  dcmpi.o(x$fpl$dcmpinf)
    __aeabi_cdcmpeq                          0x0000988d   Thumb Code     0  deqf.o(x$fpl$deqf)
    _dcmpeq                                  0x0000988d   Thumb Code   120  deqf.o(x$fpl$deqf)
    __aeabi_cdcmple                          0x00009905   Thumb Code     0  dleqf.o(x$fpl$dleqf)
    _dcmple                                  0x00009905   Thumb Code   120  dleqf.o(x$fpl$dleqf)
    __fpl_dcmple_InfNaN                      0x00009967   Thumb Code     0  dleqf.o(x$fpl$dleqf)
    __aeabi_dmul                             0x0000997d   Thumb Code     0  dmul.o(x$fpl$dmul)
    _dmul                                    0x0000997d   Thumb Code   332  dmul.o(x$fpl$dmul)
    __fpl_dnaninf                            0x00009ad1   Thumb Code   156  dnaninf.o(x$fpl$dnaninf)
    __fpl_dretinf                            0x00009b6d   Thumb Code    12  dretinf.o(x$fpl$dretinf)
    __aeabi_cdrcmple                         0x00009b79   Thumb Code     0  drleqf.o(x$fpl$drleqf)
    _drcmple                                 0x00009b79   Thumb Code   108  drleqf.o(x$fpl$drleqf)
    _fp_init                                 0x00009be5   Thumb Code    10  fpinit.o(x$fpl$fpinit)
    __fplib_config_fpu_vfp                   0x00009bed   Thumb Code     0  fpinit.o(x$fpl$fpinit)
    __fplib_config_pureend_doubles           0x00009bed   Thumb Code     0  fpinit.o(x$fpl$fpinit)
    __fpl_fretinf                            0x00009bef   Thumb Code    10  fretinf.o(x$fpl$fretinf)
    _printf_fp_dec                           0x00009bf9   Thumb Code     4  printf1.o(x$fpl$printf1)
    _printf_fp_hex                           0x00009bfd   Thumb Code     4  printf2.o(x$fpl$printf2)
    __fpl_return_NaN                         0x00009c01   Thumb Code   100  retnan.o(x$fpl$retnan)
    __ARM_scalbn                             0x00009c65   Thumb Code    92  scalbn.o(x$fpl$scalbn)
    _scanf_real                              0x00009cc1   Thumb Code     4  scanf1.o(x$fpl$scanf1)
    _scanf_hex_real                          0x00009cc5   Thumb Code     4  scanf2.o(x$fpl$scanf2)
    _scanf_infnan                            0x00009cc9   Thumb Code     4  scanf2.o(x$fpl$scanf2)
    __fpl_cmpreturn                          0x00009ccd   Thumb Code    48  trapv.o(x$fpl$trapveneer)
    __I$use$fp                               0x00009cfc   Number         0  usenofp.o(x$fpl$usenofp)
    os_maxtaskrun                            0x00009cfc   Data           2  rtx_conf_cm.o(.constdata)
    os_rrobin                                0x00009d00   Data           4  rtx_conf_cm.o(.constdata)
    os_trv                                   0x00009d04   Data           4  rtx_conf_cm.o(.constdata)
    os_flags                                 0x00009d08   Data           1  rtx_conf_cm.o(.constdata)
    os_clockrate                             0x00009d0c   Data           4  rtx_conf_cm.o(.constdata)
    os_timernum                              0x00009d10   Data           4  rtx_conf_cm.o(.constdata)
    idle_task_stack_size                     0x00009d14   Data           2  rtx_conf_cm.o(.constdata)
    os_fifo_size                             0x00009d16   Data           1  rtx_conf_cm.o(.constdata)
    __stdin_name                             0x00009d7f   Data           7  retarget.o(.constdata)
    __stdout_name                            0x00009d86   Data           8  retarget.o(.constdata)
    __stderr_name                            0x00009d8e   Data           8  retarget.o(.constdata)
    _monlen                                  0x0000a154   Data          12  _monlen.o(.constdata)
    vtable for mbed::FileHandle              0x0000a21c   Data          44  retarget.o(.constdata__ZTVN4mbed10FileHandleE)
    vtable for mbed::SerialBase              0x0000a248   Data          16  SerialBase.o(.constdata__ZTVN4mbed10SerialBaseE)
    vtable for mbed::Serial                  0x0000a258   Data          92  Serial.o(.constdata__ZTVN4mbed6SerialE)
    vtable for mbed::Stream                  0x0000a2b4   Data          68  Stream.o(.constdata__ZTVN4mbed6StreamE)
    vtable for mbed::FileBase                0x0000a2f8   Data          16  FileBase.o(.constdata__ZTVN4mbed8FileBaseE)
    vtable for mbed::FileLike                0x0000a308   Data          60  FileLike.o(.constdata__ZTVN4mbed8FileLikeE)
    Region$$Table$$Base                      0x0000a46c   Number         0  anon$$obj.o(Region$$Table)
    Region$$Table$$Limit                     0x0000a48c   Number         0  anon$$obj.o(Region$$Table)
    __aeabi_HUGE_VAL                         0x0000a48c   Data           0  fpconst.o(c$$dinf)
    __aeabi_HUGE_VALL                        0x0000a48c   Data           0  fpconst.o(c$$dinf)
    __aeabi_INFINITY                         0x0000a48c   Data           0  fpconst.o(c$$dinf)
    __dInf                                   0x0000a48c   Data           0  fpconst.o(c$$dinf)
    __huge_val                               0x0000a48c   Data           0  fpconst.o(c$$dinf)
    __ctype                                  0x0000a4a1   Data           0  lc_ctype_c.o(locale$$data)
    SHT$$INIT_ARRAY$$Base                    0x0000a738   Number         0  main.o(.init_array)
    SHT$$INIT_ARRAY$$Limit                   0x0000a73c   Number         0  init_aeabi.o(.init_array)
    os_tsk                                   0x100000e8   Data           8  rt_task.o(.data)
    os_tick_irqn                             0x100000f0   Data           4  rt_system.o(.data)
    os_time                                  0x100000f8   Data           4  rt_time.o(.data)
    os_initialized                           0x100000fc   Data           1  rt_cmsis.o(.data)
    os_running                               0x100000fd   Data           1  rt_cmsis.o(.data)
    os_timer_head                            0x10000100   Data           4  rt_cmsis.o(.data)
    os_robin                                 0x10000104   Data           8  rt_robin.o(.data)
    os_thread_def_osTimerThread              0x1000010c   Data         160  rtx_conf_cm.o(.data)
    osThreadId_osTimerThread                 0x100001ac   Data           4  rtx_conf_cm.o(.data)
    os_messageQ_def_osTimerMessageQ          0x100001b0   Data           8  rtx_conf_cm.o(.data)
    osMessageQId_osTimerMessageQ             0x100001b8   Data           4  rtx_conf_cm.o(.data)
    os_thread_def_main                       0x100001c0   Data         160  rtx_conf_cm.o(.data)
    os_thread_def_led2_thread                0x10000260   Data         160  main.o(.data)
    os_thread_def_get_cmd_event_thread       0x10000300   Data         160  main.o(.data)
    SystemCoreClock                          0x100003e8   Data           4  system_LPC407x_8x_177x_8x.o(.data)
    PeripheralClock                          0x100003ec   Data           4  system_LPC407x_8x_177x_8x.o(.data)
    EMCClock                                 0x100003f0   Data           4  system_LPC407x_8x_177x_8x.o(.data)
    USBClock                                 0x100003f4   Data           4  system_LPC407x_8x_177x_8x.o(.data)
    stdio_uart_inited                        0x100003f8   Data           4  serial_api.o(.data)
    stdio_uart                               0x10000400   Data           8  serial_api.o(.data)
    us_ticker_inited                         0x10000408   Data           4  us_ticker.o(.data)
    mbed::FileBase::_head                    0x1000040c   Data           4  FileBase.o(.data)
    __aeabi_stdin                            0x10000418   Data           4  stdio_streams.o(.data)
    __aeabi_stdout                           0x1000041c   Data           4  stdio_streams.o(.data)
    __aeabi_stderr                           0x10000420   Data           4  stdio_streams.o(.data)
    _stream_list_lock                        0x10000424   Data           4  streamlock.o(.data)
    os_idle_TCB                              0x10000428   Data         144  rt_task.o(.bss)
    os_rdy                                   0x100004b8   Data          24  rt_list.o(.bss)
    os_dly                                   0x100004d0   Data          24  rt_list.o(.bss)
    idle_task_stack                          0x100004e8   Data         512  rtx_conf_cm.o(.bss)
    os_fifo                                  0x100006e8   Data         132  rtx_conf_cm.o(.bss)
    os_active_TCB                            0x1000076c   Data          60  rtx_conf_cm.o(.bss)
    os_thread_def_stack_osTimerThread        0x100007a8   Data        2048  rtx_conf_cm.o(.bss)
    os_messageQ_q_osTimerMessageQ            0x10000fa8   Data          32  rtx_conf_cm.o(.bss)
    led1                                     0x10001058   Data          24  main.o(.bss)
    led2                                     0x10001070   Data          24  main.o(.bss)
    pcSerial                                 0x10001088   Data          96  main.o(.bss)
    os_thread_def_stack_led2_thread          0x100010e8   Data        2048  main.o(.bss)
    os_thread_def_stack_get_cmd_event_thread 0x100018e8   Data        2048  main.o(.bss)
    __libspace_start                         0x1000213c   Data          96  libspace.o(.bss)
    __stdin                                  0x1000219c   Data          84  stdio_streams.o(.bss)
    __temporary_stack_top$libspace           0x1000219c   Data           0  libspace.o(.bss)
    __stdout                                 0x100021f0   Data          84  stdio_streams.o(.bss)
    __stderr                                 0x10002244   Data          84  stdio_streams.o(.bss)
    Image$$RW_IRAM1$$ZI$$Limit               0x10002308   Number         0  anon$$obj.o ABSOLUTE



==============================================================================

Memory Map of the image

  Image Entry point : 0x000000e5

  Load Region LR_IROM1 (Base: 0x00000000, Size: 0x0000aa7c, Max: 0x00080000, ABSOLUTE, COMPRESSED[0x0000a79c])

    Execution Region ER_IROM1 (Base: 0x00000000, Size: 0x0000a73c, Max: 0x00080000, ABSOLUTE)

    Base Addr    Size         Type   Attr      Idx    E Section Name        Object

    0x00000000   0x000000e4   Data   RO          850    RESET               startup_LPC407x_8x_177x_8x.o
    0x000000e4   0x00000008   Code   RO         1591  * !!!main             c_w.l(__main.o)
    0x000000ec   0x00000034   Code   RO         2350    !!!scatter          c_w.l(__scatter.o)
    0x00000120   0x0000005a   Code   RO         2348    !!dczerorl2         c_w.l(__dczerorl2.o)
    0x0000017a   0x00000002   PAD
    0x0000017c   0x0000001c   Code   RO         2352    !!handler_zi        c_w.l(__scatter_zi.o)
    0x00000198   0x00000000   Code   RO         1521    .ARM.Collect$$_printf_percent$$00000000  c_w.l(_printf_percent.o)
    0x00000198   0x00000006   Code   RO         1831    .ARM.Collect$$_printf_percent$$00000001  c_w.l(_printf_n.o)
    0x0000019e   0x00000006   Code   RO         1519    .ARM.Collect$$_printf_percent$$00000002  c_w.l(_printf_p.o)
    0x000001a4   0x00000006   Code   RO         1836    .ARM.Collect$$_printf_percent$$00000003  c_w.l(_printf_f.o)
    0x000001aa   0x00000006   Code   RO         1837    .ARM.Collect$$_printf_percent$$00000004  c_w.l(_printf_e.o)
    0x000001b0   0x00000006   Code   RO         1838    .ARM.Collect$$_printf_percent$$00000005  c_w.l(_printf_g.o)
    0x000001b6   0x00000006   Code   RO         1839    .ARM.Collect$$_printf_percent$$00000006  c_w.l(_printf_a.o)
    0x000001bc   0x0000000a   Code   RO         1844    .ARM.Collect$$_printf_percent$$00000007  c_w.l(_printf_ll.o)
    0x000001c6   0x00000006   Code   RO         1834    .ARM.Collect$$_printf_percent$$00000008  c_w.l(_printf_i.o)
    0x000001cc   0x00000006   Code   RO         1520    .ARM.Collect$$_printf_percent$$00000009  c_w.l(_printf_d.o)
    0x000001d2   0x00000006   Code   RO         1835    .ARM.Collect$$_printf_percent$$0000000A  c_w.l(_printf_u.o)
    0x000001d8   0x00000006   Code   RO         1833    .ARM.Collect$$_printf_percent$$0000000B  c_w.l(_printf_o.o)
    0x000001de   0x00000006   Code   RO         1832    .ARM.Collect$$_printf_percent$$0000000C  c_w.l(_printf_x.o)
    0x000001e4   0x00000006   Code   RO         1841    .ARM.Collect$$_printf_percent$$0000000D  c_w.l(_printf_lli.o)
    0x000001ea   0x00000006   Code   RO         1842    .ARM.Collect$$_printf_percent$$0000000E  c_w.l(_printf_lld.o)
    0x000001f0   0x00000006   Code   RO         1843    .ARM.Collect$$_printf_percent$$0000000F  c_w.l(_printf_llu.o)
    0x000001f6   0x00000006   Code   RO         1848    .ARM.Collect$$_printf_percent$$00000010  c_w.l(_printf_llo.o)
    0x000001fc   0x00000006   Code   RO         1849    .ARM.Collect$$_printf_percent$$00000011  c_w.l(_printf_llx.o)
    0x00000202   0x0000000a   Code   RO         1845    .ARM.Collect$$_printf_percent$$00000012  c_w.l(_printf_l.o)
    0x0000020c   0x00000006   Code   RO         1830    .ARM.Collect$$_printf_percent$$00000013  c_w.l(_printf_c.o)
    0x00000212   0x00000006   Code   RO         1518    .ARM.Collect$$_printf_percent$$00000014  c_w.l(_printf_s.o)
    0x00000218   0x00000006   Code   RO         1846    .ARM.Collect$$_printf_percent$$00000015  c_w.l(_printf_lc.o)
    0x0000021e   0x00000006   Code   RO         1847    .ARM.Collect$$_printf_percent$$00000016  c_w.l(_printf_ls.o)
    0x00000224   0x00000004   Code   RO         1840    .ARM.Collect$$_printf_percent$$00000017  c_w.l(_printf_percent_end.o)
    0x00000228   0x00000002   Code   RO         1590    .ARM.Collect$$libinit$$00000000  c_w.l(libinit.o)
    0x0000022a   0x00000004   Code   RO         1905    .ARM.Collect$$libinit$$00000001  c_w.l(libinit2.o)
    0x0000022e   0x00000008   Code   RO         1907    .ARM.Collect$$libinit$$00000003  c_w.l(libinit2.o)
    0x00000236   0x00000000   Code   RO         1909    .ARM.Collect$$libinit$$00000008  c_w.l(libinit2.o)
    0x00000236   0x00000000   Code   RO         1911    .ARM.Collect$$libinit$$0000000A  c_w.l(libinit2.o)
    0x00000236   0x00000000   Code   RO         1913    .ARM.Collect$$libinit$$0000000C  c_w.l(libinit2.o)
    0x00000236   0x00000006   Code   RO         1914    .ARM.Collect$$libinit$$0000000D  c_w.l(libinit2.o)
    0x0000023c   0x00000000   Code   RO         1916    .ARM.Collect$$libinit$$0000000F  c_w.l(libinit2.o)
    0x0000023c   0x0000000c   Code   RO         1917    .ARM.Collect$$libinit$$00000010  c_w.l(libinit2.o)
    0x00000248   0x00000000   Code   RO         1918    .ARM.Collect$$libinit$$00000011  c_w.l(libinit2.o)
    0x00000248   0x00000000   Code   RO         1920    .ARM.Collect$$libinit$$00000013  c_w.l(libinit2.o)
    0x00000248   0x0000000a   Code   RO         1921    .ARM.Collect$$libinit$$00000014  c_w.l(libinit2.o)
    0x00000252   0x00000000   Code   RO         1922    .ARM.Collect$$libinit$$00000015  c_w.l(libinit2.o)
    0x00000252   0x0000000a   Code   RO         1923    .ARM.Collect$$libinit$$00000016  c_w.l(libinit2.o)
    0x0000025c   0x00000000   Code   RO         1924    .ARM.Collect$$libinit$$00000017  c_w.l(libinit2.o)
    0x0000025c   0x00000000   Code   RO         1926    .ARM.Collect$$libinit$$00000019  c_w.l(libinit2.o)
    0x0000025c   0x00000000   Code   RO         1928    .ARM.Collect$$libinit$$0000001B  c_w.l(libinit2.o)
    0x0000025c   0x00000000   Code   RO         1930    .ARM.Collect$$libinit$$0000001D  c_w.l(libinit2.o)
    0x0000025c   0x00000000   Code   RO         1932    .ARM.Collect$$libinit$$0000001F  c_w.l(libinit2.o)
    0x0000025c   0x00000000   Code   RO         1934    .ARM.Collect$$libinit$$00000021  c_w.l(libinit2.o)
    0x0000025c   0x00000004   Code   RO         1935    .ARM.Collect$$libinit$$00000022  c_w.l(libinit2.o)
    0x00000260   0x00000000   Code   RO         1936    .ARM.Collect$$libinit$$00000023  c_w.l(libinit2.o)
    0x00000260   0x00000000   Code   RO         1940    .ARM.Collect$$libinit$$0000002A  c_w.l(libinit2.o)
    0x00000260   0x00000000   Code   RO         1942    .ARM.Collect$$libinit$$0000002C  c_w.l(libinit2.o)
    0x00000260   0x00000000   Code   RO         1944    .ARM.Collect$$libinit$$0000002E  c_w.l(libinit2.o)
    0x00000260   0x00000004   Code   RO         1945    .ARM.Collect$$libinit$$0000002F  c_w.l(libinit2.o)
    0x00000264   0x00000000   Code   RO         1946    .ARM.Collect$$libinit$$00000030  c_w.l(libinit2.o)
    0x00000264   0x00000002   Code   RO         1947    .ARM.Collect$$libinit$$00000031  c_w.l(libinit2.o)
    0x00000266   0x00000006   Code   RO         1948    .ARM.Collect$$libshutdown$$00000001  c_w.l(libshutdown2.o)
    0x0000026c   0x00000000   Code   RO         1950    .ARM.Collect$$libshutdown$$00000003  c_w.l(libshutdown2.o)
    0x0000026c   0x00000028   Code   RO          232    .emb_text           rtx_conf_cm.o
    0x00000294   0x00000000   Code   RO         2144    .emb_text           c_w.l(maybetermalloc1.o)
    0x00000294   0x00000064   Code   RO          105    .text               rt_time.o
    0x000002f8   0x00000004   Code   RO         1741    .text               c_w.l(rt_errno_addr_twolibspace.o)
    0x000002fc   0x00000004   Code   RO          851    .ARM.__at_0x02FC    startup_LPC407x_8x_177x_8x.o
    0x00000300   0x00000180   Code   RO          287    .emb_text           hal_cm4.o
    0x00000480   0x0000034c   Code   RO            6    .text               rt_task.o
    0x000007cc   0x000002f8   Code   RO           55    .text               rt_system.o
    0x00000ac4   0x0000028c   Code   RO           83    .text               rt_list.o
    0x00000d50   0x00000144   Code   RO          120    .text               rt_semaphore.o
    0x00000e94   0x00000348   Code   RO          136    .text               rt_mailbox.o
    0x000011dc   0x000011d4   Code   RO          150    .text               rt_cmsis.o
    0x000023b0   0x0000008c   Code   RO          193    .text               hal_cm.o
    0x0000243c   0x0000006c   Code   RO          205    .text               rt_robin.o
    0x000024a8   0x000000c2   Code   RO          220    .text               rt_membox.o
    0x0000256a   0x00000002   PAD
    0x0000256c   0x000000bc   Code   RO          233    .text               rtx_conf_cm.o
    0x00002628   0x0000017c   Code   RO          263    .text               rt_event.o
    0x000027a4   0x000001d8   Code   RO          275    .text               rt_mutex.o
    0x0000297c   0x00000110   Code   RO          299    .text               main.o
    0x00002a8c   0x000005d4   Code   RO          700    .text               cmd.o
    0x00003060   0x00000cd0   Code   RO          789    .text               cmd_action.o
    0x00003d30   0x00000024   Code   RO          852    .text               startup_LPC407x_8x_177x_8x.o
    0x00003d54   0x00000008   Code   RO         1450    .text               c_w.l(libspace.o)
    0x00003d5c   0x0000000a   Code   RO         1453    .text               c_w.l(vfprintf.o)
    0x00003d66   0x0000000a   Code   RO         1455    .text               c_w.l(c89vfprintf.o)
    0x00003d70   0x00000018   Code   RO         1457    .text               c_w.l(__2printf.o)
    0x00003d88   0x00000014   Code   RO         1459    .text               c_w.l(__2fprintf.o)
    0x00003d9c   0x0000002c   Code   RO         1461    .text               c_w.l(__2sprintf.o)
    0x00003dc8   0x0000004e   Code   RO         1471    .text               c_w.l(_printf_pad.o)
    0x00003e16   0x00000052   Code   RO         1473    .text               c_w.l(_printf_str.o)
    0x00003e68   0x00000074   Code   RO         1475    .text               c_w.l(_printf_dec.o)
    0x00003edc   0x00000094   Code   RO         1495    .text               c_w.l(_printf_hex_int_ll_ptr.o)
    0x00003f70   0x00000188   Code   RO         1515    .text               c_w.l(__printf_flags_ss_wp.o)
    0x000040f8   0x00000010   Code   RO         1522    .text               c_w.l(vfscanf.o)
    0x00004108   0x0000003c   Code   RO         1524    .text               c_w.l(__0sscanf.o)
    0x00004144   0x0000014c   Code   RO         1526    .text               c_w.l(_scanf_int.o)
    0x00004290   0x0000001a   Code   RO         1528    .text               c_w.l(atoi.o)
    0x000042aa   0x00000014   Code   RO         1546    .text               c_w.l(setbuf.o)
    0x000042be   0x0000004c   Code   RO         1554    .text               c_w.l(fclose.o)
    0x0000430a   0x00000002   PAD
    0x0000430c   0x00000034   Code   RO         1560    .text               c_w.l(fclose_locked.o)
    0x00004340   0x00000090   Code   RO         1562    .text               c_w.l(fflush_locked.o)
    0x000043d0   0x00000144   Code   RO         1564    .text               c_w.l(fopen_locked.o)
    0x00004514   0x0000003e   Code   RO         1569    .text               c_w.l(strlen.o)
    0x00004552   0x00000096   Code   RO         1571    .text               c_w.l(strncmp.o)
    0x000045e8   0x0000007a   Code   RO         1573    .text               c_w.l(rt_memmove_w.o)
    0x00004662   0x0000004e   Code   RO         1575    .text               c_w.l(rt_memclr_w.o)
    0x000046b0   0x00000080   Code   RO         1579    .text               c_w.l(strcmpv7m.o)
    0x00004730   0x0000000e   Code   RO         1581    .text               c_w.l(ctime.o)
    0x0000473e   0x00000002   PAD
    0x00004740   0x0000000c   Code   RO         1583    .text               c_w.l(localtime.o)
    0x0000474c   0x000001a4   Code   RO         1586    .text               c_w.l(mktime.o)
    0x000048f0   0x00000006   Code   RO         1588    .text               c_w.l(heapauxi.o)
    0x000048f6   0x00000002   PAD
    0x000048f8   0x00000024   Code   RO         1596    .text               c_w.l(init_aeabi.o)
    0x0000491c   0x0000000a   Code   RO         1734    .text               c_w.l(rt_ddtor_pointer_addr_twolibspace.o)
    0x00004926   0x0000009e   Code   RO         1751    .text               c_w.l(h1_alloc_mt.o)
    0x000049c4   0x00000076   Code   RO         1753    .text               c_w.l(h1_free_mt.o)
    0x00004a3a   0x00000024   Code   RO         1805    .text               c_w.l(_printf_truncate.o)
    0x00004a5e   0x000000b2   Code   RO         1807    .text               c_w.l(_printf_intcommon.o)
    0x00004b10   0x00000028   Code   RO         1809    .text               c_w.l(_printf_charcount.o)
    0x00004b38   0x00000030   Code   RO         1811    .text               c_w.l(_printf_char_common.o)
    0x00004b68   0x0000000a   Code   RO         1813    .text               c_w.l(_sputc.o)
    0x00004b72   0x0000002c   Code   RO         1815    .text               c_w.l(_printf_char.o)
    0x00004b9e   0x00000002   PAD
    0x00004ba0   0x000000bc   Code   RO         1819    .text               c_w.l(_printf_wctomb.o)
    0x00004c5c   0x00000078   Code   RO         1822    .text               c_w.l(_printf_longlong_dec.o)
    0x00004cd4   0x00000070   Code   RO         1828    .text               c_w.l(_printf_oct_int_ll.o)
    0x00004d44   0x0000001c   Code   RO         1850    .text               c_w.l(_chval.o)
    0x00004d60   0x00000156   Code   RO         1852    .text               c_w.l(_scanf_longlong.o)
    0x00004eb6   0x000000da   Code   RO         1854    .text               c_w.l(_scanf_str.o)
    0x00004f90   0x0000002c   Code   RO         1856    .text               c_w.l(scanf_char.o)
    0x00004fbc   0x00000040   Code   RO         1858    .text               c_w.l(_sgetc.o)
    0x00004ffc   0x00000070   Code   RO         1862    .text               c_w.l(strtol.o)
    0x0000506c   0x00000110   Code   RO         1864    .text               c_w.l(_scanf_mbtowc.o)
    0x0000517c   0x000000e2   Code   RO         1866    .text               c_w.l(_scanf_wctomb.o)
    0x0000525e   0x000000ca   Code   RO         1868    .text               c_w.l(_scanf_wstr.o)
    0x00005328   0x0000023a   Code   RO         1872    .text               c_w.l(filbuf.o)
    0x00005562   0x000001d6   Code   RO         1874    .text               c_w.l(flsbuf.o)
    0x00005738   0x000000f8   Code   RO         1876    .text               c_w.l(fseek.o)
    0x00005830   0x000000f0   Code   RO         1880    .text               c_w.l(stdio.o)
    0x00005920   0x00000068   Code   RO         1887    .text               c_w.l(setvbuf_locked.o)
    0x00005988   0x000001c8   Code   RO         1889    .text               c_w.l(initio_locked.o)
    0x00005b50   0x0000000e   Code   RO         1891    .text               c_w.l(defsig_pvfn_outer.o)
    0x00005b5e   0x00000064   Code   RO         1895    .text               c_w.l(rt_memcpy_w.o)
    0x00005bc2   0x00000002   PAD
    0x00005bc4   0x0000000c   Code   RO         1899    .text               c_w.l(asctime.o)
    0x00005bd0   0x000000a4   Code   RO         1903    .text               c_w.l(localtime_internal.o)
    0x00005c74   0x00000010   Code   RO         2011    .text               c_w.l(rt_ctype_table.o)
    0x00005c84   0x0000000a   Code   RO         2020    .text               c_w.l(rt_heap_descriptor_twolibspace.o)
    0x00005c8e   0x00000004   Code   RO         2022    .text               c_w.l(hguard.o)
    0x00005c92   0x0000008a   Code   RO         2024    .text               c_w.l(init_alloc.o)
    0x00005d1c   0x00000012   Code   RO         2030    .text               c_w.l(h1_init_mt.o)
    0x00005d2e   0x0000008a   Code   RO         2042    .text               c_w.l(lludiv10.o)
    0x00005db8   0x00000012   Code   RO         2044    .text               c_w.l(isspace.o)
    0x00005dca   0x00000416   Code   RO         2046    .text               c_w.l(_printf_fp_dec.o)
    0x000061e0   0x000002f8   Code   RO         2048    .text               c_w.l(_printf_fp_hex.o)
    0x000064d8   0x00000040   Code   RO         2053    .text               c_w.l(_printf_char_file_locked.o)
    0x00006518   0x0000002c   Code   RO         2055    .text               c_w.l(_printf_wchar.o)
    0x00006544   0x0000036c   Code   RO         2057    .text               c_w.l(_scanf.o)
    0x000068b0   0x000004a4   Code   RO         2059    .text               c_w.l(scanf_fp.o)
    0x00006d54   0x00000040   Code   RO         2061    .text               c_w.l(scanf_char_file_locked.o)
    0x00006d94   0x0000009e   Code   RO         2063    .text               c_w.l(_strtoul.o)
    0x00006e32   0x0000001e   Code   RO         2065    .text               c_w.l(_scanf_wcharmap.o)
    0x00006e50   0x00000048   Code   RO         2067    .text               c_w.l(backspace.o)
    0x00006e98   0x00000042   Code   RO         2069    .text               c_w.l(ftell.o)
    0x00006eda   0x00000002   PAD
    0x00006edc   0x0000005c   Code   RO         2091    .text               c_w.l(flushlinebuffered_locked.o)
    0x00006f38   0x0000003c   Code   RO         2093    .text               c_w.l(_mbrtowc.o)
    0x00006f74   0x00000040   Code   RO         2095    .text               c_w.l(_wcrtomb.o)
    0x00006fb4   0x0000000a   Code   RO         2097    .text               c_w.l(defsig_exit.o)
    0x00006fbe   0x0000000e   Code   RO         2099    .text               c_w.l(defsig_rtred_outer.o)
    0x00006fcc   0x00000030   Code   RO         2103    .text               c_w.l(defsig_pvfn_inner.o)
    0x00006ffc   0x00000068   Code   RO         2107    .text               c_w.l(asctime_internal.o)
    0x00007064   0x0000000c   Code   RO         2133    .text               c_w.l(sys_exit.o)
    0x00007070   0x0000000a   Code   RO         2140    .text               c_w.l(rt_locale_twolibspace.o)
    0x0000707a   0x0000003e   Code   RO         2148    .text               c_w.l(h1_extend_mt.o)
    0x000070b8   0x0000002c   Code   RO         2150    .text               c_w.l(sprintf.o)
    0x000070e4   0x00000080   Code   RO         2152    .text               c_w.l(_printf_fp_infnan.o)
    0x00007164   0x000000d8   Code   RO         2154    .text               c_w.l(bigflt0.o)
    0x0000723c   0x00000048   Code   RO         2179    .text               c_w.l(ungetc.o)
    0x00007284   0x00000032   Code   RO         2194    .text               c_w.l(defsig_general.o)
    0x000072b6   0x00000002   PAD
    0x000072b8   0x00000034   Code   RO         2196    .text               c_w.l(defsig_rtred_inner.o)
    0x000072ec   0x0000000e   Code   RO         2198    .text               c_w.l(defsig_rtmem_outer.o)
    0x000072fa   0x0000000e   Code   RO         2245    .text               c_w.l(sys_wrch.o)
    0x00007308   0x00000002   Code   RO         2247    .text               c_w.l(use_no_semi.o)
    0x0000730a   0x00000000   Code   RO         2249    .text               c_w.l(indicate_semi.o)
    0x0000730a   0x00000016   Code   RO         2259    .text               c_w.l(_rserrno.o)
    0x00007320   0x00000318   Code   RO         2261    .text               c_w.l(scanf_hexfp.o)
    0x00007638   0x00000134   Code   RO         2263    .text               c_w.l(scanf_infnan.o)
    0x0000776c   0x00000050   Code   RO         2271    .text               c_w.l(defsig_rtmem_inner.o)
    0x000077bc   0x00000026   Code   RO         2294    .text               c_w.l(llshl.o)
    0x000077e2   0x0000003e   Code   RO         2157    CL$$btod_d2e        c_w.l(btod.o)
    0x00007820   0x00000046   Code   RO         2159    CL$$btod_d2e_denorm_low  c_w.l(btod.o)
    0x00007866   0x00000060   Code   RO         2158    CL$$btod_d2e_norm_op1  c_w.l(btod.o)
    0x000078c6   0x00000338   Code   RO         2167    CL$$btod_div_common  c_w.l(btod.o)
    0x00007bfe   0x00000002   PAD
    0x00007c00   0x00000054   Code   RO         2165    CL$$btod_e2d        c_w.l(btod.o)
    0x00007c54   0x000000c6   Code   RO         2164    CL$$btod_e2e        c_w.l(btod.o)
    0x00007d1a   0x00000028   Code   RO         2161    CL$$btod_ediv       c_w.l(btod.o)
    0x00007d42   0x00000028   Code   RO         2163    CL$$btod_edivd      c_w.l(btod.o)
    0x00007d6a   0x00000028   Code   RO         2160    CL$$btod_emul       c_w.l(btod.o)
    0x00007d92   0x00000028   Code   RO         2162    CL$$btod_emuld      c_w.l(btod.o)
    0x00007dba   0x00000244   Code   RO         2166    CL$$btod_mult_common  c_w.l(btod.o)
    0x00007ffe   0x00000002   PAD
    0x00008000   0x00000004   Code   RO            1    SVC_TABLE           svc_table.o
    0x00008004   0x00000012   Code   RO          874    i.$Sub$$main        retarget.o
    0x00008016   0x00000006   Code   RO         1371    i.<Func1>           mbed.ar(SerialBase.o)
    0x0000801c   0x00000068   Code   RO          842    i.NVIC_SetVector    cmsis_nvic.o
    0x00008084   0x00000204   Code   RO          856    i.SystemCoreClockUpdate  system_LPC407x_8x_177x_8x.o
    0x00008288   0x000000e4   Code   RO          857    i.SystemInit        system_LPC407x_8x_177x_8x.o
    0x0000836c   0x00000088   Code   RO          341    i._ZN4mbed10DigitalOut5writeEi  main.o
    0x000083f4   0x0000001a   Code   RO          332    i._ZN4mbed10DigitalOutC1E7PinName  main.o
    0x0000840e   0x00000012   Code   RO          326    i._ZN4mbed10DigitalOutaSEi  main.o
    0x00008420   0x00000088   Code   RO          320    i._ZN4mbed10DigitalOutcviEv  main.o
    0x000084a8   0x0000003a   Code   RO          972    i._ZN4mbed10FileHandle4flenEv  retarget.o
    0x000084e2   0x00000002   PAD
    0x000084e4   0x00000030   Code   RO          876    i._ZN4mbed10FileHandleD2Ev  retarget.o
    0x00008514   0x00000006   Code   RO         1372    i._ZN4mbed10SerialBase10_base_getcEv  mbed.ar(SerialBase.o)
    0x0000851a   0x0000000e   Code   RO         1373    i._ZN4mbed10SerialBase10_base_putcEi  mbed.ar(SerialBase.o)
    0x00008528   0x0000000e   Code   RO         1375    i._ZN4mbed10SerialBase12_irq_handlerEj9SerialIrq  mbed.ar(SerialBase.o)
    0x00008536   0x00000002   PAD
    0x00008538   0x0000004c   Code   RO         1381    i._ZN4mbed10SerialBaseC1E7PinNameS1_  mbed.ar(SerialBase.o)
    0x00008584   0x00000018   Code   RO         1426    i._ZN4mbed15FunctionPointer4callEv  mbed.ar(FunctionPointer.o)
    0x0000859c   0x0000000a   Code   RO         1428    i._ZN4mbed15FunctionPointerC1EPFvvE  mbed.ar(FunctionPointer.o)
    0x000085a6   0x00000002   PAD
    0x000085a8   0x00000024   Code   RO         1112    i._ZN4mbed6SerialC1E7PinNameS1_PKc  mbed.ar(Serial.o)
    0x000085cc   0x0000000c   Code   RO         1130    i._ZN4mbed6SerialD1Ev  mbed.ar(Serial.o)
    0x000085d8   0x00000004   Code   RO         1154    i._ZN4mbed6Stream4flenEv  mbed.ar(Stream.o)
    0x000085dc   0x0000002a   Code   RO         1159    i._ZN4mbed6Stream4readEPvj  mbed.ar(Stream.o)
    0x00008606   0x00000004   Code   RO         1160    i._ZN4mbed6Stream5closeEv  mbed.ar(Stream.o)
    0x0000860a   0x00000004   Code   RO         1162    i._ZN4mbed6Stream5lseekEli  mbed.ar(Stream.o)
    0x0000860e   0x0000001e   Code   RO         1163    i._ZN4mbed6Stream5scanfEPKcz  mbed.ar(Stream.o)
    0x0000862c   0x0000002a   Code   RO         1164    i._ZN4mbed6Stream5writeEPKvj  mbed.ar(Stream.o)
    0x00008656   0x00000004   Code   RO         1165    i._ZN4mbed6Stream6isattyEv  mbed.ar(Stream.o)
    0x0000865a   0x0000001e   Code   RO         1166    i._ZN4mbed6Stream6printfEPKcz  mbed.ar(Stream.o)
    0x00008678   0x00000044   Code   RO         1167    i._ZN4mbed6StreamC2EPKc  mbed.ar(Stream.o)
    0x000086bc   0x00000020   Code   RO         1169    i._ZN4mbed6StreamD2Ev  mbed.ar(Stream.o)
    0x000086dc   0x00000004   Code   RO         1341    i._ZN4mbed8FileBase11getPathTypeEv  mbed.ar(FileBase.o)
    0x000086e0   0x00000038   Code   RO         1343    i._ZN4mbed8FileBase6lookupEPKcj  mbed.ar(FileBase.o)
    0x00008718   0x00000024   Code   RO         1345    i._ZN4mbed8FileBaseC1EPKcNS_8PathTypeE  mbed.ar(FileBase.o)
    0x0000873c   0x00000038   Code   RO         1347    i._ZN4mbed8FileBaseD1Ev  mbed.ar(FileBase.o)
    0x00008774   0x00000024   Code   RO         1318    i._ZN4mbed8FileLikeC2EPKc  mbed.ar(FileLike.o)
    0x00008798   0x00000012   Code   RO         1320    i._ZN4mbed8FileLikeD2Ev  mbed.ar(FileLike.o)
    0x000087aa   0x00000018   Code   RO         1025    i._ZN4mbed8FilePath10fileSystemEv  mbed.ar(FilePath.o)
    0x000087c2   0x0000001c   Code   RO         1027    i._ZN4mbed8FilePath4fileEv  mbed.ar(FilePath.o)
    0x000087de   0x0000000a   Code   RO         1028    i._ZN4mbed8FilePath6existsEv  mbed.ar(FilePath.o)
    0x000087e8   0x00000018   Code   RO         1029    i._ZN4mbed8FilePath6isFileEv  mbed.ar(FilePath.o)
    0x00008800   0x00000004   Code   RO         1030    i._ZN4mbed8FilePath8fileNameEv  mbed.ar(FilePath.o)
    0x00008804   0x00000040   Code   RO         1031    i._ZN4mbed8FilePathC1EPKc  mbed.ar(FilePath.o)
    0x00008844   0x00000006   Code   RO         1113    i._ZThn72_N4mbed6Serial5_getcEv  mbed.ar(Serial.o)
    0x0000884a   0x00000006   Code   RO         1114    i._ZThn72_N4mbed6Serial5_putcEi  mbed.ar(Serial.o)
    0x00008850   0x00000030   Code   RO         2235    i.__ARM_fpclassify  m_wm.l(fpclassify.o)
    0x00008880   0x00000032   Code   RO         1616    i.__aeabi_atexit    cpprt_w.l(aeabi_atexit.o)
    0x000088b2   0x00000024   Code   RO         1619    i.__aeabi_vec_ctor_nocookie_nodtor  cpprt_w.l(aeabi_vec_ctor_nocookie_nodtor.o)
    0x000088d6   0x00000042   Code   RO         1988    i.__cxa_finalize    cpprt_w.l(cxa_finalize.o)
    0x00008918   0x00000006   Code   RO         1613    i.__cxa_pure_virtual  cpprt_w.l(pure_virt.o)
    0x0000891e   0x00000002   PAD
    0x00008920   0x000000e0   Code   RO         2318    i.__hardfp_ldexp    m_wm.l(ldexp.o)
    0x00008a00   0x00000020   Code   RO         2338    i.__mathlib_dbl_underflow  m_wm.l(dunder.o)
    0x00008a20   0x000000b8   Code   RO         2238    i.__mathlib_narrow  m_wm.l(narrow.o)
    0x00008ad8   0x00000004   Code   RO          847    i.__reserved_stack_size  sys_helper.o
    0x00008adc   0x00000014   Code   RO         2320    i.__support_ldexp   m_wm.l(ldexp.o)
    0x00008af0   0x0000001c   Code   RO          836    i.__user_setup_stackheap  sys.o
    0x00008b0c   0x0000000e   Code   RO         1508    i._is_digit         c_w.l(__printf_wp.o)
    0x00008b1a   0x00000002   PAD
    0x00008b1c   0x0000002c   Code   RO          877    i._sys_close        retarget.o
    0x00008b48   0x00000028   Code   RO          880    i._sys_flen         retarget.o
    0x00008b70   0x00000028   Code   RO          881    i._sys_istty        retarget.o
    0x00008b98   0x00000134   Code   RO          882    i._sys_open         retarget.o
    0x00008ccc   0x00000054   Code   RO          883    i._sys_read         retarget.o
    0x00008d20   0x00000028   Code   RO          884    i._sys_seek         retarget.o
    0x00008d48   0x00000060   Code   RO          885    i._sys_write        retarget.o
    0x00008da8   0x00000018   Code   RO         1224    i.error             mbed.ar(error.o)
    0x00008dc0   0x00000020   Code   RO         1230    i.exit              mbed.ar(exit.o)
    0x00008de0   0x00000018   Code   RO         1533    i.fgetc             c_w.l(fgetc.o)
    0x00008df8   0x0000001a   Code   RO         1539    i.fputc             c_w.l(fputc.o)
    0x00008e12   0x00000006   PAD
    0x00008e18   0x0000008c   Code   RO         2286    i.frexp             m_wm.l(frexp.o)
    0x00008ea4   0x00000054   Code   RO         1267    i.gpio_dir          mbed.ar(gpio_api.o)
    0x00008ef8   0x00000040   Code   RO         1268    i.gpio_init         mbed.ar(gpio_api.o)
    0x00008f38   0x00000044   Code   RO         1245    i.gpio_init_out     mbed.ar(gpio.o)
    0x00008f7c   0x00000008   Code   RO         1269    i.gpio_mode         mbed.ar(gpio_api.o)
    0x00008f84   0x00000050   Code   RO         1218    i.mbed_assert_internal  mbed.ar(assert.o)
    0x00008fd4   0x00000108   Code   RO          867    i.mbed_die          board.o
    0x000090dc   0x00000002   Code   RO          887    i.mbed_main         retarget.o
    0x000090de   0x00000002   Code   RO          888    i.mbed_sdk_init     retarget.o
    0x000090e0   0x00000040   Code   RO         1280    i.pin_function      mbed.ar(pinmap.o)
    0x00009120   0x00000054   Code   RO         1281    i.pin_mode          mbed.ar(pinmap.o)
    0x00009174   0x00000038   Code   RO         1417    i.pinmap_merge      mbed.ar(pinmap_common.o)
    0x000091ac   0x0000005c   Code   RO         1418    i.pinmap_peripheral  mbed.ar(pinmap_common.o)
    0x00009208   0x00000058   Code   RO         1419    i.pinmap_pinout     mbed.ar(pinmap_common.o)
    0x00009260   0x00000024   Code   RO         1290    i.rtc_init          mbed.ar(rtc_api.o)
    0x00009284   0x00000010   Code   RO         1291    i.rtc_isenabled     mbed.ar(rtc_api.o)
    0x00009294   0x00000034   Code   RO         1292    i.rtc_read          mbed.ar(rtc_api.o)
    0x000092c8   0x00000044   Code   RO         1293    i.rtc_write         mbed.ar(rtc_api.o)
    0x0000930c   0x00000108   Code   RO          980    i.serial_baud       mbed.ar(serial_api.o)
    0x00009414   0x000000a0   Code   RO          984    i.serial_format     mbed.ar(serial_api.o)
    0x000094b4   0x0000000e   Code   RO          986    i.serial_getc       mbed.ar(serial_api.o)
    0x000094c2   0x00000002   PAD
    0x000094c4   0x00000170   Code   RO          987    i.serial_init       mbed.ar(serial_api.o)
    0x00009634   0x00000018   Code   RO          988    i.serial_irq_handler  mbed.ar(serial_api.o)
    0x0000964c   0x0000000e   Code   RO          991    i.serial_putc       mbed.ar(serial_api.o)
    0x0000965a   0x00000012   Code   RO         1258    i.set_time          mbed.ar(rtc_time.o)
    0x0000966c   0x00000022   Code   RO         1259    i.time              mbed.ar(rtc_time.o)
    0x0000968e   0x00000002   PAD
    0x00009690   0x0000000c   Code   RO         1303    i.us_ticker_clear_interrupt  mbed.ar(us_ticker.o)
    0x0000969c   0x00000010   Code   RO         1304    i.us_ticker_disable_interrupt  mbed.ar(us_ticker.o)
    0x000096ac   0x00000040   Code   RO         1438    i.us_ticker_irq_handler  mbed.ar(us_ticker_api.o)
    0x000096ec   0x00000060   Code   RO         1306    i.us_ticker_read    mbed.ar(us_ticker.o)
    0x0000974c   0x00000014   Code   RO         1307    i.us_ticker_set_interrupt  mbed.ar(us_ticker.o)
    0x00009760   0x0000001c   Code   RO         1235    i.wait_ms           mbed.ar(wait_api.o)
    0x0000977c   0x0000002c   Code   RO         2182    locale$$code        c_w.l(lc_ctype_c.o)
    0x000097a8   0x0000002c   Code   RO         2185    locale$$code        c_w.l(lc_numeric_c.o)
    0x000097d4   0x0000002c   Code   RO         2188    locale$$code        c_w.l(lc_time_c.o)
    0x00009800   0x00000062   Code   RO         2278    x$fpl$d2f           fz_wm.l(d2f.o)
    0x00009862   0x00000002   PAD
    0x00009864   0x00000010   Code   RO         2341    x$fpl$dcheck1       fz_wm.l(dcheck1.o)
    0x00009874   0x00000018   Code   RO         2308    x$fpl$dcmpinf       fz_wm.l(dcmpi.o)
    0x0000988c   0x00000078   Code   RO         2280    x$fpl$deqf          fz_wm.l(deqf.o)
    0x00009904   0x00000078   Code   RO         2310    x$fpl$dleqf         fz_wm.l(dleqf.o)
    0x0000997c   0x00000154   Code   RO         2312    x$fpl$dmul          fz_wm.l(dmul.o)
    0x00009ad0   0x0000009c   Code   RO         2314    x$fpl$dnaninf       fz_wm.l(dnaninf.o)
    0x00009b6c   0x0000000c   Code   RO         2334    x$fpl$dretinf       fz_wm.l(dretinf.o)
    0x00009b78   0x0000006c   Code   RO         2282    x$fpl$drleqf        fz_wm.l(drleqf.o)
    0x00009be4   0x0000000a   Code   RO         2131    x$fpl$fpinit        fz_wm.l(fpinit.o)
    0x00009bee   0x0000000a   Code   RO         2316    x$fpl$fretinf       fz_wm.l(fretinf.o)
    0x00009bf8   0x00000004   Code   RO         2001    x$fpl$printf1       fz_wm.l(printf1.o)
    0x00009bfc   0x00000004   Code   RO         2003    x$fpl$printf2       fz_wm.l(printf2.o)
    0x00009c00   0x00000064   Code   RO         2343    x$fpl$retnan        fz_wm.l(retnan.o)
    0x00009c64   0x0000005c   Code   RO         2336    x$fpl$scalbn        fz_wm.l(scalbn.o)
    0x00009cc0   0x00000004   Code   RO         2009    x$fpl$scanf1        fz_wm.l(scanf1.o)
    0x00009cc4   0x00000008   Code   RO         2228    x$fpl$scanf2        fz_wm.l(scanf2.o)
    0x00009ccc   0x00000030   Code   RO         2345    x$fpl$trapveneer    fz_wm.l(trapv.o)
    0x00009cfc   0x00000000   Code   RO         2234    x$fpl$usenofp       fz_wm.l(usenofp.o)
    0x00009cfc   0x0000001b   Data   RO          235    .constdata          rtx_conf_cm.o
    0x00009d17   0x00000001   PAD
    0x00009d18   0x00000067   Data   RO          868    .constdata          board.o
    0x00009d7f   0x00000017   Data   RO          925    .constdata          retarget.o
    0x00009d96   0x00000002   PAD
    0x00009d98   0x00000254   Data   RO         1000    .constdata          mbed.ar(serial_api.o)
    0x00009fec   0x00000067   Data   RO         1247    .constdata          mbed.ar(gpio.o)
    0x0000a053   0x00000001   PAD
    0x0000a054   0x00000068   Data   RO         1271    .constdata          mbed.ar(gpio_api.o)
    0x0000a0bc   0x00000054   Data   RO         1282    .constdata          mbed.ar(pinmap.o)
    0x0000a110   0x00000028   Data   RO         1496    .constdata          c_w.l(_printf_hex_int_ll_ptr.o)
    0x0000a138   0x00000011   Data   RO         1516    .constdata          c_w.l(__printf_flags_ss_wp.o)
    0x0000a149   0x00000003   PAD
    0x0000a14c   0x00000008   Data   RO         1820    .constdata          c_w.l(_printf_wctomb.o)
    0x0000a154   0x0000000c   Data   RO         1902    .constdata          c_w.l(_monlen.o)
    0x0000a160   0x00000026   Data   RO         2049    .constdata          c_w.l(_printf_fp_hex.o)
    0x0000a186   0x00000002   PAD
    0x0000a188   0x00000094   Data   RO         2155    .constdata          c_w.l(bigflt0.o)
    0x0000a21c   0x0000002c   Data   RO          971    .constdata__ZTVN4mbed10FileHandleE  retarget.o
    0x0000a248   0x00000010   Data   RO         1407    .constdata__ZTVN4mbed10SerialBaseE  mbed.ar(SerialBase.o)
    0x0000a258   0x0000005c   Data   RO         1128    .constdata__ZTVN4mbed6SerialE  mbed.ar(Serial.o)
    0x0000a2b4   0x00000044   Data   RO         1213    .constdata__ZTVN4mbed6StreamE  mbed.ar(Stream.o)
    0x0000a2f8   0x00000010   Data   RO         1366    .constdata__ZTVN4mbed8FileBaseE  mbed.ar(FileBase.o)
    0x0000a308   0x0000003c   Data   RO         1336    .constdata__ZTVN4mbed8FileLikeE  mbed.ar(FileLike.o)
    0x0000a344   0x00000128   Data   RO          791    .conststring        cmd_action.o
    0x0000a46c   0x00000020   Data   RO         2347    Region$$Table       anon$$obj.o
    0x0000a48c   0x00000008   Data   RO         2223    c$$dinf             fz_wm.l(fpconst.o)
    0x0000a494   0x00000110   Data   RO         2181    locale$$data        c_w.l(lc_ctype_c.o)
    0x0000a5a4   0x0000001c   Data   RO         2184    locale$$data        c_w.l(lc_numeric_c.o)
    0x0000a5c0   0x00000178   Data   RO         2187    locale$$data        c_w.l(lc_time_c.o)
    0x0000a738   0x00000004   Data   RO          303    .init_array         main.o
    0x0000a73c   0x00000000   Data   RO         1594    .init_array         c_w.l(init_aeabi.o)


    Execution Region RW_IRAM1 (Base: 0x100000e8, Size: 0x00002220, Max: 0x0000ff18, ABSOLUTE, COMPRESSED[0x00000060])

    Base Addr    Size         Type   Attr      Idx    E Section Name        Object

    0x100000e8   0x00000008   Data   RW            8    .data               rt_task.o
    0x100000f0   0x00000007   Data   RW           56    .data               rt_system.o
    0x100000f7   0x00000001   PAD
    0x100000f8   0x00000004   Data   RW          106    .data               rt_time.o
    0x100000fc   0x00000008   Data   RW          151    .data               rt_cmsis.o
    0x10000104   0x00000008   Data   RW          206    .data               rt_robin.o
    0x1000010c   0x00000154   Data   RW          236    .data               rtx_conf_cm.o
    0x10000260   0x00000140   Data   RW          302    .data               main.o
    0x100003a0   0x00000002   Data   RW          703    .data               cmd.o
    0x100003a2   0x00000043   Data   RW          792    .data               cmd_action.o
    0x100003e5   0x00000003   PAD
    0x100003e8   0x00000010   Data   RW          859    .data               system_LPC407x_8x_177x_8x.o
    0x100003f8   0x00000010   Data   RW         1001    .data               mbed.ar(serial_api.o)
    0x10000408   0x00000004   Data   RW         1308    .data               mbed.ar(us_ticker.o)
    0x1000040c   0x00000004   Data   RW         1355    .data               mbed.ar(FileBase.o)
    0x10000410   0x00000008   Data   RW         1441    .data               mbed.ar(us_ticker_api.o)
    0x10000418   0x00000004   Data   RW         1551    .data               c_w.l(stdio_streams.o)
    0x1000041c   0x00000004   Data   RW         1552    .data               c_w.l(stdio_streams.o)
    0x10000420   0x00000004   Data   RW         1553    .data               c_w.l(stdio_streams.o)
    0x10000424   0x00000004   Data   RW         1882    .data               c_w.l(streamlock.o)
    0x10000428   0x00000090   Zero   RW            7    .bss                rt_task.o
    0x100004b8   0x00000030   Zero   RW           84    .bss                rt_list.o
    0x100004e8   0x00000b70   Zero   RW          234    .bss                rtx_conf_cm.o
    0x10001058   0x00001090   Zero   RW          301    .bss                main.o
    0x100020e8   0x00000040   Zero   RW          924    .bss                retarget.o
    0x10002128   0x00000014   Zero   RW          999    .bss                mbed.ar(serial_api.o)
    0x1000213c   0x00000060   Zero   RW         1451    .bss                c_w.l(libspace.o)
    0x1000219c   0x00000054   Zero   RW         1548    .bss                c_w.l(stdio_streams.o)
    0x100021f0   0x00000054   Zero   RW         1549    .bss                c_w.l(stdio_streams.o)
    0x10002244   0x00000054   Zero   RW         1550    .bss                c_w.l(stdio_streams.o)
    0x10002298   0x0000002c   Zero   RW         1584    .bss                c_w.l(localtime.o)
    0x100022c4   0x00000044   Zero   RW         1900    .bss                c_w.l(asctime.o)


    Execution Region RW_IRAM2 (Base: 0x20000000, Size: 0x00000000, Max: 0x00004000, ABSOLUTE)

    **** No section assigned to this execution region ****


    Execution Region RW_IRAM3 (Base: 0x20004000, Size: 0x00000000, Max: 0x00004000, ABSOLUTE)

    **** No section assigned to this execution region ****



  Load Region LR_IROM2 (Base: 0x28000000, Size: 0x00000000, Max: 0x01000000, ABSOLUTE)

    Execution Region ER_IROM2 (Base: 0x28000000, Size: 0x00000000, Max: 0x01000000, ABSOLUTE)

    **** No section assigned to this execution region ****


==============================================================================

Image component sizes


      Code (inc. data)   RO Data    RW Data    ZI Data      Debug   Object Name

       264          6        103          0          0        124   board.o
      1492        392          0          2          0      16111   cmd.o
      3280       2178        296         67          0       9593   cmd_action.o
       104          6          0          0          0        132   cmsis_nvic.o
       140          4          0          0          0       1915   hal_cm.o
       384         28          0          0          0        868   hal_cm4.o
       588        234          4        320       4240      51604   main.o
       780         86         67          0         64       1500   retarget.o
      4564         76          0          8          0      42429   rt_cmsis.o
       380         14          0          0          0       2170   rt_event.o
       652         22          0          0         48       5802   rt_list.o
       840         10          0          0          0       2763   rt_mailbox.o
       194          0          0          0          0       1753   rt_membox.o
       472         10          0          0          0       1691   rt_mutex.o
       108         18          0          8          0        868   rt_robin.o
       324         10          0          0          0       1948   rt_semaphore.o
       760         54          0          7          0       5276   rt_system.o
       844         58          0          8        144       9532   rt_task.o
       100          8          0          4          0       1367   rt_time.o
       228         60         27        340       2928       8172   rtx_conf_cm.o
        40         12        228          0          0        276   startup_LPC407x_8x_177x_8x.o
         4          4          0          0          0        264   svc_table.o
        28          4          0          0          0        128   sys.o
         4          0          0          0          0        116   sys_helper.o
       744         36          0         16          0        268   system_LPC407x_8x_177x_8x.o

    ----------------------------------------------------------------------
     17322       3330        760        784       7424     166670   Object Totals
         0          0         32          0          0          0   (incl. Generated)
         4          0          3          4          0          0   (incl. Padding)

    ----------------------------------------------------------------------

      Code (inc. data)   RO Data    RW Data    ZI Data      Debug   Library Member Name

        60          8          0          0          0         84   __0sscanf.o
        20          0          0          0          0         84   __2fprintf.o
        24          4          0          0          0         84   __2printf.o
        44          6          0          0          0         84   __2sprintf.o
        90          0          0          0          0          0   __dczerorl2.o
         8          0          0          0          0         68   __main.o
       392          4         17          0          0         92   __printf_flags_ss_wp.o
        14          0          0          0          0         68   __printf_wp.o
        52          8          0          0          0          0   __scatter.o
        28          0          0          0          0          0   __scatter_zi.o
        28          0          0          0          0         68   _chval.o
        60          0          0          0          0         92   _mbrtowc.o
         0          0         12          0          0          0   _monlen.o
         6          0          0          0          0          0   _printf_a.o
         6          0          0          0          0          0   _printf_c.o
        44          0          0          0          0        108   _printf_char.o
        48          6          0          0          0         96   _printf_char_common.o
        64          6          0          0          0         84   _printf_char_file_locked.o
        40          0          0          0          0         68   _printf_charcount.o
         6          0          0          0          0          0   _printf_d.o
       116         16          0          0          0         92   _printf_dec.o
         6          0          0          0          0          0   _printf_e.o
         6          0          0          0          0          0   _printf_f.o
      1046          0          0          0          0        216   _printf_fp_dec.o
       760         10         38          0          0        100   _printf_fp_hex.o
       128         16          0          0          0         84   _printf_fp_infnan.o
         6          0          0          0          0          0   _printf_g.o
       148          4         40          0          0        160   _printf_hex_int_ll_ptr.o
         6          0          0          0          0          0   _printf_i.o
       178          0          0          0          0         88   _printf_intcommon.o
        10          0          0          0          0          0   _printf_l.o
         6          0          0          0          0          0   _printf_lc.o
        10          0          0          0          0          0   _printf_ll.o
         6          0          0          0          0          0   _printf_lld.o
         6          0          0          0          0          0   _printf_lli.o
         6          0          0          0          0          0   _printf_llo.o
         6          0          0          0          0          0   _printf_llu.o
         6          0          0          0          0          0   _printf_llx.o
       120         16          0          0          0         92   _printf_longlong_dec.o
         6          0          0          0          0          0   _printf_ls.o
         6          0          0          0          0          0   _printf_n.o
         6          0          0          0          0          0   _printf_o.o
       112          8          0          0          0        124   _printf_oct_int_ll.o
         6          0          0          0          0          0   _printf_p.o
        78          0          0          0          0        108   _printf_pad.o
         0          0          0          0          0          0   _printf_percent.o
         4          0          0          0          0          0   _printf_percent_end.o
         6          0          0          0          0          0   _printf_s.o
        82          0          0          0          0         80   _printf_str.o
        36          0          0          0          0         84   _printf_truncate.o
         6          0          0          0          0          0   _printf_u.o
        44          0          0          0          0        108   _printf_wchar.o
       188          6          8          0          0         92   _printf_wctomb.o
         6          0          0          0          0          0   _printf_x.o
        22          0          0          0          0        100   _rserrno.o
       876          4          0          0          0        100   _scanf.o
       332          0          0          0          0         96   _scanf_int.o
       342          0          0          0          0        100   _scanf_longlong.o
       272          0          0          0          0        100   _scanf_mbtowc.o
       218          0          0          0          0         96   _scanf_str.o
        30          0          0          0          0         76   _scanf_wcharmap.o
       226          0          0          0          0        100   _scanf_wctomb.o
       202          0          0          0          0         96   _scanf_wstr.o
        64          0          0          0          0         84   _sgetc.o
        10          0          0          0          0         68   _sputc.o
       158          0          0          0          0         92   _strtoul.o
        64          0          0          0          0         92   _wcrtomb.o
        12          6          0          0         68         68   asctime.o
       104         30          0          0          0         88   asctime_internal.o
        26          0          0          0          0         80   atoi.o
        72          0          0          0          0         92   backspace.o
       216          4        148          0          0         96   bigflt0.o
      2074        132          0          0          0        940   btod.o
        10          0          0          0          0         68   c89vfprintf.o
        14          0          0          0          0         80   ctime.o
        10          0          0          0          0         68   defsig_exit.o
        50          0          0          0          0         88   defsig_general.o
        48         34          0          0          0         76   defsig_pvfn_inner.o
        14          0          0          0          0         80   defsig_pvfn_outer.o
        80         58          0          0          0         76   defsig_rtmem_inner.o
        14          0          0          0          0         80   defsig_rtmem_outer.o
        52         38          0          0          0         76   defsig_rtred_inner.o
        14          0          0          0          0         80   defsig_rtred_outer.o
        76          0          0          0          0         88   fclose.o
        52          6          0          0          0         80   fclose_locked.o
       144         10          0          0          0        128   fflush_locked.o
        24          0          0          0          0         68   fgetc.o
       570          0          0          0          0        132   filbuf.o
       470          0          0          0          0         88   flsbuf.o
        92          8          0          0          0         88   flushlinebuffered_locked.o
       324          8          0          0          0        152   fopen_locked.o
        26          0          0          0          0         68   fputc.o
       248          6          0          0          0         84   fseek.o
        66          0          0          0          0         76   ftell.o
       158          0          0          0          0        128   h1_alloc_mt.o
        62          0          0          0          0         80   h1_extend_mt.o
       118          0          0          0          0        108   h1_free_mt.o
        18          0          0          0          0         84   h1_init_mt.o
         6          0          0          0          0        152   heapauxi.o
         4          0          0          0          0        136   hguard.o
         0          0          0          0          0          0   indicate_semi.o
        36         10          0          0          0         80   init_aeabi.o
       138          0          0          0          0        168   init_alloc.o
       456         48          0          0          0        116   initio_locked.o
        18          0          0          0          0         76   isspace.o
        44         10        272          0          0         76   lc_ctype_c.o
        44         10         28          0          0         76   lc_numeric_c.o
        44         10        376          0          0         76   lc_time_c.o
         2          0          0          0          0          0   libinit.o
        60          0          0          0          0          0   libinit2.o
         6          0          0          0          0          0   libshutdown2.o
         8          4          0          0         96         68   libspace.o
        38          0          0          0          0         68   llshl.o
       138          0          0          0          0         80   lludiv10.o
        12          6          0          0         44         68   localtime.o
       164          6          0          0          0         80   localtime_internal.o
         0          0          0          0          0          0   maybetermalloc1.o
       420         10          0          0          0        128   mktime.o
        16          4          0          0          0         76   rt_ctype_table.o
        10          0          0          0          0         76   rt_ddtor_pointer_addr_twolibspace.o
         4          0          0          0          0         68   rt_errno_addr_twolibspace.o
        10          0          0          0          0         76   rt_heap_descriptor_twolibspace.o
        10          0          0          0          0         76   rt_locale_twolibspace.o
        78          0          0          0          0         80   rt_memclr_w.o
       100          0          0          0          0         80   rt_memcpy_w.o
       122          0          0          0          0         80   rt_memmove_w.o
        44          8          0          0          0         84   scanf_char.o
        64          8          0          0          0         84   scanf_char_file_locked.o
      1188         12          0          0          0        148   scanf_fp.o
       792         14          0          0          0        100   scanf_hexfp.o
       308         16          0          0          0        100   scanf_infnan.o
        20          0          0          0          0         68   setbuf.o
       104          0          0          0          0         88   setvbuf_locked.o
        44          6          0          0          0         84   sprintf.o
       240          6          0          0          0        156   stdio.o
         0          0          0         12        252          0   stdio_streams.o
       128          0          0          0          0         68   strcmpv7m.o
         0          0          0          4          0          0   streamlock.o
        62          0          0          0          0         76   strlen.o
       150          0          0          0          0         80   strncmp.o
       112          0          0          0          0         88   strtol.o
        12          4          0          0          0         68   sys_exit.o
        14          0          0          0          0         76   sys_wrch.o
        72         12          0          0          0         68   ungetc.o
         2          0          0          0          0         68   use_no_semi.o
        10          0          0          0          0         68   vfprintf.o
        16          0          0          0          0         80   vfscanf.o
        50          0          0          0          0         84   aeabi_atexit.o
        36          0          0          0          0         84   aeabi_vec_ctor_nocookie_nodtor.o
        66          0          0          0          0         84   cxa_finalize.o
         6          0          0          0          0         68   pure_virt.o
        98          4          0          0          0        140   d2f.o
        16          4          0          0          0        116   dcheck1.o
        24          0          0          0          0        116   dcmpi.o
       120          4          0          0          0        140   deqf.o
       120          4          0          0          0        140   dleqf.o
       340         12          0          0          0        152   dmul.o
       156          4          0          0          0        140   dnaninf.o
        12          0          0          0          0        116   dretinf.o
       108          0          0          0          0        128   drleqf.o
         0          0          8          0          0          0   fpconst.o
        10          0          0          0          0        116   fpinit.o
        10          0          0          0          0        116   fretinf.o
         4          0          0          0          0        116   printf1.o
         4          0          0          0          0        116   printf2.o
       100          0          0          0          0        116   retnan.o
        92          0          0          0          0        116   scalbn.o
         4          0          0          0          0        116   scanf1.o
         8          0          0          0          0        132   scanf2.o
        48          0          0          0          0        116   trapv.o
         0          0          0          0          0          0   usenofp.o
        32          8          0          0          0        124   dunder.o
        48          0          0          0          0        124   fpclassify.o
       140         22          0          0          0        132   frexp.o
       244         16          0          0          0        308   ldexp.o
       184         18          0          0          0        152   narrow.o
       152         24         16          4          0        476   FileBase.o
        54         10         60          0          0        252   FileLike.o
       154          0          0          0          0        728   FilePath.o
        34          0          0          0          0        232   FunctionPointer.o
        60          4         92          0          0        480   Serial.o
       116         14         16          0          0        600   SerialBase.o
       260         18         68          0          0       1260   Stream.o
        80         56          0          0          0        128   assert.o
        24          4          0          0          0        128   error.o
        32          8          0          0          0        120   exit.o
        68          4        103          0          0        136   gpio.o
       156         30        104          0          0        372   gpio_api.o
       148         56         84          0          0        256   pinmap.o
       236         78          0          0          0        384   pinmap_common.o
       172         26          0          0          0        484   rtc_api.o
        52          0          0          0          0        256   rtc_time.o
       844         72        596         16         20        764   serial_api.o
       144         40          0          4          0        472   us_ticker.o
        64          4          0          8          0        136   us_ticker_api.o
        28          0          0          0          0        128   wait_api.o

    ----------------------------------------------------------------------
     22638       1212       2092         48        480      22208   Library Totals
        40          2          6          0          0          0   (incl. Padding)

    ----------------------------------------------------------------------

      Code (inc. data)   RO Data    RW Data    ZI Data      Debug   Library Name

     17640        666        939         16        460      11008   c_w.l
       158          0          0          0          0        320   cpprt_w.l
      1274         32          8          0          0       2248   fz_wm.l
       648         64          0          0          0        840   m_wm.l
      2878        448       1139         32         20       7792   mbed.ar

    ----------------------------------------------------------------------
     22638       1212       2092         48        480      22208   Library Totals

    ----------------------------------------------------------------------

==============================================================================


      Code (inc. data)   RO Data    RW Data    ZI Data      Debug   

     39960       4542       2852        832       7904     168330   Grand Totals
     39960       4542       2852         96       7904     168330   ELF Image Totals (compressed)
     39960       4542       2852         96          0          0   ROM Totals

==============================================================================

    Total RO  Size (Code + RO Data)                42812 (  41.81kB)
    Total RW  Size (RW Data + ZI Data)              8736 (   8.53kB)
    Total ROM Size (Code + RO Data + RW Data)      42908 (  41.90kB)

==============================================================================

