<html>
<body>
<pre>
<h1>µVision Build Log</h1>
<h2>Project:</h2>
D:\ZHAW\BA\WeKeBA\05_Source\mbed_CAN_Receiver\mbed_CAN.uvproj
Project File Date:  09/30/2014

<h2>Output:</h2>
Build target 'NXP LPC4088'
compiling main.cpp...
linking...
Program Size: Code=30516 RO-data=2168 RW-data=92 ZI-data=1112  
After Build - User command #1: fromelf --bin -o build\mbed_CAN_LPC4088.bin build\mbed_CAN.axf
".\build\mbed_CAN.axf" - 0 Error(s), 0 Warning(s).
Load "D:\\ZHAW\\BA\\WeKeBA\\05_Source\\mbed_CAN_Receiver\\build\\mbed_CAN.axf" 
Erase Done.
Programming Done.
Verify OK.
</pre>
</body>
</html>
cmsis_nvic.c...
compiling system_LPC407x_8x_177x_8x.c...
compiling board.c...
compiling assert.c...
compiling mbed_interface.c...
compiling exit.c...
compiling rtc_time.c...
compiling us_ticker_api.c...
compiling pinmap_common.c...
compiling error.c...
compiling gpio.c...
compiling semihost_api.c...
compiling wait_api.c...
compiling sys_helper.cpp...
compiling sys.cpp...
compiling RawSerial.cpp...
compiling Ticker.cpp...
compiling FilePath.cpp...
compiling I2C.cpp...
compiling FileBase.cpp...
compiling retarget.cpp...
compiling Serial.cpp...
compiling Stream.cpp...
compiling FileSystemLike.cpp...
compiling CallChain.cpp...
compiling InterruptManager.cpp...
compiling SerialBase.cpp...
compiling BusInOut.cpp...
compiling SPISlave.cpp...
compiling I2CSlave.cpp...
compiling FunctionPointer.cpp...
compiling Timer.cpp...
compiling SPI.cpp...
compiling Timeout.cpp...
compiling Ethernet.cpp...
compiling TimerEvent.cpp...
compiling CAN.cpp...
compiling BusOut.cpp...
compiling FileLike.cpp...
compiling BusIn.cpp...
compiling InterruptIn.cpp...
compiling LocalFileSystem.cpp...
compiling main.cpp...
linking...
Program Size: Code=30540 RO-data=2168 RW-data=84 ZI-data=1128  
After Build - User command #1: fromelf --bin -o build\mbed_CAN_LPC4088.bin build\mbed_CAN.axf
".\build\mbed_CAN.axf" - 0 Error(s), 0 Warning(s).
Load "D:\\ZHAW\\BA\\WeKeBA\\05_Source\\mbed_CAN_Receiver\\build\\mbed_CAN.axf" 
Erase Done.
Programming Done.
Verify OK.
