<html>
<body>
<pre>
<h1>µVision Build Log</h1>
<h2>Project:</h2>
D:\ZHAW\BA\WeKeBA\05_Source\mbed_CAN_Receiver\mbed_CAN.uvproj
Project File Date:  09/30/2014

<h2>Output:</h2>
Build target 'NXP LPC4088'
linking...
Program Size: Code=30580 RO-data=2168 RW-data=92 ZI-data=1112  
After Build - User command #1: fromelf --bin -o build\mbed_CAN_LPC4088.bin build\mbed_CAN.axf
".\build\mbed_CAN.axf" - 0 Error(s), 0 Warning(s).
Load "D:\\ZHAW\\BA\\WeKeBA\\05_Source\\mbed_CAN_Receiver\\build\\mbed_CAN.axf" 
Erase Done.
Programming Done.
Verify OK.
</pre>
</body>
</html>
_CAN.axf" - 0 Error(s), 1 Warning(s).
Load "D:\\ZHAW\\BA\\WeKeBA\\05_Source\\mbed_CAN_Receiver\\build\\mbed_CAN.axf" 
Erase Done.
Programming Done.
Verify OK.
