<html>
<body>
<pre>
<h1>µVision Build Log</h1>
<h2>Project:</h2>
C:\Temp\weltitob\GitHub\WeKeBA\05_Source\mbed_ADC\mbed_blinky.uvproj
Project File Date:  11/03/2014

<h2>Output:</h2>
Build target 'NXP LPC4088'
compiling impact_action.cpp...
linking...
mbed/TARGET_LPC4088/TOOLCHAIN_ARM_STD/LPC407X_8X.sct(28): warning: L6314W: No section matches pattern *.o(SPIFI_MEM).
Program Size: Code=19992 RO-data=2596 RW-data=120 ZI-data=9840  
Finished: 0 information, 1 warning and 0 error messages.
After Build - User command #1: fromelf --bin -o build\mbed_blinky_LPC4088.bin build\mbed_blinky.axf
".\build\mbed_blinky.axf" - 0 Error(s), 1 Warning(s).
</pre>
</body>
</html>
au
impact_event.cpp: 1 warning, 0 errors
".\build\mbed_blinky.axf" - 1 Error(s), 1 Warning(s).
Target not created
 fromelf --bin -o build\mbed_blinky_LPC4088.bin build\mbed_blinky.axf
".\build\mbed_blinky.axf" - 0 Error(s), 2 Warning(s).
\mbed_ADC\\build\\mbed_blinky.axf" 
Erase Done.
Programming Done.
Verify OK.
ce\\mbed_ADC\\build\\mbed_blinky.axf" 
Erase Done.
Programming Done.
Verify OK.
 --bin -o build\mbed_blinky_LPC4088.bin build\mbed_blinky.axf
".\build\mbed_blinky.axf" - 0 Error(s), 4 Warning(s).
