Product: MDK-ARM Professional 5.10
Component: ARM Compiler 5.04 update 1 (build 49)
Tool: armlink [5040049]

==============================================================================

Section Cross References

    main.o(.text) refers to adc_4088.o(.text) for reset_ADC_interrupt
    main.o(.text) refers to Stream.o(i._ZN4mbed6Stream6printfEPKcz) for mbed::Stream::printf(const char*, ...)
    main.o(.text) refers to main.o(i._ZN4mbed10DigitalOutaSEi) for mbed::DigitalOut::operator =(int)
    main.o(.text) refers to SerialBase.o(i._ZN4mbed10SerialBase4baudEi) for mbed::SerialBase::baud(int)
    main.o(.text) refers to wait_api.o(i.wait) for wait
    main.o(.text) refers to Serial.o(i._ZN4mbed6SerialC1E7PinNameS1_PKc) for mbed::Serial::Serial(PinName, PinName, const char*)
    main.o(.text) refers to aeabi_atexit.o(i.__aeabi_atexit) for __aeabi_atexit
    main.o(.text) refers to main.o(i._ZN4mbed10DigitalOutC1E7PinName) for mbed::DigitalOut::DigitalOut(PinName)
    main.o(.text) refers to main.o(.data) for adc
    main.o(.text) refers to main.o(.bss) for pcSerial
    main.o(.text) refers to system_LPC407x_8x_177x_8x.o(.data) for SystemCoreClock
    main.o(.text) refers to Serial.o(i._ZN4mbed6SerialD1Ev) for mbed::Serial::~Serial()
    main.o(.ARM.exidx) refers to main.o(.text) for .text
    main.o(.init_array) refers to main.o(.text) for __sti___8_main_cpp_pcSerial
    main.o(.init_array) refers to init_aeabi.o(.text) for __cpp_initialize__aeabi_
    adc_4088.o(.text) refers to pinmap_common.o(i.pinmap_peripheral) for pinmap_peripheral
    adc_4088.o(.text) refers to pinmap_common.o(i.pinmap_pinout) for pinmap_pinout
    adc_4088.o(.text) refers to cmsis_nvic.o(i.NVIC_SetVector) for NVIC_SetVector
    adc_4088.o(.text) refers to adc_4088.o(.constdata) for PinMap_ADC
    adc_4088.o(.text) refers to system_LPC407x_8x_177x_8x.o(.data) for PeripheralClock
    adc_4088.o(.text) refers to adc_4088.o(.data) for clkdiv
    adc_4088.o(.ARM.exidx) refers to adc_4088.o(.text) for .text
    retarget.o(i.$Sub$$main) refers to retarget.o(i.mbed_sdk_init) for mbed_sdk_init
    retarget.o(i.$Sub$$main) refers to retarget.o(i.mbed_main) for mbed_main
    retarget.o(i.$Sub$$main) refers to main.o(.text) for $Super$$main
    retarget.o(i._ZN4mbed10FileHandleD0Ev) refers to delete.o(i._ZdlPv) for operator delete (void*)
    retarget.o(i._ZN4mbed10FileHandleD0Ev) refers to retarget.o(.constdata__ZTVN4mbed10FileHandleE) for vtable for mbed::FileHandle
    retarget.o(i._ZN4mbed10FileHandleD0Ev) refers to retarget.o(.bss) for .bss
    retarget.o(i._ZN4mbed10FileHandleD2Ev) refers to retarget.o(.constdata__ZTVN4mbed10FileHandleE) for vtable for mbed::FileHandle
    retarget.o(i._ZN4mbed10FileHandleD2Ev) refers to retarget.o(.bss) for .bss
    retarget.o(i._sys_close) refers to retarget.o(.bss) for .bss
    retarget.o(i._sys_ensure) refers to retarget.o(.bss) for .bss
    retarget.o(i._sys_flen) refers to retarget.o(.bss) for .bss
    retarget.o(i._sys_istty) refers to retarget.o(.bss) for .bss
    retarget.o(i._sys_open) refers to _scanf_int.o(.text) for _scanf_int
    retarget.o(i._sys_open) refers to strcmpv7m.o(.text) for strcmp
    retarget.o(i._sys_open) refers to serial_api.o(i.serial_init) for serial_init
    retarget.o(i._sys_open) refers to FilePath.o(i._ZN4mbed8FilePathC1EPKc) for mbed::FilePath::FilePath(const char*)
    retarget.o(i._sys_open) refers to FilePath.o(i._ZN4mbed8FilePath6existsEv) for mbed::FilePath::exists()
    retarget.o(i._sys_open) refers to FilePath.o(i._ZN4mbed8FilePath6isFileEv) for mbed::FilePath::isFile()
    retarget.o(i._sys_open) refers to FilePath.o(i._ZN4mbed8FilePath4fileEv) for mbed::FilePath::file()
    retarget.o(i._sys_open) refers to __0sscanf.o(.text) for __0sscanf
    retarget.o(i._sys_open) refers to FilePath.o(i._ZN4mbed8FilePath10fileSystemEv) for mbed::FilePath::fileSystem()
    retarget.o(i._sys_open) refers to FilePath.o(i._ZN4mbed8FilePath8fileNameEv) for mbed::FilePath::fileName()
    retarget.o(i._sys_open) refers to retarget.o(.constdata) for .constdata
    retarget.o(i._sys_open) refers to serial_api.o(.data) for stdio_uart_inited
    retarget.o(i._sys_open) refers to retarget.o(.bss) for .bss
    retarget.o(i._sys_read) refers to serial_api.o(i.serial_init) for serial_init
    retarget.o(i._sys_read) refers to serial_api.o(i.serial_getc) for serial_getc
    retarget.o(i._sys_read) refers to serial_api.o(.data) for stdio_uart_inited
    retarget.o(i._sys_read) refers to retarget.o(.bss) for .bss
    retarget.o(i._sys_seek) refers to retarget.o(.bss) for .bss
    retarget.o(i._sys_write) refers to serial_api.o(i.serial_init) for serial_init
    retarget.o(i._sys_write) refers to serial_api.o(i.serial_putc) for serial_putc
    retarget.o(i._sys_write) refers to serial_api.o(.data) for stdio_uart_inited
    retarget.o(i._sys_write) refers to retarget.o(.bss) for .bss
[...]
    .constdata__ZTVN4mbed10SerialBaseE       0x000047d8   Section       16  SerialBase.o(.constdata__ZTVN4mbed10SerialBaseE)
    .constdata__ZTVN4mbed6SerialE            0x000047e8   Section       92  Serial.o(.constdata__ZTVN4mbed6SerialE)
    .constdata__ZTVN4mbed6StreamE            0x00004844   Section       68  Stream.o(.constdata__ZTVN4mbed6StreamE)
    .constdata__ZTVN4mbed8FileBaseE          0x00004888   Section       16  FileBase.o(.constdata__ZTVN4mbed8FileBaseE)
    .constdata__ZTVN4mbed8FileLikeE          0x00004898   Section       60  FileLike.o(.constdata__ZTVN4mbed8FileLikeE)
    locale$$data                             0x000048f4   Section       28  lc_numeric_c.o(locale$$data)
    __lcnum_c_name                           0x000048f8   Data           2  lc_numeric_c.o(locale$$data)
    __lcnum_c_start                          0x00004900   Data           0  lc_numeric_c.o(locale$$data)
    __lcnum_c_point                          0x0000490c   Data           0  lc_numeric_c.o(locale$$data)
    __lcnum_c_thousands                      0x0000490e   Data           0  lc_numeric_c.o(locale$$data)
    __lcnum_c_grouping                       0x0000490f   Data           0  lc_numeric_c.o(locale$$data)
    locale$$data                             0x00004910   Section      272  lc_ctype_c.o(locale$$data)
    __lcnum_c_end                            0x00004910   Data           0  lc_numeric_c.o(locale$$data)
    __lcctype_c_name                         0x00004914   Data           2  lc_ctype_c.o(locale$$data)
    __lcctype_c_start                        0x0000491c   Data           0  lc_ctype_c.o(locale$$data)
    .init_array                              0x00004a20   Section        4  main.o(.init_array)
    __lcctype_c_end                          0x00004a20   Data           0  lc_ctype_c.o(locale$$data)
    .init_array                              0x00004a24   Section        0  init_aeabi.o(.init_array)
    .data                                    0x100000e8   Section        2  main.o(.data)
    .data                                    0x100000ec   Section        4  adc_4088.o(.data)
    .data                                    0x100000f0   Section       16  system_LPC407x_8x_177x_8x.o(.data)
    .data                                    0x10000100   Section       16  serial_api.o(.data)
    irq_handler                              0x10000104   Data           4  serial_api.o(.data)
    .data                                    0x10000110   Section        4  us_ticker.o(.data)
    .data                                    0x10000114   Section        4  FileBase.o(.data)
    .data                                    0x10000118   Section        8  us_ticker_api.o(.data)
    head                                     0x10000118   Data           4  us_ticker_api.o(.data)
    event_handler                            0x1000011c   Data           4  us_ticker_api.o(.data)
    .data                                    0x10000120   Section        4  stdio_streams.o(.data)
    .data                                    0x10000124   Section        4  stdio_streams.o(.data)
    .data                                    0x10000128   Section        4  stdio_streams.o(.data)
    .data                                    0x1000012c   Section        4  heapauxa.o(.data)
    __rt_heap_escrow_base                    0x1000012c   Data           4  heapauxa.o(.data)
    .bss                                     0x10000130   Section      144  main.o(.bss)
    .bss                                     0x100001c0   Section       64  retarget.o(.bss)
    filehandles                              0x100001c0   Data          64  retarget.o(.bss)
    .bss                                     0x10000200   Section       20  serial_api.o(.bss)
    serial_irq_ids                           0x10000200   Data          20  serial_api.o(.bss)
    .bss                                     0x10000214   Section       84  stdio_streams.o(.bss)
    .bss                                     0x10000268   Section       84  stdio_streams.o(.bss)
    .bss                                     0x100002bc   Section       84  stdio_streams.o(.bss)
    .bss                                     0x10000310   Section        4  rt_ddtor_pointer_addr.o(.bss)
    __rt_ddtor_pointer_addr_data             0x10000310   Data           4  rt_ddtor_pointer_addr.o(.bss)
    .bss                                     0x10000314   Section        4  rt_heap_descriptor.o(.bss)
    __rt_heap_descriptor_data                0x10000314   Data           4  rt_heap_descriptor.o(.bss)
    .bss                                     0x10000318   Section       20  rt_locale.o(.bss)
    __rt_locale_data                         0x10000318   Data          20  rt_locale.o(.bss)
    .bss                                     0x1000032c   Section        4  rt_errno_addr.o(.bss)
    __aeabi_errno_addr_data                  0x1000032c   Data           4  rt_errno_addr.o(.bss)

    Global Symbols

    Symbol Name                              Value     Ov Type        Size  Object(Section)

    BuildAttributes$$THM_ISAv4$E$P$D$K$B$S$7EM$VFPi3$EXTD16$VFPS$VFMA$PE$A:L22UL41UL21$X:L11$S22US41US21$IEEE1$IW$USESV6$~STKCKD$USESV7$~SHL$OTIME$ROPI$IEEEX$EBA8$UX$STANDARDLIB$REQ8$PRES8$EABIv2 0x00000000   Number         0  anon$$obj.o ABSOLUTE
    __ARM_use_no_argv                        0x00000000   Number         0  main.o ABSOLUTE
    __Vectors                                0x00000000   Data           4  startup_LPC407x_8x_177x_8x.o(RESET)
    __dso_handle                             0x00000000   Number         0  startup_LPC407x_8x_177x_8x.o(RESET)
    _printf_flags                            0x00000000   Number         0  printf_stubs.o ABSOLUTE
    _printf_return_value                     0x00000000   Number         0  printf_stubs.o ABSOLUTE
    _printf_sizespec                         0x00000000   Number         0  printf_stubs.o ABSOLUTE
    _printf_widthprec                        0x00000000   Number         0  printf_stubs.o ABSOLUTE
    SHT$$ARM_EXIDX$$Base                      - Undefined Reference
    SHT$$ARM_EXIDX$$Limit                     - Undefined Reference
    __ARM::default_unexpected_handler()       - Undefined Weak Reference
    __ARM_exceptions_buffer_required          - Undefined Weak Reference
    __ARM_exceptions_init                     - Undefined Weak Reference
    __aeabi_unwind_cpp_pr1                    - Undefined Weak Reference
    __aeabi_unwind_cpp_pr2                    - Undefined Weak Reference
    __alloca_initialize                       - Undefined Weak Reference
    __cxa_begin_cleanup                       - Undefined Weak Reference
    __cxa_type_match                          - Undefined Weak Reference
    __rt_lib_shutdown                         - Undefined Weak Reference
    __sigvec_lookup                           - Undefined Weak Reference
    __user_heap_extent                        - Undefined Weak Reference
    _atexit_init                              - Undefined Weak Reference
    _clock_init                               - Undefined Weak Reference
    _fp_trap_init                             - Undefined Weak Reference
    _fp_trap_shutdown                         - Undefined Weak Reference
    _get_lc_collate                           - Undefined Weak Reference
    _get_lc_monetary                          - Undefined Weak Reference
    _get_lc_time                              - Undefined Weak Reference
    _getenv_init                              - Undefined Weak Reference
    _handle_redirection                       - Undefined Weak Reference
    _mutex_acquire                            - Undefined Weak Reference
    _mutex_free                               - Undefined Weak Reference
    _mutex_release                            - Undefined Weak Reference
    _printf_mbtowc                            - Undefined Weak Reference
    _printf_wc                                - Undefined Weak Reference
    _rand_init                                - Undefined Weak Reference
    _signal_finish                            - Undefined Weak Reference
    _signal_init                              - Undefined Weak Reference
    __main                                   0x000000e5   Thumb Code     8  __main.o(!!!main)
    __scatterload                            0x000000ed   Thumb Code     0  __scatter.o(!!!scatter)
    __scatterload_rt2                        0x000000ed   Thumb Code    44  __scatter.o(!!!scatter)
    __scatterload_rt2_thumb_only             0x000000ed   Thumb Code     0  __scatter.o(!!!scatter)
    __scatterload_null                       0x000000fb   Thumb Code     0  __scatter.o(!!!scatter)
    __scatterload_copy                       0x00000121   Thumb Code    26  __scatter_copy.o(!!handler_copy)
    __scatterload_zeroinit                   0x0000013d   Thumb Code    28  __scatter_zi.o(!!handler_zi)
    _printf_n                                0x00000159   Thumb Code     0  _printf_n.o(.ARM.Collect$$_printf_percent$$00000001)
    _printf_percent                          0x00000159   Thumb Code     0  _printf_percent.o(.ARM.Collect$$_printf_percent$$00000000)
    _printf_p                                0x0000015f   Thumb Code     0  _printf_p.o(.ARM.Collect$$_printf_percent$$00000002)
    _printf_f                                0x00000165   Thumb Code     0  _printf_f.o(.ARM.Collect$$_printf_percent$$00000003)
    _printf_e                                0x0000016b   Thumb Code     0  _printf_e.o(.ARM.Collect$$_printf_percent$$00000004)
    _printf_g                                0x00000171   Thumb Code     0  _printf_g.o(.ARM.Collect$$_printf_percent$$00000005)
    _printf_a                                0x00000177   Thumb Code     0  _printf_a.o(.ARM.Collect$$_printf_percent$$00000006)
    _printf_ll                               0x0000017d   Thumb Code     0  _printf_ll.o(.ARM.Collect$$_printf_percent$$00000007)
    _printf_i                                0x00000187   Thumb Code     0  _printf_i.o(.ARM.Collect$$_printf_percent$$00000008)
    _printf_d                                0x0000018d   Thumb Code     0  _printf_d.o(.ARM.Collect$$_printf_percent$$00000009)
    _printf_u                                0x00000193   Thumb Code     0  _printf_u.o(.ARM.Collect$$_printf_percent$$0000000A)
    _printf_o                                0x00000199   Thumb Code     0  _printf_o.o(.ARM.Collect$$_printf_percent$$0000000B)
    _printf_x                                0x0000019f   Thumb Code     0  _printf_x.o(.ARM.Collect$$_printf_percent$$0000000C)
    _printf_lli                              0x000001a5   Thumb Code     0  _printf_lli.o(.ARM.Collect$$_printf_percent$$0000000D)
    _printf_lld                              0x000001ab   Thumb Code     0  _printf_lld.o(.ARM.Collect$$_printf_percent$$0000000E)
    _printf_llu                              0x000001b1   Thumb Code     0  _printf_llu.o(.ARM.Collect$$_printf_percent$$0000000F)
    _printf_llo                              0x000001b7   Thumb Code     0  _printf_llo.o(.ARM.Collect$$_printf_percent$$00000010)
    _printf_llx                              0x000001bd   Thumb Code     0  _printf_llx.o(.ARM.Collect$$_printf_percent$$00000011)
    _printf_l                                0x000001c3   Thumb Code     0  _printf_l.o(.ARM.Collect$$_printf_percent$$00000012)
    _printf_c                                0x000001cd   Thumb Code     0  _printf_c.o(.ARM.Collect$$_printf_percent$$00000013)
    _printf_s                                0x000001d3   Thumb Code     0  _printf_s.o(.ARM.Collect$$_printf_percent$$00000014)
    _printf_lc                               0x000001d9   Thumb Code     0  _printf_lc.o(.ARM.Collect$$_printf_percent$$00000015)
    _printf_ls                               0x000001df   Thumb Code     0  _printf_ls.o(.ARM.Collect$$_printf_percent$$00000016)
    _printf_percent_end                      0x000001e5   Thumb Code     0  _printf_percent_end.o(.ARM.Collect$$_printf_percent$$00000017)
    __rt_lib_init                            0x000001e9   Thumb Code     0  libinit.o(.ARM.Collect$$libinit$$00000000)
    __rt_lib_init_fp_1                       0x000001eb   Thumb Code     0  libinit2.o(.ARM.Collect$$libinit$$00000001)
    __rt_lib_init_heap_2                     0x000001ef   Thumb Code     0  libinit2.o(.ARM.Collect$$libinit$$00000003)
    __rt_lib_init_heap_1                     0x000001f7   Thumb Code     0  libinit2.o(.ARM.Collect$$libinit$$00000008)
    __rt_lib_init_lc_common                  0x000001f7   Thumb Code     0  libinit2.o(.ARM.Collect$$libinit$$0000000D)
    __rt_lib_init_rand_1                     0x000001f7   Thumb Code     0  libinit2.o(.ARM.Collect$$libinit$$0000000C)
    __rt_lib_init_user_alloc_1               0x000001f7   Thumb Code     0  libinit2.o(.ARM.Collect$$libinit$$0000000A)
    __rt_lib_init_lc_collate_1               0x000001fd   Thumb Code     0  libinit2.o(.ARM.Collect$$libinit$$0000000F)
    __rt_lib_init_lc_ctype_2                 0x000001fd   Thumb Code     0  libinit2.o(.ARM.Collect$$libinit$$00000010)
    __rt_lib_init_lc_ctype_1                 0x00000209   Thumb Code     0  libinit2.o(.ARM.Collect$$libinit$$00000011)
    __rt_lib_init_lc_monetary_1              0x00000209   Thumb Code     0  libinit2.o(.ARM.Collect$$libinit$$00000013)
    __rt_lib_init_lc_numeric_2               0x00000209   Thumb Code     0  libinit2.o(.ARM.Collect$$libinit$$00000014)
    __rt_lib_init_atexit_1                   0x00000213   Thumb Code     0  libinit2.o(.ARM.Collect$$libinit$$00000019)
    __rt_lib_init_clock_1                    0x00000213   Thumb Code     0  libinit2.o(.ARM.Collect$$libinit$$0000001F)
    __rt_lib_init_fp_trap_1                  0x00000213   Thumb Code     0  libinit2.o(.ARM.Collect$$libinit$$0000001D)
    __rt_lib_init_getenv_1                   0x00000213   Thumb Code     0  libinit2.o(.ARM.Collect$$libinit$$00000021)
    __rt_lib_init_lc_numeric_1               0x00000213   Thumb Code     0  libinit2.o(.ARM.Collect$$libinit$$00000015)
    __rt_lib_init_lc_time_1                  0x00000213   Thumb Code     0  libinit2.o(.ARM.Collect$$libinit$$00000017)
    __rt_lib_init_signal_1                   0x00000213   Thumb Code     0  libinit2.o(.ARM.Collect$$libinit$$0000001B)
    __rt_lib_init_stdio_2                    0x00000213   Thumb Code     0  libinit2.o(.ARM.Collect$$libinit$$00000022)
    __rt_lib_init_alloca_1                   0x00000217   Thumb Code     0  libinit2.o(.ARM.Collect$$libinit$$0000002C)
    __rt_lib_init_argv_1                     0x00000217   Thumb Code     0  libinit2.o(.ARM.Collect$$libinit$$0000002A)
    __rt_lib_init_cpp_2                      0x00000217   Thumb Code     0  libinit2.o(.ARM.Collect$$libinit$$0000002F)
    __rt_lib_init_exceptions_1               0x00000217   Thumb Code     0  libinit2.o(.ARM.Collect$$libinit$$0000002E)
    __rt_lib_init_stdio_1                    0x00000217   Thumb Code     0  libinit2.o(.ARM.Collect$$libinit$$00000023)
    __rt_lib_init_cpp_1                      0x0000021b   Thumb Code     0  libinit2.o(.ARM.Collect$$libinit$$00000030)
    __rt_lib_init_return                     0x0000021b   Thumb Code     0  libinit2.o(.ARM.Collect$$libinit$$00000031)
    __rt_lib_shutdown_cpp_1                  0x0000021d   Thumb Code     0  libshutdown2.o(.ARM.Collect$$libshutdown$$00000001)
    __rt_entry                               0x00000223   Thumb Code     0  rtentry.o(.ARM.Collect$$rtentry$$00000000)
    __rt_entry_presh_1                       0x00000223   Thumb Code     0  rtentry2.o(.ARM.Collect$$rtentry$$00000002)
    __rt_entry_sh                            0x00000223   Thumb Code     0  rtentry4.o(.ARM.Collect$$rtentry$$00000004)
    __rt_lib_shutdown_stdio_2                0x00000223   Thumb Code     0  libshutdown2.o(.ARM.Collect$$libshutdown$$00000003)
    __rt_entry_li                            0x00000229   Thumb Code     0  rtentry2.o(.ARM.Collect$$rtentry$$0000000A)
    __rt_entry_postsh_1                      0x00000229   Thumb Code     0  rtentry2.o(.ARM.Collect$$rtentry$$00000009)
    __rt_entry_main                          0x0000022d   Thumb Code     0  rtentry2.o(.ARM.Collect$$rtentry$$0000000D)
    __rt_entry_postli_1                      0x0000022d   Thumb Code     0  rtentry2.o(.ARM.Collect$$rtentry$$0000000C)
    Reset_Handler                            0x00000235   Thumb Code     8  startup_LPC407x_8x_177x_8x.o(.text)
    _maybe_terminate_alloc                   0x00000235   Thumb Code     0  maybetermalloc1.o(.emb_text)
    NMI_Handler                              0x0000023d   Thumb Code     2  startup_LPC407x_8x_177x_8x.o(.text)
    HardFault_Handler                        0x0000023f   Thumb Code     2  startup_LPC407x_8x_177x_8x.o(.text)
    MemManage_Handler                        0x00000241   Thumb Code     2  startup_LPC407x_8x_177x_8x.o(.text)
    BusFault_Handler                         0x00000243   Thumb Code     2  startup_LPC407x_8x_177x_8x.o(.text)
    UsageFault_Handler                       0x00000245   Thumb Code     2  startup_LPC407x_8x_177x_8x.o(.text)
    SVC_Handler                              0x00000247   Thumb Code     2  startup_LPC407x_8x_177x_8x.o(.text)
    DebugMon_Handler                         0x00000249   Thumb Code     2  startup_LPC407x_8x_177x_8x.o(.text)
    PendSV_Handler                           0x0000024b   Thumb Code     2  startup_LPC407x_8x_177x_8x.o(.text)
    SysTick_Handler                          0x0000024d   Thumb Code     2  startup_LPC407x_8x_177x_8x.o(.text)
    BOD_IRQHandler                           0x0000024f   Thumb Code     0  startup_LPC407x_8x_177x_8x.o(.text)
    CANActivity_IRQHandler                   0x0000024f   Thumb Code     0  startup_LPC407x_8x_177x_8x.o(.text)
    CAN_IRQHandler                           0x0000024f   Thumb Code     0  startup_LPC407x_8x_177x_8x.o(.text)
    DMA_IRQHandler                           0x0000024f   Thumb Code     0  startup_LPC407x_8x_177x_8x.o(.text)
    EEPROM_IRQHandler                        0x0000024f   Thumb Code     0  startup_LPC407x_8x_177x_8x.o(.text)
    EINT0_IRQHandler                         0x0000024f   Thumb Code     0  startup_LPC407x_8x_177x_8x.o(.text)
    EINT1_IRQHandler                         0x0000024f   Thumb Code     0  startup_LPC407x_8x_177x_8x.o(.text)
    EINT2_IRQHandler                         0x0000024f   Thumb Code     0  startup_LPC407x_8x_177x_8x.o(.text)
    EINT3_IRQHandler                         0x0000024f   Thumb Code     0  startup_LPC407x_8x_177x_8x.o(.text)
    ENET_IRQHandler                          0x0000024f   Thumb Code     0  startup_LPC407x_8x_177x_8x.o(.text)
    GPIO_IRQHandler                          0x0000024f   Thumb Code     0  startup_LPC407x_8x_177x_8x.o(.text)
    I2C0_IRQHandler                          0x0000024f   Thumb Code     0  startup_LPC407x_8x_177x_8x.o(.text)
    I2C1_IRQHandler                          0x0000024f   Thumb Code     0  startup_LPC407x_8x_177x_8x.o(.text)
    I2C2_IRQHandler                          0x0000024f   Thumb Code     0  startup_LPC407x_8x_177x_8x.o(.text)
    I2S_IRQHandler                           0x0000024f   Thumb Code     0  startup_LPC407x_8x_177x_8x.o(.text)
    LCD_IRQHandler                           0x0000024f   Thumb Code     0  startup_LPC407x_8x_177x_8x.o(.text)
    MCI_IRQHandler                           0x0000024f   Thumb Code     0  startup_LPC407x_8x_177x_8x.o(.text)
    MCPWM_IRQHandler                         0x0000024f   Thumb Code     0  startup_LPC407x_8x_177x_8x.o(.text)
    PLL0_IRQHandler                          0x0000024f   Thumb Code     0  startup_LPC407x_8x_177x_8x.o(.text)
    PLL1_IRQHandler                          0x0000024f   Thumb Code     0  startup_LPC407x_8x_177x_8x.o(.text)
    PWM0_IRQHandler                          0x0000024f   Thumb Code     0  startup_LPC407x_8x_177x_8x.o(.text)
    PWM1_IRQHandler                          0x0000024f   Thumb Code     0  startup_LPC407x_8x_177x_8x.o(.text)
    QEI_IRQHandler                           0x0000024f   Thumb Code     0  startup_LPC407x_8x_177x_8x.o(.text)
    RTC_IRQHandler                           0x0000024f   Thumb Code     0  startup_LPC407x_8x_177x_8x.o(.text)
    SSP0_IRQHandler                          0x0000024f   Thumb Code     0  startup_LPC407x_8x_177x_8x.o(.text)
    SSP1_IRQHandler                          0x0000024f   Thumb Code     0  startup_LPC407x_8x_177x_8x.o(.text)
    SSP2_IRQHandler                          0x0000024f   Thumb Code     0  startup_LPC407x_8x_177x_8x.o(.text)
    TIMER0_IRQHandler                        0x0000024f   Thumb Code     0  startup_LPC407x_8x_177x_8x.o(.text)
    TIMER1_IRQHandler                        0x0000024f   Thumb Code     0  startup_LPC407x_8x_177x_8x.o(.text)
    TIMER2_IRQHandler                        0x0000024f   Thumb Code     0  startup_LPC407x_8x_177x_8x.o(.text)
    TIMER3_IRQHandler                        0x0000024f   Thumb Code     0  startup_LPC407x_8x_177x_8x.o(.text)
    UART0_IRQHandler                         0x0000024f   Thumb Code     0  startup_LPC407x_8x_177x_8x.o(.text)
    UART1_IRQHandler                         0x0000024f   Thumb Code     0  startup_LPC407x_8x_177x_8x.o(.text)
    UART2_IRQHandler                         0x0000024f   Thumb Code     0  startup_LPC407x_8x_177x_8x.o(.text)
    UART3_IRQHandler                         0x0000024f   Thumb Code     0  startup_LPC407x_8x_177x_8x.o(.text)
    UART4_IRQHandler                         0x0000024f   Thumb Code     0  startup_LPC407x_8x_177x_8x.o(.text)
    USBActivity_IRQHandler                   0x0000024f   Thumb Code     0  startup_LPC407x_8x_177x_8x.o(.text)
    USB_IRQHandler                           0x0000024f   Thumb Code     0  startup_LPC407x_8x_177x_8x.o(.text)
    WDT_IRQHandler                           0x0000024f   Thumb Code     0  startup_LPC407x_8x_177x_8x.o(.text)
    vfprintf                                 0x00000259   Thumb Code    10  vfprintf.o(.text)
    __c89vfprintf                            0x00000263   Thumb Code    10  c89vfprintf.o(.text)
    __2fprintf                               0x0000026d   Thumb Code    20  __2fprintf.o(.text)
    __2sprintf                               0x00000281   Thumb Code    38  __2sprintf.o(.text)
    __0sscanf                                0x000002ad   Thumb Code    52  __0sscanf.o(.text)
    setbuf                                   0x000002e9   Thumb Code    20  setbuf.o(.text)
    ADC_IRQHandler                           0x00000301   Thumb Code    98  main.o(.text)
    $Super$$main                             0x00000363   Thumb Code    72  main.o(.text)
    register_ADC_interrupt                   0x00000435   Thumb Code   184  adc_4088.o(.text)
    reset_ADC_interrupt                      0x000004ed   Thumb Code    28  adc_4088.o(.text)
    get_ADC_result                           0x00000509   Thumb Code    12  adc_4088.o(.text)
    _printf_str                              0x00000535   Thumb Code    82  _printf_str.o(.text)
    _printf_int_dec                          0x00000589   Thumb Code   100  _printf_dec.o(.text)
    _printf_longlong_hex                     0x000005fd   Thumb Code    86  _printf_hex_int_ll_ptr.o(.text)
    _printf_int_hex                          0x00000653   Thumb Code    28  _printf_hex_int_ll_ptr.o(.text)
    _printf_ll_hex                           0x0000066f   Thumb Code    12  _printf_hex_int_ll_ptr.o(.text)
    _printf_hex_ptr                          0x0000067b   Thumb Code    18  _printf_hex_int_ll_ptr.o(.text)
    __printf                                 0x00000691   Thumb Code   388  __printf_flags_ss_wp.o(.text)
    _scanf_int                               0x00000819   Thumb Code   332  _scanf_int.o(.text)
    _do_fflush                               0x00000965   Thumb Code    54  fflush.o(.text)
    fflush                                   0x0000099b   Thumb Code    42  fflush.o(.text)
    freopen                                  0x000009c9   Thumb Code   158  fopen.o(.text)
    fopen                                    0x00000a67   Thumb Code    74  fopen.o(.text)
    _fclose_internal                         0x00000ab5   Thumb Code    76  fclose.o(.text)
    fclose                                   0x00000ab5   Thumb Code     0  fclose.o(.text)
    strlen                                   0x00000b01   Thumb Code    62  strlen.o(.text)
    strncmp                                  0x00000b3f   Thumb Code   150  strncmp.o(.text)
    __aeabi_memmove4                         0x00000bd5   Thumb Code     0  rt_memmove_w.o(.text)
    __aeabi_memmove8                         0x00000bd5   Thumb Code     0  rt_memmove_w.o(.text)
    __rt_memmove_w                           0x00000bd5   Thumb Code   122  rt_memmove_w.o(.text)
    __memmove_aligned                        0x00000bfb   Thumb Code     0  rt_memmove_w.o(.text)
    __memmove_lastfew_aligned                0x00000c33   Thumb Code     0  rt_memmove_w.o(.text)
    __aeabi_memclr4                          0x00000c4f   Thumb Code     0  rt_memclr_w.o(.text)
    __aeabi_memclr8                          0x00000c4f   Thumb Code     0  rt_memclr_w.o(.text)
    __rt_memclr_w                            0x00000c4f   Thumb Code    78  rt_memclr_w.o(.text)
    _memset_w                                0x00000c53   Thumb Code     0  rt_memclr_w.o(.text)
    strcmp                                   0x00000c9d   Thumb Code   128  strcmpv7m.o(.text)
    __cpp_initialize__aeabi_                 0x00000d1d   Thumb Code    26  init_aeabi.o(.text)
    __rt_ddtor_pointer_addr                  0x00000d41   Thumb Code     8  rt_ddtor_pointer_addr.o(.text)
    malloc                                   0x00000d49   Thumb Code    94  h1_alloc.o(.text)
    free                                     0x00000da7   Thumb Code    78  h1_free.o(.text)
    _printf_pre_padding                      0x00000df5   Thumb Code    44  _printf_pad.o(.text)
    _printf_post_padding                     0x00000e21   Thumb Code    34  _printf_pad.o(.text)
    _printf_truncate_signed                  0x00000e43   Thumb Code    18  _printf_truncate.o(.text)
    _printf_truncate_unsigned                0x00000e55   Thumb Code    18  _printf_truncate.o(.text)
    _printf_int_common                       0x00000e67   Thumb Code   178  _printf_intcommon.o(.text)
    _printf_charcount                        0x00000f19   Thumb Code    40  _printf_charcount.o(.text)
    _printf_char_common                      0x00000f4b   Thumb Code    32  _printf_char_common.o(.text)
    _sputc                                   0x00000f71   Thumb Code    10  _sputc.o(.text)
    _printf_cs_common                        0x00000f7b   Thumb Code    20  _printf_char.o(.text)
    _printf_char                             0x00000f8f   Thumb Code    16  _printf_char.o(.text)
    _printf_string                           0x00000f9f   Thumb Code     8  _printf_char.o(.text)
    _printf_char_file                        0x00000fa9   Thumb Code    32  _printf_char_file.o(.text)
    _printf_wctomb                           0x00000fcd   Thumb Code   182  _printf_wctomb.o(.text)
    _printf_longlong_dec                     0x00001089   Thumb Code   104  _printf_longlong_dec.o(.text)
    _printf_longlong_oct                     0x00001101   Thumb Code    68  _printf_oct_int_ll.o(.text)
    _printf_int_oct                          0x00001145   Thumb Code    24  _printf_oct_int_ll.o(.text)
    _printf_ll_oct                           0x0000115d   Thumb Code    12  _printf_oct_int_ll.o(.text)
    _chval                                   0x00001171   Thumb Code    28  _chval.o(.text)
    __vfscanf_char                           0x00001199   Thumb Code    24  scanf_char.o(.text)
    _sgetc                                   0x000011b9   Thumb Code    30  _sgetc.o(.text)
    _sbackspace                              0x000011d7   Thumb Code    34  _sgetc.o(.text)
    ferror                                   0x000011f9   Thumb Code     8  ferror.o(.text)
    __flsbuf                                 0x00001201   Thumb Code   470  flsbuf.o(.text)
    __flsbuf_byte                            0x00001201   Thumb Code     0  flsbuf.o(.text)
    __flsbuf_wide                            0x00001201   Thumb Code     0  flsbuf.o(.text)
    _fseek                                   0x000013d9   Thumb Code   242  fseek.o(.text)
    fseek                                    0x000013d9   Thumb Code     0  fseek.o(.text)
    setvbuf                                  0x000014d1   Thumb Code    70  setvbuf.o(.text)
    _seterr                                  0x00001519   Thumb Code    20  stdio.o(.text)
    _writebuf                                0x0000152d   Thumb Code    84  stdio.o(.text)
    _fflush                                  0x00001581   Thumb Code    70  stdio.o(.text)
    _deferredlazyseek                        0x000015c7   Thumb Code    60  stdio.o(.text)
    _initio                                  0x00001609   Thumb Code   210  initio.o(.text)
    _terminateio                             0x000016db   Thumb Code    56  initio.o(.text)
    __rt_SIGPVFN                             0x00001741   Thumb Code    14  defsig_pvfn_outer.o(.text)
    __aeabi_memcpy4                          0x0000174f   Thumb Code     0  rt_memcpy_w.o(.text)
    __aeabi_memcpy8                          0x0000174f   Thumb Code     0  rt_memcpy_w.o(.text)
    __rt_memcpy_w                            0x0000174f   Thumb Code   100  rt_memcpy_w.o(.text)
    _memcpy_lastbytes_aligned                0x00001797   Thumb Code     0  rt_memcpy_w.o(.text)
    __rt_heap_descriptor                     0x000017b5   Thumb Code     8  rt_heap_descriptor.o(.text)
    __use_no_heap                            0x000017bd   Thumb Code     2  hguard.o(.text)
    __heap$guard                             0x000017bf   Thumb Code     2  hguard.o(.text)
    _terminate_user_alloc                    0x000017c1   Thumb Code     2  init_alloc.o(.text)
    _init_user_alloc                         0x000017c3   Thumb Code     2  init_alloc.o(.text)
    __Heap_Full                              0x000017c5   Thumb Code    34  init_alloc.o(.text)
    __Heap_Broken                            0x000017e7   Thumb Code     6  init_alloc.o(.text)
    _init_alloc                              0x000017ed   Thumb Code    94  init_alloc.o(.text)
    __Heap_Initialize                        0x0000184b   Thumb Code    10  h1_init.o(.text)
    __Heap_DescSize                          0x00001855   Thumb Code     4  h1_init.o(.text)
    _ll_udiv10                               0x00001859   Thumb Code   138  lludiv10.o(.text)
    isspace                                  0x000018e3   Thumb Code    18  isspace.o(.text)
    __lib_sel_fp_printf                      0x000018f5   Thumb Code     2  _printf_fp_dec.o(.text)
    _printf_fp_dec_real                      0x00001aa3   Thumb Code   616  _printf_fp_dec.o(.text)
    _printf_fp_hex_real                      0x00001d0d   Thumb Code   750  _printf_fp_hex.o(.text)
    _printf_lcs_common                       0x00002005   Thumb Code    20  _printf_wchar.o(.text)
    _printf_wchar                            0x00002019   Thumb Code    16  _printf_wchar.o(.text)
    _printf_wstring                          0x00002029   Thumb Code     8  _printf_wchar.o(.text)
    __vfscanf                                0x00002031   Thumb Code   872  _scanf.o(.text)
    _ftell_internal                          0x0000239d   Thumb Code    66  ftell.o(.text)
    ftell                                    0x0000239d   Thumb Code     0  ftell.o(.text)
    _wcrtomb                                 0x000023df   Thumb Code    64  _wcrtomb.o(.text)
    __sig_exit                               0x0000241f   Thumb Code    10  defsig_exit.o(.text)
    __rt_SIGRTRED                            0x00002429   Thumb Code    14  defsig_rtred_outer.o(.text)
    __rt_SIGPVFN_inner                       0x00002439   Thumb Code    14  defsig_pvfn_inner.o(.text)
    _sys_exit                                0x00002469   Thumb Code     8  sys_exit.o(.text)
    __rt_ctype_table                         0x00002475   Thumb Code    16  rt_ctype_table.o(.text)
    __rt_locale                              0x00002485   Thumb Code     8  rt_locale.o(.text)
    __aeabi_errno_addr                       0x0000248d   Thumb Code     8  rt_errno_addr.o(.text)
    __errno                                  0x0000248d   Thumb Code     0  rt_errno_addr.o(.text)
    __rt_errno_addr                          0x0000248d   Thumb Code     0  rt_errno_addr.o(.text)
    __Heap_ProvideMemory                     0x00002495   Thumb Code    52  h1_extend.o(.text)
    _printf_fp_infnan                        0x000024c9   Thumb Code   112  _printf_fp_infnan.o(.text)
    _btod_etento                             0x00002549   Thumb Code   212  bigflt0.o(.text)
    __default_signal_display                 0x00002621   Thumb Code    50  defsig_general.o(.text)
    __rt_SIGRTRED_inner                      0x00002655   Thumb Code    14  defsig_rtred_inner.o(.text)
    __rt_SIGRTMEM                            0x00002689   Thumb Code    14  defsig_rtmem_outer.o(.text)
    __rt_heap_escrow                         0x00002699   Thumb Code    22  heapauxa.o(.text)
    __rt_heap_expand                         0x000026af   Thumb Code    52  heapauxa.o(.text)
    _ttywrch                                 0x000026e9   Thumb Code    14  sys_wrch.o(.text)
    __I$use$semihosting                      0x000026f7   Thumb Code     0  use_no_semi.o(.text)
    __use_no_semihosting_swi                 0x000026f7   Thumb Code     2  use_no_semi.o(.text)
    __rt_SIGRTMEM_inner                      0x000026f9   Thumb Code    22  defsig_rtmem_inner.o(.text)
    __semihosting_library_function           0x000026f9   Thumb Code     0  indicate_semi.o(.text)
    _btod_d2e                                0x00002749   Thumb Code    62  btod.o(CL$$btod_d2e)
    _d2e_denorm_low                          0x00002787   Thumb Code    70  btod.o(CL$$btod_d2e_denorm_low)
    _d2e_norm_op1                            0x000027cd   Thumb Code    96  btod.o(CL$$btod_d2e_norm_op1)
    __btod_div_common                        0x0000282d   Thumb Code   696  btod.o(CL$$btod_div_common)
    _e2e                                     0x00002b65   Thumb Code   198  btod.o(CL$$btod_e2e)
    _btod_ediv                               0x00002c2b   Thumb Code    40  btod.o(CL$$btod_ediv)
    _btod_emul                               0x00002c53   Thumb Code    40  btod.o(CL$$btod_emul)
    __btod_mult_common                       0x00002c7b   Thumb Code   580  btod.o(CL$$btod_mult_common)
    main                                     0x00002ebf   Thumb Code    18  retarget.o(i.$Sub$$main)
    NVIC_SetVector                           0x00002ed9   Thumb Code    98  cmsis_nvic.o(i.NVIC_SetVector)
    SystemCoreClockUpdate                    0x00002f41   Thumb Code   504  system_LPC407x_8x_177x_8x.o(i.SystemCoreClockUpdate)
    SystemInit                               0x00003145   Thumb Code   204  system_LPC407x_8x_177x_8x.o(i.SystemInit)
    mbed::DigitalOut::write(int)             0x00003229   Thumb Code    52  main.o(i._ZN4mbed10DigitalOut5writeEi)
    mbed::DigitalOut::DigitalOut(PinName)    0x000032b1   Thumb Code    26  main.o(i._ZN4mbed10DigitalOutC1E7PinName)
    mbed::DigitalOut::DigitalOut__sub_object(PinName) 0x000032b1   Thumb Code     0  main.o(i._ZN4mbed10DigitalOutC1E7PinName)
    mbed::DigitalOut::operator =(int)        0x000032cb   Thumb Code    18  main.o(i._ZN4mbed10DigitalOutaSEi)
    mbed::FileHandle::flen()                 0x000032dd   Thumb Code    58  retarget.o(i._ZN4mbed10FileHandle4flenEv)
    mbed::FileHandle::~FileHandle()          0x00003319   Thumb Code     0  retarget.o(i._ZN4mbed10FileHandleD2Ev)
    mbed::FileHandle::~FileHandle__sub_object() 0x00003319   Thumb Code    38  retarget.o(i._ZN4mbed10FileHandleD2Ev)
    mbed::SerialBase::_base_putc(int)        0x00003349   Thumb Code    14  SerialBase.o(i._ZN4mbed10SerialBase10_base_putcEi)
    mbed::SerialBase::_irq_handler(unsigned, SerialIrq) 0x00003357   Thumb Code    14  SerialBase.o(i._ZN4mbed10SerialBase12_irq_handlerEj9SerialIrq)
    mbed::SerialBase::baud(int)              0x00003365   Thumb Code    16  SerialBase.o(i._ZN4mbed10SerialBase4baudEi)
    mbed::SerialBase::SerialBase(PinName, PinName) 0x00003375   Thumb Code    62  SerialBase.o(i._ZN4mbed10SerialBaseC1E7PinNameS1_)
    mbed::SerialBase::SerialBase__sub_object(PinName, PinName) 0x00003375   Thumb Code     0  SerialBase.o(i._ZN4mbed10SerialBaseC1E7PinNameS1_)
    mbed::FunctionPointer::call()            0x000033c1   Thumb Code    24  FunctionPointer.o(i._ZN4mbed15FunctionPointer4callEv)
    mbed::FunctionPointer::FunctionPointer(void(*)()) 0x000033d9   Thumb Code    10  FunctionPointer.o(i._ZN4mbed15FunctionPointerC1EPFvvE)
    mbed::FunctionPointer::FunctionPointer__sub_object(void(*)()) 0x000033d9   Thumb Code     0  FunctionPointer.o(i._ZN4mbed15FunctionPointerC1EPFvvE)
    mbed::Serial::Serial(PinName, PinName, const char*) 0x000033e5   Thumb Code    32  Serial.o(i._ZN4mbed6SerialC1E7PinNameS1_PKc)
    mbed::Serial::Serial__sub_object(PinName, PinName, const char*) 0x000033e5   Thumb Code     0  Serial.o(i._ZN4mbed6SerialC1E7PinNameS1_PKc)
    mbed::Serial::~Serial()                  0x00003409   Thumb Code    12  Serial.o(i._ZN4mbed6SerialD1Ev)
    mbed::Serial::~Serial__sub_object()      0x00003409   Thumb Code     0  Serial.o(i._ZN4mbed6SerialD1Ev)
    mbed::Stream::flen()                     0x00003415   Thumb Code     4  Stream.o(i._ZN4mbed6Stream4flenEv)
    mbed::Stream::close()                    0x00003419   Thumb Code     4  Stream.o(i._ZN4mbed6Stream5closeEv)
    mbed::Stream::lseek(long, int)           0x0000341d   Thumb Code     4  Stream.o(i._ZN4mbed6Stream5lseekEli)
    mbed::Stream::write(const void*, unsigned) 0x00003421   Thumb Code    42  Stream.o(i._ZN4mbed6Stream5writeEPKvj)
    mbed::Stream::isatty()                   0x0000344b   Thumb Code     4  Stream.o(i._ZN4mbed6Stream6isattyEv)
    mbed::Stream::printf(const char*, ...)   0x0000344f   Thumb Code    30  Stream.o(i._ZN4mbed6Stream6printfEPKcz)
    mbed::Stream::Stream__sub_object(const char*) 0x0000346d   Thumb Code    54  Stream.o(i._ZN4mbed6StreamC2EPKc)
    mbed::Stream::~Stream()                  0x000034b1   Thumb Code     0  Stream.o(i._ZN4mbed6StreamD2Ev)
    mbed::Stream::~Stream__sub_object()      0x000034b1   Thumb Code    28  Stream.o(i._ZN4mbed6StreamD2Ev)
    mbed::FileBase::getPathType()            0x000034d1   Thumb Code     4  FileBase.o(i._ZN4mbed8FileBase11getPathTypeEv)
    mbed::FileBase::lookup(const char*, unsigned) 0x000034d5   Thumb Code    50  FileBase.o(i._ZN4mbed8FileBase6lookupEPKcj)
    mbed::FileBase::FileBase(const char*, mbed::PathType) 0x0000350d   Thumb Code    28  FileBase.o(i._ZN4mbed8FileBaseC1EPKcNS_8PathTypeE)
    mbed::FileBase::FileBase__sub_object(const char*, mbed::PathType) 0x0000350d   Thumb Code     0  FileBase.o(i._ZN4mbed8FileBaseC1EPKcNS_8PathTypeE)
    mbed::FileBase::~FileBase()              0x00003531   Thumb Code    46  FileBase.o(i._ZN4mbed8FileBaseD1Ev)
    mbed::FileBase::~FileBase__sub_object()  0x00003531   Thumb Code     0  FileBase.o(i._ZN4mbed8FileBaseD1Ev)
    mbed::FileLike::FileLike__sub_object(const char*) 0x00003569   Thumb Code    26  FileLike.o(i._ZN4mbed8FileLikeC2EPKc)
    mbed::FileLike::~FileLike()              0x0000358d   Thumb Code     0  FileLike.o(i._ZN4mbed8FileLikeD2Ev)
    mbed::FileLike::~FileLike__sub_object()  0x0000358d   Thumb Code    18  FileLike.o(i._ZN4mbed8FileLikeD2Ev)
    mbed::FilePath::fileSystem()             0x0000359f   Thumb Code    24  FilePath.o(i._ZN4mbed8FilePath10fileSystemEv)
    mbed::FilePath::file()                   0x000035b7   Thumb Code    28  FilePath.o(i._ZN4mbed8FilePath4fileEv)
    mbed::FilePath::exists()                 0x000035d3   Thumb Code    10  FilePath.o(i._ZN4mbed8FilePath6existsEv)
    mbed::FilePath::isFile()                 0x000035dd   Thumb Code    24  FilePath.o(i._ZN4mbed8FilePath6isFileEv)
    mbed::FilePath::fileName()               0x000035f5   Thumb Code     4  FilePath.o(i._ZN4mbed8FilePath8fileNameEv)
    mbed::FilePath::FilePath(const char*)    0x000035f9   Thumb Code    64  FilePath.o(i._ZN4mbed8FilePathC1EPKc)
    mbed::FilePath::FilePath__sub_object(const char*) 0x000035f9   Thumb Code     0  FilePath.o(i._ZN4mbed8FilePathC1EPKc)
    thunk{-72} to mbed::Serial::_putc(int)   0x00003639   Thumb Code     6  Serial.o(i._ZThn72_N4mbed6Serial5_putcEi)
    __ARM_fpclassify                         0x0000363f   Thumb Code    48  fpclassify.o(i.__ARM_fpclassify)
    __aeabi_atexit                           0x0000366f   Thumb Code    50  aeabi_atexit.o(i.__aeabi_atexit)
    __aeabi_vec_ctor_nocookie_nodtor         0x000036a1   Thumb Code    36  aeabi_vec_ctor_nocookie_nodtor.o(i.__aeabi_vec_ctor_nocookie_nodtor)
    __cxa_finalize                           0x000036c5   Thumb Code    66  cxa_finalize.o(i.__cxa_finalize)
    __cxa_pure_virtual                       0x00003707   Thumb Code     6  pure_virt.o(i.__cxa_pure_virtual)
    __reserved_stack_size                    0x0000370d   Thumb Code     4  sys_helper.o(i.__reserved_stack_size)
    __user_setup_stackheap                   0x00003711   Thumb Code    24  sys.o(i.__user_setup_stackheap)
    _is_digit                                0x0000372d   Thumb Code    14  __printf_wp.o(i._is_digit)
    _sys_close                               0x0000373d   Thumb Code    40  retarget.o(i._sys_close)
    _sys_flen                                0x00003769   Thumb Code    34  retarget.o(i._sys_flen)
    _sys_istty                               0x00003791   Thumb Code    34  retarget.o(i._sys_istty)
    _sys_open                                0x000037b9   Thumb Code   280  retarget.o(i._sys_open)
    _sys_seek                                0x000038ed   Thumb Code    36  retarget.o(i._sys_seek)
    _sys_write                               0x00003915   Thumb Code    82  retarget.o(i._sys_write)
    error                                    0x00003975   Thumb Code    20  error.o(i.error)
    exit                                     0x0000398d   Thumb Code    24  exit.o(i.exit)
    fputc                                    0x000039ad   Thumb Code    26  fputc.o(i.fputc)
    gpio_dir                                 0x000039c9   Thumb Code    54  gpio_api.o(i.gpio_dir)
    gpio_init                                0x00003a1d   Thumb Code    64  gpio_api.o(i.gpio_init)
    gpio_init_out                            0x00003a5d   Thumb Code    64  gpio.o(i.gpio_init_out)
    gpio_mode                                0x00003aa1   Thumb Code     8  gpio_api.o(i.gpio_mode)
    mbed_assert_internal                     0x00003aa9   Thumb Code    24  assert.o(i.mbed_assert_internal)
    mbed_die                                 0x00003af9   Thumb Code   258  board.o(i.mbed_die)
    mbed_main                                0x00003c01   Thumb Code     2  retarget.o(i.mbed_main)
    mbed_sdk_init                            0x00003c03   Thumb Code     2  retarget.o(i.mbed_sdk_init)
    pin_function                             0x00003c05   Thumb Code    36  pinmap.o(i.pin_function)
    pin_mode                                 0x00003c45   Thumb Code    56  pinmap.o(i.pin_mode)
    pinmap_merge                             0x00003c99   Thumb Code    34  pinmap_common.o(i.pinmap_merge)
    pinmap_peripheral                        0x00003cd1   Thumb Code    58  pinmap_common.o(i.pinmap_peripheral)
    pinmap_pinout                            0x00003d2d   Thumb Code    66  pinmap_common.o(i.pinmap_pinout)
    serial_baud                              0x00003d85   Thumb Code   260  serial_api.o(i.serial_baud)
    serial_format                            0x00003e8d   Thumb Code   154  serial_api.o(i.serial_format)
    serial_init                              0x00003f2d   Thumb Code   322  serial_api.o(i.serial_init)
    serial_irq_handler                       0x0000409d   Thumb Code    14  serial_api.o(i.serial_irq_handler)
    serial_putc                              0x000040b5   Thumb Code    14  serial_api.o(i.serial_putc)
    us_ticker_clear_interrupt                0x000040c5   Thumb Code     8  us_ticker.o(i.us_ticker_clear_interrupt)
    us_ticker_disable_interrupt              0x000040d1   Thumb Code    12  us_ticker.o(i.us_ticker_disable_interrupt)
    us_ticker_irq_handler                    0x000040e1   Thumb Code    62  us_ticker_api.o(i.us_ticker_irq_handler)
    us_ticker_read                           0x00004125   Thumb Code    70  us_ticker.o(i.us_ticker_read)
    us_ticker_set_interrupt                  0x00004185   Thumb Code    14  us_ticker.o(i.us_ticker_set_interrupt)
    wait                                     0x00004199   Thumb Code    36  wait_api.o(i.wait)
    wait_ms                                  0x000041c1   Thumb Code    28  wait_api.o(i.wait_ms)
    _get_lc_numeric                          0x000041dd   Thumb Code    44  lc_numeric_c.o(locale$$code)
    _get_lc_ctype                            0x00004209   Thumb Code    44  lc_ctype_c.o(locale$$code)
    _fp_init                                 0x00004235   Thumb Code    10  fpinit.o(x$fpl$fpinit)
    __fplib_config_fpu_vfp                   0x0000423d   Thumb Code     0  fpinit.o(x$fpl$fpinit)
    __fplib_config_pureend_doubles           0x0000423d   Thumb Code     0  fpinit.o(x$fpl$fpinit)
    _printf_fp_dec                           0x0000423f   Thumb Code     4  printf1.o(x$fpl$printf1)
    _printf_fp_hex                           0x00004243   Thumb Code     4  printf2.o(x$fpl$printf2)
    __I$use$fp                               0x00004246   Number         0  usenofp.o(x$fpl$usenofp)
    __stdin_name                             0x000042b4   Data           7  retarget.o(.constdata)
    __stdout_name                            0x000042bb   Data           8  retarget.o(.constdata)
    __stderr_name                            0x000042c3   Data           8  retarget.o(.constdata)
    vtable for mbed::FileHandle              0x000047ac   Data          44  retarget.o(.constdata__ZTVN4mbed10FileHandleE)
    vtable for mbed::SerialBase              0x000047d8   Data          16  SerialBase.o(.constdata__ZTVN4mbed10SerialBaseE)
    vtable for mbed::Serial                  0x000047e8   Data          92  Serial.o(.constdata__ZTVN4mbed6SerialE)
    vtable for mbed::Stream                  0x00004844   Data          68  Stream.o(.constdata__ZTVN4mbed6StreamE)
    vtable for mbed::FileBase                0x00004888   Data          16  FileBase.o(.constdata__ZTVN4mbed8FileBaseE)
    vtable for mbed::FileLike                0x00004898   Data          60  FileLike.o(.constdata__ZTVN4mbed8FileLikeE)
    Region$$Table$$Base                      0x000048d4   Number         0  anon$$obj.o(Region$$Table)
    Region$$Table$$Limit                     0x000048f4   Number         0  anon$$obj.o(Region$$Table)
    __ctype                                  0x0000491d   Data           0  lc_ctype_c.o(locale$$data)
    SHT$$INIT_ARRAY$$Base                    0x00004a20   Number         0  main.o(.init_array)
    SHT$$INIT_ARRAY$$Limit                   0x00004a24   Number         0  init_aeabi.o(.init_array)
    ctr                                      0x100000e8   Data           1  main.o(.data)
    adc                                      0x100000e9   Data           1  main.o(.data)
    clkdiv                                   0x100000ec   Data           4  adc_4088.o(.data)
    SystemCoreClock                          0x100000f0   Data           4  system_LPC407x_8x_177x_8x.o(.data)
    PeripheralClock                          0x100000f4   Data           4  system_LPC407x_8x_177x_8x.o(.data)
    EMCClock                                 0x100000f8   Data           4  system_LPC407x_8x_177x_8x.o(.data)
    USBClock                                 0x100000fc   Data           4  system_LPC407x_8x_177x_8x.o(.data)
    stdio_uart_inited                        0x10000100   Data           4  serial_api.o(.data)
    stdio_uart                               0x10000108   Data           8  serial_api.o(.data)
    us_ticker_inited                         0x10000110   Data           4  us_ticker.o(.data)
    mbed::FileBase::_head                    0x10000114   Data           4  FileBase.o(.data)
    __aeabi_stdin                            0x10000120   Data           4  stdio_streams.o(.data)
    __aeabi_stdout                           0x10000124   Data           4  stdio_streams.o(.data)
    __aeabi_stderr                           0x10000128   Data           4  stdio_streams.o(.data)
    pcSerial                                 0x10000130   Data          96  main.o(.bss)
    myled                                    0x10000190   Data          24  main.o(.bss)
    pinser                                   0x100001a8   Data          24  main.o(.bss)
    __stdin                                  0x10000214   Data          84  stdio_streams.o(.bss)
    __stdout                                 0x10000268   Data          84  stdio_streams.o(.bss)
    __stderr                                 0x100002bc   Data          84  stdio_streams.o(.bss)
    Image$$RW_IRAM1$$ZI$$Limit               0x10000330   Number         0  anon$$obj.o ABSOLUTE



==============================================================================

Memory Map of the image

  Image Entry point : 0x000000e5

  Load Region LR_IROM1 (Base: 0x00000000, Size: 0x00004a6c, Max: 0x00080000, ABSOLUTE)

    Execution Region ER_IROM1 (Base: 0x00000000, Size: 0x00004a24, Max: 0x00080000, ABSOLUTE)

    Base Addr    Size         Type   Attr      Idx    E Section Name        Object

    0x00000000   0x000000e4   Data   RO          508    RESET               startup_LPC407x_8x_177x_8x.o
    0x000000e4   0x00000008   Code   RO         1098  * !!!main             c_w.l(__main.o)
    0x000000ec   0x00000034   Code   RO         1850    !!!scatter          c_w.l(__scatter.o)
    0x00000120   0x0000001a   Code   RO         1852    !!handler_copy      c_w.l(__scatter_copy.o)
    0x0000013a   0x00000002   PAD
    0x0000013c   0x0000001c   Code   RO         1854    !!handler_zi        c_w.l(__scatter_zi.o)
    0x00000158   0x00000000   Code   RO         1040    .ARM.Collect$$_printf_percent$$00000000  c_w.l(_printf_percent.o)
    0x00000158   0x00000006   Code   RO         1325    .ARM.Collect$$_printf_percent$$00000001  c_w.l(_printf_n.o)
    0x0000015e   0x00000006   Code   RO         1038    .ARM.Collect$$_printf_percent$$00000002  c_w.l(_printf_p.o)
    0x00000164   0x00000006   Code   RO         1330    .ARM.Collect$$_printf_percent$$00000003  c_w.l(_printf_f.o)
    0x0000016a   0x00000006   Code   RO         1331    .ARM.Collect$$_printf_percent$$00000004  c_w.l(_printf_e.o)
    0x00000170   0x00000006   Code   RO         1332    .ARM.Collect$$_printf_percent$$00000005  c_w.l(_printf_g.o)
    0x00000176   0x00000006   Code   RO         1333    .ARM.Collect$$_printf_percent$$00000006  c_w.l(_printf_a.o)
    0x0000017c   0x0000000a   Code   RO         1338    .ARM.Collect$$_printf_percent$$00000007  c_w.l(_printf_ll.o)
    0x00000186   0x00000006   Code   RO         1328    .ARM.Collect$$_printf_percent$$00000008  c_w.l(_printf_i.o)
    0x0000018c   0x00000006   Code   RO         1039    .ARM.Collect$$_printf_percent$$00000009  c_w.l(_printf_d.o)
    0x00000192   0x00000006   Code   RO         1329    .ARM.Collect$$_printf_percent$$0000000A  c_w.l(_printf_u.o)
    0x00000198   0x00000006   Code   RO         1327    .ARM.Collect$$_printf_percent$$0000000B  c_w.l(_printf_o.o)
    0x0000019e   0x00000006   Code   RO         1326    .ARM.Collect$$_printf_percent$$0000000C  c_w.l(_printf_x.o)
    0x000001a4   0x00000006   Code   RO         1335    .ARM.Collect$$_printf_percent$$0000000D  c_w.l(_printf_lli.o)
    0x000001aa   0x00000006   Code   RO         1336    .ARM.Collect$$_printf_percent$$0000000E  c_w.l(_printf_lld.o)
    0x000001b0   0x00000006   Code   RO         1337    .ARM.Collect$$_printf_percent$$0000000F  c_w.l(_printf_llu.o)
    0x000001b6   0x00000006   Code   RO         1342    .ARM.Collect$$_printf_percent$$00000010  c_w.l(_printf_llo.o)
    0x000001bc   0x00000006   Code   RO         1343    .ARM.Collect$$_printf_percent$$00000011  c_w.l(_printf_llx.o)
    0x000001c2   0x0000000a   Code   RO         1339    .ARM.Collect$$_printf_percent$$00000012  c_w.l(_printf_l.o)
    0x000001cc   0x00000006   Code   RO         1324    .ARM.Collect$$_printf_percent$$00000013  c_w.l(_printf_c.o)
    0x000001d2   0x00000006   Code   RO         1037    .ARM.Collect$$_printf_percent$$00000014  c_w.l(_printf_s.o)
    0x000001d8   0x00000006   Code   RO         1340    .ARM.Collect$$_printf_percent$$00000015  c_w.l(_printf_lc.o)
    0x000001de   0x00000006   Code   RO         1341    .ARM.Collect$$_printf_percent$$00000016  c_w.l(_printf_ls.o)
    0x000001e4   0x00000004   Code   RO         1334    .ARM.Collect$$_printf_percent$$00000017  c_w.l(_printf_percent_end.o)
    0x000001e8   0x00000002   Code   RO         1711    .ARM.Collect$$libinit$$00000000  c_w.l(libinit.o)
    0x000001ea   0x00000004   Code   RO         1391    .ARM.Collect$$libinit$$00000001  c_w.l(libinit2.o)
    0x000001ee   0x00000008   Code   RO         1393    .ARM.Collect$$libinit$$00000003  c_w.l(libinit2.o)
    0x000001f6   0x00000000   Code   RO         1395    .ARM.Collect$$libinit$$00000008  c_w.l(libinit2.o)
    0x000001f6   0x00000000   Code   RO         1397    .ARM.Collect$$libinit$$0000000A  c_w.l(libinit2.o)
    0x000001f6   0x00000000   Code   RO         1399    .ARM.Collect$$libinit$$0000000C  c_w.l(libinit2.o)
    0x000001f6   0x00000006   Code   RO         1400    .ARM.Collect$$libinit$$0000000D  c_w.l(libinit2.o)
    0x000001fc   0x00000000   Code   RO         1402    .ARM.Collect$$libinit$$0000000F  c_w.l(libinit2.o)
    0x000001fc   0x0000000c   Code   RO         1403    .ARM.Collect$$libinit$$00000010  c_w.l(libinit2.o)
    0x00000208   0x00000000   Code   RO         1404    .ARM.Collect$$libinit$$00000011  c_w.l(libinit2.o)
    0x00000208   0x00000000   Code   RO         1406    .ARM.Collect$$libinit$$00000013  c_w.l(libinit2.o)
    0x00000208   0x0000000a   Code   RO         1407    .ARM.Collect$$libinit$$00000014  c_w.l(libinit2.o)
    0x00000212   0x00000000   Code   RO         1408    .ARM.Collect$$libinit$$00000015  c_w.l(libinit2.o)
    0x00000212   0x00000000   Code   RO         1410    .ARM.Collect$$libinit$$00000017  c_w.l(libinit2.o)
    0x00000212   0x00000000   Code   RO         1412    .ARM.Collect$$libinit$$00000019  c_w.l(libinit2.o)
    0x00000212   0x00000000   Code   RO         1414    .ARM.Collect$$libinit$$0000001B  c_w.l(libinit2.o)
    0x00000212   0x00000000   Code   RO         1416    .ARM.Collect$$libinit$$0000001D  c_w.l(libinit2.o)
    0x00000212   0x00000000   Code   RO         1418    .ARM.Collect$$libinit$$0000001F  c_w.l(libinit2.o)
    0x00000212   0x00000000   Code   RO         1420    .ARM.Collect$$libinit$$00000021  c_w.l(libinit2.o)
    0x00000212   0x00000004   Code   RO         1421    .ARM.Collect$$libinit$$00000022  c_w.l(libinit2.o)
    0x00000216   0x00000000   Code   RO         1422    .ARM.Collect$$libinit$$00000023  c_w.l(libinit2.o)
    0x00000216   0x00000000   Code   RO         1426    .ARM.Collect$$libinit$$0000002A  c_w.l(libinit2.o)
    0x00000216   0x00000000   Code   RO         1428    .ARM.Collect$$libinit$$0000002C  c_w.l(libinit2.o)
    0x00000216   0x00000000   Code   RO         1430    .ARM.Collect$$libinit$$0000002E  c_w.l(libinit2.o)
    0x00000216   0x00000004   Code   RO         1431    .ARM.Collect$$libinit$$0000002F  c_w.l(libinit2.o)
    0x0000021a   0x00000000   Code   RO         1432    .ARM.Collect$$libinit$$00000030  c_w.l(libinit2.o)
    0x0000021a   0x00000002   Code   RO         1433    .ARM.Collect$$libinit$$00000031  c_w.l(libinit2.o)
    0x0000021c   0x00000006   Code   RO         1434    .ARM.Collect$$libshutdown$$00000001  c_w.l(libshutdown2.o)
    0x00000222   0x00000000   Code   RO         1436    .ARM.Collect$$libshutdown$$00000003  c_w.l(libshutdown2.o)
    0x00000222   0x00000000   Code   RO         1224    .ARM.Collect$$rtentry$$00000000  c_w.l(rtentry.o)
    0x00000222   0x00000000   Code   RO         1501    .ARM.Collect$$rtentry$$00000002  c_w.l(rtentry2.o)
    0x00000222   0x00000006   Code   RO         1513    .ARM.Collect$$rtentry$$00000004  c_w.l(rtentry4.o)
    0x00000228   0x00000000   Code   RO         1503    .ARM.Collect$$rtentry$$00000009  c_w.l(rtentry2.o)
    0x00000228   0x00000004   Code   RO         1504    .ARM.Collect$$rtentry$$0000000A  c_w.l(rtentry2.o)
    0x0000022c   0x00000000   Code   RO         1506    .ARM.Collect$$rtentry$$0000000C  c_w.l(rtentry2.o)
    0x0000022c   0x00000008   Code   RO         1507    .ARM.Collect$$rtentry$$0000000D  c_w.l(rtentry2.o)
    0x00000234   0x00000000   Code   RO         1645    .emb_text           c_w.l(maybetermalloc1.o)
    0x00000234   0x00000024   Code   RO          510    .text               startup_LPC407x_8x_177x_8x.o
    0x00000258   0x0000000a   Code   RO          978    .text               c_w.l(vfprintf.o)
    0x00000262   0x0000000a   Code   RO          980    .text               c_w.l(c89vfprintf.o)
    0x0000026c   0x00000014   Code   RO          982    .text               c_w.l(__2fprintf.o)
    0x00000280   0x0000002c   Code   RO          984    .text               c_w.l(__2sprintf.o)
    0x000002ac   0x0000003c   Code   RO         1043    .text               c_w.l(__0sscanf.o)
    0x000002e8   0x00000014   Code   RO         1063    .text               c_w.l(setbuf.o)
    0x000002fc   0x00000004   Code   RO          509    .ARM.__at_0x02FC    startup_LPC407x_8x_177x_8x.o
    0x00000300   0x00000134   Code   RO            3    .text               main.o
    0x00000434   0x00000100   Code   RO          303    .text               adc_4088.o
    0x00000534   0x00000052   Code   RO          992    .text               c_w.l(_printf_str.o)
    0x00000586   0x00000002   PAD
    0x00000588   0x00000074   Code   RO          994    .text               c_w.l(_printf_dec.o)
    0x000005fc   0x00000094   Code   RO         1014    .text               c_w.l(_printf_hex_int_ll_ptr.o)
    0x00000690   0x00000188   Code   RO         1034    .text               c_w.l(__printf_flags_ss_wp.o)
    0x00000818   0x0000014c   Code   RO         1045    .text               c_w.l(_scanf_int.o)
    0x00000964   0x00000064   Code   RO         1047    .text               c_w.l(fflush.o)
    0x000009c8   0x000000ec   Code   RO         1061    .text               c_w.l(fopen.o)
    0x00000ab4   0x0000004c   Code   RO         1071    .text               c_w.l(fclose.o)
    0x00000b00   0x0000003e   Code   RO         1086    .text               c_w.l(strlen.o)
    0x00000b3e   0x00000096   Code   RO         1088    .text               c_w.l(strncmp.o)
    0x00000bd4   0x0000007a   Code   RO         1090    .text               c_w.l(rt_memmove_w.o)
    0x00000c4e   0x0000004e   Code   RO         1092    .text               c_w.l(rt_memclr_w.o)
    0x00000c9c   0x00000080   Code   RO         1096    .text               c_w.l(strcmpv7m.o)
    0x00000d1c   0x00000024   Code   RO         1103    .text               c_w.l(init_aeabi.o)
    0x00000d40   0x00000008   Code   RO         1230    .text               c_w.l(rt_ddtor_pointer_addr.o)
    0x00000d48   0x0000005e   Code   RO         1239    .text               c_w.l(h1_alloc.o)
    0x00000da6   0x0000004e   Code   RO         1241    .text               c_w.l(h1_free.o)
    0x00000df4   0x0000004e   Code   RO         1297    .text               c_w.l(_printf_pad.o)
    0x00000e42   0x00000024   Code   RO         1299    .text               c_w.l(_printf_truncate.o)
    0x00000e66   0x000000b2   Code   RO         1301    .text               c_w.l(_printf_intcommon.o)
    0x00000f18   0x00000028   Code   RO         1303    .text               c_w.l(_printf_charcount.o)
    0x00000f40   0x00000030   Code   RO         1305    .text               c_w.l(_printf_char_common.o)
    0x00000f70   0x0000000a   Code   RO         1307    .text               c_w.l(_sputc.o)
    0x00000f7a   0x0000002c   Code   RO         1309    .text               c_w.l(_printf_char.o)
    0x00000fa6   0x00000002   PAD
    0x00000fa8   0x00000024   Code   RO         1311    .text               c_w.l(_printf_char_file.o)
    0x00000fcc   0x000000bc   Code   RO         1313    .text               c_w.l(_printf_wctomb.o)
    0x00001088   0x00000078   Code   RO         1316    .text               c_w.l(_printf_longlong_dec.o)
    0x00001100   0x00000070   Code   RO         1322    .text               c_w.l(_printf_oct_int_ll.o)
    0x00001170   0x0000001c   Code   RO         1344    .text               c_w.l(_chval.o)
    0x0000118c   0x0000002c   Code   RO         1350    .text               c_w.l(scanf_char.o)
    0x000011b8   0x00000040   Code   RO         1352    .text               c_w.l(_sgetc.o)
    0x000011f8   0x00000008   Code   RO         1362    .text               c_w.l(ferror.o)
    0x00001200   0x000001d6   Code   RO         1366    .text               c_w.l(flsbuf.o)
    0x000013d6   0x00000002   PAD
    0x000013d8   0x000000f8   Code   RO         1368    .text               c_w.l(fseek.o)
    0x000014d0   0x00000046   Code   RO         1370    .text               c_w.l(setvbuf.o)
    0x00001516   0x00000002   PAD
    0x00001518   0x000000f0   Code   RO         1372    .text               c_w.l(stdio.o)
    0x00001608   0x00000138   Code   RO         1375    .text               c_w.l(initio.o)
    0x00001740   0x0000000e   Code   RO         1383    .text               c_w.l(defsig_pvfn_outer.o)
    0x0000174e   0x00000064   Code   RO         1387    .text               c_w.l(rt_memcpy_w.o)
    0x000017b2   0x00000002   PAD
    0x000017b4   0x00000008   Code   RO         1517    .text               c_w.l(rt_heap_descriptor.o)
    0x000017bc   0x00000004   Code   RO         1522    .text               c_w.l(hguard.o)
    0x000017c0   0x0000008a   Code   RO         1524    .text               c_w.l(init_alloc.o)
    0x0000184a   0x0000000e   Code   RO         1528    .text               c_w.l(h1_init.o)
    0x00001858   0x0000008a   Code   RO         1542    .text               c_w.l(lludiv10.o)
    0x000018e2   0x00000012   Code   RO         1544    .text               c_w.l(isspace.o)
    0x000018f4   0x00000416   Code   RO         1546    .text               c_w.l(_printf_fp_dec.o)
    0x00001d0a   0x00000002   PAD
    0x00001d0c   0x000002f8   Code   RO         1548    .text               c_w.l(_printf_fp_hex.o)
    0x00002004   0x0000002c   Code   RO         1555    .text               c_w.l(_printf_wchar.o)
    0x00002030   0x0000036c   Code   RO         1557    .text               c_w.l(_scanf.o)
    0x0000239c   0x00000042   Code   RO         1567    .text               c_w.l(ftell.o)
    0x000023de   0x00000040   Code   RO         1593    .text               c_w.l(_wcrtomb.o)
    0x0000241e   0x0000000a   Code   RO         1595    .text               c_w.l(defsig_exit.o)
    0x00002428   0x0000000e   Code   RO         1597    .text               c_w.l(defsig_rtred_outer.o)
    0x00002436   0x00000002   PAD
    0x00002438   0x00000030   Code   RO         1601    .text               c_w.l(defsig_pvfn_inner.o)
    0x00002468   0x0000000c   Code   RO         1629    .text               c_w.l(sys_exit.o)
    0x00002474   0x00000010   Code   RO         1631    .text               c_w.l(rt_ctype_table.o)
    0x00002484   0x00000008   Code   RO         1633    .text               c_w.l(rt_locale.o)
    0x0000248c   0x00000008   Code   RO         1638    .text               c_w.l(rt_errno_addr.o)
    0x00002494   0x00000034   Code   RO         1647    .text               c_w.l(h1_extend.o)
    0x000024c8   0x00000080   Code   RO         1651    .text               c_w.l(_printf_fp_infnan.o)
    0x00002548   0x000000d8   Code   RO         1653    .text               c_w.l(bigflt0.o)
    0x00002620   0x00000032   Code   RO         1687    .text               c_w.l(defsig_general.o)
    0x00002652   0x00000002   PAD
    0x00002654   0x00000034   Code   RO         1689    .text               c_w.l(defsig_rtred_inner.o)
    0x00002688   0x0000000e   Code   RO         1691    .text               c_w.l(defsig_rtmem_outer.o)
    0x00002696   0x00000002   PAD
    0x00002698   0x00000050   Code   RO         1697    .text               c_w.l(heapauxa.o)
    0x000026e8   0x0000000e   Code   RO         1746    .text               c_w.l(sys_wrch.o)
    0x000026f6   0x00000002   Code   RO         1748    .text               c_w.l(use_no_semi.o)
    0x000026f8   0x00000000   Code   RO         1750    .text               c_w.l(indicate_semi.o)
    0x000026f8   0x00000050   Code   RO         1773    .text               c_w.l(defsig_rtmem_inner.o)
    0x00002748   0x0000003e   Code   RO         1656    CL$$btod_d2e        c_w.l(btod.o)
    0x00002786   0x00000046   Code   RO         1658    CL$$btod_d2e_denorm_low  c_w.l(btod.o)
    0x000027cc   0x00000060   Code   RO         1657    CL$$btod_d2e_norm_op1  c_w.l(btod.o)
    0x0000282c   0x00000338   Code   RO         1666    CL$$btod_div_common  c_w.l(btod.o)
    0x00002b64   0x000000c6   Code   RO         1663    CL$$btod_e2e        c_w.l(btod.o)
    0x00002c2a   0x00000028   Code   RO         1660    CL$$btod_ediv       c_w.l(btod.o)
    0x00002c52   0x00000028   Code   RO         1659    CL$$btod_emul       c_w.l(btod.o)
    0x00002c7a   0x00000244   Code   RO         1665    CL$$btod_mult_common  c_w.l(btod.o)
    0x00002ebe   0x00000012   Code   RO          390    i.$Sub$$main        retarget.o
    0x00002ed0   0x00000006   Code   RO          706    i.<Func1>           mbed.ar(SerialBase.o)
    0x00002ed6   0x00000002   PAD
    0x00002ed8   0x00000068   Code   RO          522    i.NVIC_SetVector    cmsis_nvic.o
    0x00002f40   0x00000204   Code   RO          499    i.SystemCoreClockUpdate  system_LPC407x_8x_177x_8x.o
    0x00003144   0x000000e4   Code   RO          500    i.SystemInit        system_LPC407x_8x_177x_8x.o
    0x00003228   0x00000088   Code   RO           40    i._ZN4mbed10DigitalOut5writeEi  main.o
    0x000032b0   0x0000001a   Code   RO           31    i._ZN4mbed10DigitalOutC1E7PinName  main.o
    0x000032ca   0x00000012   Code   RO           25    i._ZN4mbed10DigitalOutaSEi  main.o
    0x000032dc   0x0000003a   Code   RO          488    i._ZN4mbed10FileHandle4flenEv  retarget.o
    0x00003316   0x00000002   PAD
    0x00003318   0x00000030   Code   RO          392    i._ZN4mbed10FileHandleD2Ev  retarget.o
    0x00003348   0x0000000e   Code   RO          708    i._ZN4mbed10SerialBase10_base_putcEi  mbed.ar(SerialBase.o)
    0x00003356   0x0000000e   Code   RO          710    i._ZN4mbed10SerialBase12_irq_handlerEj9SerialIrq  mbed.ar(SerialBase.o)
    0x00003364   0x00000010   Code   RO          711    i._ZN4mbed10SerialBase4baudEi  mbed.ar(SerialBase.o)
    0x00003374   0x0000004c   Code   RO          716    i._ZN4mbed10SerialBaseC1E7PinNameS1_  mbed.ar(SerialBase.o)
    0x000033c0   0x00000018   Code   RO          942    i._ZN4mbed15FunctionPointer4callEv  mbed.ar(FunctionPointer.o)
    0x000033d8   0x0000000a   Code   RO          944    i._ZN4mbed15FunctionPointerC1EPFvvE  mbed.ar(FunctionPointer.o)
    0x000033e2   0x00000002   PAD
    0x000033e4   0x00000024   Code   RO          664    i._ZN4mbed6SerialC1E7PinNameS1_PKc  mbed.ar(Serial.o)
    0x00003408   0x0000000c   Code   RO          682    i._ZN4mbed6SerialD1Ev  mbed.ar(Serial.o)
    0x00003414   0x00000004   Code   RO          751    i._ZN4mbed6Stream4flenEv  mbed.ar(Stream.o)
    0x00003418   0x00000004   Code   RO          757    i._ZN4mbed6Stream5closeEv  mbed.ar(Stream.o)
    0x0000341c   0x00000004   Code   RO          759    i._ZN4mbed6Stream5lseekEli  mbed.ar(Stream.o)
    0x00003420   0x0000002a   Code   RO          761    i._ZN4mbed6Stream5writeEPKvj  mbed.ar(Stream.o)
    0x0000344a   0x00000004   Code   RO          762    i._ZN4mbed6Stream6isattyEv  mbed.ar(Stream.o)
    0x0000344e   0x0000001e   Code   RO          763    i._ZN4mbed6Stream6printfEPKcz  mbed.ar(Stream.o)
    0x0000346c   0x00000044   Code   RO          764    i._ZN4mbed6StreamC2EPKc  mbed.ar(Stream.o)
    0x000034b0   0x00000020   Code   RO          766    i._ZN4mbed6StreamD2Ev  mbed.ar(Stream.o)
    0x000034d0   0x00000004   Code   RO          914    i._ZN4mbed8FileBase11getPathTypeEv  mbed.ar(FileBase.o)
    0x000034d4   0x00000038   Code   RO          916    i._ZN4mbed8FileBase6lookupEPKcj  mbed.ar(FileBase.o)
    0x0000350c   0x00000024   Code   RO          918    i._ZN4mbed8FileBaseC1EPKcNS_8PathTypeE  mbed.ar(FileBase.o)
    0x00003530   0x00000038   Code   RO          920    i._ZN4mbed8FileBaseD1Ev  mbed.ar(FileBase.o)
    0x00003568   0x00000024   Code   RO          891    i._ZN4mbed8FileLikeC2EPKc  mbed.ar(FileLike.o)
    0x0000358c   0x00000012   Code   RO          893    i._ZN4mbed8FileLikeD2Ev  mbed.ar(FileLike.o)
    0x0000359e   0x00000018   Code   RO          637    i._ZN4mbed8FilePath10fileSystemEv  mbed.ar(FilePath.o)
    0x000035b6   0x0000001c   Code   RO          639    i._ZN4mbed8FilePath4fileEv  mbed.ar(FilePath.o)
    0x000035d2   0x0000000a   Code   RO          640    i._ZN4mbed8FilePath6existsEv  mbed.ar(FilePath.o)
    0x000035dc   0x00000018   Code   RO          641    i._ZN4mbed8FilePath6isFileEv  mbed.ar(FilePath.o)
    0x000035f4   0x00000004   Code   RO          642    i._ZN4mbed8FilePath8fileNameEv  mbed.ar(FilePath.o)
    0x000035f8   0x00000040   Code   RO          643    i._ZN4mbed8FilePathC1EPKc  mbed.ar(FilePath.o)
    0x00003638   0x00000006   Code   RO          666    i._ZThn72_N4mbed6Serial5_putcEi  mbed.ar(Serial.o)
    0x0000363e   0x00000030   Code   RO         1736    i.__ARM_fpclassify  m_wm.l(fpclassify.o)
    0x0000366e   0x00000032   Code   RO         1116    i.__aeabi_atexit    cpprt_w.l(aeabi_atexit.o)
    0x000036a0   0x00000024   Code   RO         1119    i.__aeabi_vec_ctor_nocookie_nodtor  cpprt_w.l(aeabi_vec_ctor_nocookie_nodtor.o)
    0x000036c4   0x00000042   Code   RO         1474    i.__cxa_finalize    cpprt_w.l(cxa_finalize.o)
    0x00003706   0x00000006   Code   RO         1113    i.__cxa_pure_virtual  cpprt_w.l(pure_virt.o)
    0x0000370c   0x00000004   Code   RO          494    i.__reserved_stack_size  sys_helper.o
    0x00003710   0x0000001c   Code   RO          527    i.__user_setup_stackheap  sys.o
    0x0000372c   0x0000000e   Code   RO         1027    i._is_digit         c_w.l(__printf_wp.o)
    0x0000373a   0x00000002   PAD
    0x0000373c   0x0000002c   Code   RO          393    i._sys_close        retarget.o
    0x00003768   0x00000028   Code   RO          396    i._sys_flen         retarget.o
    0x00003790   0x00000028   Code   RO          397    i._sys_istty        retarget.o
    0x000037b8   0x00000134   Code   RO          398    i._sys_open         retarget.o
    0x000038ec   0x00000028   Code   RO          400    i._sys_seek         retarget.o
    0x00003914   0x00000060   Code   RO          401    i._sys_write        retarget.o
    0x00003974   0x00000018   Code   RO          953    i.error             mbed.ar(error.o)
    0x0000398c   0x00000020   Code   RO          959    i.exit              mbed.ar(exit.o)
    0x000039ac   0x0000001a   Code   RO         1056    i.fputc             c_w.l(fputc.o)
    0x000039c6   0x00000002   PAD
    0x000039c8   0x00000054   Code   RO          854    i.gpio_dir          mbed.ar(gpio_api.o)
    0x00003a1c   0x00000040   Code   RO          855    i.gpio_init         mbed.ar(gpio_api.o)
    0x00003a5c   0x00000044   Code   RO          824    i.gpio_init_out     mbed.ar(gpio.o)
    0x00003aa0   0x00000008   Code   RO          856    i.gpio_mode         mbed.ar(gpio_api.o)
    0x00003aa8   0x00000050   Code   RO          815    i.mbed_assert_internal  mbed.ar(assert.o)
    0x00003af8   0x00000108   Code   RO          514    i.mbed_die          board.o
    0x00003c00   0x00000002   Code   RO          403    i.mbed_main         retarget.o
    0x00003c02   0x00000002   Code   RO          404    i.mbed_sdk_init     retarget.o
    0x00003c04   0x00000040   Code   RO          867    i.pin_function      mbed.ar(pinmap.o)
    0x00003c44   0x00000054   Code   RO          868    i.pin_mode          mbed.ar(pinmap.o)
    0x00003c98   0x00000038   Code   RO          837    i.pinmap_merge      mbed.ar(pinmap_common.o)
    0x00003cd0   0x0000005c   Code   RO          838    i.pinmap_peripheral  mbed.ar(pinmap_common.o)
    0x00003d2c   0x00000058   Code   RO          839    i.pinmap_pinout     mbed.ar(pinmap_common.o)
    0x00003d84   0x00000108   Code   RO          532    i.serial_baud       mbed.ar(serial_api.o)
    0x00003e8c   0x000000a0   Code   RO          536    i.serial_format     mbed.ar(serial_api.o)
    0x00003f2c   0x00000170   Code   RO          539    i.serial_init       mbed.ar(serial_api.o)
    0x0000409c   0x00000018   Code   RO          540    i.serial_irq_handler  mbed.ar(serial_api.o)
    0x000040b4   0x0000000e   Code   RO          543    i.serial_putc       mbed.ar(serial_api.o)
    0x000040c2   0x00000002   PAD
    0x000040c4   0x0000000c   Code   RO          876    i.us_ticker_clear_interrupt  mbed.ar(us_ticker.o)
    0x000040d0   0x00000010   Code   RO          877    i.us_ticker_disable_interrupt  mbed.ar(us_ticker.o)
    0x000040e0   0x00000044   Code   RO          966    i.us_ticker_irq_handler  mbed.ar(us_ticker_api.o)
    0x00004124   0x00000060   Code   RO          879    i.us_ticker_read    mbed.ar(us_ticker.o)
    0x00004184   0x00000014   Code   RO          880    i.us_ticker_set_interrupt  mbed.ar(us_ticker.o)
    0x00004198   0x00000028   Code   RO          846    i.wait              mbed.ar(wait_api.o)
    0x000041c0   0x0000001c   Code   RO          847    i.wait_ms           mbed.ar(wait_api.o)
    0x000041dc   0x0000002c   Code   RO         1681    locale$$code        c_w.l(lc_numeric_c.o)
    0x00004208   0x0000002c   Code   RO         1765    locale$$code        c_w.l(lc_ctype_c.o)
    0x00004234   0x0000000a   Code   RO         1627    x$fpl$fpinit        fz_wm.l(fpinit.o)
    0x0000423e   0x00000004   Code   RO         1487    x$fpl$printf1       fz_wm.l(printf1.o)
    0x00004242   0x00000004   Code   RO         1489    x$fpl$printf2       fz_wm.l(printf2.o)
    0x00004246   0x00000000   Code   RO         1735    x$fpl$usenofp       fz_wm.l(usenofp.o)
    0x00004246   0x00000002   PAD
    0x00004248   0x0000006c   Data   RO          305    .constdata          adc_4088.o
    0x000042b4   0x00000017   Data   RO          441    .constdata          retarget.o
    0x000042cb   0x00000001   PAD
    0x000042cc   0x00000067   Data   RO          515    .constdata          board.o
    0x00004333   0x00000001   PAD
    0x00004334   0x00000254   Data   RO          552    .constdata          mbed.ar(serial_api.o)
    0x00004588   0x00000067   Data   RO          826    .constdata          mbed.ar(gpio.o)
    0x000045ef   0x00000001   PAD
    0x000045f0   0x00000068   Data   RO          858    .constdata          mbed.ar(gpio_api.o)
    0x00004658   0x00000054   Data   RO          869    .constdata          mbed.ar(pinmap.o)
    0x000046ac   0x00000028   Data   RO         1015    .constdata          c_w.l(_printf_hex_int_ll_ptr.o)
    0x000046d4   0x00000011   Data   RO         1035    .constdata          c_w.l(__printf_flags_ss_wp.o)
    0x000046e5   0x00000003   PAD
    0x000046e8   0x00000008   Data   RO         1314    .constdata          c_w.l(_printf_wctomb.o)
    0x000046f0   0x00000026   Data   RO         1549    .constdata          c_w.l(_printf_fp_hex.o)
    0x00004716   0x00000002   PAD
    0x00004718   0x00000094   Data   RO         1654    .constdata          c_w.l(bigflt0.o)
    0x000047ac   0x0000002c   Data   RO          487    .constdata__ZTVN4mbed10FileHandleE  retarget.o
    0x000047d8   0x00000010   Data   RO          742    .constdata__ZTVN4mbed10SerialBaseE  mbed.ar(SerialBase.o)
    0x000047e8   0x0000005c   Data   RO          680    .constdata__ZTVN4mbed6SerialE  mbed.ar(Serial.o)
    0x00004844   0x00000044   Data   RO          810    .constdata__ZTVN4mbed6StreamE  mbed.ar(Stream.o)
    0x00004888   0x00000010   Data   RO          939    .constdata__ZTVN4mbed8FileBaseE  mbed.ar(FileBase.o)
    0x00004898   0x0000003c   Data   RO          909    .constdata__ZTVN4mbed8FileLikeE  mbed.ar(FileLike.o)
    0x000048d4   0x00000020   Data   RO         1849    Region$$Table       anon$$obj.o
    0x000048f4   0x0000001c   Data   RO         1680    locale$$data        c_w.l(lc_numeric_c.o)
    0x00004910   0x00000110   Data   RO         1764    locale$$data        c_w.l(lc_ctype_c.o)
    0x00004a20   0x00000004   Data   RO            7    .init_array         main.o
    0x00004a24   0x00000000   Data   RO         1101    .init_array         c_w.l(init_aeabi.o)


    Execution Region RW_IRAM1 (Base: 0x100000e8, Size: 0x00000248, Max: 0x0000ff18, ABSOLUTE)

    Base Addr    Size         Type   Attr      Idx    E Section Name        Object

    0x100000e8   0x00000002   Data   RW            6    .data               main.o
    0x100000ea   0x00000002   PAD
    0x100000ec   0x00000004   Data   RW          306    .data               adc_4088.o
    0x100000f0   0x00000010   Data   RW          502    .data               system_LPC407x_8x_177x_8x.o
    0x10000100   0x00000010   Data   RW          553    .data               mbed.ar(serial_api.o)
    0x10000110   0x00000004   Data   RW          881    .data               mbed.ar(us_ticker.o)
    0x10000114   0x00000004   Data   RW          928    .data               mbed.ar(FileBase.o)
    0x10000118   0x00000008   Data   RW          969    .data               mbed.ar(us_ticker_api.o)
    0x10000120   0x00000004   Data   RW         1068    .data               c_w.l(stdio_streams.o)
    0x10000124   0x00000004   Data   RW         1069    .data               c_w.l(stdio_streams.o)
    0x10000128   0x00000004   Data   RW         1070    .data               c_w.l(stdio_streams.o)
    0x1000012c   0x00000004   Data   RW         1698    .data               c_w.l(heapauxa.o)
    0x10000130   0x00000090   Zero   RW            5    .bss                main.o
    0x100001c0   0x00000040   Zero   RW          440    .bss                retarget.o
    0x10000200   0x00000014   Zero   RW          551    .bss                mbed.ar(serial_api.o)
    0x10000214   0x00000054   Zero   RW         1065    .bss                c_w.l(stdio_streams.o)
    0x10000268   0x00000054   Zero   RW         1066    .bss                c_w.l(stdio_streams.o)
    0x100002bc   0x00000054   Zero   RW         1067    .bss                c_w.l(stdio_streams.o)
    0x10000310   0x00000004   Zero   RW         1231    .bss                c_w.l(rt_ddtor_pointer_addr.o)
    0x10000314   0x00000004   Zero   RW         1518    .bss                c_w.l(rt_heap_descriptor.o)
    0x10000318   0x00000014   Zero   RW         1634    .bss                c_w.l(rt_locale.o)
    0x1000032c   0x00000004   Zero   RW         1639    .bss                c_w.l(rt_errno_addr.o)


    Execution Region RW_IRAM2 (Base: 0x20000000, Size: 0x00000000, Max: 0x00004000, ABSOLUTE)

    **** No section assigned to this execution region ****


    Execution Region RW_IRAM3 (Base: 0x20004000, Size: 0x00000000, Max: 0x00004000, ABSOLUTE)

    **** No section assigned to this execution region ****



  Load Region LR_IROM2 (Base: 0x28000000, Size: 0x00000000, Max: 0x01000000, ABSOLUTE)

    Execution Region ER_IROM2 (Base: 0x28000000, Size: 0x00000000, Max: 0x01000000, ABSOLUTE)

    **** No section assigned to this execution region ****


==============================================================================

Image component sizes


      Code (inc. data)   RO Data    RW Data    ZI Data      Debug   Object Name

       256         32        108          4          0      29680   adc_4088.o
       264          6        103          0          0        124   board.o
       104          6          0          0          0        132   cmsis_nvic.o
       488        178          4          2        144      44797   main.o
       696         72         67          0         64       1372   retarget.o
        40         12        228          0          0        276   startup_LPC407x_8x_177x_8x.o
        28          4          0          0          0        128   sys.o
         4          0          0          0          0        116   sys_helper.o
       744         36          0         16          0        268   system_LPC407x_8x_177x_8x.o

    ----------------------------------------------------------------------
      2626        346        544         24        208      76893   Object Totals
         0          0         32          0          0          0   (incl. Generated)
         2          0          2          2          0          0   (incl. Padding)

    ----------------------------------------------------------------------

      Code (inc. data)   RO Data    RW Data    ZI Data      Debug   Library Member Name

        60          8          0          0          0         84   __0sscanf.o
        20          0          0          0          0         84   __2fprintf.o
        44          6          0          0          0         84   __2sprintf.o
         8          0          0          0          0         68   __main.o
       392          4         17          0          0         92   __printf_flags_ss_wp.o
        14          0          0          0          0         68   __printf_wp.o
        52          8          0          0          0          0   __scatter.o
        26          0          0          0          0          0   __scatter_copy.o
        28          0          0          0          0          0   __scatter_zi.o
        28          0          0          0          0         68   _chval.o
         6          0          0          0          0          0   _printf_a.o
         6          0          0          0          0          0   _printf_c.o
        44          0          0          0          0        108   _printf_char.o
        48          6          0          0          0         96   _printf_char_common.o
        36          4          0          0          0         80   _printf_char_file.o
        40          0          0          0          0         68   _printf_charcount.o
         6          0          0          0          0          0   _printf_d.o
       116         16          0          0          0         92   _printf_dec.o
         6          0          0          0          0          0   _printf_e.o
         6          0          0          0          0          0   _printf_f.o
      1046          0          0          0          0        216   _printf_fp_dec.o
       760         10         38          0          0        100   _printf_fp_hex.o
       128         16          0          0          0         84   _printf_fp_infnan.o
         6          0          0          0          0          0   _printf_g.o
       148          4         40          0          0        160   _printf_hex_int_ll_ptr.o
         6          0          0          0          0          0   _printf_i.o
       178          0          0          0          0         88   _printf_intcommon.o
        10          0          0          0          0          0   _printf_l.o
         6          0          0          0          0          0   _printf_lc.o
        10          0          0          0          0          0   _printf_ll.o
         6          0          0          0          0          0   _printf_lld.o
         6          0          0          0          0          0   _printf_lli.o
         6          0          0          0          0          0   _printf_llo.o
         6          0          0          0          0          0   _printf_llu.o
         6          0          0          0          0          0   _printf_llx.o
       120         16          0          0          0         92   _printf_longlong_dec.o
         6          0          0          0          0          0   _printf_ls.o
         6          0          0          0          0          0   _printf_n.o
         6          0          0          0          0          0   _printf_o.o
       112          8          0          0          0        124   _printf_oct_int_ll.o
         6          0          0          0          0          0   _printf_p.o
        78          0          0          0          0        108   _printf_pad.o
         0          0          0          0          0          0   _printf_percent.o
         4          0          0          0          0          0   _printf_percent_end.o
         6          0          0          0          0          0   _printf_s.o
        82          0          0          0          0         80   _printf_str.o
        36          0          0          0          0         84   _printf_truncate.o
         6          0          0          0          0          0   _printf_u.o
        44          0          0          0          0        108   _printf_wchar.o
       188          6          8          0          0         92   _printf_wctomb.o
         6          0          0          0          0          0   _printf_x.o
       876          4          0          0          0        100   _scanf.o
       332          0          0          0          0         96   _scanf_int.o
        64          0          0          0          0         84   _sgetc.o
        10          0          0          0          0         68   _sputc.o
        64          0          0          0          0         92   _wcrtomb.o
       216          4        148          0          0         96   bigflt0.o
      1910        128          0          0          0        672   btod.o
        10          0          0          0          0         68   c89vfprintf.o
        10          0          0          0          0         68   defsig_exit.o
        50          0          0          0          0         88   defsig_general.o
        48         34          0          0          0         76   defsig_pvfn_inner.o
        14          0          0          0          0         80   defsig_pvfn_outer.o
        80         58          0          0          0         76   defsig_rtmem_inner.o
        14          0          0          0          0         80   defsig_rtmem_outer.o
        52         38          0          0          0         76   defsig_rtred_inner.o
        14          0          0          0          0         80   defsig_rtred_outer.o
        76          0          0          0          0         88   fclose.o
         8          0          0          0          0         68   ferror.o
       100          4          0          0          0        120   fflush.o
       470          0          0          0          0         88   flsbuf.o
       236          4          0          0          0        128   fopen.o
        26          0          0          0          0         68   fputc.o
       248          6          0          0          0         84   fseek.o
        66          0          0          0          0         76   ftell.o
        94          0          0          0          0         80   h1_alloc.o
        52          0          0          0          0         68   h1_extend.o
        78          0          0          0          0         80   h1_free.o
        14          0          0          0          0         84   h1_init.o
        80          6          0          4          0         96   heapauxa.o
         4          0          0          0          0        136   hguard.o
         0          0          0          0          0          0   indicate_semi.o
        36         10          0          0          0         80   init_aeabi.o
       138          0          0          0          0        168   init_alloc.o
       312         46          0          0          0        112   initio.o
        18          0          0          0          0         76   isspace.o
        44         10        272          0          0         76   lc_ctype_c.o
        44         10         28          0          0         76   lc_numeric_c.o
         2          0          0          0          0          0   libinit.o
        50          0          0          0          0          0   libinit2.o
         6          0          0          0          0          0   libshutdown2.o
       138          0          0          0          0         80   lludiv10.o
         0          0          0          0          0          0   maybetermalloc1.o
        16          4          0          0          0         76   rt_ctype_table.o
         8          4          0          0          4         68   rt_ddtor_pointer_addr.o
         8          4          0          0          4         68   rt_errno_addr.o
         8          4          0          0          4         68   rt_heap_descriptor.o
         8          4          0          0         20         68   rt_locale.o
        78          0          0          0          0         80   rt_memclr_w.o
       100          0          0          0          0         80   rt_memcpy_w.o
       122          0          0          0          0         80   rt_memmove_w.o
         0          0          0          0          0          0   rtentry.o
        12          0          0          0          0          0   rtentry2.o
         6          0          0          0          0          0   rtentry4.o
        44          8          0          0          0         84   scanf_char.o
        20          0          0          0          0         68   setbuf.o
        70          0          0          0          0         80   setvbuf.o
       240          6          0          0          0        156   stdio.o
         0          0          0         12        252          0   stdio_streams.o
       128          0          0          0          0         68   strcmpv7m.o
        62          0          0          0          0         76   strlen.o
       150          0          0          0          0         80   strncmp.o
        12          4          0          0          0         68   sys_exit.o
        14          0          0          0          0         76   sys_wrch.o
         2          0          0          0          0         68   use_no_semi.o
        10          0          0          0          0         68   vfprintf.o
        50          0          0          0          0         84   aeabi_atexit.o
        36          0          0          0          0         84   aeabi_vec_ctor_nocookie_nodtor.o
        66          0          0          0          0         84   cxa_finalize.o
         6          0          0          0          0         68   pure_virt.o
        10          0          0          0          0        116   fpinit.o
         4          0          0          0          0        116   printf1.o
         4          0          0          0          0        116   printf2.o
         0          0          0          0          0          0   usenofp.o
        48          0          0          0          0        124   fpclassify.o
       152         24         16          4          0        476   FileBase.o
        54         10         60          0          0        252   FileLike.o
       154          0          0          0          0        728   FilePath.o
        34          0          0          0          0        232   FunctionPointer.o
        54          4         92          0          0        364   Serial.o
       126         14         16          0          0        612   SerialBase.o
       188         18         68          0          0        992   Stream.o
        80         56          0          0          0        128   assert.o
        24          4          0          0          0        128   error.o
        32          8          0          0          0        120   exit.o
        68          4        103          0          0        136   gpio.o
       156         30        104          0          0        372   gpio_api.o
       148         56         84          0          0        256   pinmap.o
       236         78          0          0          0        384   pinmap_common.o
       830         72        596         16         20        648   serial_api.o
       144         40          0          4          0        472   us_ticker.o
        68          6          0          8          0        136   us_ticker_api.o
        68          4          0          0          0        256   wait_api.o

    ----------------------------------------------------------------------
     14114        940       1696         48        304      15124   Library Totals
        32          0          6          0          0          0   (incl. Padding)

    ----------------------------------------------------------------------

      Code (inc. data)   RO Data    RW Data    ZI Data      Debug   Library Name

     11242        512        551         16        284       7640   c_w.l
       158          0          0          0          0        320   cpprt_w.l
        18          0          0          0          0        348   fz_wm.l
        48          0          0          0          0        124   m_wm.l
      2616        428       1139         32         20       6692   mbed.ar

    ----------------------------------------------------------------------
     14114        940       1696         48        304      15124   Library Totals

    ----------------------------------------------------------------------

==============================================================================


      Code (inc. data)   RO Data    RW Data    ZI Data      Debug   

     16740       1286       2240         72        512      80141   Grand Totals
     16740       1286       2240         72        512      80141   ELF Image Totals
     16740       1286       2240         72          0          0   ROM Totals

==============================================================================

    Total RO  Size (Code + RO Data)                18980 (  18.54kB)
    Total RW  Size (RW Data + ZI Data)               584 (   0.57kB)
    Total ROM Size (Code + RO Data + RW Data)      19052 (  18.61kB)

==============================================================================

