<html>
<body>
<pre>
<h1>µVision Build Log</h1>
<h2>Project:</h2>
C:\Temp\weltitob\GitHub\WeKeBA\05_Source\mbed_ADC\mbed_blinky.uvproj
Project File Date:  11/03/2014

<h2>Output:</h2>
Build target 'NXP LPC4088'
compiling impact_event.cpp...
impact_event.cpp(18): warning:  #177-D: variable "peak_noise_threshold" was declared but never referenced
  static uint32_t peak_noise_threshold;    // threshold on peak plateau
impact_event.cpp: 1 warning, 0 errors
linking...
mbed/TARGET_LPC4088/TOOLCHAIN_ARM_STD/LPC407X_8X.sct(28): warning: L6314W: No section matches pattern *.o(SPIFI_MEM).
Program Size: Code=18120 RO-data=2704 RW-data=120 ZI-data=4680  
Finished: 0 information, 1 warning and 0 error messages.
After Build - User command #1: fromelf --bin -o build\mbed_blinky_LPC4088.bin build\mbed_blinky.axf
".\build\mbed_blinky.axf" - 0 Error(s), 2 Warning(s).
Load "C:\\Temp\\weltitob\\GitHub\\WeKeBA\\05_Source\\mbed_ADC\\build\\mbed_blinky.axf" 
Erase Done.
Programming Done.
Verify OK.
</pre>
</body>
</html>
GitHub\\WeKeBA\\05_Source\\mbed_ADC\\build\\mbed_blinky.axf" 
Erase Done.
Programming Done.
Verify OK.
