ARM Linker, 5.03 [Build 76] [MDK-ARM Standard]

==============================================================================

Section Cross References

    startup.o(STACK) refers (Special) to heapauxi.o(.text) for __use_two_region_memory
    startup.o(HEAP) refers (Special) to heapauxi.o(.text) for __use_two_region_memory
    startup.o(RESET) refers (Special) to heapauxi.o(.text) for __use_two_region_memory
    startup.o(RESET) refers to startup.o(STACK) for StackMem
    startup.o(RESET) refers to hal_cm3.o(.emb_text) for SVC_Handler
    startup.o(RESET) refers to uartstdio.o(.text) for UARTStdioIntHandler
    startup.o(RESET) refers to sound.o(.text) for SoundIntHandler
    startup.o(RESET) refers to __main.o(!!!main) for __main
    startup.o(.text) refers (Special) to heapauxi.o(.text) for __use_two_region_memory
    startup.o(.text) refers to startup.o(HEAP) for HeapMem
    startup.o(.text) refers to startup.o(STACK) for StackMem
    retarget.o(.text) refers (Special) to use_no_semi.o(.text) for __use_no_semihosting_swi
    retarget.o(.text) refers to strcmpv7m.o(.text) for strcmp
    retarget.o(.text) refers to _fs_fopen.o(i.__fopen) for __fopen
    retarget.o(.text) refers to _fs_fclose.o(i.__fclose) for __fclose
    retarget.o(.text) refers to _fs_write.o(i.__write) for __write
    retarget.o(.text) refers to _fs_read.o(i.__read) for __read
    retarget.o(.text) refers to _fs_setfpos.o(i.__setfpos) for __setfpos
    retarget.o(.text) refers to _fs_flushbuf.o(i.__flushbuf) for __flushbuf
    retarget.o(.text) refers to _fs_getfsize.o(i.__getfsize) for __getfsize
    retarget.o(.text) refers to file_config.o(.bss) for _iob
    retarget.o(.constdata) refers (Special) to use_no_semi.o(.text) for __use_no_semihosting_swi
    spi_lm3s37x8.o(.text) refers to sysctl.o(.text) for SysCtlPeripheralEnable
    spi_lm3s37x8.o(.text) refers to gpio.o(.text) for GPIODirModeSet
    spi_lm3s37x8.o(.text) refers to ssi.o(.text) for SSIConfigSetExpClk
    hal_led.o(.text) refers to sysctl.o(.text) for SysCtlPeripheralEnable
    hal_led.o(.text) refers to gpio.o(.text) for GPIOPinTypeGPIOOutput
    hal_system.o(.text) refers to sysctl.o(.text) for SysCtlPeripheralEnable
    hal_system.o(.text) refers to interrupt.o(.text) for IntMasterEnable
    hal_system.o(.text) refers to uart.o(.text) for UARTEnable
    hal_system.o(.text) refers to gpio.o(.text) for GPIOPinTypeUART
    hal_system.o(.text) refers to uartstdio.o(.text) for UARTStdioInit
    hal_system.o(.text) refers to sysctl.o(.emb_text) for SysCtlDelay
    hal_system.o(.text) refers to udma.o(.text) for uDMAControlBaseSet
    hal_system.o(.text) refers to hal_system.o(.bss) for sDMAControlTable
    cmdline.o(.text) refers to strcmpv7m.o(.text) for strcmp
    cmdline.o(.text) refers to cmdline.o(.bss) for argv
    cmdline.o(.text) refers to main.o(.data) for g_sCmdTable
    uartstdio.o(.text) refers to uartstdio.o(.data) for g_ulUARTTxWriteIndex
    uartstdio.o(.text) refers to uartstdio.o(.constdata) for g_ulUARTInt
    uartstdio.o(.text) refers to uartstdio.o(.bss) for g_pcUARTTxBuffer
    uartstdio.o(.constdata) refers to uartstdio.o(.conststring) for .conststring
    ustdlib.o(.text) refers to ustdlib.o(.constdata) for g_pcHex
    ustdlib.o(.text) refers to ustdlib.o(.data) for g_ulRandomSeed
    ustdlib.o(.constdata) refers to ustdlib.o(.conststring) for .conststring
    sound.o(.text) refers to interrupt.o(.text) for IntDisable
    sound.o(.text) refers to udma.o(.text) for uDMAChannelTransferSet
    sound.o(.text) refers to i2s.o(.text) for I2STxEnable
    sound.o(.text) refers to sysctl.o(.text) for SysCtlPeripheralEnable
    sound.o(.text) refers to gpio.o(.text) for GPIOPinTypeI2S
    sound.o(.text) refers to tlv320aic23b.o(.text) for TLV320AIC23BInit
    sound.o(.text) refers to sound.o(.data) for g_sSample
    sound.o(.text) refers to sound.o(.bss) for g_pulTxBuf
    tlv320aic23b.o(.text) refers to i2c.o(.text) for I2CMasterSlaveAddrSet
    tlv320aic23b.o(.text) refers to sysctl.o(.text) for SysCtlPeripheralEnable
    tlv320aic23b.o(.text) refers to gpio.o(.text) for GPIOPinTypeGPIOInput
    tlv320aic23b.o(.text) refers to sysctl.o(.emb_text) for SysCtlDelay
    tlv320aic23b.o(.text) refers to tlv320aic23b.o(.data) for g_ucHPVolume
    tlv320aic23b.o(.text) refers to tlv320aic23b.o(.constdata) for pucVolumeTable
    main.o(.text) refers to uartstdio.o(.text) for UARTprintf
    main.o(.text) refers to fs_ffind.o(i.ffind) for ffind
    main.o(.text) refers to fopen_locked.o(.text) for fopen
    main.o(.text) refers to fgetc_locked.o(.text) for fgetc
    main.o(.text) refers to feof_locked.o(.text) for feof
    main.o(.text) refers to fclose_locked.o(.text) for fclose
    main.o(.text) refers to strcpy.o(.text) for strcpy
    main.o(.text) refers to freadfast_locked.o(.text) for fread
    main.o(.text) refers to sound.o(.text) for SoundSetFormat
[...]
    led_or_off_hal                           0x00000795   Thumb Code    14  hal_led.o(.text)
    led_or_on_hal                            0x000007a3   Thumb Code    14  hal_led.o(.text)
    PinoutSet                                0x000007b9   Thumb Code    64  hal_system.o(.text)
    sysInit_hal                              0x000007f9   Thumb Code    86  hal_system.o(.text)
    CmdLineProcess                           0x00000871   Thumb Code   114  cmdline.o(.text)
    UARTFlushTx                              0x000009af   Thumb Code    58  uartstdio.o(.text)
    UARTFlushRx                              0x000009e9   Thumb Code    38  uartstdio.o(.text)
    UARTStdioInitExpClk                      0x00000a0f   Thumb Code   188  uartstdio.o(.text)
    UARTStdioInit                            0x00000acb   Thumb Code    16  uartstdio.o(.text)
    UARTwrite                                0x00000adb   Thumb Code   146  uartstdio.o(.text)
    UARTgets                                 0x00000b6d   Thumb Code    82  uartstdio.o(.text)
    UARTgetc                                 0x00000bbf   Thumb Code    42  uartstdio.o(.text)
    UARTprintf                               0x00000be9   Thumb Code   638  uartstdio.o(.text)
    UARTRxBytesAvail                         0x00000e67   Thumb Code    14  uartstdio.o(.text)
    UARTTxBytesFree                          0x00000e75   Thumb Code    20  uartstdio.o(.text)
    UARTPeek                                 0x00000e89   Thumb Code    58  uartstdio.o(.text)
    UARTEchoSet                              0x00000ec3   Thumb Code    14  uartstdio.o(.text)
    UARTStdioIntHandler                      0x00000ed1   Thumb Code   330  uartstdio.o(.text)
    SoundBufferPlay                          0x0000117d   Thumb Code   296  sound.o(.text)
    SoundInit                                0x000012d7   Thumb Code   172  sound.o(.text)
    SoundIntHandler                          0x00001383   Thumb Code   388  sound.o(.text)
    SoundSetFormat                           0x00001507   Thumb Code   464  sound.o(.text)
    SoundPlay                                0x000016d7   Thumb Code    84  sound.o(.text)
    SoundSampleRateGet                       0x0000172b   Thumb Code     6  sound.o(.text)
    SoundBufferRead                          0x00001731   Thumb Code   306  sound.o(.text)
    SoundVolumeSet                           0x00001863   Thumb Code    16  sound.o(.text)
    SoundVolumeDown                          0x00001873   Thumb Code    40  sound.o(.text)
    SoundVolumeGet                           0x0000189b   Thumb Code   154  sound.o(.text)
    SoundVolumeUp                            0x00001935   Thumb Code    36  sound.o(.text)
    TLV320AIC23BLineInVolumeSet              0x000019f9   Thumb Code    22  tlv320aic23b.o(.text)
    TLV320AIC23BHeadPhoneVolumeSet           0x00001a0f   Thumb Code    66  tlv320aic23b.o(.text)
    TLV320AIC23BInit                         0x00001a51   Thumb Code   182  tlv320aic23b.o(.text)
    TLV320AIC23BHeadPhoneVolumeGet           0x00001b07   Thumb Code     6  tlv320aic23b.o(.text)
    Cmd_help                                 0x00001b25   Thumb Code    48  main.o(.text)
    Cmd_dummy                                0x00001b55   Thumb Code    16  main.o(.text)
    Cmd_ls                                   0x00001b65   Thumb Code    60  main.o(.text)
    Cmd_cat                                  0x00001ba1   Thumb Code   102  main.o(.text)
    Cmd_play                                 0x00001c07   Thumb Code    50  main.o(.text)
    Cmd_stop                                 0x00001c39   Thumb Code    12  main.o(.text)
    Cmd_pause                                0x00001c45   Thumb Code    12  main.o(.text)
    BufferCallback                           0x00001c51   Thumb Code    52  main.o(.text)
    WaveOpen                                 0x00001c85   Thumb Code   352  main.o(.text)
    Convert8Bit                              0x00001de5   Thumb Code    20  main.o(.text)
    WaveRead                                 0x00001df9   Thumb Code    84  main.o(.text)
    WavePlay                                 0x00001e4d   Thumb Code   468  main.o(.text)
    audioplay_task                           0x00002021   Thumb Code   394  main.o(.text)
    UART_task                                0x000021ab   Thumb Code    98  main.o(.text)
    init                                     0x0000220d   Thumb Code    28  main.o(.text)
    main                                     0x00002229   Thumb Code    58  main.o(.text)
    os_idle_demon                            0x000023a1   Thumb Code     4  rtx_config.o(.text)
    os_tmr_call                              0x000023a5   Thumb Code     2  rtx_config.o(.text)
    os_error                                 0x000023a7   Thumb Code     4  rtx_config.o(.text)
    __user_perthread_libspace                0x000023ab   Thumb Code    26  rtx_config.o(.text)
    _mutex_initialize                        0x000023c5   Thumb Code    38  rtx_config.o(.text)
    _mutex_acquire                           0x000023eb   Thumb Code    26  rtx_config.o(.text)
    _mutex_release                           0x00002405   Thumb Code    22  rtx_config.o(.text)
    GPIODirModeSet                           0x00002515   Thumb Code    64  gpio.o(.text)
    GPIODirModeGet                           0x00002555   Thumb Code    46  gpio.o(.text)
    GPIOIntTypeSet                           0x00002583   Thumb Code    92  gpio.o(.text)
    GPIOIntTypeGet                           0x000025df   Thumb Code    62  gpio.o(.text)
    GPIOPadConfigSet                         0x0000261d   Thumb Code   262  gpio.o(.text)
    GPIOPadConfigGet                         0x00002723   Thumb Code   196  gpio.o(.text)
    GPIOPinIntEnable                         0x000027e7   Thumb Code    16  gpio.o(.text)
    GPIOPinIntDisable                        0x000027f7   Thumb Code    16  gpio.o(.text)
    GPIOPinIntStatus                         0x00002807   Thumb Code    38  gpio.o(.text)
    GPIOPinIntClear                          0x0000282d   Thumb Code     8  gpio.o(.text)
    GPIOPortIntRegister                      0x00002835   Thumb Code    30  gpio.o(.text)
    GPIOPortIntUnregister                    0x00002853   Thumb Code    26  gpio.o(.text)
    GPIOPinRead                              0x0000286d   Thumb Code    12  gpio.o(.text)
    GPIOPinWrite                             0x00002879   Thumb Code    10  gpio.o(.text)
    GPIOPinTypeADC                           0x00002883   Thumb Code    30  gpio.o(.text)
    GPIOPinTypeCAN                           0x000028a1   Thumb Code    30  gpio.o(.text)
    GPIOPinTypeComparator                    0x000028bf   Thumb Code    30  gpio.o(.text)
    GPIOPinTypeEPI                           0x000028dd   Thumb Code    30  gpio.o(.text)
    GPIOPinTypeEthernetLED                   0x000028fb   Thumb Code    30  gpio.o(.text)
    GPIOPinTypeEthernetMII                   0x00002919   Thumb Code    30  gpio.o(.text)
    GPIOPinTypeFan                           0x00002937   Thumb Code    30  gpio.o(.text)
    GPIOPinTypeGPIOInput                     0x00002955   Thumb Code    30  gpio.o(.text)
    GPIOPinTypeGPIOOutput                    0x00002973   Thumb Code    30  gpio.o(.text)
    GPIOPinTypeGPIOOutputOD                  0x00002991   Thumb Code    30  gpio.o(.text)
    GPIOPinTypeI2C                           0x000029af   Thumb Code    30  gpio.o(.text)
    GPIOPinTypeI2CSCL                        0x000029cd   Thumb Code    58  gpio.o(.text)
    GPIOPinTypeI2S                           0x00002a07   Thumb Code    30  gpio.o(.text)
    GPIOPinTypeLPC                           0x00002a25   Thumb Code    30  gpio.o(.text)
    GPIOPinTypePECIRx                        0x00002a43   Thumb Code    30  gpio.o(.text)
    GPIOPinTypePECITx                        0x00002a61   Thumb Code    30  gpio.o(.text)
    GPIOPinTypePWM                           0x00002a7f   Thumb Code    30  gpio.o(.text)
    GPIOPinTypeQEI                           0x00002a9d   Thumb Code    30  gpio.o(.text)
    GPIOPinTypeSSI                           0x00002abb   Thumb Code    30  gpio.o(.text)
    GPIOPinTypeTimer                         0x00002ad9   Thumb Code    30  gpio.o(.text)
    GPIOPinTypeUART                          0x00002af7   Thumb Code    30  gpio.o(.text)
    GPIOPinTypeUSBAnalog                     0x00002b15   Thumb Code    30  gpio.o(.text)
    GPIOPinTypeUSBDigital                    0x00002b33   Thumb Code    30  gpio.o(.text)
    GPIOPinConfigure                         0x00002b51   Thumb Code    74  gpio.o(.text)
    GPIODMATriggerEnable                     0x00002b9b   Thumb Code    16  gpio.o(.text)
    GPIODMATriggerDisable                    0x00002bab   Thumb Code    16  gpio.o(.text)
    GPIOADCTriggerEnable                     0x00002bbb   Thumb Code    16  gpio.o(.text)
    GPIOADCTriggerDisable                    0x00002bcb   Thumb Code    16  gpio.o(.text)
    I2CMasterEnable                          0x00002c13   Thumb Code    10  i2c.o(.text)
    I2CMasterInitExpClk                      0x00002c1d   Thumb Code    48  i2c.o(.text)
    I2CSlaveEnable                           0x00002c4d   Thumb Code    30  i2c.o(.text)
    I2CSlaveInit                             0x00002c6b   Thumb Code    16  i2c.o(.text)
    I2CSlaveAddressSet                       0x00002c7b   Thumb Code    24  i2c.o(.text)
    I2CMasterDisable                         0x00002c93   Thumb Code    10  i2c.o(.text)
    I2CSlaveDisable                          0x00002c9d   Thumb Code    30  i2c.o(.text)
    I2CIntRegister                           0x00002cbb   Thumb Code    30  i2c.o(.text)
    I2CIntUnregister                         0x00002cd9   Thumb Code    26  i2c.o(.text)
    I2CMasterIntEnable                       0x00002cf3   Thumb Code     6  i2c.o(.text)
    I2CMasterIntEnableEx                     0x00002cf9   Thumb Code     8  i2c.o(.text)
    I2CSlaveIntEnable                        0x00002d01   Thumb Code    10  i2c.o(.text)
    I2CSlaveIntEnableEx                      0x00002d0b   Thumb Code     8  i2c.o(.text)
    I2CMasterIntDisable                      0x00002d13   Thumb Code     6  i2c.o(.text)
    I2CMasterIntDisableEx                    0x00002d19   Thumb Code     8  i2c.o(.text)
    I2CSlaveIntDisable                       0x00002d21   Thumb Code    10  i2c.o(.text)
    I2CSlaveIntDisableEx                     0x00002d2b   Thumb Code     8  i2c.o(.text)
    I2CMasterIntStatus                       0x00002d33   Thumb Code    28  i2c.o(.text)
    I2CMasterIntStatusEx                     0x00002d4f   Thumb Code    12  i2c.o(.text)
    I2CSlaveIntStatus                        0x00002d5b   Thumb Code    28  i2c.o(.text)
    I2CSlaveIntStatusEx                      0x00002d77   Thumb Code    46  i2c.o(.text)
    I2CMasterIntClear                        0x00002da5   Thumb Code     8  i2c.o(.text)
    I2CMasterIntClearEx                      0x00002dad   Thumb Code     4  i2c.o(.text)
    I2CSlaveIntClear                         0x00002db1   Thumb Code     6  i2c.o(.text)
    I2CSlaveIntClearEx                       0x00002db7   Thumb Code     4  i2c.o(.text)
    I2CMasterSlaveAddrSet                    0x00002dbb   Thumb Code     8  i2c.o(.text)
    I2CMasterLineStateGet                    0x00002dc3   Thumb Code     6  i2c.o(.text)
    I2CMasterBusy                            0x00002dc9   Thumb Code    18  i2c.o(.text)
    I2CMasterBusBusy                         0x00002ddb   Thumb Code    18  i2c.o(.text)
    I2CMasterControl                         0x00002ded   Thumb Code     4  i2c.o(.text)
    I2CMasterErr                             0x00002df1   Thumb Code    30  i2c.o(.text)
    I2CMasterDataPut                         0x00002e0f   Thumb Code     4  i2c.o(.text)
    I2CMasterDataGet                         0x00002e13   Thumb Code     6  i2c.o(.text)
    I2CMasterTimeoutSet                      0x00002e19   Thumb Code     4  i2c.o(.text)
    I2CSlaveACKOverride                      0x00002e1d   Thumb Code    22  i2c.o(.text)
    I2CSlaveACKValueSet                      0x00002e33   Thumb Code    22  i2c.o(.text)
    I2CSlaveStatus                           0x00002e49   Thumb Code     6  i2c.o(.text)
    I2CSlaveDataPut                          0x00002e4f   Thumb Code     4  i2c.o(.text)
    I2CSlaveDataGet                          0x00002e53   Thumb Code     6  i2c.o(.text)
    I2STxEnable                              0x00002e79   Thumb Code    22  i2s.o(.text)
    I2STxDisable                             0x00002e8f   Thumb Code    18  i2s.o(.text)
    I2STxDataPut                             0x00002ea1   Thumb Code    12  i2s.o(.text)
    I2STxDataPutNonBlocking                  0x00002ead   Thumb Code    18  i2s.o(.text)
    I2STxConfigSet                           0x00002ebf   Thumb Code    28  i2s.o(.text)
    I2STxFIFOLimitSet                        0x00002edb   Thumb Code     4  i2s.o(.text)
    I2STxFIFOLimitGet                        0x00002edf   Thumb Code     6  i2s.o(.text)
    I2STxFIFOLevelGet                        0x00002ee5   Thumb Code     6  i2s.o(.text)
    I2SRxEnable                              0x00002eeb   Thumb Code    26  i2s.o(.text)
    I2SRxDisable                             0x00002f05   Thumb Code    18  i2s.o(.text)
    I2SRxDataGet                             0x00002f17   Thumb Code    22  i2s.o(.text)
    I2SRxDataGetNonBlocking                  0x00002f2d   Thumb Code    26  i2s.o(.text)
    I2SRxConfigSet                           0x00002f47   Thumb Code    74  i2s.o(.text)
    I2SRxFIFOLimitSet                        0x00002f91   Thumb Code     8  i2s.o(.text)
    I2SRxFIFOLimitGet                        0x00002f99   Thumb Code    16  i2s.o(.text)
    I2SRxFIFOLevelGet                        0x00002fa9   Thumb Code    10  i2s.o(.text)
    I2STxRxEnable                            0x00002fb3   Thumb Code    30  i2s.o(.text)
    I2STxRxDisable                           0x00002fd1   Thumb Code    18  i2s.o(.text)
    I2STxRxConfigSet                         0x00002fe3   Thumb Code    86  i2s.o(.text)
    I2SMasterClockSelect                     0x00003039   Thumb Code    24  i2s.o(.text)
    I2SIntEnable                             0x00003051   Thumb Code    16  i2s.o(.text)
    I2SIntDisable                            0x00003061   Thumb Code    16  i2s.o(.text)
    I2SIntStatus                             0x00003071   Thumb Code    20  i2s.o(.text)
    I2SIntClear                              0x00003085   Thumb Code     8  i2s.o(.text)
    I2SIntRegister                           0x0000308d   Thumb Code    22  i2s.o(.text)
    I2SIntUnregister                         0x000030a3   Thumb Code    18  i2s.o(.text)
    IntMasterEnable                          0x000030b9   Thumb Code    10  interrupt.o(.text)
    IntMasterDisable                         0x000030c3   Thumb Code    10  interrupt.o(.text)
    IntRegister                              0x000030cd   Thumb Code    52  interrupt.o(.text)
    IntUnregister                            0x00003101   Thumb Code    10  interrupt.o(.text)
    IntPriorityGroupingSet                   0x0000310b   Thumb Code    18  interrupt.o(.text)
    IntPriorityGroupingGet                   0x0000311d   Thumb Code    36  interrupt.o(.text)
    IntPrioritySet                           0x00003141   Thumb Code    46  interrupt.o(.text)
    IntPriorityGet                           0x0000316f   Thumb Code    22  interrupt.o(.text)
    IntEnable                                0x00003185   Thumb Code   120  interrupt.o(.text)
    IntDisable                               0x000031fd   Thumb Code   120  interrupt.o(.text)
    IntPendSet                               0x00003275   Thumb Code    98  interrupt.o(.text)
    IntPendClear                             0x000032d7   Thumb Code    76  interrupt.o(.text)
    IntPriorityMaskSet                       0x00003323   Thumb Code    12  interrupt.o(.text)
    IntPriorityMaskGet                       0x0000332f   Thumb Code     8  interrupt.o(.text)
    SSIConfigSetExpClk                       0x00003387   Thumb Code   102  ssi.o(.text)
    SSIEnable                                0x000033ed   Thumb Code    10  ssi.o(.text)
    SSIDisable                               0x000033f7   Thumb Code    10  ssi.o(.text)
    SSIIntRegister                           0x00003401   Thumb Code    30  ssi.o(.text)
    SSIIntUnregister                         0x0000341f   Thumb Code    26  ssi.o(.text)
    SSIIntEnable                             0x00003439   Thumb Code     8  ssi.o(.text)
    SSIIntDisable                            0x00003441   Thumb Code     8  ssi.o(.text)
    SSIIntStatus                             0x00003449   Thumb Code    12  ssi.o(.text)
    SSIIntClear                              0x00003455   Thumb Code     4  ssi.o(.text)
    SSIDataPut                               0x00003459   Thumb Code    14  ssi.o(.text)
    SSIDataPutNonBlocking                    0x00003467   Thumb Code    20  ssi.o(.text)
    SSIDataGet                               0x0000347b   Thumb Code    16  ssi.o(.text)
    SSIDataGetNonBlocking                    0x0000348b   Thumb Code    22  ssi.o(.text)
    SSIDMAEnable                             0x000034a1   Thumb Code     8  ssi.o(.text)
    SSIDMADisable                            0x000034a9   Thumb Code     8  ssi.o(.text)
    SSIBusy                                  0x000034b1   Thumb Code    10  ssi.o(.text)
    SSIClockSourceSet                        0x000034bb   Thumb Code     8  ssi.o(.text)
    SSIClockSourceGet                        0x000034c3   Thumb Code    10  ssi.o(.text)
    SysCtlSRAMSizeGet                        0x000034f5   Thumb Code    14  sysctl.o(.text)
    SysCtlFlashSizeGet                       0x00003503   Thumb Code    14  sysctl.o(.text)
    SysCtlPinPresent                         0x00003511   Thumb Code    18  sysctl.o(.text)
    SysCtlPeripheralPresent                  0x00003523   Thumb Code   114  sysctl.o(.text)
    SysCtlPeripheralReady                    0x00003595   Thumb Code    56  sysctl.o(.text)
    SysCtlPeripheralPowerOn                  0x000035cd   Thumb Code    56  sysctl.o(.text)
    SysCtlPeripheralPowerOff                 0x00003605   Thumb Code    56  sysctl.o(.text)
    SysCtlPeripheralReset                    0x0000363d   Thumb Code   212  sysctl.o(.text)
    SysCtlPeripheralEnable                   0x00003711   Thumb Code    96  sysctl.o(.text)
    SysCtlPeripheralDisable                  0x00003771   Thumb Code    96  sysctl.o(.text)
    SysCtlPeripheralSleepEnable              0x000037d1   Thumb Code    96  sysctl.o(.text)
    SysCtlPeripheralSleepDisable             0x00003831   Thumb Code    96  sysctl.o(.text)
    SysCtlPeripheralDeepSleepEnable          0x00003891   Thumb Code   152  sysctl.o(.text)
    SysCtlPeripheralDeepSleepDisable         0x00003929   Thumb Code    96  sysctl.o(.text)
    SysCtlPeripheralClockGating              0x00003989   Thumb Code    30  sysctl.o(.text)
    SysCtlIntRegister                        0x000039a7   Thumb Code    20  sysctl.o(.text)
    SysCtlIntUnregister                      0x000039bb   Thumb Code    16  sysctl.o(.text)
    SysCtlIntEnable                          0x000039cb   Thumb Code    12  sysctl.o(.text)
    SysCtlIntDisable                         0x000039d7   Thumb Code    12  sysctl.o(.text)
    SysCtlIntClear                           0x000039e3   Thumb Code     6  sysctl.o(.text)
    SysCtlIntStatus                          0x000039e9   Thumb Code    16  sysctl.o(.text)
    SysCtlLDOSet                             0x000039f9   Thumb Code     6  sysctl.o(.text)
    SysCtlLDOGet                             0x000039ff   Thumb Code     6  sysctl.o(.text)
    SysCtlLDOConfigSet                       0x00003a05   Thumb Code     6  sysctl.o(.text)
    SysCtlReset                              0x00003a0b   Thumb Code    10  sysctl.o(.text)
    SysCtlSleep                              0x00003a15   Thumb Code     8  sysctl.o(.text)
    SysCtlDeepSleep                          0x00003a1d   Thumb Code    40  sysctl.o(.text)
    SysCtlResetCauseGet                      0x00003a45   Thumb Code     6  sysctl.o(.text)
    SysCtlResetCauseClear                    0x00003a4b   Thumb Code    12  sysctl.o(.text)
    SysCtlBrownOutConfigSet                  0x00003a57   Thumb Code    10  sysctl.o(.text)
    SysCtlMOSCConfigSet                      0x00003a61   Thumb Code     6  sysctl.o(.text)
    SysCtlPIOSCCalibrate                     0x00003a67   Thumb Code    72  sysctl.o(.text)
    SysCtlClockSet                           0x00003aaf   Thumb Code   348  sysctl.o(.text)
    SysCtlClockGet                           0x00003c0b   Thumb Code   610  sysctl.o(.text)
    SysCtlDeepSleepClockSet                  0x00003e6d   Thumb Code     6  sysctl.o(.text)
    SysCtlPWMClockSet                        0x00003e73   Thumb Code    16  sysctl.o(.text)
    SysCtlPWMClockGet                        0x00003e83   Thumb Code    24  sysctl.o(.text)
    SysCtlADCSpeedSet                        0x00003e9b   Thumb Code    36  sysctl.o(.text)
    SysCtlADCSpeedGet                        0x00003ebf   Thumb Code    10  sysctl.o(.text)
    SysCtlIOSCVerificationSet                0x00003ec9   Thumb Code    30  sysctl.o(.text)
    SysCtlMOSCVerificationSet                0x00003ee7   Thumb Code    30  sysctl.o(.text)
    SysCtlPLLVerificationSet                 0x00003f05   Thumb Code    30  sysctl.o(.text)
    SysCtlClkVerificationClear               0x00003f23   Thumb Code    18  sysctl.o(.text)
    SysCtlGPIOAHBEnable                      0x00003f35   Thumb Code    14  sysctl.o(.text)
    SysCtlGPIOAHBDisable                     0x00003f43   Thumb Code    14  sysctl.o(.text)
    SysCtlUSBPLLEnable                       0x00003f51   Thumb Code    14  sysctl.o(.text)
    SysCtlUSBPLLDisable                      0x00003f5f   Thumb Code    14  sysctl.o(.text)
    SysCtlI2SMClkSet                         0x00003f6d   Thumb Code   212  sysctl.o(.text)
    UARTParityModeSet                        0x00004097   Thumb Code    12  uart.o(.text)
    UARTParityModeGet                        0x000040a3   Thumb Code    10  uart.o(.text)
    UARTFIFOLevelSet                         0x000040ad   Thumb Code     8  uart.o(.text)
    UARTFIFOLevelGet                         0x000040b5   Thumb Code    18  uart.o(.text)
    UARTEnable                               0x000040c7   Thumb Code    20  uart.o(.text)
    UARTDisable                              0x000040db   Thumb Code    30  uart.o(.text)
    UARTConfigSetExpClk                      0x000040f9   Thumb Code    76  uart.o(.text)
    UARTConfigGetExpClk                      0x00004145   Thumb Code    44  uart.o(.text)
    UARTFIFOEnable                           0x00004171   Thumb Code    10  uart.o(.text)
    UARTFIFODisable                          0x0000417b   Thumb Code    10  uart.o(.text)
    UARTEnableSIR                            0x00004185   Thumb Code    22  uart.o(.text)
    UARTDisableSIR                           0x0000419b   Thumb Code    10  uart.o(.text)
    UARTSmartCardEnable                      0x000041a5   Thumb Code    22  uart.o(.text)
    UARTSmartCardDisable                     0x000041bb   Thumb Code    10  uart.o(.text)
    UARTModemControlSet                      0x000041c5   Thumb Code    12  uart.o(.text)
    UARTModemControlClear                    0x000041d1   Thumb Code    12  uart.o(.text)
    UARTModemControlGet                      0x000041dd   Thumb Code    10  uart.o(.text)
    UARTModemStatusGet                       0x000041e7   Thumb Code    12  uart.o(.text)
    UARTFlowControlSet                       0x000041f3   Thumb Code    12  uart.o(.text)
    UARTFlowControlGet                       0x000041ff   Thumb Code    10  uart.o(.text)
    UARTTxIntModeSet                         0x00004209   Thumb Code    12  uart.o(.text)
    UARTTxIntModeGet                         0x00004215   Thumb Code    10  uart.o(.text)
    UARTCharsAvail                           0x0000421f   Thumb Code    12  uart.o(.text)
    UARTSpaceAvail                           0x0000422b   Thumb Code    12  uart.o(.text)
    UARTCharGetNonBlocking                   0x00004237   Thumb Code    20  uart.o(.text)
    UARTCharGet                              0x0000424b   Thumb Code    16  uart.o(.text)
    UARTCharPutNonBlocking                   0x0000425b   Thumb Code    20  uart.o(.text)
    UARTCharPut                              0x0000426f   Thumb Code    14  uart.o(.text)
    UARTBreakCtl                             0x0000427d   Thumb Code    20  uart.o(.text)
    UARTBusy                                 0x00004291   Thumb Code    10  uart.o(.text)
    UARTIntRegister                          0x0000429b   Thumb Code    30  uart.o(.text)
    UARTIntUnregister                        0x000042b9   Thumb Code    26  uart.o(.text)
    UARTIntEnable                            0x000042d3   Thumb Code     8  uart.o(.text)
    UARTIntDisable                           0x000042db   Thumb Code     8  uart.o(.text)
    UARTIntStatus                            0x000042e3   Thumb Code    12  uart.o(.text)
    UARTIntClear                             0x000042ef   Thumb Code     4  uart.o(.text)
    UARTDMAEnable                            0x000042f3   Thumb Code     8  uart.o(.text)
    UARTDMADisable                           0x000042fb   Thumb Code     8  uart.o(.text)
    UARTRxErrorGet                           0x00004303   Thumb Code    10  uart.o(.text)
    UARTRxErrorClear                         0x0000430d   Thumb Code     6  uart.o(.text)
    UARTClockSourceSet                       0x00004313   Thumb Code     8  uart.o(.text)
    UARTClockSourceGet                       0x0000431b   Thumb Code    10  uart.o(.text)
    UART9BitEnable                           0x00004325   Thumb Code    14  uart.o(.text)
    UART9BitDisable                          0x00004333   Thumb Code    14  uart.o(.text)
    UART9BitAddrSet                          0x00004341   Thumb Code    10  uart.o(.text)
    UART9BitAddrSend                         0x0000434b   Thumb Code    40  uart.o(.text)
    uDMAEnable                               0x00004379   Thumb Code     8  udma.o(.text)
    uDMADisable                              0x00004381   Thumb Code     8  udma.o(.text)
    uDMAErrorStatusGet                       0x00004389   Thumb Code     6  udma.o(.text)
    uDMAErrorStatusClear                     0x0000438f   Thumb Code     8  udma.o(.text)
    uDMAChannelEnable                        0x00004397   Thumb Code    14  udma.o(.text)
    uDMAChannelDisable                       0x000043a5   Thumb Code    14  udma.o(.text)
    uDMAChannelIsEnabled                     0x000043b3   Thumb Code    26  udma.o(.text)
    uDMAControlBaseSet                       0x000043cd   Thumb Code     6  udma.o(.text)
    uDMAControlBaseGet                       0x000043d3   Thumb Code     6  udma.o(.text)
    uDMAControlAlternateBaseGet              0x000043d9   Thumb Code     6  udma.o(.text)
    uDMAChannelRequest                       0x000043df   Thumb Code    14  udma.o(.text)
    uDMAChannelAttributeEnable               0x000043ed   Thumb Code    62  udma.o(.text)
    uDMAChannelAttributeDisable              0x0000442b   Thumb Code    62  udma.o(.text)
    uDMAChannelAttributeGet                  0x00004469   Thumb Code    74  udma.o(.text)
    uDMAChannelControlSet                    0x000044b3   Thumb Code    30  udma.o(.text)
    uDMAChannelTransferSet                   0x000044d1   Thumb Code   166  udma.o(.text)
    uDMAChannelScatterGatherSet              0x00004577   Thumb Code    74  udma.o(.text)
    uDMAChannelSizeGet                       0x000045c1   Thumb Code    38  udma.o(.text)
    uDMAChannelModeGet                       0x000045e7   Thumb Code    42  udma.o(.text)
    uDMAChannelSelectSecondary               0x00004611   Thumb Code    12  udma.o(.text)
    uDMAChannelSelectDefault                 0x0000461d   Thumb Code    12  udma.o(.text)
    uDMAIntRegister                          0x00004629   Thumb Code    22  udma.o(.text)
    uDMAIntUnregister                        0x0000463f   Thumb Code    18  udma.o(.text)
    uDMAIntStatus                            0x00004651   Thumb Code     8  udma.o(.text)
    uDMAIntClear                             0x00004659   Thumb Code     8  udma.o(.text)
    uDMAChannelAssign                        0x00004661   Thumb Code    38  udma.o(.text)
    __user_libspace                          0x00004699   Thumb Code     8  libspace.o(.text)
    __user_perproc_libspace                  0x00004699   Thumb Code     0  libspace.o(.text)
    __semihosting$guard                      0x000046a1   Thumb Code     0  use_no_semi.o(.text)
    __use_no_semihosting_swi                 0x000046a1   Thumb Code     2  use_no_semi.o(.text)
    _fclose$unlocked                         0x000046a3   Thumb Code     0  fclose.o(.text)
    _fclose_internal                         0x000046a3   Thumb Code    76  fclose.o(.text)
    fgetc                                    0x000046ef   Thumb Code    32  fgetc_locked.o(.text)
    fclose                                   0x00004711   Thumb Code    46  fclose_locked.o(.text)
    feof                                     0x00004745   Thumb Code    30  feof_locked.o(.text)
    freopen                                  0x00004813   Thumb Code    42  fopen_locked.o(.text)
    fopen                                    0x0000483d   Thumb Code   100  fopen_locked.o(.text)
    strcpy                                   0x000048a9   Thumb Code    72  strcpy.o(.text)
    strlen                                   0x000048f1   Thumb Code    62  strlen.o(.text)
    __aeabi_memcpy                           0x0000492f   Thumb Code     0  rt_memcpy_v6.o(.text)
    __rt_memcpy                              0x0000492f   Thumb Code   138  rt_memcpy_v6.o(.text)
    _memcpy_lastbytes                        0x00004995   Thumb Code     0  rt_memcpy_v6.o(.text)
    __aeabi_memcpy4                          0x000049b9   Thumb Code     0  rt_memcpy_w.o(.text)
    __aeabi_memcpy8                          0x000049b9   Thumb Code     0  rt_memcpy_w.o(.text)
    __rt_memcpy_w                            0x000049b9   Thumb Code   100  rt_memcpy_w.o(.text)
    _memcpy_lastbytes_aligned                0x00004a01   Thumb Code     0  rt_memcpy_w.o(.text)
    __aeabi_memclr                           0x00004a1d   Thumb Code     0  rt_memclr.o(.text)
    __rt_memclr                              0x00004a1d   Thumb Code    68  rt_memclr.o(.text)
    _memset                                  0x00004a21   Thumb Code     0  rt_memclr.o(.text)
    __aeabi_memclr4                          0x00004a61   Thumb Code     0  rt_memclr_w.o(.text)
    __aeabi_memclr8                          0x00004a61   Thumb Code     0  rt_memclr_w.o(.text)
    __rt_memclr_w                            0x00004a61   Thumb Code    78  rt_memclr_w.o(.text)
    _memset_w                                0x00004a65   Thumb Code     0  rt_memclr_w.o(.text)
    strcmp                                   0x00004ab1   Thumb Code   128  strcmpv7m.o(.text)
    __use_two_region_memory                  0x00004b31   Thumb Code     2  heapauxi.o(.text)
    __rt_heap_escrow                         0x00004b33   Thumb Code     2  heapauxi.o(.text)
    __rt_heap_expand                         0x00004b35   Thumb Code     2  heapauxi.o(.text)
    _malloc_internal                         0x00004b3f   Thumb Code   130  h1_alloc_mt.o(.text)
    malloc                                   0x00004bc1   Thumb Code    20  h1_alloc_mt.o(.text)
    _free_internal                           0x00004bd5   Thumb Code    98  h1_free_mt.o(.text)
    free                                     0x00004c37   Thumb Code    20  h1_free_mt.o(.text)
    _readbuf                                 0x00004c4b   Thumb Code    54  filbuf.o(.text)
    _seteof                                  0x00004c81   Thumb Code    40  filbuf.o(.text)
    __filbuf                                 0x00004ca9   Thumb Code   482  filbuf.o(.text)
    __filbuf_byte                            0x00004ca9   Thumb Code     0  filbuf.o(.text)
    __filbuf_wide                            0x00004ca9   Thumb Code     0  filbuf.o(.text)
    _fseek                                   0x00004e8d   Thumb Code   242  fseek.o(.text)
    fseek                                    0x00004e8d   Thumb Code     0  fseek.o(.text)
    _seterr                                  0x00004f85   Thumb Code    20  stdio.o(.text)
    _writebuf                                0x00004f99   Thumb Code    84  stdio.o(.text)
    _fflush                                  0x00004fed   Thumb Code    70  stdio.o(.text)
    _deferredlazyseek                        0x00005033   Thumb Code    60  stdio.o(.text)
    __rt_heap_descriptor                     0x00005075   Thumb Code    10  rt_heap_descriptor_twolibspace.o(.text)
    __use_no_heap                            0x0000507f   Thumb Code     2  hguard.o(.text)
    __heap$guard                             0x00005081   Thumb Code     2  hguard.o(.text)
    _terminate_user_alloc                    0x00005083   Thumb Code     2  init_alloc.o(.text)
    _init_user_alloc                         0x00005085   Thumb Code     2  init_alloc.o(.text)
    __Heap_Full                              0x00005087   Thumb Code    34  init_alloc.o(.text)
    __Heap_Broken                            0x000050a9   Thumb Code     6  init_alloc.o(.text)
    _init_alloc                              0x000050af   Thumb Code    94  init_alloc.o(.text)
    __Heap_Initialize                        0x0000510d   Thumb Code    14  h1_init_mt.o(.text)
    __Heap_DescSize                          0x0000511b   Thumb Code     4  h1_init_mt.o(.text)
    _ftell_internal                          0x0000511f   Thumb Code    70  ftell.o(.text)
    ftell                                    0x0000511f   Thumb Code     0  ftell.o(.text)
    fread                                    0x00005165   Thumb Code   310  freadfast_locked.o(.text)
    _initio                                  0x0000529d   Thumb Code   240  initio_locked.o(.text)
    _terminateio                             0x0000538d   Thumb Code   168  initio_locked.o(.text)
    _flushlinebuffered                       0x00005465   Thumb Code    84  flushlinebuffered_locked.o(.text)
    __user_setup_stackheap                   0x000054c1   Thumb Code    74  sys_stackheap_outer.o(.text)
    __aeabi_errno_addr                       0x0000550b   Thumb Code     4  rt_errno_addr_twolibspace.o(.text)
    __errno$twolibspace                      0x0000550b   Thumb Code     0  rt_errno_addr_twolibspace.o(.text)
    __rt_errno_addr$twolibspace              0x0000550b   Thumb Code     0  rt_errno_addr_twolibspace.o(.text)
    __Heap_ProvideMemory                     0x0000550f   Thumb Code    62  h1_extend_mt.o(.text)
    _do_fflush                               0x0000554d   Thumb Code    74  fflush_locked.o(.text)
    _fflush$locked                           0x00005597   Thumb Code    60  fflush_locked.o(.text)
    setvbuf                                  0x000055dd   Thumb Code   104  setvbuf_locked.o(.text)
    exit                                     0x00005645   Thumb Code    12  exit.o(.text)
    __rt_SIGRTRED                            0x00005651   Thumb Code    14  defsig_rtred_outer.o(.text)
    __rt_SIGRTMEM                            0x0000565f   Thumb Code    14  defsig_rtmem_outer.o(.text)
    __sig_exit                               0x0000566d   Thumb Code    10  defsig_exit.o(.text)
    __rt_SIGRTRED_inner                      0x00005679   Thumb Code    14  defsig_rtred_inner.o(.text)
    __rt_SIGRTMEM_inner                      0x000056ad   Thumb Code    22  defsig_rtmem_inner.o(.text)
    __default_signal_display                 0x000056fd   Thumb Code    50  defsig_general.o(.text)
    SVC_Count                                0x00005730   Data           4  SVC_Table.o(SVC_TABLE)
    SVC_Table                                0x00005734   Data           0  SVC_Table.o(SVC_TABLE)
    __fclose                                 0x00005735   Thumb Code   124  _fs_fclose.o(i.__fclose)
    __flushbuf                               0x000057b9   Thumb Code   134  _fs_flushbuf.o(i.__flushbuf)
    __fopen                                  0x00005849   Thumb Code   368  _fs_fopen.o(i.__fopen)
    __getfsize                               0x000059c9   Thumb Code   170  _fs_getfsize.o(i.__getfsize)
    __read                                   0x00005a79   Thumb Code   164  _fs_read.o(i.__read)
    __setfpos                                0x00005b25   Thumb Code   234  _fs_setfpos.o(i.__setfpos)
    __write                                  0x00005c19   Thumb Code   252  _fs_write.o(i.__write)
    _fcreate                                 0x00005d1d   Thumb Code   280  _fs_fcreate.o(i._fcreate)
    _fdelete                                 0x00005e35   Thumb Code   130  _fs_fdelete.o(i._fdelete)
    _ffind                                   0x00005eb9   Thumb Code   200  _fs_ffind.o(i._ffind)
    _init_box                                0x00005f81   Thumb Code    70  rt_membox.o(i._init_box)
    dbg_init                                 0x00006469   Thumb Code    36  hal_cm3.o(i.dbg_init)
    dbg_task_notify                          0x00006495   Thumb Code    32  hal_cm3.o(i.dbg_task_notify)
    dbg_task_switch                          0x000064b5   Thumb Code    16  hal_cm3.o(i.dbg_task_switch)
    fat_close_write                          0x00006579   Thumb Code   164  fs_fat.o(i.fat_close_write)
    fat_create                               0x00006621   Thumb Code    78  fs_fat.o(i.fat_create)
    fat_delete                               0x00006675   Thumb Code    90  fs_fat.o(i.fat_delete)
    fat_ffind                                0x000066d5   Thumb Code    60  fs_fat.o(i.fat_ffind)
    fat_find_file                            0x00006795   Thumb Code    70  fs_fat.o(i.fat_find_file)
    fat_init                                 0x000067e1   Thumb Code    20  fs_fat.o(i.fat_init)
    fat_read                                 0x000067f5   Thumb Code   176  fs_fat.o(i.fat_read)
    fat_set_fpos                             0x000068a9   Thumb Code    98  fs_fat.o(i.fat_set_fpos)
    fat_write                                0x00006911   Thumb Code   216  fs_fat.o(i.fat_write)
    ffind                                    0x000069ed   Thumb Code   486  fs_ffind.o(i.ffind)
    _fgetc$unlocked                          0x00006be9   Thumb Code    24  fgetc.o(i.fgetc)
    finit                                    0x00006c09   Thumb Code    46  fs_finit.o(i.finit)
    fn_cmp                                   0x00006c45   Thumb Code    30  fs_lib.o(i.fn_cmp)
    fs_AllocBlock                            0x00006c63   Thumb Code   162  _fs_flashio.o(i.fs_AllocBlock)
    fs_BlockFull                             0x00006d05   Thumb Code    92  _fs_flashio.o(i.fs_BlockFull)
    fs_BlockInvalid                          0x00006d61   Thumb Code    48  _fs_flashio.o(i.fs_BlockInvalid)
    fs_EraseSector                           0x00006d91   Thumb Code     4  fs_flashprg.o(i.fs_EraseSector)
    fs_Find_File                             0x00006d95   Thumb Code   172  _fs_flashio.o(i.fs_Find_File)
    fs_Init                                  0x00006e41   Thumb Code     4  fs_flashprg.o(i.fs_Init)
    fs_InitBlock                             0x00006e45   Thumb Code    68  _fs_flashio.o(i.fs_InitBlock)
    fs_ProgramPage                           0x00006e95   Thumb Code     4  fs_flashprg.o(i.fs_ProgramPage)
    fs_ReadBlock                             0x00006e99   Thumb Code    28  _fs_flashio.o(i.fs_ReadBlock)
    fs_ReadData                              0x00006eb5   Thumb Code    18  fs_lib.o(i.fs_ReadData)
    fs_WriteBlock                            0x00006ec7   Thumb Code    58  _fs_flashio.o(i.fs_WriteBlock)
    fs_WriteData                             0x00006f01   Thumb Code    16  fs_lib.o(i.fs_WriteData)
    fs_adr_sig                               0x00006f11   Thumb Code    22  _fs_flashio.o(i.fs_adr_sig)
    fs_check_fwopen                          0x00006f29   Thumb Code    56  _fs_flashio.o(i.fs_check_fwopen)
    fs_find_iob                              0x00006f69   Thumb Code    42  fs_lib.o(i.fs_find_iob)
    fs_get_date                              0x00006f9d   Thumb Code     4  fs_time.o(i.fs_get_date)
    fs_get_drive                             0x00006fa5   Thumb Code    80  fs_lib.o(i.fs_get_drive)
    fs_get_freeID                            0x00006ff5   Thumb Code    82  _fs_flashio.o(i.fs_get_freeID)
    fs_get_freeMem                           0x00007047   Thumb Code    56  _fs_flashio.o(i.fs_get_freeMem)
    fs_get_time                              0x0000707f   Thumb Code     6  fs_time.o(i.fs_get_time)
    fs_mark_fileMem                          0x00007085   Thumb Code   122  _fs_flashio.o(i.fs_mark_fileMem)
    fs_mark_freeMem                          0x000070ff   Thumb Code    62  _fs_flashio.o(i.fs_mark_freeMem)
    fs_rd_alloc                              0x0000713d   Thumb Code    36  _fs_flashio.o(i.fs_rd_alloc)
    fs_rd_sig                                0x00007161   Thumb Code    32  _fs_flashio.o(i.fs_rd_sig)
    fs_set_params                            0x00007181   Thumb Code    70  fs_lib.o(i.fs_set_params)
    fs_spi_EraseSector                       0x000071e9   Thumb Code     4  fs_flashprg.o(i.fs_spi_EraseSector)
    fs_spi_Init                              0x000071ed   Thumb Code     4  fs_flashprg.o(i.fs_spi_Init)
    fs_spi_ProgramPage                       0x000071f1   Thumb Code     4  fs_flashprg.o(i.fs_spi_ProgramPage)
    fs_spi_ReadData                          0x000071f5   Thumb Code     4  fs_flashprg.o(i.fs_spi_ReadData)
    fs_strpos                                0x000071f9   Thumb Code    26  fs_lib.o(i.fs_strpos)
    mmc_init                                 0x00007ab5   Thumb Code   432  fs_mmc.o(i.mmc_init)
    mmc_read_sect                            0x00007cd9   Thumb Code    86  fs_mmc.o(i.mmc_read_sect)
    mmc_write_sect                           0x00007dc5   Thumb Code    86  fs_mmc.o(i.mmc_write_sect)
    rt_alloc_box                             0x00007f2d   Thumb Code    28  rt_membox.o(i.rt_alloc_box)
    rt_block                                 0x00007f49   Thumb Code    48  rt_task.o(i.rt_block)
    rt_chk_robin                             0x00007f81   Thumb Code    58  rt_robin.o(i.rt_chk_robin)
    rt_dec_dly                               0x00007fc9   Thumb Code   106  rt_list.o(i.rt_dec_dly)
    rt_dispatch                              0x0000803d   Thumb Code    60  rt_task.o(i.rt_dispatch)
    rt_dly_wait                              0x00008081   Thumb Code     6  rt_time.o(i.rt_dly_wait)
    rt_evt_psh                               0x00008089   Thumb Code    72  rt_event.o(i.rt_evt_psh)
    rt_free_box                              0x000080d5   Thumb Code    32  rt_membox.o(i.rt_free_box)
    rt_get_first                             0x000080f5   Thumb Code    40  rt_list.o(i.rt_get_first)
    rt_init_robin                            0x00008161   Thumb Code    14  rt_robin.o(i.rt_init_robin)
    rt_init_stack                            0x00008179   Thumb Code    70  hal_cm3.o(i.rt_init_stack)
    rt_mbx_psh                               0x000081c9   Thumb Code   188  rt_mailbox.o(i.rt_mbx_psh)
    rt_mut_init                              0x00008289   Thumb Code    16  rt_mutex.o(i.rt_mut_init)
    rt_mut_release                           0x00008299   Thumb Code   164  rt_mutex.o(i.rt_mut_release)
    rt_mut_wait                              0x00008345   Thumb Code    96  rt_mutex.o(i.rt_mut_wait)
    rt_pop_req                               0x000083a9   Thumb Code   114  rt_system.o(i.rt_pop_req)
    rt_put_dly                               0x0000842d   Thumb Code    68  rt_list.o(i.rt_put_dly)
    rt_put_prio                              0x00008475   Thumb Code    54  rt_list.o(i.rt_put_prio)
    rt_put_rdy_first                         0x000084ad   Thumb Code    14  rt_list.o(i.rt_put_rdy_first)
    rt_resort_prio                           0x000084c1   Thumb Code    46  rt_list.o(i.rt_resort_prio)
    rt_rmv_dly                               0x000084f5   Thumb Code    40  rt_list.o(i.rt_rmv_dly)
    rt_rmv_list                              0x0000851d   Thumb Code    44  rt_list.o(i.rt_rmv_list)
    rt_sem_psh                               0x0000854d   Thumb Code    46  rt_semaphore.o(i.rt_sem_psh)
    rt_stk_check                             0x00008581   Thumb Code    28  rt_system.o(i.rt_stk_check)
    rt_switch_req                            0x000085a5   Thumb Code    30  rt_task.o(i.rt_switch_req)
    rt_sys_init                              0x000085cd   Thumb Code   214  rt_task.o(i.rt_sys_init)
    rt_systick                               0x000086ed   Thumb Code    48  rt_system.o(i.rt_systick)
    rt_tmr_tick                              0x00008729   Thumb Code    56  rt_timer.o(i.rt_tmr_tick)
    rt_tsk_create                            0x00008769   Thumb Code   122  rt_task.o(i.rt_tsk_create)
    rt_tsk_delete                            0x000087f9   Thumb Code   146  rt_task.o(i.rt_tsk_delete)
    rt_tsk_self                              0x000088a5   Thumb Code    12  rt_task.o(i.rt_tsk_self)
    __stdin_name                             0x000092c0   Data           6  retarget.o(.constdata)
    __stdout_name                            0x000092c6   Data           7  retarget.o(.constdata)
    __stderr_name                            0x000092cd   Data           7  retarget.o(.constdata)
    _NFILE                                   0x000092d4   Data           2  file_config.o(.constdata)
    _DEF_DRIVE                               0x000092d6   Data           2  file_config.o(.constdata)
    _CPU_CLK                                 0x000092d8   Data           4  file_config.o(.constdata)
    FlashDev                                 0x000092dc   Data           8  file_config.o(.constdata)
    _FlashNumSect                            0x000092e4   Data           2  file_config.o(.constdata)
    _BlockFREE                               0x000092e8   Data           4  file_config.o(.constdata)
    _BASE_ADR                                0x000092ec   Data           4  file_config.o(.constdata)
    SpiDev                                   0x000092f0   Data           8  file_config.o(.constdata)
    _SpiNumSect                              0x000092f8   Data           2  file_config.o(.constdata)
    _SpiBlFREE                               0x000092fc   Data           4  file_config.o(.constdata)
    RamDev                                   0x00009300   Data           8  file_config.o(.constdata)
    _RamNumSect                              0x00009308   Data           2  file_config.o(.constdata)
    _MC_CSIZE                                0x0000930a   Data           2  file_config.o(.constdata)
    os_maxtaskrun                            0x00009344   Data           2  rtx_config.o(.constdata)
    os_stackinfo                             0x00009348   Data           4  rtx_config.o(.constdata)
    os_rrobin                                0x0000934c   Data           4  rtx_config.o(.constdata)
    os_trv                                   0x00009350   Data           4  rtx_config.o(.constdata)
    os_flags                                 0x00009354   Data           1  rtx_config.o(.constdata)
    os_clockrate                             0x00009358   Data           4  rtx_config.o(.constdata)
    os_timernum                              0x0000935c   Data           4  rtx_config.o(.constdata)
    mp_tcb_size                              0x00009360   Data           2  rtx_config.o(.constdata)
    mp_stk_size                              0x00009364   Data           4  rtx_config.o(.constdata)
    os_fifo_size                             0x00009368   Data           1  rtx_config.o(.constdata)
    mp_tmr_size                              0x0000936a   Data           2  rtx_config.o(.constdata)
    Region$$Table$$Base                      0x000098dc   Number         0  anon$$obj.o(Region$$Table)
    Region$$Table$$Limit                     0x000098fc   Number         0  anon$$obj.o(Region$$Table)
    g_sSample                                0x20000038   Data           8  sound.o(.data)
    event                                    0x2000005c   Data           1  main.o(.data)
    psFileObject                             0x200000c0   Data          14  main.o(.data)
    g_sCmdTable                              0x200000d0   Data         120  main.o(.data)
    Fptr                                     0x2000014c   Data           4  main.o(.data)
    g_ulMaxBufferSize                        0x20000154   Data           4  main.o(.data)
    tskID2                                   0x20000164   Data           4  main.o(.data)
    tskID3                                   0x20000168   Data           4  main.o(.data)
    m_tmr                                    0x2000016c   Data           4  rtx_config.o(.data)
    os_tsk                                   0x20000174   Data           8  rt_task.o(.data)
    os_time                                  0x2000017c   Data           2  rt_time.o(.data)
    dbg_msg                                  0x2000017e   Data           1  hal_cm3.o(.data)
    os_robin                                 0x20000198   Data           8  rt_robin.o(.data)
    os_tmr                                   0x200001a4   Data           8  rt_timer.o(.data)
    _stream_list_lock                        0x200001ac   Data           4  streamlock.o(.data)
    __aeabi_stdin                            0x200001b0   Data           4  stdio_streams.o(.data)
    __aeabi_stdout                           0x200001b4   Data           4  stdio_streams.o(.data)
    __aeabi_stderr                           0x200001b8   Data           4  stdio_streams.o(.data)
    _iob                                     0x2000066c   Data         832  file_config.o(.bss)
    mc_cache                                 0x200009ac   Data        1024  file_config.o(.bss)
    sDMAControlTable                         0x20001000   Data        1024  hal_system.o(.bss)
    g_songHeader                             0x20002124   Data          20  main.o(.bss)
    mutex                                    0x20002138   Data          12  main.o(.bss)
    mp_tcb                                   0x20003188   Data         300  rtx_config.o(.bss)
    mp_stk                                   0x200032b8   Data        5136  rtx_config.o(.bss)
    os_fifo                                  0x200046c8   Data         132  rtx_config.o(.bss)
    os_active_TCB                            0x2000474c   Data          24  rtx_config.o(.bss)
    mp_tmr                                   0x20004764   Data          44  rtx_config.o(.bss)
    os_idle_TCB                              0x20004a30   Data          48  rt_task.o(.bss)
    os_rdy                                   0x20004bb4   Data          24  rt_list.o(.bss)
    os_dly                                   0x20004bcc   Data          24  rt_list.o(.bss)
    __libspace_start                         0x20004be4   Data          96  libspace.o(.bss)
    __stdin                                  0x20004c44   Data          84  stdio_streams.o(.bss)
    __temporary_stack_top$libspace           0x20004c44   Data           0  libspace.o(.bss)
    __stdout                                 0x20004c98   Data          84  stdio_streams.o(.bss)
    __stderr                                 0x20004cec   Data          84  stdio_streams.o(.bss)



==============================================================================

Memory Map of the image

  Image Entry point : 0x00000279

  Load Region LR_IROM1 (Base: 0x00000000, Size: 0x00009f68, Max: 0x00040000, ABSOLUTE, COMPRESSED[0x00009988])

    Execution Region ER_IROM1 (Base: 0x00000000, Size: 0x000098fc, Max: 0x00040000, ABSOLUTE)

    Base Addr    Size         Type   Attr      Idx    E Section Name        Object

    0x00000000   0x00000278   Code   RO            3    RESET               startup.o
    0x00000278   0x00000008   Code   RO         1901  * !!!main             c_w.l(__main.o)
    0x00000280   0x00000034   Code   RO         2213    !!!scatter          c_w.l(__scatter.o)
    0x000002b4   0x0000005a   Code   RO         2211    !!dczerorl2         c_w.l(__dczerorl2.o)
    0x0000030e   0x00000002   PAD
    0x00000310   0x0000001c   Code   RO         2215    !!handler_zi        c_w.l(__scatter_zi.o)
    0x0000032c   0x00000002   Code   RO         2141    .ARM.Collect$$libinit$$00000000  c_w.l(libinit.o)
    0x0000032e   0x00000000   Code   RO         2050    .ARM.Collect$$libinit$$00000002  c_w.l(libinit2.o)
    0x0000032e   0x00000008   Code   RO         2051    .ARM.Collect$$libinit$$00000003  c_w.l(libinit2.o)
    0x00000336   0x00000000   Code   RO         2053    .ARM.Collect$$libinit$$00000008  c_w.l(libinit2.o)
    0x00000336   0x00000000   Code   RO         2055    .ARM.Collect$$libinit$$0000000A  c_w.l(libinit2.o)
    0x00000336   0x00000000   Code   RO         2057    .ARM.Collect$$libinit$$0000000C  c_w.l(libinit2.o)
    0x00000336   0x00000000   Code   RO         2060    .ARM.Collect$$libinit$$0000000F  c_w.l(libinit2.o)
    0x00000336   0x00000000   Code   RO         2062    .ARM.Collect$$libinit$$00000011  c_w.l(libinit2.o)
    0x00000336   0x00000000   Code   RO         2064    .ARM.Collect$$libinit$$00000013  c_w.l(libinit2.o)
    0x00000336   0x00000000   Code   RO         2066    .ARM.Collect$$libinit$$00000015  c_w.l(libinit2.o)
    0x00000336   0x00000000   Code   RO         2068    .ARM.Collect$$libinit$$00000017  c_w.l(libinit2.o)
    0x00000336   0x00000000   Code   RO         2070    .ARM.Collect$$libinit$$00000019  c_w.l(libinit2.o)
    0x00000336   0x00000000   Code   RO         2072    .ARM.Collect$$libinit$$0000001B  c_w.l(libinit2.o)
    0x00000336   0x00000000   Code   RO         2074    .ARM.Collect$$libinit$$0000001D  c_w.l(libinit2.o)
    0x00000336   0x00000000   Code   RO         2076    .ARM.Collect$$libinit$$0000001F  c_w.l(libinit2.o)
    0x00000336   0x00000000   Code   RO         2078    .ARM.Collect$$libinit$$00000021  c_w.l(libinit2.o)
    0x00000336   0x00000004   Code   RO         2079    .ARM.Collect$$libinit$$00000022  c_w.l(libinit2.o)
    0x0000033a   0x00000000   Code   RO         2080    .ARM.Collect$$libinit$$00000023  c_w.l(libinit2.o)
    0x0000033a   0x00000000   Code   RO         2084    .ARM.Collect$$libinit$$0000002A  c_w.l(libinit2.o)
    0x0000033a   0x00000000   Code   RO         2086    .ARM.Collect$$libinit$$0000002C  c_w.l(libinit2.o)
    0x0000033a   0x00000000   Code   RO         2088    .ARM.Collect$$libinit$$0000002E  c_w.l(libinit2.o)
    0x0000033a   0x00000000   Code   RO         2090    .ARM.Collect$$libinit$$00000030  c_w.l(libinit2.o)
    0x0000033a   0x00000002   Code   RO         2091    .ARM.Collect$$libinit$$00000031  c_w.l(libinit2.o)
    0x0000033c   0x00000002   Code   RO         2196    .ARM.Collect$$libshutdown$$00000000  c_w.l(libshutdown.o)
    0x0000033e   0x00000004   Code   RO         2143    .ARM.Collect$$libshutdown$$00000002  c_w.l(libshutdown2.o)
    0x00000342   0x00000000   Code   RO         2144    .ARM.Collect$$libshutdown$$00000003  c_w.l(libshutdown2.o)
    0x00000342   0x00000000   Code   RO         2147    .ARM.Collect$$libshutdown$$00000006  c_w.l(libshutdown2.o)
    0x00000342   0x00000000   Code   RO         2150    .ARM.Collect$$libshutdown$$00000009  c_w.l(libshutdown2.o)
    0x00000342   0x00000000   Code   RO         2152    .ARM.Collect$$libshutdown$$0000000B  c_w.l(libshutdown2.o)
    0x00000342   0x00000000   Code   RO         2155    .ARM.Collect$$libshutdown$$0000000E  c_w.l(libshutdown2.o)
    0x00000342   0x00000002   Code   RO         2156    .ARM.Collect$$libshutdown$$0000000F  c_w.l(libshutdown2.o)
    0x00000344   0x00000000   Code   RO         1903    .ARM.Collect$$rtentry$$00000000  c_w.l(rtentry.o)
    0x00000344   0x00000000   Code   RO         1986    .ARM.Collect$$rtentry$$00000002  c_w.l(rtentry2.o)
    0x00000344   0x00000006   Code   RO         1998    .ARM.Collect$$rtentry$$00000004  c_w.l(rtentry4.o)
    0x0000034a   0x00000000   Code   RO         1988    .ARM.Collect$$rtentry$$00000009  c_w.l(rtentry2.o)
    0x0000034a   0x00000004   Code   RO         1989    .ARM.Collect$$rtentry$$0000000A  c_w.l(rtentry2.o)
    0x0000034e   0x00000000   Code   RO         1991    .ARM.Collect$$rtentry$$0000000C  c_w.l(rtentry2.o)
    0x0000034e   0x00000008   Code   RO         1992    .ARM.Collect$$rtentry$$0000000D  c_w.l(rtentry2.o)
    0x00000356   0x00000002   Code   RO         2159    .ARM.Collect$$rtexit$$00000000  c_w.l(rtexit.o)
    0x00000358   0x00000000   Code   RO         2178    .ARM.Collect$$rtexit$$00000002  c_w.l(rtexit2.o)
    0x00000358   0x00000004   Code   RO         2179    .ARM.Collect$$rtexit$$00000003  c_w.l(rtexit2.o)
    0x0000035c   0x00000006   Code   RO         2180    .ARM.Collect$$rtexit$$00000004  c_w.l(rtexit2.o)
    0x00000362   0x00000002   PAD
    0x00000364   0x00000026   Code   RO          392    .emb_text           cpu.o
    0x0000038a   0x00000002   PAD
    0x0000038c   0x00000006   Code   RO          497    .emb_text           sysctl.o
    0x00000392   0x00000002   PAD
    0x00000394   0x0000014c   Code   RO          852    .emb_text           RTX_CM3.LIB(hal_cm3.o)
    0x000004e0   0x00000000   Code   RO         2103    .emb_text           c_w.l(maybetermalloc1.o)
    0x000004e0   0x0000001c   Code   RO            4    .text               startup.o
    0x000004fc   0x00000134   Code   RO           11    .text               retarget.o
    0x00000630   0x000000f4   Code   RO           74    .text               spi_lm3s37x8.o
    0x00000724   0x00000094   Code   RO          165    .text               hal_led.o
    0x000007b8   0x000000b8   Code   RO          177    .text               hal_system.o
    0x00000870   0x0000007c   Code   RO          207    .text               cmdline.o
    0x000008ec   0x00000768   Code   RO          227    .text               uartstdio.o
    0x00001054   0x00000908   Code   RO          278    .text               sound.o
    0x0000195c   0x000001c8   Code   RO          309    .text               tlv320aic23b.o
    0x00001b24   0x0000087c   Code   RO          324    .text               main.o
    0x000023a0   0x00000094   Code   RO          357    .text               rtx_config.o
    0x00002434   0x000007b8   Code   RO          419    .text               gpio.o
    0x00002bec   0x0000028c   Code   RO          433    .text               i2c.o
    0x00002e78   0x0000023c   Code   RO          450    .text               i2s.o
    0x000030b4   0x000002ac   Code   RO          465    .text               interrupt.o
    0x00003360   0x00000170   Code   RO          480    .text               ssi.o
    0x000034d0   0x00000ba0   Code   RO          498    .text               sysctl.o
    0x00004070   0x00000308   Code   RO          532    .text               uart.o
    0x00004378   0x00000320   Code   RO          546    .text               udma.o
    0x00004698   0x00000008   Code   RO         1856    .text               c_w.l(libspace.o)
    0x000046a0   0x00000002   Code   RO         1859    .text               c_w.l(use_no_semi.o)
    0x000046a2   0x0000004c   Code   RO         1873    .text               c_w.l(fclose.o)
    0x000046ee   0x00000020   Code   RO         1875    .text               c_w.l(fgetc_locked.o)
    0x0000470e   0x00000002   PAD
    0x00004710   0x00000034   Code   RO         1877    .text               c_w.l(fclose_locked.o)
    0x00004744   0x0000001e   Code   RO         1879    .text               c_w.l(feof_locked.o)
    0x00004762   0x00000002   PAD
    0x00004764   0x00000144   Code   RO         1881    .text               c_w.l(fopen_locked.o)
    0x000048a8   0x00000048   Code   RO         1883    .text               c_w.l(strcpy.o)
    0x000048f0   0x0000003e   Code   RO         1885    .text               c_w.l(strlen.o)
    0x0000492e   0x0000008a   Code   RO         1887    .text               c_w.l(rt_memcpy_v6.o)
    0x000049b8   0x00000064   Code   RO         1889    .text               c_w.l(rt_memcpy_w.o)
    0x00004a1c   0x00000044   Code   RO         1893    .text               c_w.l(rt_memclr.o)
    0x00004a60   0x0000004e   Code   RO         1895    .text               c_w.l(rt_memclr_w.o)
    0x00004aae   0x00000002   PAD
    0x00004ab0   0x00000080   Code   RO         1897    .text               c_w.l(strcmpv7m.o)
    0x00004b30   0x00000006   Code   RO         1899    .text               c_w.l(heapauxi.o)
    0x00004b36   0x0000009e   Code   RO         1916    .text               c_w.l(h1_alloc_mt.o)
    0x00004bd4   0x00000076   Code   RO         1918    .text               c_w.l(h1_free_mt.o)
    0x00004c4a   0x00000240   Code   RO         1970    .text               c_w.l(filbuf.o)
    0x00004e8a   0x00000002   PAD
    0x00004e8c   0x000000f8   Code   RO         1972    .text               c_w.l(fseek.o)
    0x00004f84   0x000000f0   Code   RO         1974    .text               c_w.l(stdio.o)
    0x00005074   0x0000000a   Code   RO         2007    .text               c_w.l(rt_heap_descriptor_twolibspace.o)
    0x0000507e   0x00000004   Code   RO         2009    .text               c_w.l(hguard.o)
    0x00005082   0x0000008a   Code   RO         2011    .text               c_w.l(init_alloc.o)
    0x0000510c   0x00000012   Code   RO         2017    .text               c_w.l(h1_init_mt.o)
    0x0000511e   0x00000046   Code   RO         2029    .text               c_w.l(ftell.o)
    0x00005164   0x00000136   Code   RO         2039    .text               c_w.l(freadfast_locked.o)
    0x0000529a   0x00000002   PAD
    0x0000529c   0x000001c8   Code   RO         2043    .text               c_w.l(initio_locked.o)
    0x00005464   0x0000005c   Code   RO         2045    .text               c_w.l(flushlinebuffered_locked.o)
    0x000054c0   0x0000004a   Code   RO         2092    .text               c_w.l(sys_stackheap_outer.o)
    0x0000550a   0x00000004   Code   RO         2099    .text               c_w.l(rt_errno_addr_twolibspace.o)
    0x0000550e   0x0000003e   Code   RO         2107    .text               c_w.l(h1_extend_mt.o)
    0x0000554c   0x00000090   Code   RO         2113    .text               c_w.l(fflush_locked.o)
    0x000055dc   0x00000068   Code   RO         2115    .text               c_w.l(setvbuf_locked.o)
    0x00005644   0x0000000c   Code   RO         2117    .text               c_w.l(exit.o)
    0x00005650   0x0000000e   Code   RO         2123    .text               c_w.l(defsig_rtred_outer.o)
    0x0000565e   0x0000000e   Code   RO         2127    .text               c_w.l(defsig_rtmem_outer.o)
    0x0000566c   0x0000000a   Code   RO         2165    .text               c_w.l(defsig_exit.o)
    0x00005676   0x00000002   PAD
    0x00005678   0x00000034   Code   RO         2169    .text               c_w.l(defsig_rtred_inner.o)
    0x000056ac   0x00000050   Code   RO         2171    .text               c_w.l(defsig_rtmem_inner.o)
    0x000056fc   0x00000032   Code   RO         2190    .text               c_w.l(defsig_general.o)
    0x0000572e   0x00000002   PAD
    0x00005730   0x00000004   Code   RO         1628    SVC_TABLE           RTX_CM3.LIB(SVC_Table.o)
    0x00005734   0x00000084   Code   RO          630    i.__fclose          FS_CM3.lib(_fs_fclose.o)
    0x000057b8   0x00000090   Code   RO          666    i.__flushbuf        FS_CM3.lib(_fs_flushbuf.o)
    0x00005848   0x00000180   Code   RO          600    i.__fopen           FS_CM3.lib(_fs_fopen.o)
    0x000059c8   0x000000b0   Code   RO          690    i.__getfsize        FS_CM3.lib(_fs_getfsize.o)
    0x00005a78   0x000000ac   Code   RO          642    i.__read            FS_CM3.lib(_fs_read.o)
    0x00005b24   0x000000f4   Code   RO          678    i.__setfpos         FS_CM3.lib(_fs_setfpos.o)
    0x00005c18   0x00000104   Code   RO          654    i.__write           FS_CM3.lib(_fs_write.o)
    0x00005d1c   0x00000118   Code   RO         1268    i._fcreate          FS_CM3.lib(_fs_fcreate.o)
    0x00005e34   0x00000082   Code   RO         1280    i._fdelete          FS_CM3.lib(_fs_fdelete.o)
    0x00005eb6   0x00000002   PAD
    0x00005eb8   0x000000c8   Code   RO         1292    i._ffind            FS_CM3.lib(_fs_ffind.o)
    0x00005f80   0x00000046   Code   RO         1599    i._init_box         RTX_CM3.LIB(rt_membox.o)
    0x00005fc6   0x00000002   PAD
    0x00005fc8   0x000000e0   Code   RO          893    i.alloc_name        FS_CM3.lib(fs_fat.o)
    0x000060a8   0x0000003c   Code   RO          894    i.alloc_new_clus    FS_CM3.lib(fs_fat.o)
    0x000060e4   0x00000064   Code   RO          895    i.cache_fat         FS_CM3.lib(fs_fat.o)
    0x00006148   0x00000070   Code   RO          896    i.check_lfn         FS_CM3.lib(fs_fat.o)
    0x000061b8   0x00000006   Code   RO          897    i.check_name        FS_CM3.lib(fs_fat.o)
    0x000061be   0x00000002   PAD
    0x000061c0   0x000000a8   Code   RO          898    i.chk_dir_empty     FS_CM3.lib(fs_fat.o)
    0x00006268   0x00000040   Code   RO          900    i.clear_clus        FS_CM3.lib(fs_fat.o)
    0x000062a8   0x00000024   Code   RO          901    i.clus_to_sect      FS_CM3.lib(fs_fat.o)
    0x000062cc   0x000000fc   Code   RO          902    i.count_free_clus   FS_CM3.lib(fs_fat.o)
    0x000063c8   0x0000009e   Code   RO          903    i.cvt_fatname       FS_CM3.lib(fs_fat.o)
    0x00006466   0x00000002   PAD
    0x00006468   0x0000002c   Code   RO          853    i.dbg_init          RTX_CM3.LIB(hal_cm3.o)
    0x00006494   0x00000020   Code   RO          854    i.dbg_task_notify   RTX_CM3.LIB(hal_cm3.o)
    0x000064b4   0x00000010   Code   RO          855    i.dbg_task_switch   RTX_CM3.LIB(hal_cm3.o)
    0x000064c4   0x000000b4   Code   RO          904    i.delete_entries    FS_CM3.lib(fs_fat.o)
    0x00006578   0x000000a8   Code   RO          905    i.fat_close_write   FS_CM3.lib(fs_fat.o)
    0x00006620   0x00000054   Code   RO          906    i.fat_create        FS_CM3.lib(fs_fat.o)
    0x00006674   0x00000060   Code   RO          907    i.fat_delete        FS_CM3.lib(fs_fat.o)
    0x000066d4   0x00000040   Code   RO          908    i.fat_ffind         FS_CM3.lib(fs_fat.o)
    0x00006714   0x00000080   Code   RO          909    i.fat_find_dir      FS_CM3.lib(fs_fat.o)
    0x00006794   0x0000004c   Code   RO          910    i.fat_find_file     FS_CM3.lib(fs_fat.o)
    0x000067e0   0x00000014   Code   RO          913    i.fat_init          FS_CM3.lib(fs_fat.o)
    0x000067f4   0x000000b4   Code   RO          914    i.fat_read          FS_CM3.lib(fs_fat.o)
    0x000068a8   0x00000068   Code   RO          916    i.fat_set_fpos      FS_CM3.lib(fs_fat.o)
    0x00006910   0x000000dc   Code   RO          917    i.fat_write         FS_CM3.lib(fs_fat.o)
    0x000069ec   0x000001fc   Code   RO          585    i.ffind             FS_CM3.lib(fs_ffind.o)
    0x00006be8   0x00000018   Code   RO         1866    i.fgetc             c_w.l(fgetc.o)
    0x00006c00   0x00000006   Code   RO          918    i.find_name         FS_CM3.lib(fs_fat.o)
    0x00006c06   0x00000002   PAD
    0x00006c08   0x0000003c   Code   RO          562    i.finit             FS_CM3.lib(fs_finit.o)
    0x00006c44   0x0000001e   Code   RO         1220    i.fn_cmp            FS_CM3.lib(fs_lib.o)
    0x00006c62   0x000000a2   Code   RO         1304    i.fs_AllocBlock     FS_CM3.lib(_fs_flashio.o)
    0x00006d04   0x0000005c   Code   RO         1305    i.fs_BlockFull      FS_CM3.lib(_fs_flashio.o)
    0x00006d60   0x00000030   Code   RO         1306    i.fs_BlockInvalid   FS_CM3.lib(_fs_flashio.o)
    0x00006d90   0x00000004   Code   RO         1398    i.fs_EraseSector    FS_CM3.lib(fs_flashprg.o)
    0x00006d94   0x000000ac   Code   RO         1307    i.fs_Find_File      FS_CM3.lib(_fs_flashio.o)
    0x00006e40   0x00000004   Code   RO         1399    i.fs_Init           FS_CM3.lib(fs_flashprg.o)
    0x00006e44   0x00000050   Code   RO         1308    i.fs_InitBlock      FS_CM3.lib(_fs_flashio.o)
    0x00006e94   0x00000004   Code   RO         1400    i.fs_ProgramPage    FS_CM3.lib(fs_flashprg.o)
    0x00006e98   0x0000001c   Code   RO         1309    i.fs_ReadBlock      FS_CM3.lib(_fs_flashio.o)
    0x00006eb4   0x00000012   Code   RO         1221    i.fs_ReadData       FS_CM3.lib(fs_lib.o)
    0x00006ec6   0x0000003a   Code   RO         1310    i.fs_WriteBlock     FS_CM3.lib(_fs_flashio.o)
    0x00006f00   0x00000010   Code   RO         1222    i.fs_WriteData      FS_CM3.lib(fs_lib.o)
    0x00006f10   0x00000016   Code   RO         1311    i.fs_adr_sig        FS_CM3.lib(_fs_flashio.o)
    0x00006f26   0x00000002   PAD
    0x00006f28   0x00000040   Code   RO         1312    i.fs_check_fwopen   FS_CM3.lib(_fs_flashio.o)
    0x00006f68   0x00000034   Code   RO         1223    i.fs_find_iob       FS_CM3.lib(fs_lib.o)
    0x00006f9c   0x00000008   Code   RO         1683    i.fs_get_date       FS_CM3.lib(fs_time.o)
    0x00006fa4   0x00000050   Code   RO         1224    i.fs_get_drive      FS_CM3.lib(fs_lib.o)
    0x00006ff4   0x00000052   Code   RO         1313    i.fs_get_freeID     FS_CM3.lib(_fs_flashio.o)
    0x00007046   0x00000038   Code   RO         1314    i.fs_get_freeMem    FS_CM3.lib(_fs_flashio.o)
    0x0000707e   0x00000006   Code   RO         1684    i.fs_get_time       FS_CM3.lib(fs_time.o)
    0x00007084   0x0000007a   Code   RO         1315    i.fs_mark_fileMem   FS_CM3.lib(_fs_flashio.o)
    0x000070fe   0x0000003e   Code   RO         1316    i.fs_mark_freeMem   FS_CM3.lib(_fs_flashio.o)
    0x0000713c   0x00000024   Code   RO         1317    i.fs_rd_alloc       FS_CM3.lib(_fs_flashio.o)
    0x00007160   0x00000020   Code   RO         1318    i.fs_rd_sig         FS_CM3.lib(_fs_flashio.o)
    0x00007180   0x00000068   Code   RO         1225    i.fs_set_params     FS_CM3.lib(fs_lib.o)
    0x000071e8   0x00000004   Code   RO         1401    i.fs_spi_EraseSector  FS_CM3.lib(fs_flashprg.o)
    0x000071ec   0x00000004   Code   RO         1402    i.fs_spi_Init       FS_CM3.lib(fs_flashprg.o)
    0x000071f0   0x00000004   Code   RO         1403    i.fs_spi_ProgramPage  FS_CM3.lib(fs_flashprg.o)
    0x000071f4   0x00000004   Code   RO         1404    i.fs_spi_ReadData   FS_CM3.lib(fs_flashprg.o)
    0x000071f8   0x0000001a   Code   RO         1226    i.fs_strpos         FS_CM3.lib(fs_lib.o)
    0x00007212   0x00000002   PAD
    0x00007214   0x0000002c   Code   RO          919    i.get_EOC           FS_CM3.lib(fs_fat.o)
    0x00007240   0x00000088   Code   RO          920    i.get_bootrec       FS_CM3.lib(fs_fat.o)
    0x000072c8   0x0000002c   Code   RO          921    i.get_date          FS_CM3.lib(fs_fat.o)
    0x000072f4   0x0000002c   Code   RO          922    i.get_dir_sect      FS_CM3.lib(fs_fat.o)
    0x00007320   0x00000038   Code   RO          923    i.get_fat_sect      FS_CM3.lib(fs_fat.o)
    0x00007358   0x000000dc   Code   RO          924    i.get_free_clus     FS_CM3.lib(fs_fat.o)
    0x00007434   0x00000088   Code   RO          925    i.get_fsinfo        FS_CM3.lib(fs_fat.o)
    0x000074bc   0x0000004c   Code   RO          926    i.get_mbrec         FS_CM3.lib(fs_fat.o)
    0x00007508   0x000001bc   Code   RO          927    i.get_next_info     FS_CM3.lib(fs_fat.o)
    0x000076c4   0x00000190   Code   RO          928    i.get_nt_name       FS_CM3.lib(fs_fat.o)
    0x00007854   0x00000030   Code   RO          929    i.get_time          FS_CM3.lib(fs_fat.o)
    0x00007884   0x0000000c   Code   RO          930    i.get_u32           FS_CM3.lib(fs_fat.o)
    0x00007890   0x00000114   Code   RO          931    i.init_dev          FS_CM3.lib(fs_fat.o)
    0x000079a4   0x00000038   Code   RO          932    i.is_EOC            FS_CM3.lib(fs_fat.o)
    0x000079dc   0x0000001e   Code   RO          933    i.lfn_calc_chksum   FS_CM3.lib(fs_fat.o)
    0x000079fa   0x000000ba   Code   RO         1631    i.mmc_command       FS_CM3.lib(fs_mmc.o)
    0x00007ab4   0x000001b4   Code   RO         1632    i.mmc_init          FS_CM3.lib(fs_mmc.o)
    0x00007c68   0x00000070   Code   RO         1633    i.mmc_read_block    FS_CM3.lib(fs_mmc.o)
    0x00007cd8   0x0000005c   Code   RO         1636    i.mmc_read_sect     FS_CM3.lib(fs_mmc.o)
    0x00007d34   0x00000090   Code   RO         1637    i.mmc_write_block   FS_CM3.lib(fs_mmc.o)
    0x00007dc4   0x0000005c   Code   RO         1638    i.mmc_write_sect    FS_CM3.lib(fs_mmc.o)
    0x00007e20   0x00000080   Code   RO          934    i.read_cache        FS_CM3.lib(fs_fat.o)
    0x00007ea0   0x00000038   Code   RO          935    i.read_last_entry   FS_CM3.lib(fs_fat.o)
    0x00007ed8   0x00000054   Code   RO          936    i.read_sector       FS_CM3.lib(fs_fat.o)
    0x00007f2c   0x0000001c   Code   RO         1600    i.rt_alloc_box      RTX_CM3.LIB(rt_membox.o)
    0x00007f48   0x00000038   Code   RO          702    i.rt_block          RTX_CM3.LIB(rt_task.o)
    0x00007f80   0x00000048   Code   RO         1577    i.rt_chk_robin      RTX_CM3.LIB(rt_robin.o)
    0x00007fc8   0x00000074   Code   RO         1498    i.rt_dec_dly        RTX_CM3.LIB(rt_list.o)
    0x0000803c   0x00000044   Code   RO          703    i.rt_dispatch       RTX_CM3.LIB(rt_task.o)
    0x00008080   0x00000006   Code   RO          797    i.rt_dly_wait       RTX_CM3.LIB(rt_time.o)
    0x00008086   0x00000002   PAD
    0x00008088   0x0000004c   Code   RO         1704    i.rt_evt_psh        RTX_CM3.LIB(rt_event.o)
    0x000080d4   0x00000020   Code   RO         1601    i.rt_free_box       RTX_CM3.LIB(rt_membox.o)
    0x000080f4   0x00000028   Code   RO         1499    i.rt_get_first      RTX_CM3.LIB(rt_list.o)
    0x0000811c   0x00000044   Code   RO          704    i.rt_init_context   RTX_CM3.LIB(rt_task.o)
    0x00008160   0x00000018   Code   RO         1578    i.rt_init_robin     RTX_CM3.LIB(rt_robin.o)
    0x00008178   0x00000050   Code   RO          856    i.rt_init_stack     RTX_CM3.LIB(hal_cm3.o)
    0x000081c8   0x000000c0   Code   RO         1747    i.rt_mbx_psh        RTX_CM3.LIB(rt_mailbox.o)
    0x00008288   0x00000010   Code   RO          828    i.rt_mut_init       RTX_CM3.LIB(rt_mutex.o)
    0x00008298   0x000000ac   Code   RO          829    i.rt_mut_release    RTX_CM3.LIB(rt_mutex.o)
    0x00008344   0x00000064   Code   RO          830    i.rt_mut_wait       RTX_CM3.LIB(rt_mutex.o)
    0x000083a8   0x00000084   Code   RO         1447    i.rt_pop_req        RTX_CM3.LIB(rt_system.o)
    0x0000842c   0x00000048   Code   RO         1502    i.rt_put_dly        RTX_CM3.LIB(rt_list.o)
    0x00008474   0x00000036   Code   RO         1503    i.rt_put_prio       RTX_CM3.LIB(rt_list.o)
    0x000084aa   0x00000002   PAD
    0x000084ac   0x00000014   Code   RO         1504    i.rt_put_rdy_first  RTX_CM3.LIB(rt_list.o)
    0x000084c0   0x00000034   Code   RO         1505    i.rt_resort_prio    RTX_CM3.LIB(rt_list.o)
    0x000084f4   0x00000028   Code   RO         1506    i.rt_rmv_dly        RTX_CM3.LIB(rt_list.o)
    0x0000851c   0x00000030   Code   RO         1507    i.rt_rmv_list       RTX_CM3.LIB(rt_list.o)
    0x0000854c   0x00000034   Code   RO         1793    i.rt_sem_psh        RTX_CM3.LIB(rt_semaphore.o)
    0x00008580   0x00000024   Code   RO         1449    i.rt_stk_check      RTX_CM3.LIB(rt_system.o)
    0x000085a4   0x00000028   Code   RO          705    i.rt_switch_req     RTX_CM3.LIB(rt_task.o)
    0x000085cc   0x00000120   Code   RO          706    i.rt_sys_init       RTX_CM3.LIB(rt_task.o)
    0x000086ec   0x0000003c   Code   RO         1450    i.rt_systick        RTX_CM3.LIB(rt_system.o)
    0x00008728   0x00000040   Code   RO         1829    i.rt_tmr_tick       RTX_CM3.LIB(rt_timer.o)
    0x00008768   0x00000090   Code   RO          707    i.rt_tsk_create     RTX_CM3.LIB(rt_task.o)
    0x000087f8   0x000000ac   Code   RO          708    i.rt_tsk_delete     RTX_CM3.LIB(rt_task.o)
    0x000088a4   0x00000010   Code   RO          711    i.rt_tsk_self       RTX_CM3.LIB(rt_task.o)
    0x000088b4   0x00000230   Code   RO          938    i.search_for_name   FS_CM3.lib(fs_fat.o)
    0x00008ae4   0x0000008c   Code   RO          939    i.set_next_clus     FS_CM3.lib(fs_fat.o)
    0x00008b70   0x00000008   Code   RO          940    i.set_u16           FS_CM3.lib(fs_fat.o)
    0x00008b78   0x00000010   Code   RO          941    i.set_u32           FS_CM3.lib(fs_fat.o)
    0x00008b88   0x00000130   Code   RO          942    i.unlink_clus_chain  FS_CM3.lib(fs_fat.o)
    0x00008cb8   0x00000012   Code   RO          943    i.val_char          FS_CM3.lib(fs_fat.o)
    0x00008cca   0x0000003c   Code   RO          944    i.val_char_sn       FS_CM3.lib(fs_fat.o)
    0x00008d06   0x00000002   PAD
    0x00008d08   0x0000008c   Code   RO          946    i.write_cache       FS_CM3.lib(fs_fat.o)
    0x00008d94   0x000000ec   Code   RO          947    i.write_dot_entries  FS_CM3.lib(fs_fat.o)
    0x00008e80   0x000002cc   Code   RO          948    i.write_entries     FS_CM3.lib(fs_fat.o)
    0x0000914c   0x000000e4   Code   RO          949    i.write_fat_link    FS_CM3.lib(fs_fat.o)
    0x00009230   0x00000070   Code   RO          950    i.write_fsinfo      FS_CM3.lib(fs_fat.o)
    0x000092a0   0x00000020   Code   RO          953    i.write_sector      FS_CM3.lib(fs_fat.o)
    0x000092c0   0x00000014   Data   RO           12    .constdata          retarget.o
    0x000092d4   0x00000038   Data   RO           48    .constdata          file_config.o
    0x0000930c   0x00000028   Data   RO          229    .constdata          uartstdio.o
    0x00009334   0x0000000d   Data   RO          310    .constdata          tlv320aic23b.o
    0x00009341   0x00000003   PAD
    0x00009344   0x00000028   Data   RO          359    .constdata          rtx_config.o
    0x0000936c   0x00000078   Data   RO          420    .constdata          gpio.o
    0x000093e4   0x00000030   Data   RO          434    .constdata          i2c.o
    0x00009414   0x00000104   Data   RO          466    .constdata          interrupt.o
    0x00009518   0x00000020   Data   RO          481    .constdata          ssi.o
    0x00009538   0x000001c4   Data   RO          499    .constdata          sysctl.o
    0x000096fc   0x00000040   Data   RO          533    .constdata          uart.o
    0x0000973c   0x000000a9   Data   RO          955    .constdata          FS_CM3.lib(fs_fat.o)
    0x000097e5   0x00000011   Data   RO          230    .conststring        uartstdio.o
    0x000097f6   0x000000e3   Data   RO          326    .conststring        main.o
    0x000098d9   0x00000003   PAD
    0x000098dc   0x00000020   Data   RO         2209    Region$$Table       anon$$obj.o


    Execution Region RW_IRAM1 (Base: 0x20000000, Size: 0x00006140, Max: 0x00018000, ABSOLUTE, COMPRESSED[0x0000008c])

    Base Addr    Size         Type   Attr      Idx    E Section Name        Object

    0x20000000   0x0000001c   Data   RW          231    .data               uartstdio.o
    0x2000001c   0x0000003c   Data   RW          280    .data               sound.o
    0x20000058   0x00000002   Data   RW          311    .data               tlv320aic23b.o
    0x2000005a   0x00000002   PAD
    0x2000005c   0x00000110   Data   RW          327    .data               main.o
    0x2000016c   0x00000008   Data   RW          360    .data               rtx_config.o
    0x20000174   0x00000008   Data   RW          713    .data               RTX_CM3.LIB(rt_task.o)
    0x2000017c   0x00000002   Data   RW          800    .data               RTX_CM3.LIB(rt_time.o)
    0x2000017e   0x00000001   Data   RW          857    .data               RTX_CM3.LIB(hal_cm3.o)
    0x2000017f   0x00000001   PAD
    0x20000180   0x00000014   Data   RW          956    .data               FS_CM3.lib(fs_fat.o)
    0x20000194   0x00000002   Data   RW         1453    .data               RTX_CM3.LIB(rt_system.o)
    0x20000196   0x00000002   PAD
    0x20000198   0x00000008   Data   RW         1579    .data               RTX_CM3.LIB(rt_robin.o)
    0x200001a0   0x00000001   Data   RW         1639    .data               FS_CM3.lib(fs_mmc.o)
    0x200001a1   0x00000003   PAD
    0x200001a4   0x00000008   Data   RW         1830    .data               RTX_CM3.LIB(rt_timer.o)
    0x200001ac   0x00000004   Data   RW         1976    .data               c_w.l(streamlock.o)
    0x200001b0   0x00000004   Data   RW         1980    .data               c_w.l(stdio_streams.o)
    0x200001b4   0x00000004   Data   RW         1981    .data               c_w.l(stdio_streams.o)
    0x200001b8   0x00000004   Data   RW         1982    .data               c_w.l(stdio_streams.o)
    0x200001bc   0x00000244   PAD
    0x20000400   0x0000026c   Data   RW          467    vtable              interrupt.o
    0x2000066c   0x00000740   Zero   RW           47    .bss                file_config.o
    0x20000dac   0x00000254   PAD
    0x20001000   0x00000400   Zero   RW          178    .bss                hal_system.o
    0x20001400   0x00000024   Zero   RW          208    .bss                cmdline.o
    0x20001424   0x00000480   Zero   RW          228    .bss                uartstdio.o
    0x200018a4   0x00000830   Zero   RW          279    .bss                sound.o
    0x200020d4   0x000010b0   Zero   RW          325    .bss                main.o
    0x20003184   0x00000004   PAD
    0x20003188   0x000018a8   Zero   RW          358    .bss                rtx_config.o
    0x20004a30   0x00000030   Zero   RW          712    .bss                RTX_CM3.LIB(rt_task.o)
    0x20004a60   0x00000154   Zero   RW          954    .bss                FS_CM3.lib(fs_fat.o)
    0x20004bb4   0x00000030   Zero   RW         1508    .bss                RTX_CM3.LIB(rt_list.o)
    0x20004be4   0x00000060   Zero   RW         1857    .bss                c_w.l(libspace.o)
    0x20004c44   0x00000054   Zero   RW         1977    .bss                c_w.l(stdio_streams.o)
    0x20004c98   0x00000054   Zero   RW         1978    .bss                c_w.l(stdio_streams.o)
    0x20004cec   0x00000054   Zero   RW         1979    .bss                c_w.l(stdio_streams.o)
    0x20004d40   0x00001000   Zero   RW            2    HEAP                startup.o
    0x20005d40   0x00000400   Zero   RW            1    STACK               startup.o


==============================================================================

Image component sizes


      Code (inc. data)   RO Data    RW Data    ZI Data      Debug   Object Name

       124         10          0          0         36       1475   cmdline.o
        38          0          0          0          0        504   cpu.o
         0          0         56          0       1856       8982   file_config.o
      1976         48        120          0          0      10673   gpio.o
       148          8          0          0          0       1097   hal_led.o
       184         34          0          0       1024      14643   hal_system.o
       652         32         48          0          0       8616   i2c.o
       572          0          0          0          0       4999   i2s.o
       684         42        260        620          0       3780   interrupt.o
      2172        622        227        272       4272       8886   main.o
       308         28         20          0          0      10253   retarget.o
       148         26         40          8       6312       2776   rtx_config.o
      2312        248          0         60       2096       7344   sound.o
       244         20          0          0          0       4156   spi_lm3s37x8.o
       368          4         32          0          0       4815   ssi.o
       660        640          0          0       5120        364   startup.o
      2982        188        452          0          0      11383   sysctl.o
       456         24         13          2          0       4309   tlv320aic23b.o
       776          6         64          0          0       9824   uart.o
      1896        102         57         28       1152       7697   uartstdio.o
       800         18          0          0          0      16149   udma.o

    ----------------------------------------------------------------------
     17504       2100       1427        992      22468     142725   Object Totals
         0          0         32          0          0          0   (incl. Generated)
         4          0          6          2        600          0   (incl. Padding)

    ----------------------------------------------------------------------

      Code (inc. data)   RO Data    RW Data    ZI Data      Debug   Library Member Name

       132          8          0          0          0        843   _fs_fclose.o
       280          0          0          0          0       1247   _fs_fcreate.o
       130          0          0          0          0        959   _fs_fdelete.o
       200          0          0          0          0       1149   _fs_ffind.o
      1116         20          0          0          0       9700   _fs_flashio.o
       144         10          0          0          0        793   _fs_flushbuf.o
       384         16          0          0          0       9879   _fs_fopen.o
       176          6          0          0          0       1193   _fs_getfsize.o
       172          8          0          0          0       1165   _fs_read.o
       244         10          0          0          0       1276   _fs_setfpos.o
       260          8          0          0          0       1162   _fs_write.o
      7366        368        169         20        340      37881   fs_fat.o
       508         22          0          0          0       1576   fs_ffind.o
        60         14          0          0          0       8881   fs_finit.o
        28          0          0          0          0       3270   fs_flashprg.o
       326         44          0          0          0       3899   fs_lib.o
      1062         30          0          1          0       5416   fs_mmc.o
        14          4          0          0          0        792   fs_time.o
         4          4          0          0          0        128   SVC_Table.o
       504         52          0          1          0       2505   hal_cm3.o
        76          4          0          0          0        585   rt_event.o
       442         30          0          0         48       4254   rt_list.o
       192          4          0          0          0        733   rt_mailbox.o
       130          0          0          0          0       1681   rt_membox.o
       288         12          0          0          0       1733   rt_mutex.o
        96         24          0          8          0        930   rt_robin.o
        52          6          0          0          0        505   rt_semaphore.o
       228         38          0          2          0       1477   rt_system.o
       852        156          0          8         48       6734   rt_task.o
         6          0          0          2          0        512   rt_time.o
        64          8          0          8          0        563   rt_timer.o
        90          0          0          0          0          0   __dczerorl2.o
         8          0          0          0          0         68   __main.o
        52          8          0          0          0          0   __scatter.o
        28          0          0          0          0          0   __scatter_zi.o
        10          0          0          0          0         68   defsig_exit.o
        50          0          0          0          0         88   defsig_general.o
        80         58          0          0          0         76   defsig_rtmem_inner.o
        14          0          0          0          0         80   defsig_rtmem_outer.o
        52         38          0          0          0         76   defsig_rtred_inner.o
        14          0          0          0          0         80   defsig_rtred_outer.o
        12          0          0          0          0         72   exit.o
        76          0          0          0          0         88   fclose.o
        52          6          0          0          0         80   fclose_locked.o
        30          0          0          0          0         80   feof_locked.o
       144         10          0          0          0        128   fflush_locked.o
        24          0          0          0          0         68   fgetc.o
        32          0          0          0          0         80   fgetc_locked.o
       576          0          0          0          0        132   filbuf.o
        92          8          0          0          0         88   flushlinebuffered_locked.o
       324          8          0          0          0        152   fopen_locked.o
       310          0          0          0          0         96   freadfast_locked.o
       248          6          0          0          0         84   fseek.o
        70          0          0          0          0         76   ftell.o
       158          0          0          0          0        128   h1_alloc_mt.o
        62          0          0          0          0         80   h1_extend_mt.o
       118          0          0          0          0        108   h1_free_mt.o
        18          0          0          0          0         84   h1_init_mt.o
         6          0          0          0          0        152   heapauxi.o
         4          0          0          0          0        136   hguard.o
       138          0          0          0          0        168   init_alloc.o
       456         48          0          0          0        116   initio_locked.o
         2          0          0          0          0          0   libinit.o
        14          0          0          0          0          0   libinit2.o
         2          0          0          0          0          0   libshutdown.o
         6          0          0          0          0          0   libshutdown2.o
         8          4          0          0         96         68   libspace.o
         0          0          0          0          0          0   maybetermalloc1.o
         4          0          0          0          0         68   rt_errno_addr_twolibspace.o
        10          0          0          0          0         76   rt_heap_descriptor_twolibspace.o
        68          0          0          0          0         68   rt_memclr.o
        78          0          0          0          0         80   rt_memclr_w.o
       138          0          0          0          0         68   rt_memcpy_v6.o
       100          0          0          0          0         80   rt_memcpy_w.o
         0          0          0          0          0          0   rtentry.o
        12          0          0          0          0          0   rtentry2.o
         6          0          0          0          0          0   rtentry4.o
         2          0          0          0          0          0   rtexit.o
        10          0          0          0          0          0   rtexit2.o
       104          0          0          0          0         88   setvbuf_locked.o
       240          6          0          0          0        156   stdio.o
         0          0          0         12        252          0   stdio_streams.o
       128          0          0          0          0         68   strcmpv7m.o
        72          0          0          0          0         80   strcpy.o
         0          0          0          4          0          0   streamlock.o
        62          0          0          0          0         76   strlen.o
        74          0          0          0          0         80   sys_stackheap_outer.o
         2          0          0          0          0         68   use_no_semi.o

    ----------------------------------------------------------------------
     20064       1106        169        652        784     117277   Library Totals
        38          0          0        586          0          0   (incl. Padding)

    ----------------------------------------------------------------------

      Code (inc. data)   RO Data    RW Data    ZI Data      Debug   Library Name

     12602        568        169         21        340      91081   FS_CM3.lib
      2934        338          0         29         96      22340   RTX_CM3.LIB
      4490        200          0         16        348       3856   c_w.l

    ----------------------------------------------------------------------
     20064       1106        169        652        784     117277   Library Totals

    ----------------------------------------------------------------------

==============================================================================


      Code (inc. data)   RO Data    RW Data    ZI Data      Debug   

     37568       3206       1596       1644      23252     248718   Grand Totals
     37568       3206       1596        140      23252     248718   ELF Image Totals (compressed)
     37568       3206       1596        140          0          0   ROM Totals

==============================================================================

    Total RO  Size (Code + RO Data)                39164 (  38.25kB)
    Total RW  Size (RW Data + ZI Data)             24896 (  24.31kB)
    Total ROM Size (Code + RO Data + RW Data)      39304 (  38.38kB)

==============================================================================

