Product: MDK-ARM Professional 5.10
Component: ARM Compiler 5.04 update 1 (build 49)
Tool: armlink [5040049]

==============================================================================

Section Cross References

    main.o(.text) refers to _printf_percent.o(.ARM.Collect$$_printf_percent$$00000000) for _printf_percent
    main.o(.text) refers to _printf_f.o(.ARM.Collect$$_printf_percent$$00000003) for _printf_f
    main.o(.text) refers to printf1.o(x$fpl$printf1) for _printf_fp_dec
    main.o(.text) refers to daddsub_clz.o(x$fpl$dadd) for __aeabi_dadd
    main.o(.text) refers to __2printf.o(.text) for __2printf
    main.o(.text) refers to retarget.o(i.mkdir) for mkdir
    main.o(.text) refers to fopen.o(.text) for fopen
    main.o(.text) refers to error.o(i.error) for error
    main.o(.text) refers to FunctionPointer.o(i._ZN4mbed15FunctionPointer6attachEPFvvE) for mbed::FunctionPointer::attach(void(*)())
    main.o(.text) refers to Ticker.o(i._ZN4mbed6Ticker5setupEy) for mbed::Ticker::setup(unsigned long long)
    main.o(.text) refers to __2fprintf.o(.text) for __2fprintf
    main.o(.text) refers to wait_api.o(i.wait_us) for wait_us
    main.o(.text) refers to dleqf.o(x$fpl$dleqf) for __aeabi_cdcmple
    main.o(.text) refers to fclose.o(.text) for fclose
    main.o(.text) refers to Ticker.o(i._ZN4mbed6Ticker6detachEv) for mbed::Ticker::detach()
    main.o(.text) refers to sdfilesystem.o(.text) for SDFileSystem::SDFileSystem(PinName, PinName, PinName, PinName, const char*)
    main.o(.text) refers to aeabi_atexit.o(i.__aeabi_atexit) for __aeabi_atexit
    main.o(.text) refers to TimerEvent.o(i._ZN4mbed10TimerEventC2Ev) for mbed::TimerEvent::TimerEvent__sub_object()
    main.o(.text) refers to FunctionPointer.o(i._ZN4mbed15FunctionPointerC1EPFvvE) for mbed::FunctionPointer::FunctionPointer(void(*)())
    main.o(.text) refers to main.o(.data) for timer
    main.o(.text) refers to main.o(.bss) for ticker
    main.o(.text) refers to main.o(.conststring) for .conststring
    main.o(.text) refers to main.o(i._ZN12SDFileSystemD1Ev) for SDFileSystem::~SDFileSystem()
    main.o(.text) refers to Ticker.o(.constdata__ZTVN4mbed6TickerE) for vtable for mbed::Ticker
    main.o(.text) refers to Ticker.o(i._ZN4mbed6TickerD1Ev) for mbed::Ticker::~Ticker()
    main.o(.ARM.exidx) refers to main.o(.text) for .text
    main.o(.init_array) refers to main.o(.text) for __sti___8_main_cpp_sd
    main.o(.init_array) refers to init_aeabi.o(.text) for __cpp_initialize__aeabi_
    sdfilesystem.o(.text) refers to c89vfprintf.o(.text) for __c89vfprintf
    sdfilesystem.o(.text) refers to fatfilesystem.o(.text) for FATFileSystem::FATFileSystem__sub_object(const char*)
    sdfilesystem.o(.text) refers to SPI.o(i._ZN4mbed3SPIC1E7PinNameS1_S1_S1_) for mbed::SPI::SPI(PinName, PinName, PinName, PinName)
    sdfilesystem.o(.text) refers to rt_memclr_w.o(.text) for __aeabi_memclr4
    sdfilesystem.o(.text) refers to gpio.o(i.gpio_init_out) for gpio_init_out
    sdfilesystem.o(.text) refers to sdfilesystem.o(i._ZN4mbed10DigitalOutaSEi) for mbed::DigitalOut::operator =(int)
    sdfilesystem.o(.text) refers to SPI.o(i._ZN4mbed3SPI5writeEi) for mbed::SPI::write(int)
    sdfilesystem.o(.text) refers to stdio_streams.o(.bss) for __stderr
    sdfilesystem.o(.text) refers to sdfilesystem.o(.constdata__ZTV12SDFileSystem) for vtable for SDFileSystem
    sdfilesystem.o(.text) refers to wait_api.o(i.wait_ms) for wait_ms
    sdfilesystem.o(.text) refers to SPI.o(i._ZN4mbed3SPI9frequencyEi) for mbed::SPI::frequency(int)
    sdfilesystem.o(.ARM.exidx) refers to sdfilesystem.o(.text) for .text
    fatfilesystem.o(.text) refers to _printf_percent.o(.ARM.Collect$$_printf_percent$$00000000) for _printf_percent
    fatfilesystem.o(.text) refers to _printf_d.o(.ARM.Collect$$_printf_percent$$00000009) for _printf_d
    fatfilesystem.o(.text) refers to _printf_s.o(.ARM.Collect$$_printf_percent$$00000014) for _printf_s
    fatfilesystem.o(.text) refers to _printf_dec.o(.text) for _printf_int_dec
    fatfilesystem.o(.text) refers to _printf_str.o(.text) for _printf_str
    fatfilesystem.o(.text) refers to c89vfprintf.o(.text) for __c89vfprintf
    fatfilesystem.o(.text) refers to rtc_time.o(i.time) for time
    fatfilesystem.o(.text) refers to localtime.o(.text) for localtime
    fatfilesystem.o(.text) refers to FileSystemLike.o(i._ZN4mbed14FileSystemLikeC2EPKc) for mbed::FileSystemLike::FileSystemLike__sub_object(const char*)
    fatfilesystem.o(.text) refers to ff.o(.text) for f_mount
    fatfilesystem.o(.text) refers to error.o(i.error) for error
    fatfilesystem.o(.text) refers to FileSystemLike.o(i._ZN4mbed14FileSystemLikeD2Ev) for mbed::FileSystemLike::~FileSystemLike__sub_object()
    fatfilesystem.o(.text) refers to delete.o(i._ZdlPv) for operator delete (void*)
    fatfilesystem.o(.text) refers to __2sprintf.o(.text) for __2sprintf
    fatfilesystem.o(.text) refers to new.o(i._Znwj) for operator new(unsigned)
[...]
    time()                                   0x00000301   Thumb Code    46  main.o(.text)
    $Super$$main                             0x0000032f   Thumb Code   170  main.o(.text)
    SDFileSystem::SDFileSystem(PinName, PinName, PinName, PinName, const char*) 0x00000537   Thumb Code    96  sdfilesystem.o(.text)
    SDFileSystem::SDFileSystem__sub_object(PinName, PinName, PinName, PinName, const char*) 0x00000537   Thumb Code     0  sdfilesystem.o(.text)
    SDFileSystem::_cmd(int, int)             0x00000597   Thumb Code   166  sdfilesystem.o(.text)
    SDFileSystem::_read(unsigned char*, unsigned) 0x0000063d   Thumb Code   104  sdfilesystem.o(.text)
    SDFileSystem::_cmdx(int, int)            0x000006a5   Thumb Code   146  sdfilesystem.o(.text)
    SDFileSystem::_sd_sectors()              0x00000737   Thumb Code   270  sdfilesystem.o(.text)
    SDFileSystem::initialise_card_v1()       0x00000845   Thumb Code    70  sdfilesystem.o(.text)
    SDFileSystem::_cmd58()                   0x0000088b   Thumb Code   506  sdfilesystem.o(.text)
    SDFileSystem::initialise_card_v2()       0x00000a85   Thumb Code    88  sdfilesystem.o(.text)
    SDFileSystem::_cmd8()                    0x00000add   Thumb Code   190  sdfilesystem.o(.text)
    SDFileSystem::initialise_card()          0x00000b9b   Thumb Code   110  sdfilesystem.o(.text)
    SDFileSystem::disk_initialize()          0x00000c09   Thumb Code    72  sdfilesystem.o(.text)
    SDFileSystem::disk_status()              0x00000c51   Thumb Code     6  sdfilesystem.o(.text)
    SDFileSystem::disk_read(unsigned char*, unsigned long long) 0x00000c57   Thumb Code    52  sdfilesystem.o(.text)
    SDFileSystem::_write(const unsigned char*, unsigned) 0x00000c8b   Thumb Code   154  sdfilesystem.o(.text)
    SDFileSystem::disk_write(const unsigned char*, unsigned long long) 0x00000d25   Thumb Code    52  sdfilesystem.o(.text)
    SDFileSystem::disk_sync()                0x00000d59   Thumb Code     6  sdfilesystem.o(.text)
    SDFileSystem::disk_sectors()             0x00000d5f   Thumb Code    10  sdfilesystem.o(.text)
    get_fattime                              0x00000e8d   Thumb Code    60  fatfilesystem.o(.text)
    FATFileSystem::FATFileSystem__sub_object(const char*) 0x00000ec9   Thumb Code    98  fatfilesystem.o(.text)
    FATFileSystem::~FATFileSystem()          0x00000f2b   Thumb Code     0  fatfilesystem.o(.text)
    FATFileSystem::~FATFileSystem__sub_object() 0x00000f2b   Thumb Code    56  fatfilesystem.o(.text)
    FATFileSystem::~FATFileSystem__deallocating() 0x00000f63   Thumb Code    18  fatfilesystem.o(.text)
    FATFileSystem::open(const char*, int)    0x00000f75   Thumb Code   178  fatfilesystem.o(.text)
    FATFileSystem::remove(const char*)       0x00001027   Thumb Code    36  fatfilesystem.o(.text)
    FATFileSystem::format()                  0x0000104b   Thumb Code    42  fatfilesystem.o(.text)
    FATFileSystem::opendir(const char*)      0x00001075   Thumb Code    46  fatfilesystem.o(.text)
    FATFileSystem::mkdir(const char*, int)   0x000010a3   Thumb Code    32  fatfilesystem.o(.text)
    FATFileHandle::FATFileHandle(FIL)        0x000011d9   Thumb Code    32  fatfilehandle.o(.text)
    FATFileHandle::FATFileHandle__sub_object(FIL) 0x000011d9   Thumb Code     0  fatfilehandle.o(.text)
    FATFileHandle::close()                   0x000011f9   Thumb Code    26  fatfilehandle.o(.text)
    FATFileHandle::write(const void*, unsigned) 0x00001213   Thumb Code    44  fatfilehandle.o(.text)
    FATFileHandle::read(void*, unsigned)     0x0000123f   Thumb Code    54  fatfilehandle.o(.text)
    FATFileHandle::isatty()                  0x00001275   Thumb Code     6  fatfilehandle.o(.text)
    FATFileHandle::lseek(long, int)          0x0000127b   Thumb Code    72  fatfilehandle.o(.text)
    FATFileHandle::fsync()                   0x000012c3   Thumb Code    34  fatfilehandle.o(.text)
    FATFileHandle::flen()                    0x000012e5   Thumb Code     6  fatfilehandle.o(.text)
    disk_initialize(unsigned char)           0x0000139d   Thumb Code    34  diskio.o(.text)
    disk_status(unsigned char)               0x000013bf   Thumb Code    34  diskio.o(.text)
    disk_read(unsigned char, unsigned char*, unsigned long, unsigned char) 0x000013e1   Thumb Code    96  diskio.o(.text)
    disk_write(unsigned char, const unsigned char*, unsigned long, unsigned char) 0x00001441   Thumb Code    96  diskio.o(.text)
    disk_ioctl(unsigned char, unsigned char, void*) 0x000014a1   Thumb Code   126  diskio.o(.text)
    ff_convert                               0x00001601   Thumb Code    70  ccsbcs.o(.text)
    ff_wtoupper                              0x00001647   Thumb Code    46  ccsbcs.o(.text)
    clust2sect(FATFS*, unsigned long)        0x00001825   Thumb Code    26  ff.o(.text)
    get_fat(FATFS*, unsigned long)           0x0000183f   Thumb Code   228  ff.o(.text)
    put_fat(FATFS*, unsigned long, unsigned long) 0x00001923   Thumb Code   310  ff.o(.text)
    gen_numname(unsigned char*, const unsigned char*, const unsigned short*, unsigned short) 0x00001ee3   Thumb Code   168  ff.o(.text)
    f_mount                                  0x00002b69   Thumb Code    38  ff.o(.text)
    f_open                                   0x00002b8f   Thumb Code   374  ff.o(.text)
    f_read                                   0x00002d05   Thumb Code   458  ff.o(.text)
    f_write                                  0x00002ecf   Thumb Code   524  ff.o(.text)
    f_sync                                   0x000030db   Thumb Code   176  ff.o(.text)
    f_close                                  0x0000318b   Thumb Code    22  ff.o(.text)
    f_lseek                                  0x000031a1   Thumb Code   430  ff.o(.text)
    f_opendir                                0x0000334f   Thumb Code   116  ff.o(.text)
    f_readdir                                0x000033c3   Thumb Code    90  ff.o(.text)
    f_stat                                   0x0000341d   Thumb Code    62  ff.o(.text)
    f_getfree                                0x0000345b   Thumb Code   260  ff.o(.text)
    f_truncate                               0x0000355f   Thumb Code   160  ff.o(.text)
    f_unlink                                 0x000035ff   Thumb Code   172  ff.o(.text)
    f_mkdir                                  0x000036ab   Thumb Code   364  ff.o(.text)
    f_chmod                                  0x00003817   Thumb Code    88  ff.o(.text)
    f_utime                                  0x0000386f   Thumb Code    90  ff.o(.text)
    f_rename                                 0x000038c9   Thumb Code   280  ff.o(.text)
    f_mkfs                                   0x000039e1   Thumb Code  1536  ff.o(.text)
    __2printf                                0x00004019   Thumb Code    20  __2printf.o(.text)
    __2fprintf                               0x00004031   Thumb Code    20  __2fprintf.o(.text)
    __2sprintf                               0x00004045   Thumb Code    38  __2sprintf.o(.text)
    _printf_str                              0x00004071   Thumb Code    82  _printf_str.o(.text)
    _printf_int_dec                          0x000040c5   Thumb Code   100  _printf_dec.o(.text)
    __printf                                 0x00004139   Thumb Code   388  __printf_flags_ss_wp.o(.text)
    __0sscanf                                0x000042c1   Thumb Code    52  __0sscanf.o(.text)
    _scanf_int                               0x000042fd   Thumb Code   332  _scanf_int.o(.text)
    _do_fflush                               0x00004449   Thumb Code    54  fflush.o(.text)
    fflush                                   0x0000447f   Thumb Code    42  fflush.o(.text)
    freopen                                  0x000044ad   Thumb Code   158  fopen.o(.text)
    fopen                                    0x0000454b   Thumb Code    74  fopen.o(.text)
    _fclose_internal                         0x00004599   Thumb Code    76  fclose.o(.text)
    fclose                                   0x00004599   Thumb Code     0  fclose.o(.text)
    strlen                                   0x000045e5   Thumb Code    62  strlen.o(.text)
    strncmp                                  0x00004623   Thumb Code   150  strncmp.o(.text)
    __aeabi_memcpy                           0x000046b9   Thumb Code     0  rt_memcpy_v6.o(.text)
    __rt_memcpy                              0x000046b9   Thumb Code   138  rt_memcpy_v6.o(.text)
    _memcpy_lastbytes                        0x0000471f   Thumb Code     0  rt_memcpy_v6.o(.text)
    __aeabi_memcpy4                          0x00004743   Thumb Code     0  rt_memcpy_w.o(.text)
    __aeabi_memcpy8                          0x00004743   Thumb Code     0  rt_memcpy_w.o(.text)
    __rt_memcpy_w                            0x00004743   Thumb Code   100  rt_memcpy_w.o(.text)
    _memcpy_lastbytes_aligned                0x0000478b   Thumb Code     0  rt_memcpy_w.o(.text)
    __aeabi_memmove4                         0x000047a7   Thumb Code     0  rt_memmove_w.o(.text)
    __aeabi_memmove8                         0x000047a7   Thumb Code     0  rt_memmove_w.o(.text)
    __rt_memmove_w                           0x000047a7   Thumb Code   122  rt_memmove_w.o(.text)
    __memmove_aligned                        0x000047cd   Thumb Code     0  rt_memmove_w.o(.text)
    __memmove_lastfew_aligned                0x00004805   Thumb Code     0  rt_memmove_w.o(.text)
    __aeabi_memclr4                          0x00004821   Thumb Code     0  rt_memclr_w.o(.text)
    __aeabi_memclr8                          0x00004821   Thumb Code     0  rt_memclr_w.o(.text)
    __rt_memclr_w                            0x00004821   Thumb Code    78  rt_memclr_w.o(.text)
    _memset_w                                0x00004825   Thumb Code     0  rt_memclr_w.o(.text)
    strcmp                                   0x00004871   Thumb Code   128  strcmpv7m.o(.text)
    localtime                                0x000048f1   Thumb Code     6  localtime.o(.text)
    mktime                                   0x00004933   Thumb Code   356  mktime.o(.text)
    __cpp_initialize__aeabi_                 0x00004aa1   Thumb Code    26  init_aeabi.o(.text)
    __rt_ddtor_pointer_addr                  0x00004ac5   Thumb Code     8  rt_ddtor_pointer_addr.o(.text)
    malloc                                   0x00004acd   Thumb Code    94  h1_alloc.o(.text)
    free                                     0x00004b2b   Thumb Code    78  h1_free.o(.text)
    _printf_pre_padding                      0x00004b79   Thumb Code    44  _printf_pad.o(.text)
    _printf_post_padding                     0x00004ba5   Thumb Code    34  _printf_pad.o(.text)
    _printf_truncate_signed                  0x00004bc7   Thumb Code    18  _printf_truncate.o(.text)
    _printf_truncate_unsigned                0x00004bd9   Thumb Code    18  _printf_truncate.o(.text)
    _printf_int_common                       0x00004beb   Thumb Code   178  _printf_intcommon.o(.text)
    _printf_charcount                        0x00004c9d   Thumb Code    40  _printf_charcount.o(.text)
    __lib_sel_fp_printf                      0x00004cc5   Thumb Code     2  _printf_fp_dec.o(.text)
    _printf_fp_dec_real                      0x00004e73   Thumb Code   616  _printf_fp_dec.o(.text)
    _printf_char_common                      0x000050e7   Thumb Code    32  _printf_char_common.o(.text)
    _sputc                                   0x0000510d   Thumb Code    10  _sputc.o(.text)
    _printf_cs_common                        0x00005117   Thumb Code    20  _printf_char.o(.text)
    _printf_char                             0x0000512b   Thumb Code    16  _printf_char.o(.text)
    _printf_string                           0x0000513b   Thumb Code     8  _printf_char.o(.text)
    _printf_char_file                        0x00005145   Thumb Code    32  _printf_char_file.o(.text)
    _printf_wctomb                           0x00005169   Thumb Code   182  _printf_wctomb.o(.text)
    _printf_longlong_dec                     0x00005225   Thumb Code   104  _printf_longlong_dec.o(.text)
    _printf_longlong_oct                     0x0000529d   Thumb Code    68  _printf_oct_int_ll.o(.text)
    _printf_int_oct                          0x000052e1   Thumb Code    24  _printf_oct_int_ll.o(.text)
    _printf_ll_oct                           0x000052f9   Thumb Code    12  _printf_oct_int_ll.o(.text)
    _printf_longlong_hex                     0x0000530d   Thumb Code    86  _printf_hex_int_ll_ptr.o(.text)
    _printf_int_hex                          0x00005363   Thumb Code    28  _printf_hex_int_ll_ptr.o(.text)
    _printf_ll_hex                           0x0000537f   Thumb Code    12  _printf_hex_int_ll_ptr.o(.text)
    _printf_hex_ptr                          0x0000538b   Thumb Code    18  _printf_hex_int_ll_ptr.o(.text)
    _chval                                   0x000053a1   Thumb Code    28  _chval.o(.text)
    __vfscanf_char                           0x000053c9   Thumb Code    24  scanf_char.o(.text)
    _sgetc                                   0x000053e9   Thumb Code    30  _sgetc.o(.text)
    _sbackspace                              0x00005407   Thumb Code    34  _sgetc.o(.text)
    _fseek                                   0x00005429   Thumb Code   242  fseek.o(.text)
    fseek                                    0x00005429   Thumb Code     0  fseek.o(.text)
    _seterr                                  0x00005521   Thumb Code    20  stdio.o(.text)
    _writebuf                                0x00005535   Thumb Code    84  stdio.o(.text)
    _fflush                                  0x00005589   Thumb Code    70  stdio.o(.text)
    _deferredlazyseek                        0x000055cf   Thumb Code    60  stdio.o(.text)
    _initio                                  0x00005611   Thumb Code   210  initio.o(.text)
    _terminateio                             0x000056e3   Thumb Code    56  initio.o(.text)
    __rt_SIGPVFN                             0x00005749   Thumb Code    14  defsig_pvfn_outer.o(.text)
    _localtime_r                             0x00005759   Thumb Code   158  localtime_internal.o(.text)
    _n$localtime_r                           0x00005759   Thumb Code     0  localtime_internal.o(.text)
    __default_new_handler()                  0x000057fd   Thumb Code     4  arm_newhandler_noexceptions.o(.text)
    __rt_heap_descriptor                     0x00005801   Thumb Code     8  rt_heap_descriptor.o(.text)
    __rt_locale                              0x00005809   Thumb Code     8  rt_locale.o(.text)
    __use_no_heap                            0x00005811   Thumb Code     2  hguard.o(.text)
    __heap$guard                             0x00005813   Thumb Code     2  hguard.o(.text)
    _terminate_user_alloc                    0x00005815   Thumb Code     2  init_alloc.o(.text)
    _init_user_alloc                         0x00005817   Thumb Code     2  init_alloc.o(.text)
    __Heap_Full                              0x00005819   Thumb Code    34  init_alloc.o(.text)
    __Heap_Broken                            0x0000583b   Thumb Code     6  init_alloc.o(.text)
    _init_alloc                              0x00005841   Thumb Code    94  init_alloc.o(.text)
    __Heap_Initialize                        0x0000589f   Thumb Code    10  h1_init.o(.text)
    __Heap_DescSize                          0x000058a9   Thumb Code     4  h1_init.o(.text)
    _ll_udiv10                               0x000058ad   Thumb Code   138  lludiv10.o(.text)
    isspace                                  0x00005937   Thumb Code    18  isspace.o(.text)
    _printf_fp_hex_real                      0x00005949   Thumb Code   750  _printf_fp_hex.o(.text)
    _printf_fp_infnan                        0x00005c41   Thumb Code   112  _printf_fp_infnan.o(.text)
    _printf_lcs_common                       0x00005cc1   Thumb Code    20  _printf_wchar.o(.text)
    _printf_wchar                            0x00005cd5   Thumb Code    16  _printf_wchar.o(.text)
    _printf_wstring                          0x00005ce5   Thumb Code     8  _printf_wchar.o(.text)
    __vfscanf                                0x00005ced   Thumb Code   872  _scanf.o(.text)
    _btod_etento                             0x00006059   Thumb Code   212  bigflt0.o(.text)
    ferror                                   0x00006131   Thumb Code     8  ferror.o(.text)
    _ftell_internal                          0x00006139   Thumb Code    66  ftell.o(.text)
    ftell                                    0x00006139   Thumb Code     0  ftell.o(.text)
    setvbuf                                  0x0000617b   Thumb Code    70  setvbuf.o(.text)
    _wcrtomb                                 0x000061c1   Thumb Code    64  _wcrtomb.o(.text)
    __sig_exit                               0x00006201   Thumb Code    10  defsig_exit.o(.text)
    __rt_SIGRTRED                            0x0000620b   Thumb Code    14  defsig_rtred_outer.o(.text)
    __rt_SIGPVFN_inner                       0x00006219   Thumb Code    14  defsig_pvfn_inner.o(.text)
    std::terminate()                         0x00006249   Thumb Code    26  arm_exceptions_terminate.o(.text)
    _sys_exit                                0x00006265   Thumb Code     8  sys_exit.o(.text)
    __rt_ctype_table                         0x00006271   Thumb Code    16  rt_ctype_table.o(.text)
    __aeabi_errno_addr                       0x00006281   Thumb Code     8  rt_errno_addr.o(.text)
    __errno                                  0x00006281   Thumb Code     0  rt_errno_addr.o(.text)
    __rt_errno_addr                          0x00006281   Thumb Code     0  rt_errno_addr.o(.text)
    __Heap_ProvideMemory                     0x00006289   Thumb Code    52  h1_extend.o(.text)
    __flsbuf                                 0x000062bd   Thumb Code   470  flsbuf.o(.text)
    __flsbuf_byte                            0x000062bd   Thumb Code     0  flsbuf.o(.text)
    __flsbuf_wide                            0x000062bd   Thumb Code     0  flsbuf.o(.text)
    abort                                    0x00006493   Thumb Code    16  abort.o(.text)
    __default_signal_display                 0x000064a3   Thumb Code    50  defsig_general.o(.text)
    __rt_SIGRTRED_inner                      0x000064d5   Thumb Code    14  defsig_rtred_inner.o(.text)
    __rt_SIGRTMEM                            0x00006509   Thumb Code    14  defsig_rtmem_outer.o(.text)
    __rt_heap_escrow                         0x00006519   Thumb Code    22  heapauxa.o(.text)
    __rt_heap_expand                         0x0000652f   Thumb Code    52  heapauxa.o(.text)
    __cxa_get_globals                        0x0000656f   Thumb Code    62  arm_exceptions_globs.o(.text)
    _ttywrch                                 0x000065b9   Thumb Code    14  sys_wrch.o(.text)
    __I$use$semihosting                      0x000065c7   Thumb Code     0  use_no_semi.o(.text)
    __use_no_semihosting_swi                 0x000065c7   Thumb Code     2  use_no_semi.o(.text)
    __rt_eh_globals_addr                     0x000065c9   Thumb Code     8  rt_eh_globals_addr.o(.text)
    __semihosting_library_function           0x000065c9   Thumb Code     0  indicate_semi.o(.text)
    __rt_SIGABRT                             0x000065d1   Thumb Code    14  defsig_abrt_outer.o(.text)
    __rt_SIGRTMEM_inner                      0x000065e1   Thumb Code    22  defsig_rtmem_inner.o(.text)
    __ARM_exceptions_buffer_init             0x00006631   Thumb Code    18  arm_exceptions_mem.o(.text)
    __ARM_exceptions_buffer_allocate         0x00006643   Thumb Code    22  arm_exceptions_mem.o(.text)
    __ARM_exceptions_buffer_free             0x00006659   Thumb Code    20  arm_exceptions_mem.o(.text)
    __rt_SIGABRT_inner                       0x0000666d   Thumb Code    14  defsig_abrt_inner.o(.text)
    _btod_d2e                                0x0000669d   Thumb Code    62  btod.o(CL$$btod_d2e)
    _d2e_denorm_low                          0x000066db   Thumb Code    70  btod.o(CL$$btod_d2e_denorm_low)
    _d2e_norm_op1                            0x00006721   Thumb Code    96  btod.o(CL$$btod_d2e_norm_op1)
    __btod_div_common                        0x00006781   Thumb Code   696  btod.o(CL$$btod_div_common)
    _e2e                                     0x00006ab9   Thumb Code   198  btod.o(CL$$btod_e2e)
    _btod_ediv                               0x00006b7f   Thumb Code    40  btod.o(CL$$btod_ediv)
    _btod_emul                               0x00006ba7   Thumb Code    40  btod.o(CL$$btod_emul)
    __btod_mult_common                       0x00006bcf   Thumb Code   580  btod.o(CL$$btod_mult_common)
    main                                     0x00006e13   Thumb Code    18  retarget.o(i.$Sub$$main)
    NVIC_SetVector                           0x00006e25   Thumb Code    98  cmsis_nvic.o(i.NVIC_SetVector)
    SystemCoreClockUpdate                    0x00006e8d   Thumb Code   504  system_LPC407x_8x_177x_8x.o(i.SystemCoreClockUpdate)
    SystemInit                               0x00007091   Thumb Code   204  system_LPC407x_8x_177x_8x.o(i.SystemInit)
    FATDirHandle::~FATDirHandle__deallocating() 0x00007175   Thumb Code    18  fatdirhandle.o(i._ZN12FATDirHandleD0Ev)
    FATDirHandle::~FATDirHandle()            0x00007187   Thumb Code     4  fatdirhandle.o(i._ZN12FATDirHandleD1Ev)
    FATDirHandle::~FATDirHandle__sub_object() 0x00007187   Thumb Code     0  fatdirhandle.o(i._ZN12FATDirHandleD1Ev)
    SDFileSystem::~SDFileSystem()            0x0000718d   Thumb Code    28  main.o(i._ZN12SDFileSystemD1Ev)
    SDFileSystem::~SDFileSystem__sub_object() 0x0000718d   Thumb Code     0  main.o(i._ZN12SDFileSystemD1Ev)
    FATFileHandle::~FATFileHandle__deallocating() 0x000071ad   Thumb Code    18  fatfilehandle.o(i._ZN13FATFileHandleD0Ev)
    FATFileHandle::~FATFileHandle()          0x000071bf   Thumb Code    14  fatfilehandle.o(i._ZN13FATFileHandleD1Ev)
    FATFileHandle::~FATFileHandle__sub_object() 0x000071bf   Thumb Code     0  fatfilehandle.o(i._ZN13FATFileHandleD1Ev)
    FATFileSystem::disk_status()             0x000071cd   Thumb Code     6  fatfilesystem.o(i._ZN13FATFileSystem11disk_statusEv)
    FATFileSystem::disk_initialize()         0x000071d3   Thumb Code     6  fatfilesystem.o(i._ZN13FATFileSystem15disk_initializeEv)
    FATFileSystem::disk_sync()               0x000071d9   Thumb Code     6  fatfilesystem.o(i._ZN13FATFileSystem9disk_syncEv)
    mbed::DigitalOut::write(int)             0x000071e1   Thumb Code    52  sdfilesystem.o(i._ZN4mbed10DigitalOut5writeEi)
    mbed::DigitalOut::operator =(int)        0x00007269   Thumb Code    18  sdfilesystem.o(i._ZN4mbed10DigitalOutaSEi)
    mbed::FileHandle::flen()                 0x0000727b   Thumb Code    58  retarget.o(i._ZN4mbed10FileHandle4flenEv)
    mbed::FileHandle::~FileHandle()          0x000072b5   Thumb Code     0  retarget.o(i._ZN4mbed10FileHandleD2Ev)
    mbed::FileHandle::~FileHandle__sub_object() 0x000072b5   Thumb Code    38  retarget.o(i._ZN4mbed10FileHandleD2Ev)
    mbed::TimerEvent::irq(unsigned)          0x000072e5   Thumb Code     6  TimerEvent.o(i._ZN4mbed10TimerEvent3irqEj)
    mbed::TimerEvent::insert(unsigned long long) 0x000072eb   Thumb Code    12  TimerEvent.o(i._ZN4mbed10TimerEvent6insertEy)
    mbed::TimerEvent::remove()               0x000072f7   Thumb Code     6  TimerEvent.o(i._ZN4mbed10TimerEvent6removeEv)
    mbed::TimerEvent::TimerEvent__sub_object() 0x000072fd   Thumb Code    28  TimerEvent.o(i._ZN4mbed10TimerEventC2Ev)
    mbed::TimerEvent::~TimerEvent()          0x00007321   Thumb Code     0  TimerEvent.o(i._ZN4mbed10TimerEventD2Ev)
    mbed::TimerEvent::~TimerEvent__sub_object() 0x00007321   Thumb Code    20  TimerEvent.o(i._ZN4mbed10TimerEventD2Ev)
    mbed::FileSystemLike::mkdir(const char*, int) 0x00007339   Thumb Code     6  FileSystemLike.o(i._ZN4mbed14FileSystemLike5mkdirEPKci)
    mbed::FileSystemLike::FileSystemLike__sub_object(const char*) 0x00007341   Thumb Code    14  FileSystemLike.o(i._ZN4mbed14FileSystemLikeC2EPKc)
    mbed::FileSystemLike::~FileSystemLike()  0x00007355   Thumb Code     0  FileSystemLike.o(i._ZN4mbed14FileSystemLikeD2Ev)
    mbed::FileSystemLike::~FileSystemLike__sub_object() 0x00007355   Thumb Code     4  FileSystemLike.o(i._ZN4mbed14FileSystemLikeD2Ev)
    mbed::FunctionPointer::call()            0x00007359   Thumb Code    24  FunctionPointer.o(i._ZN4mbed15FunctionPointer4callEv)
    mbed::FunctionPointer::attach(void(*)()) 0x00007371   Thumb Code     8  FunctionPointer.o(i._ZN4mbed15FunctionPointer6attachEPFvvE)
    mbed::FunctionPointer::FunctionPointer(void(*)()) 0x00007379   Thumb Code    10  FunctionPointer.o(i._ZN4mbed15FunctionPointerC1EPFvvE)
    mbed::FunctionPointer::FunctionPointer__sub_object(void(*)()) 0x00007379   Thumb Code     0  FunctionPointer.o(i._ZN4mbed15FunctionPointerC1EPFvvE)
    mbed::SPI::write(int)                    0x00007385   Thumb Code    48  SPI.o(i._ZN4mbed3SPI5writeEi)
    mbed::SPI::frequency(int)                0x000073b9   Thumb Code    36  SPI.o(i._ZN4mbed3SPI9frequencyEi)
    mbed::SPI::SPI(PinName, PinName, PinName, PinName) 0x000073e1   Thumb Code    60  SPI.o(i._ZN4mbed3SPIC1E7PinNameS1_S1_S1_)
    mbed::SPI::SPI__sub_object(PinName, PinName, PinName, PinName) 0x000073e1   Thumb Code     0  SPI.o(i._ZN4mbed3SPIC1E7PinNameS1_S1_S1_)
    mbed::Ticker::setup(unsigned long long)  0x00007425   Thumb Code    40  Ticker.o(i._ZN4mbed6Ticker5setupEy)
    mbed::Ticker::detach()                   0x0000744d   Thumb Code    22  Ticker.o(i._ZN4mbed6Ticker6detachEv)
    mbed::Ticker::handler()                  0x00007463   Thumb Code    34  Ticker.o(i._ZN4mbed6Ticker7handlerEv)
    mbed::Ticker::~Ticker()                  0x00007485   Thumb Code    34  Ticker.o(i._ZN4mbed6TickerD1Ev)
    mbed::Ticker::~Ticker__sub_object()      0x00007485   Thumb Code     0  Ticker.o(i._ZN4mbed6TickerD1Ev)
    mbed::FileBase::getPathType()            0x000074ad   Thumb Code     4  FileBase.o(i._ZN4mbed8FileBase11getPathTypeEv)
    mbed::FileBase::lookup(const char*, unsigned) 0x000074b1   Thumb Code    50  FileBase.o(i._ZN4mbed8FileBase6lookupEPKcj)
    mbed::FileBase::FileBase(const char*, mbed::PathType) 0x000074e9   Thumb Code    28  FileBase.o(i._ZN4mbed8FileBaseC1EPKcNS_8PathTypeE)
    mbed::FileBase::FileBase__sub_object(const char*, mbed::PathType) 0x000074e9   Thumb Code     0  FileBase.o(i._ZN4mbed8FileBaseC1EPKcNS_8PathTypeE)
    mbed::FileBase::~FileBase()              0x0000750d   Thumb Code    46  FileBase.o(i._ZN4mbed8FileBaseD1Ev)
    mbed::FileBase::~FileBase__sub_object()  0x0000750d   Thumb Code     0  FileBase.o(i._ZN4mbed8FileBaseD1Ev)
    mbed::FilePath::fileSystem()             0x00007545   Thumb Code    24  FilePath.o(i._ZN4mbed8FilePath10fileSystemEv)
    mbed::FilePath::file()                   0x0000755d   Thumb Code    28  FilePath.o(i._ZN4mbed8FilePath4fileEv)
    mbed::FilePath::exists()                 0x00007579   Thumb Code    10  FilePath.o(i._ZN4mbed8FilePath6existsEv)
    mbed::FilePath::isFile()                 0x00007583   Thumb Code    24  FilePath.o(i._ZN4mbed8FilePath6isFileEv)
    mbed::FilePath::fileName()               0x0000759b   Thumb Code     4  FilePath.o(i._ZN4mbed8FilePath8fileNameEv)
    mbed::FilePath::FilePath(const char*)    0x0000759f   Thumb Code    64  FilePath.o(i._ZN4mbed8FilePathC1EPKc)
    mbed::FilePath::FilePath__sub_object(const char*) 0x0000759f   Thumb Code     0  FilePath.o(i._ZN4mbed8FilePathC1EPKc)
    operator delete (void*)                  0x000075df   Thumb Code     8  delete.o(i._ZdlPv)
    operator new(unsigned)                   0x000075e9   Thumb Code    34  new.o(i._Znwj)
    __ARM_fpclassify                         0x00007611   Thumb Code    48  fpclassify.o(i.__ARM_fpclassify)
    __aeabi_atexit                           0x00007641   Thumb Code    50  aeabi_atexit.o(i.__aeabi_atexit)
    __cxa_finalize                           0x00007673   Thumb Code    66  cxa_finalize.o(i.__cxa_finalize)
    __cxa_pure_virtual                       0x000076b5   Thumb Code     6  pure_virt.o(i.__cxa_pure_virtual)
    __hardfp_floor                           0x000076c1   Thumb Code   252  floor.o(i.__hardfp_floor)
    __reserved_stack_size                    0x000077d9   Thumb Code     4  sys_helper.o(i.__reserved_stack_size)
    __user_setup_stackheap                   0x000077dd   Thumb Code    24  sys.o(i.__user_setup_stackheap)
    _is_digit                                0x000077f9   Thumb Code    14  __printf_wp.o(i._is_digit)
    _sys_close                               0x00007809   Thumb Code    40  retarget.o(i._sys_close)
    _sys_flen                                0x00007835   Thumb Code    34  retarget.o(i._sys_flen)
    _sys_istty                               0x0000785d   Thumb Code    34  retarget.o(i._sys_istty)
    _sys_open                                0x00007885   Thumb Code   280  retarget.o(i._sys_open)
    _sys_seek                                0x000079b9   Thumb Code    36  retarget.o(i._sys_seek)
    _sys_write                               0x000079e1   Thumb Code    82  retarget.o(i._sys_write)
    error                                    0x00007a41   Thumb Code    20  error.o(i.error)
    exit                                     0x00007a59   Thumb Code    24  exit.o(i.exit)
    fputc                                    0x00007a79   Thumb Code    26  fputc.o(i.fputc)
    gpio_dir                                 0x00007a95   Thumb Code    54  gpio_api.o(i.gpio_dir)
    gpio_init                                0x00007ae9   Thumb Code    64  gpio_api.o(i.gpio_init)
    gpio_init_out                            0x00007b29   Thumb Code    64  gpio.o(i.gpio_init_out)
    gpio_mode                                0x00007b6d   Thumb Code     8  gpio_api.o(i.gpio_mode)
    mbed_assert_internal                     0x00007b75   Thumb Code    24  assert.o(i.mbed_assert_internal)
    mbed_die                                 0x00007bc5   Thumb Code   258  board.o(i.mbed_die)
    mbed_main                                0x00007ccd   Thumb Code     2  retarget.o(i.mbed_main)
    mbed_sdk_init                            0x00007ccf   Thumb Code     2  retarget.o(i.mbed_sdk_init)
    mkdir                                    0x00007cd1   Thumb Code    56  retarget.o(i.mkdir)
    pin_function                             0x00007d09   Thumb Code    36  pinmap.o(i.pin_function)
    pin_mode                                 0x00007d49   Thumb Code    56  pinmap.o(i.pin_mode)
    pinmap_merge                             0x00007d9d   Thumb Code    34  pinmap_common.o(i.pinmap_merge)
    pinmap_peripheral                        0x00007dd5   Thumb Code    58  pinmap_common.o(i.pinmap_peripheral)
    pinmap_pinout                            0x00007e31   Thumb Code    66  pinmap_common.o(i.pinmap_pinout)
    rtc_init                                 0x00007e89   Thumb Code    26  rtc_api.o(i.rtc_init)
    rtc_isenabled                            0x00007ead   Thumb Code    10  rtc_api.o(i.rtc_isenabled)
    rtc_read                                 0x00007ebd   Thumb Code    46  rtc_api.o(i.rtc_read)
    rtc_write                                0x00007ef1   Thumb Code    64  rtc_api.o(i.rtc_write)
    serial_baud                              0x00007f35   Thumb Code   260  serial_api.o(i.serial_baud)
    serial_format                            0x0000803d   Thumb Code   154  serial_api.o(i.serial_format)
    serial_init                              0x000080dd   Thumb Code   322  serial_api.o(i.serial_init)
    serial_putc                              0x0000824d   Thumb Code    14  serial_api.o(i.serial_putc)
    spi_format                               0x0000825d   Thumb Code   128  spi_api.o(i.spi_format)
    spi_frequency                            0x000082e1   Thumb Code   158  spi_api.o(i.spi_frequency)
    spi_init                                 0x00008389   Thumb Code   400  spi_api.o(i.spi_init)
    spi_master_write                         0x00008551   Thumb Code    26  spi_api.o(i.spi_master_write)
    time                                     0x0000856b   Thumb Code    34  rtc_time.o(i.time)
    us_ticker_clear_interrupt                0x0000858d   Thumb Code     8  us_ticker.o(i.us_ticker_clear_interrupt)
    us_ticker_disable_interrupt              0x00008599   Thumb Code    12  us_ticker.o(i.us_ticker_disable_interrupt)
    us_ticker_init                           0x000085a9   Thumb Code    72  us_ticker.o(i.us_ticker_init)
    us_ticker_insert_event                   0x00008609   Thumb Code    72  us_ticker_api.o(i.us_ticker_insert_event)
    us_ticker_irq_handler                    0x00008655   Thumb Code    62  us_ticker_api.o(i.us_ticker_irq_handler)
    us_ticker_read                           0x00008699   Thumb Code    70  us_ticker.o(i.us_ticker_read)
    us_ticker_remove_event                   0x000086f9   Thumb Code    56  us_ticker_api.o(i.us_ticker_remove_event)
    us_ticker_set_handler                    0x00008735   Thumb Code    14  us_ticker_api.o(i.us_ticker_set_handler)
    us_ticker_set_interrupt                  0x00008749   Thumb Code    14  us_ticker.o(i.us_ticker_set_interrupt)
    wait_ms                                  0x0000875d   Thumb Code    28  wait_api.o(i.wait_ms)
    wait_us                                  0x00008779   Thumb Code    24  wait_api.o(i.wait_us)
    _get_lc_numeric                          0x00008791   Thumb Code    44  lc_numeric_c.o(locale$$code)
    _get_lc_ctype                            0x000087bd   Thumb Code    44  lc_ctype_c.o(locale$$code)
    __aeabi_dadd                             0x000087e9   Thumb Code     0  daddsub_clz.o(x$fpl$dadd)
    _dadd                                    0x000087e9   Thumb Code   332  daddsub_clz.o(x$fpl$dadd)
    __fpl_dcmp_Inf                           0x00008939   Thumb Code    24  dcmpi.o(x$fpl$dcmpinf)
    __aeabi_d2iz                             0x00008951   Thumb Code     0  dfix.o(x$fpl$dfix)
    _dfix                                    0x00008951   Thumb Code    94  dfix.o(x$fpl$dfix)
    __aeabi_cdcmple                          0x000089b1   Thumb Code     0  dleqf.o(x$fpl$dleqf)
    _dcmple                                  0x000089b1   Thumb Code   120  dleqf.o(x$fpl$dleqf)
    __fpl_dcmple_InfNaN                      0x00008a13   Thumb Code     0  dleqf.o(x$fpl$dleqf)
    __fpl_dnaninf                            0x00008a29   Thumb Code   156  dnaninf.o(x$fpl$dnaninf)
    __fpl_dretinf                            0x00008ac5   Thumb Code    12  dretinf.o(x$fpl$dretinf)
    __aeabi_cdrcmple                         0x00008ad1   Thumb Code     0  drleqf.o(x$fpl$drleqf)
    _drcmple                                 0x00008ad1   Thumb Code   108  drleqf.o(x$fpl$drleqf)
    __aeabi_drsub                            0x00008b3d   Thumb Code     0  daddsub_clz.o(x$fpl$drsb)
    _drsb                                    0x00008b3d   Thumb Code    22  daddsub_clz.o(x$fpl$drsb)
    __aeabi_dsub                             0x00008b55   Thumb Code     0  daddsub_clz.o(x$fpl$dsub)
    _dsub                                    0x00008b55   Thumb Code   464  daddsub_clz.o(x$fpl$dsub)
    __aeabi_f2d                              0x00008d29   Thumb Code     0  f2d.o(x$fpl$f2d)
    _f2d                                     0x00008d29   Thumb Code    86  f2d.o(x$fpl$f2d)
    __fpl_fnaninf                            0x00008d7f   Thumb Code   140  fnaninf.o(x$fpl$fnaninf)
    _fp_init                                 0x00008e0b   Thumb Code    10  fpinit.o(x$fpl$fpinit)
    __fplib_config_fpu_vfp                   0x00008e13   Thumb Code     0  fpinit.o(x$fpl$fpinit)
    __fplib_config_pureend_doubles           0x00008e13   Thumb Code     0  fpinit.o(x$fpl$fpinit)
    _printf_fp_dec                           0x00008e15   Thumb Code     4  printf1.o(x$fpl$printf1)
    _printf_fp_hex                           0x00008e19   Thumb Code     4  printf2.o(x$fpl$printf2)
    __I$use$fp                               0x00008e1c   Number         0  usenofp.o(x$fpl$usenofp)
    __stdin_name                             0x000093ff   Data           7  retarget.o(.constdata)
    __stdout_name                            0x00009406   Data           8  retarget.o(.constdata)
    __stderr_name                            0x0000940e   Data           8  retarget.o(.constdata)
    _monlen                                  0x00009a70   Data          12  _monlen.o(.constdata)
    vtable for FATDirHandle                  0x00009b38   Data          36  fatdirhandle.o(.constdata__ZTV12FATDirHandle)
    vtable for SDFileSystem                  0x00009b5c   Data          64  sdfilesystem.o(.constdata__ZTV12SDFileSystem)
    vtable for FATFileHandle                 0x00009b9c   Data          44  fatfilehandle.o(.constdata__ZTV13FATFileHandle)
    vtable for FATFileSystem                 0x00009bc8   Data          64  fatfilesystem.o(.constdata__ZTV13FATFileSystem)
    vtable for mbed::FileHandle              0x00009c08   Data          44  retarget.o(.constdata__ZTVN4mbed10FileHandleE)
    vtable for mbed::TimerEvent              0x00009c34   Data          20  TimerEvent.o(.constdata__ZTVN4mbed10TimerEventE)
    vtable for mbed::FileSystemLike          0x00009c48   Data          36  FileSystemLike.o(.constdata__ZTVN4mbed14FileSystemLikeE)
    vtable for mbed::SPI                     0x00009c6c   Data          20  SPI.o(.constdata__ZTVN4mbed3SPIE)
    vtable for mbed::Ticker                  0x00009c80   Data          20  Ticker.o(.constdata__ZTVN4mbed6TickerE)
    vtable for mbed::FileBase                0x00009c94   Data          16  FileBase.o(.constdata__ZTVN4mbed8FileBaseE)
    vtable for mbed::DirHandle               0x00009ca4   Data          36  fatdirhandle.o(.constdata__ZTVN4mbed9DirHandleE)
    Region$$Table$$Base                      0x00009ecc   Number         0  anon$$obj.o(Region$$Table)
    Region$$Table$$Limit                     0x00009eec   Number         0  anon$$obj.o(Region$$Table)
    __ctype                                  0x00009f15   Data           0  lc_ctype_c.o(locale$$data)
    SHT$$INIT_ARRAY$$Base                    0x0000a018   Number         0  main.o(.init_array)
    SHT$$INIT_ARRAY$$Limit                   0x0000a01c   Number         0  init_aeabi.o(.init_array)
    fp                                       0x100000e8   Data           4  main.o(.data)
    counter                                  0x100000f0   Data           8  main.o(.data)
    timer                                    0x100000f8   Data           8  main.o(.data)
    FATFileSystem::_ffs                      0x10000100   Data           4  fatfilesystem.o(.data)
    SystemCoreClock                          0x1000010c   Data           4  system_LPC407x_8x_177x_8x.o(.data)
    PeripheralClock                          0x10000110   Data           4  system_LPC407x_8x_177x_8x.o(.data)
    EMCClock                                 0x10000114   Data           4  system_LPC407x_8x_177x_8x.o(.data)
    USBClock                                 0x10000118   Data           4  system_LPC407x_8x_177x_8x.o(.data)
    stdio_uart_inited                        0x1000011c   Data           4  serial_api.o(.data)
    stdio_uart                               0x10000124   Data           8  serial_api.o(.data)
    mbed::SPI::_owner                        0x1000012c   Data           4  SPI.o(.data)
    us_ticker_inited                         0x10000130   Data           4  us_ticker.o(.data)
    mbed::FileBase::_head                    0x10000134   Data           4  FileBase.o(.data)
    __aeabi_stdin                            0x10000140   Data           4  stdio_streams.o(.data)
    __aeabi_stdout                           0x10000144   Data           4  stdio_streams.o(.data)
    __aeabi_stderr                           0x10000148   Data           4  stdio_streams.o(.data)
    sd                                       0x10000150   Data         640  main.o(.bss)
    ticker                                   0x100003d0   Data          64  main.o(.bss)
    __stdin                                  0x10000650   Data          84  stdio_streams.o(.bss)
    __stdout                                 0x100006a4   Data          84  stdio_streams.o(.bss)
    __stderr                                 0x100006f8   Data          84  stdio_streams.o(.bss)
    Image$$RW_IRAM1$$ZI$$Limit               0x100007a0   Number         0  anon$$obj.o ABSOLUTE



==============================================================================

Memory Map of the image

  Image Entry point : 0x000000e5

  Load Region LR_IROM1 (Base: 0x00000000, Size: 0x0000a084, Max: 0x00080000, ABSOLUTE)

    Execution Region ER_IROM1 (Base: 0x00000000, Size: 0x0000a01c, Max: 0x00080000, ABSOLUTE)

    Base Addr    Size         Type   Attr      Idx    E Section Name        Object

    0x00000000   0x000000e4   Data   RO          705    RESET               startup_LPC407x_8x_177x_8x.o
    0x000000e4   0x00000008   Code   RO         1321  * !!!main             c_w.l(__main.o)
    0x000000ec   0x00000034   Code   RO         2006    !!!scatter          c_w.l(__scatter.o)
    0x00000120   0x0000001a   Code   RO         2008    !!handler_copy      c_w.l(__scatter_copy.o)
    0x0000013a   0x00000002   PAD
    0x0000013c   0x0000001c   Code   RO         2010    !!handler_zi        c_w.l(__scatter_zi.o)
    0x00000158   0x00000000   Code   RO         1274    .ARM.Collect$$_printf_percent$$00000000  c_w.l(_printf_percent.o)
    0x00000158   0x00000006   Code   RO         1590    .ARM.Collect$$_printf_percent$$00000001  c_w.l(_printf_n.o)
    0x0000015e   0x00000006   Code   RO         1592    .ARM.Collect$$_printf_percent$$00000002  c_w.l(_printf_p.o)
    0x00000164   0x00000006   Code   RO         1273    .ARM.Collect$$_printf_percent$$00000003  c_w.l(_printf_f.o)
    0x0000016a   0x00000006   Code   RO         1596    .ARM.Collect$$_printf_percent$$00000004  c_w.l(_printf_e.o)
    0x00000170   0x00000006   Code   RO         1597    .ARM.Collect$$_printf_percent$$00000005  c_w.l(_printf_g.o)
    0x00000176   0x00000006   Code   RO         1598    .ARM.Collect$$_printf_percent$$00000006  c_w.l(_printf_a.o)
    0x0000017c   0x0000000a   Code   RO         1603    .ARM.Collect$$_printf_percent$$00000007  c_w.l(_printf_ll.o)
    0x00000186   0x00000006   Code   RO         1594    .ARM.Collect$$_printf_percent$$00000008  c_w.l(_printf_i.o)
    0x0000018c   0x00000006   Code   RO         1272    .ARM.Collect$$_printf_percent$$00000009  c_w.l(_printf_d.o)
    0x00000192   0x00000006   Code   RO         1595    .ARM.Collect$$_printf_percent$$0000000A  c_w.l(_printf_u.o)
    0x00000198   0x00000006   Code   RO         1593    .ARM.Collect$$_printf_percent$$0000000B  c_w.l(_printf_o.o)
    0x0000019e   0x00000006   Code   RO         1591    .ARM.Collect$$_printf_percent$$0000000C  c_w.l(_printf_x.o)
    0x000001a4   0x00000006   Code   RO         1600    .ARM.Collect$$_printf_percent$$0000000D  c_w.l(_printf_lli.o)
    0x000001aa   0x00000006   Code   RO         1601    .ARM.Collect$$_printf_percent$$0000000E  c_w.l(_printf_lld.o)
    0x000001b0   0x00000006   Code   RO         1602    .ARM.Collect$$_printf_percent$$0000000F  c_w.l(_printf_llu.o)
    0x000001b6   0x00000006   Code   RO         1607    .ARM.Collect$$_printf_percent$$00000010  c_w.l(_printf_llo.o)
    0x000001bc   0x00000006   Code   RO         1608    .ARM.Collect$$_printf_percent$$00000011  c_w.l(_printf_llx.o)
    0x000001c2   0x0000000a   Code   RO         1604    .ARM.Collect$$_printf_percent$$00000012  c_w.l(_printf_l.o)
    0x000001cc   0x00000006   Code   RO         1589    .ARM.Collect$$_printf_percent$$00000013  c_w.l(_printf_c.o)
    0x000001d2   0x00000006   Code   RO         1271    .ARM.Collect$$_printf_percent$$00000014  c_w.l(_printf_s.o)
    0x000001d8   0x00000006   Code   RO         1605    .ARM.Collect$$_printf_percent$$00000015  c_w.l(_printf_lc.o)
    0x000001de   0x00000006   Code   RO         1606    .ARM.Collect$$_printf_percent$$00000016  c_w.l(_printf_ls.o)
    0x000001e4   0x00000004   Code   RO         1599    .ARM.Collect$$_printf_percent$$00000017  c_w.l(_printf_percent_end.o)
    0x000001e8   0x00000002   Code   RO         1934    .ARM.Collect$$libinit$$00000000  c_w.l(libinit.o)
    0x000001ea   0x00000004   Code   RO         1633    .ARM.Collect$$libinit$$00000001  c_w.l(libinit2.o)
    0x000001ee   0x00000008   Code   RO         1635    .ARM.Collect$$libinit$$00000003  c_w.l(libinit2.o)
    0x000001f6   0x00000000   Code   RO         1637    .ARM.Collect$$libinit$$00000008  c_w.l(libinit2.o)
    0x000001f6   0x00000000   Code   RO         1639    .ARM.Collect$$libinit$$0000000A  c_w.l(libinit2.o)
    0x000001f6   0x00000000   Code   RO         1641    .ARM.Collect$$libinit$$0000000C  c_w.l(libinit2.o)
    0x000001f6   0x00000006   Code   RO         1642    .ARM.Collect$$libinit$$0000000D  c_w.l(libinit2.o)
    0x000001fc   0x00000000   Code   RO         1644    .ARM.Collect$$libinit$$0000000F  c_w.l(libinit2.o)
    0x000001fc   0x0000000c   Code   RO         1645    .ARM.Collect$$libinit$$00000010  c_w.l(libinit2.o)
    0x00000208   0x00000000   Code   RO         1646    .ARM.Collect$$libinit$$00000011  c_w.l(libinit2.o)
    0x00000208   0x00000000   Code   RO         1648    .ARM.Collect$$libinit$$00000013  c_w.l(libinit2.o)
    0x00000208   0x0000000a   Code   RO         1649    .ARM.Collect$$libinit$$00000014  c_w.l(libinit2.o)
    0x00000212   0x00000000   Code   RO         1650    .ARM.Collect$$libinit$$00000015  c_w.l(libinit2.o)
    0x00000212   0x00000000   Code   RO         1652    .ARM.Collect$$libinit$$00000017  c_w.l(libinit2.o)
    0x00000212   0x00000000   Code   RO         1654    .ARM.Collect$$libinit$$00000019  c_w.l(libinit2.o)
    0x00000212   0x00000000   Code   RO         1656    .ARM.Collect$$libinit$$0000001B  c_w.l(libinit2.o)
    0x00000212   0x00000000   Code   RO         1658    .ARM.Collect$$libinit$$0000001D  c_w.l(libinit2.o)
    0x00000212   0x00000000   Code   RO         1660    .ARM.Collect$$libinit$$0000001F  c_w.l(libinit2.o)
    0x00000212   0x00000000   Code   RO         1662    .ARM.Collect$$libinit$$00000021  c_w.l(libinit2.o)
    0x00000212   0x00000004   Code   RO         1663    .ARM.Collect$$libinit$$00000022  c_w.l(libinit2.o)
    0x00000216   0x00000000   Code   RO         1664    .ARM.Collect$$libinit$$00000023  c_w.l(libinit2.o)
    0x00000216   0x00000000   Code   RO         1668    .ARM.Collect$$libinit$$0000002A  c_w.l(libinit2.o)
    0x00000216   0x00000000   Code   RO         1670    .ARM.Collect$$libinit$$0000002C  c_w.l(libinit2.o)
    0x00000216   0x00000000   Code   RO         1672    .ARM.Collect$$libinit$$0000002E  c_w.l(libinit2.o)
    0x00000216   0x00000004   Code   RO         1673    .ARM.Collect$$libinit$$0000002F  c_w.l(libinit2.o)
    0x0000021a   0x00000000   Code   RO         1674    .ARM.Collect$$libinit$$00000030  c_w.l(libinit2.o)
    0x0000021a   0x00000002   Code   RO         1675    .ARM.Collect$$libinit$$00000031  c_w.l(libinit2.o)
    0x0000021c   0x00000006   Code   RO         1676    .ARM.Collect$$libshutdown$$00000001  c_w.l(libshutdown2.o)
    0x00000222   0x00000000   Code   RO         1678    .ARM.Collect$$libshutdown$$00000003  c_w.l(libshutdown2.o)
    0x00000222   0x00000000   Code   RO         1466    .ARM.Collect$$rtentry$$00000000  c_w.l(rtentry.o)
    0x00000222   0x00000000   Code   RO         1746    .ARM.Collect$$rtentry$$00000002  c_w.l(rtentry2.o)
    0x00000222   0x00000006   Code   RO         1758    .ARM.Collect$$rtentry$$00000004  c_w.l(rtentry4.o)
    0x00000228   0x00000000   Code   RO         1748    .ARM.Collect$$rtentry$$00000009  c_w.l(rtentry2.o)
    0x00000228   0x00000004   Code   RO         1749    .ARM.Collect$$rtentry$$0000000A  c_w.l(rtentry2.o)
    0x0000022c   0x00000000   Code   RO         1751    .ARM.Collect$$rtentry$$0000000C  c_w.l(rtentry2.o)
    0x0000022c   0x00000008   Code   RO         1752    .ARM.Collect$$rtentry$$0000000D  c_w.l(rtentry2.o)
    0x00000234   0x00000000   Code   RO         1900    .emb_text           c_w.l(maybetermalloc1.o)
    0x00000234   0x00000088   Code   RO          537    .text               fatdirhandle.o
    0x000002bc   0x00000024   Code   RO          707    .text               startup_LPC407x_8x_177x_8x.o
    0x000002e0   0x0000000a   Code   RO         1229    .text               c_w.l(vfprintf.o)
    0x000002ea   0x0000000a   Code   RO         1231    .text               c_w.l(c89vfprintf.o)
    0x000002f4   0x00000008   Code   RO         1467    .text               c_w.l(rt_new_handler_addr.o)
    0x000002fc   0x00000004   Code   RO          706    .ARM.__at_0x02FC    startup_LPC407x_8x_177x_8x.o
    0x00000300   0x000001d4   Code   RO            3    .text               main.o
    0x000004d4   0x00000994   Code   RO          303    .text               sdfilesystem.o
    0x00000e68   0x0000034c   Code   RO          427    .text               fatfilesystem.o
    0x000011b4   0x000001c4   Code   RO          493    .text               fatfilehandle.o
    0x00001378   0x00000288   Code   RO          605    .text               diskio.o
    0x00001600   0x00000080   Code   RO          653    .text               ccsbcs.o
    0x00001680   0x00002998   Code   RO          671    .text               ff.o
    0x00004018   0x00000018   Code   RO         1233    .text               c_w.l(__2printf.o)
    0x00004030   0x00000014   Code   RO         1235    .text               c_w.l(__2fprintf.o)
    0x00004044   0x0000002c   Code   RO         1237    .text               c_w.l(__2sprintf.o)
    0x00004070   0x00000052   Code   RO         1247    .text               c_w.l(_printf_str.o)
    0x000040c2   0x00000002   PAD
    0x000040c4   0x00000074   Code   RO         1249    .text               c_w.l(_printf_dec.o)
    0x00004138   0x00000188   Code   RO         1268    .text               c_w.l(__printf_flags_ss_wp.o)
    0x000042c0   0x0000003c   Code   RO         1275    .text               c_w.l(__0sscanf.o)
    0x000042fc   0x0000014c   Code   RO         1277    .text               c_w.l(_scanf_int.o)
    0x00004448   0x00000064   Code   RO         1279    .text               c_w.l(fflush.o)
    0x000044ac   0x000000ec   Code   RO         1281    .text               c_w.l(fopen.o)
    0x00004598   0x0000004c   Code   RO         1289    .text               c_w.l(fclose.o)
    0x000045e4   0x0000003e   Code   RO         1300    .text               c_w.l(strlen.o)
    0x00004622   0x00000096   Code   RO         1302    .text               c_w.l(strncmp.o)
    0x000046b8   0x0000008a   Code   RO         1304    .text               c_w.l(rt_memcpy_v6.o)
    0x00004742   0x00000064   Code   RO         1306    .text               c_w.l(rt_memcpy_w.o)
    0x000047a6   0x0000007a   Code   RO         1308    .text               c_w.l(rt_memmove_w.o)
    0x00004820   0x0000004e   Code   RO         1310    .text               c_w.l(rt_memclr_w.o)
    0x0000486e   0x00000002   PAD
    0x00004870   0x00000080   Code   RO         1314    .text               c_w.l(strcmpv7m.o)
    0x000048f0   0x0000000c   Code   RO         1316    .text               c_w.l(localtime.o)
    0x000048fc   0x000001a4   Code   RO         1319    .text               c_w.l(mktime.o)
    0x00004aa0   0x00000024   Code   RO         1326    .text               c_w.l(init_aeabi.o)
    0x00004ac4   0x00000008   Code   RO         1472    .text               c_w.l(rt_ddtor_pointer_addr.o)
    0x00004acc   0x0000005e   Code   RO         1481    .text               c_w.l(h1_alloc.o)
    0x00004b2a   0x0000004e   Code   RO         1483    .text               c_w.l(h1_free.o)
    0x00004b78   0x0000004e   Code   RO         1539    .text               c_w.l(_printf_pad.o)
    0x00004bc6   0x00000024   Code   RO         1541    .text               c_w.l(_printf_truncate.o)
    0x00004bea   0x000000b2   Code   RO         1543    .text               c_w.l(_printf_intcommon.o)
    0x00004c9c   0x00000028   Code   RO         1545    .text               c_w.l(_printf_charcount.o)
    0x00004cc4   0x00000416   Code   RO         1547    .text               c_w.l(_printf_fp_dec.o)
    0x000050da   0x00000002   PAD
    0x000050dc   0x00000030   Code   RO         1549    .text               c_w.l(_printf_char_common.o)
    0x0000510c   0x0000000a   Code   RO         1551    .text               c_w.l(_sputc.o)
    0x00005116   0x0000002c   Code   RO         1553    .text               c_w.l(_printf_char.o)
    0x00005142   0x00000002   PAD
    0x00005144   0x00000024   Code   RO         1555    .text               c_w.l(_printf_char_file.o)
    0x00005168   0x000000bc   Code   RO         1557    .text               c_w.l(_printf_wctomb.o)
    0x00005224   0x00000078   Code   RO         1560    .text               c_w.l(_printf_longlong_dec.o)
    0x0000529c   0x00000070   Code   RO         1566    .text               c_w.l(_printf_oct_int_ll.o)
    0x0000530c   0x00000094   Code   RO         1586    .text               c_w.l(_printf_hex_int_ll_ptr.o)
    0x000053a0   0x0000001c   Code   RO         1609    .text               c_w.l(_chval.o)
    0x000053bc   0x0000002c   Code   RO         1611    .text               c_w.l(scanf_char.o)
    0x000053e8   0x00000040   Code   RO         1613    .text               c_w.l(_sgetc.o)
    0x00005428   0x000000f8   Code   RO         1615    .text               c_w.l(fseek.o)
    0x00005520   0x000000f0   Code   RO         1617    .text               c_w.l(stdio.o)
    0x00005610   0x00000138   Code   RO         1620    .text               c_w.l(initio.o)
    0x00005748   0x0000000e   Code   RO         1624    .text               c_w.l(defsig_pvfn_outer.o)
    0x00005756   0x00000002   PAD
    0x00005758   0x000000a4   Code   RO         1631    .text               c_w.l(localtime_internal.o)
    0x000057fc   0x00000004   Code   RO         1696    .text               cpprt_w.l(arm_newhandler_noexceptions.o)
    0x00005800   0x00000008   Code   RO         1762    .text               c_w.l(rt_heap_descriptor.o)
    0x00005808   0x00000008   Code   RO         1767    .text               c_w.l(rt_locale.o)
    0x00005810   0x00000004   Code   RO         1772    .text               c_w.l(hguard.o)
    0x00005814   0x0000008a   Code   RO         1774    .text               c_w.l(init_alloc.o)
    0x0000589e   0x0000000e   Code   RO         1778    .text               c_w.l(h1_init.o)
    0x000058ac   0x0000008a   Code   RO         1792    .text               c_w.l(lludiv10.o)
    0x00005936   0x00000012   Code   RO         1794    .text               c_w.l(isspace.o)
    0x00005948   0x000002f8   Code   RO         1796    .text               c_w.l(_printf_fp_hex.o)
    0x00005c40   0x00000080   Code   RO         1799    .text               c_w.l(_printf_fp_infnan.o)
    0x00005cc0   0x0000002c   Code   RO         1803    .text               c_w.l(_printf_wchar.o)
    0x00005cec   0x0000036c   Code   RO         1805    .text               c_w.l(_scanf.o)
    0x00006058   0x000000d8   Code   RO         1807    .text               c_w.l(bigflt0.o)
    0x00006130   0x00000008   Code   RO         1832    .text               c_w.l(ferror.o)
    0x00006138   0x00000042   Code   RO         1838    .text               c_w.l(ftell.o)
    0x0000617a   0x00000046   Code   RO         1840    .text               c_w.l(setvbuf.o)
    0x000061c0   0x00000040   Code   RO         1848    .text               c_w.l(_wcrtomb.o)
    0x00006200   0x0000000a   Code   RO         1853    .text               c_w.l(defsig_exit.o)
    0x0000620a   0x0000000e   Code   RO         1855    .text               c_w.l(defsig_rtred_outer.o)
    0x00006218   0x00000030   Code   RO         1859    .text               c_w.l(defsig_pvfn_inner.o)
    0x00006248   0x0000001a   Code   RO         1867    .text               cpprt_w.l(arm_exceptions_terminate.o)
    0x00006262   0x00000002   PAD
    0x00006264   0x0000000c   Code   RO         1889    .text               c_w.l(sys_exit.o)
    0x00006270   0x00000010   Code   RO         1891    .text               c_w.l(rt_ctype_table.o)
    0x00006280   0x00000008   Code   RO         1893    .text               c_w.l(rt_errno_addr.o)
    0x00006288   0x00000034   Code   RO         1902    .text               c_w.l(h1_extend.o)
    0x000062bc   0x000001d6   Code   RO         1906    .text               c_w.l(flsbuf.o)
    0x00006492   0x00000010   Code   RO         1908    .text               c_w.l(abort.o)
    0x000064a2   0x00000032   Code   RO         1912    .text               c_w.l(defsig_general.o)
    0x000064d4   0x00000034   Code   RO         1914    .text               c_w.l(defsig_rtred_inner.o)
    0x00006508   0x0000000e   Code   RO         1916    .text               c_w.l(defsig_rtmem_outer.o)
    0x00006516   0x00000002   PAD
    0x00006518   0x00000050   Code   RO         1920    .text               c_w.l(heapauxa.o)
    0x00006568   0x00000050   Code   RO         1943    .text               cpprt_w.l(arm_exceptions_globs.o)
    0x000065b8   0x0000000e   Code   RO         1949    .text               c_w.l(sys_wrch.o)
    0x000065c6   0x00000002   Code   RO         1951    .text               c_w.l(use_no_semi.o)
    0x000065c8   0x00000000   Code   RO         1953    .text               c_w.l(indicate_semi.o)
    0x000065c8   0x00000008   Code   RO         1954    .text               c_w.l(rt_eh_globals_addr.o)
    0x000065d0   0x0000000e   Code   RO         1972    .text               c_w.l(defsig_abrt_outer.o)
    0x000065de   0x00000002   PAD
    0x000065e0   0x00000050   Code   RO         1976    .text               c_w.l(defsig_rtmem_inner.o)
    0x00006630   0x0000003c   Code   RO         1982    .text               cpprt_w.l(arm_exceptions_mem.o)
    0x0000666c   0x00000030   Code   RO         1993    .text               c_w.l(defsig_abrt_inner.o)
    0x0000669c   0x0000003e   Code   RO         1810    CL$$btod_d2e        c_w.l(btod.o)
    0x000066da   0x00000046   Code   RO         1812    CL$$btod_d2e_denorm_low  c_w.l(btod.o)
    0x00006720   0x00000060   Code   RO         1811    CL$$btod_d2e_norm_op1  c_w.l(btod.o)
    0x00006780   0x00000338   Code   RO         1820    CL$$btod_div_common  c_w.l(btod.o)
    0x00006ab8   0x000000c6   Code   RO         1817    CL$$btod_e2e        c_w.l(btod.o)
    0x00006b7e   0x00000028   Code   RO         1814    CL$$btod_ediv       c_w.l(btod.o)
    0x00006ba6   0x00000028   Code   RO         1813    CL$$btod_emul       c_w.l(btod.o)
    0x00006bce   0x00000244   Code   RO         1819    CL$$btod_mult_common  c_w.l(btod.o)
    0x00006e12   0x00000012   Code   RO          729    i.$Sub$$main        retarget.o
    0x00006e24   0x00000068   Code   RO          697    i.NVIC_SetVector    cmsis_nvic.o
    0x00006e8c   0x00000204   Code   RO          711    i.SystemCoreClockUpdate  system_LPC407x_8x_177x_8x.o
    0x00007090   0x000000e4   Code   RO          712    i.SystemInit        system_LPC407x_8x_177x_8x.o
    0x00007174   0x00000012   Code   RO          552    i._ZN12FATDirHandleD0Ev  fatdirhandle.o
    0x00007186   0x00000004   Code   RO          549    i._ZN12FATDirHandleD1Ev  fatdirhandle.o
    0x0000718a   0x00000002   PAD
    0x0000718c   0x00000020   Code   RO           26    i._ZN12SDFileSystemD1Ev  main.o
    0x000071ac   0x00000012   Code   RO          514    i._ZN13FATFileHandleD0Ev  fatfilehandle.o
    0x000071be   0x0000000e   Code   RO          511    i._ZN13FATFileHandleD1Ev  fatfilehandle.o
    0x000071cc   0x00000006   Code   RO          453    i._ZN13FATFileSystem11disk_statusEv  fatfilesystem.o
    0x000071d2   0x00000006   Code   RO          447    i._ZN13FATFileSystem15disk_initializeEv  fatfilesystem.o
    0x000071d8   0x00000006   Code   RO          459    i._ZN13FATFileSystem9disk_syncEv  fatfilesystem.o
    0x000071de   0x00000002   PAD
    0x000071e0   0x00000088   Code   RO          335    i._ZN4mbed10DigitalOut5writeEi  sdfilesystem.o
    0x00007268   0x00000012   Code   RO          320    i._ZN4mbed10DigitalOutaSEi  sdfilesystem.o
    0x0000727a   0x0000003a   Code   RO          827    i._ZN4mbed10FileHandle4flenEv  retarget.o
    0x000072b4   0x00000030   Code   RO          731    i._ZN4mbed10FileHandleD2Ev  retarget.o
    0x000072e4   0x00000006   Code   RO         1030    i._ZN4mbed10TimerEvent3irqEj  mbed.ar(TimerEvent.o)
    0x000072ea   0x0000000c   Code   RO         1031    i._ZN4mbed10TimerEvent6insertEy  mbed.ar(TimerEvent.o)
    0x000072f6   0x00000006   Code   RO         1032    i._ZN4mbed10TimerEvent6removeEv  mbed.ar(TimerEvent.o)
    0x000072fc   0x00000024   Code   RO         1033    i._ZN4mbed10TimerEventC2Ev  mbed.ar(TimerEvent.o)
    0x00007320   0x00000018   Code   RO         1035    i._ZN4mbed10TimerEventD2Ev  mbed.ar(TimerEvent.o)
    0x00007338   0x00000006   Code   RO          915    i._ZN4mbed14FileSystemLike5mkdirEPKci  mbed.ar(FileSystemLike.o)
    0x0000733e   0x00000002   PAD
    0x00007340   0x00000014   Code   RO          890    i._ZN4mbed14FileSystemLikeC2EPKc  mbed.ar(FileSystemLike.o)
    0x00007354   0x00000004   Code   RO          892    i._ZN4mbed14FileSystemLikeD2Ev  mbed.ar(FileSystemLike.o)
    0x00007358   0x00000018   Code   RO          878    i._ZN4mbed15FunctionPointer4callEv  mbed.ar(FunctionPointer.o)
    0x00007370   0x00000008   Code   RO          879    i._ZN4mbed15FunctionPointer6attachEPFvvE  mbed.ar(FunctionPointer.o)
    0x00007378   0x0000000a   Code   RO          880    i._ZN4mbed15FunctionPointerC1EPFvvE  mbed.ar(FunctionPointer.o)
    0x00007382   0x00000002   PAD
    0x00007384   0x00000034   Code   RO          994    i._ZN4mbed3SPI5writeEi  mbed.ar(SPI.o)
    0x000073b8   0x00000028   Code   RO          997    i._ZN4mbed3SPI9frequencyEi  mbed.ar(SPI.o)
    0x000073e0   0x00000044   Code   RO          998    i._ZN4mbed3SPIC1E7PinNameS1_S1_S1_  mbed.ar(SPI.o)
    0x00007424   0x00000028   Code   RO          973    i._ZN4mbed6Ticker5setupEy  mbed.ar(Ticker.o)
    0x0000744c   0x00000016   Code   RO          974    i._ZN4mbed6Ticker6detachEv  mbed.ar(Ticker.o)
    0x00007462   0x00000022   Code   RO          975    i._ZN4mbed6Ticker7handlerEv  mbed.ar(Ticker.o)
    0x00007484   0x00000028   Code   RO          984    i._ZN4mbed6TickerD1Ev  mbed.ar(Ticker.o)
    0x000074ac   0x00000004   Code   RO         1168    i._ZN4mbed8FileBase11getPathTypeEv  mbed.ar(FileBase.o)
    0x000074b0   0x00000038   Code   RO         1170    i._ZN4mbed8FileBase6lookupEPKcj  mbed.ar(FileBase.o)
    0x000074e8   0x00000024   Code   RO         1172    i._ZN4mbed8FileBaseC1EPKcNS_8PathTypeE  mbed.ar(FileBase.o)
    0x0000750c   0x00000038   Code   RO         1174    i._ZN4mbed8FileBaseD1Ev  mbed.ar(FileBase.o)
    0x00007544   0x00000018   Code   RO          950    i._ZN4mbed8FilePath10fileSystemEv  mbed.ar(FilePath.o)
    0x0000755c   0x0000001c   Code   RO          952    i._ZN4mbed8FilePath4fileEv  mbed.ar(FilePath.o)
    0x00007578   0x0000000a   Code   RO          953    i._ZN4mbed8FilePath6existsEv  mbed.ar(FilePath.o)
    0x00007582   0x00000018   Code   RO          954    i._ZN4mbed8FilePath6isFileEv  mbed.ar(FilePath.o)
    0x0000759a   0x00000004   Code   RO          955    i._ZN4mbed8FilePath8fileNameEv  mbed.ar(FilePath.o)
    0x0000759e   0x00000040   Code   RO          956    i._ZN4mbed8FilePathC1EPKc  mbed.ar(FilePath.o)
    0x000075de   0x00000008   Code   RO         1329    i._ZdlPv            cpprt_w.l(delete.o)
    0x000075e6   0x00000002   PAD
    0x000075e8   0x00000028   Code   RO         1332    i._Znwj             cpprt_w.l(new.o)
    0x00007610   0x00000030   Code   RO         1887    i.__ARM_fpclassify  m_wm.l(fpclassify.o)
    0x00007640   0x00000032   Code   RO         1339    i.__aeabi_atexit    cpprt_w.l(aeabi_atexit.o)
    0x00007672   0x00000042   Code   RO         1712    i.__cxa_finalize    cpprt_w.l(cxa_finalize.o)
    0x000076b4   0x00000006   Code   RO         1336    i.__cxa_pure_virtual  cpprt_w.l(pure_virt.o)
    0x000076ba   0x00000006   PAD
    0x000076c0   0x00000118   Code   RO         1458    i.__hardfp_floor    m_wm.l(floor.o)
    0x000077d8   0x00000004   Code   RO          702    i.__reserved_stack_size  sys_helper.o
    0x000077dc   0x0000001c   Code   RO          691    i.__user_setup_stackheap  sys.o
    0x000077f8   0x0000000e   Code   RO         1261    i._is_digit         c_w.l(__printf_wp.o)
    0x00007806   0x00000002   PAD
    0x00007808   0x0000002c   Code   RO          732    i._sys_close        retarget.o
    0x00007834   0x00000028   Code   RO          735    i._sys_flen         retarget.o
    0x0000785c   0x00000028   Code   RO          736    i._sys_istty        retarget.o
    0x00007884   0x00000134   Code   RO          737    i._sys_open         retarget.o
    0x000079b8   0x00000028   Code   RO          739    i._sys_seek         retarget.o
    0x000079e0   0x00000060   Code   RO          740    i._sys_write        retarget.o
    0x00007a40   0x00000018   Code   RO         1057    i.error             mbed.ar(error.o)
    0x00007a58   0x00000020   Code   RO         1198    i.exit              mbed.ar(exit.o)
    0x00007a78   0x0000001a   Code   RO         1835    i.fputc             c_w.l(fputc.o)
    0x00007a92   0x00000002   PAD
    0x00007a94   0x00000054   Code   RO         1094    i.gpio_dir          mbed.ar(gpio_api.o)
    0x00007ae8   0x00000040   Code   RO         1095    i.gpio_init         mbed.ar(gpio_api.o)
    0x00007b28   0x00000044   Code   RO         1066    i.gpio_init_out     mbed.ar(gpio.o)
    0x00007b6c   0x00000008   Code   RO         1096    i.gpio_mode         mbed.ar(gpio_api.o)
    0x00007b74   0x00000050   Code   RO         1024    i.mbed_assert_internal  mbed.ar(assert.o)
    0x00007bc4   0x00000108   Code   RO          722    i.mbed_die          board.o
    0x00007ccc   0x00000002   Code   RO          742    i.mbed_main         retarget.o
    0x00007cce   0x00000002   Code   RO          743    i.mbed_sdk_init     retarget.o
    0x00007cd0   0x00000038   Code   RO          744    i.mkdir             retarget.o
    0x00007d08   0x00000040   Code   RO         1107    i.pin_function      mbed.ar(pinmap.o)
    0x00007d48   0x00000054   Code   RO         1108    i.pin_mode          mbed.ar(pinmap.o)
    0x00007d9c   0x00000038   Code   RO         1205    i.pinmap_merge      mbed.ar(pinmap_common.o)
    0x00007dd4   0x0000005c   Code   RO         1206    i.pinmap_peripheral  mbed.ar(pinmap_common.o)
    0x00007e30   0x00000058   Code   RO         1207    i.pinmap_pinout     mbed.ar(pinmap_common.o)
    0x00007e88   0x00000024   Code   RO         1117    i.rtc_init          mbed.ar(rtc_api.o)
    0x00007eac   0x00000010   Code   RO         1118    i.rtc_isenabled     mbed.ar(rtc_api.o)
    0x00007ebc   0x00000034   Code   RO         1119    i.rtc_read          mbed.ar(rtc_api.o)
    0x00007ef0   0x00000044   Code   RO         1120    i.rtc_write         mbed.ar(rtc_api.o)
    0x00007f34   0x00000108   Code   RO          835    i.serial_baud       mbed.ar(serial_api.o)
    0x0000803c   0x000000a0   Code   RO          839    i.serial_format     mbed.ar(serial_api.o)
    0x000080dc   0x00000170   Code   RO          842    i.serial_init       mbed.ar(serial_api.o)
    0x0000824c   0x0000000e   Code   RO          846    i.serial_putc       mbed.ar(serial_api.o)
    0x0000825a   0x00000002   PAD
    0x0000825c   0x00000084   Code   RO         1146    i.spi_format        mbed.ar(spi_api.o)
    0x000082e0   0x000000a8   Code   RO         1148    i.spi_frequency     mbed.ar(spi_api.o)
    0x00008388   0x000001c8   Code   RO         1149    i.spi_init          mbed.ar(spi_api.o)
    0x00008550   0x0000001a   Code   RO         1150    i.spi_master_write  mbed.ar(spi_api.o)
    0x0000856a   0x00000022   Code   RO         1086    i.time              mbed.ar(rtc_time.o)
    0x0000858c   0x0000000c   Code   RO         1130    i.us_ticker_clear_interrupt  mbed.ar(us_ticker.o)
    0x00008598   0x00000010   Code   RO         1131    i.us_ticker_disable_interrupt  mbed.ar(us_ticker.o)
    0x000085a8   0x00000060   Code   RO         1132    i.us_ticker_init    mbed.ar(us_ticker.o)
    0x00008608   0x0000004c   Code   RO         1216    i.us_ticker_insert_event  mbed.ar(us_ticker_api.o)
    0x00008654   0x00000044   Code   RO         1217    i.us_ticker_irq_handler  mbed.ar(us_ticker_api.o)
    0x00008698   0x00000060   Code   RO         1133    i.us_ticker_read    mbed.ar(us_ticker.o)
    0x000086f8   0x0000003c   Code   RO         1218    i.us_ticker_remove_event  mbed.ar(us_ticker_api.o)
    0x00008734   0x00000014   Code   RO         1219    i.us_ticker_set_handler  mbed.ar(us_ticker_api.o)
    0x00008748   0x00000014   Code   RO         1134    i.us_ticker_set_interrupt  mbed.ar(us_ticker.o)
    0x0000875c   0x0000001c   Code   RO         1077    i.wait_ms           mbed.ar(wait_api.o)
    0x00008778   0x00000018   Code   RO         1078    i.wait_us           mbed.ar(wait_api.o)
    0x00008790   0x0000002c   Code   RO         1851    locale$$code        c_w.l(lc_numeric_c.o)
    0x000087bc   0x0000002c   Code   RO         1968    locale$$code        c_w.l(lc_ctype_c.o)
    0x000087e8   0x00000150   Code   RO         1442    x$fpl$dadd          fz_wm.l(daddsub_clz.o)
    0x00008938   0x00000018   Code   RO         1725    x$fpl$dcmpinf       fz_wm.l(dcmpi.o)
    0x00008950   0x0000005e   Code   RO         1448    x$fpl$dfix          fz_wm.l(dfix.o)
    0x000089ae   0x00000002   PAD
    0x000089b0   0x00000078   Code   RO         1452    x$fpl$dleqf         fz_wm.l(dleqf.o)
    0x00008a28   0x0000009c   Code   RO         1727    x$fpl$dnaninf       fz_wm.l(dnaninf.o)
    0x00008ac4   0x0000000c   Code   RO         1729    x$fpl$dretinf       fz_wm.l(dretinf.o)
    0x00008ad0   0x0000006c   Code   RO         1731    x$fpl$drleqf        fz_wm.l(drleqf.o)
    0x00008b3c   0x00000016   Code   RO         1443    x$fpl$drsb          fz_wm.l(daddsub_clz.o)
    0x00008b52   0x00000002   PAD
    0x00008b54   0x000001d4   Code   RO         1444    x$fpl$dsub          fz_wm.l(daddsub_clz.o)
    0x00008d28   0x00000056   Code   RO         1454    x$fpl$f2d           fz_wm.l(f2d.o)
    0x00008d7e   0x0000008c   Code   RO         1733    x$fpl$fnaninf       fz_wm.l(fnaninf.o)
    0x00008e0a   0x0000000a   Code   RO         1883    x$fpl$fpinit        fz_wm.l(fpinit.o)
    0x00008e14   0x00000004   Code   RO         1456    x$fpl$printf1       fz_wm.l(printf1.o)
    0x00008e18   0x00000004   Code   RO         1735    x$fpl$printf2       fz_wm.l(printf2.o)
    0x00008e1c   0x00000000   Code   RO         1741    x$fpl$usenofp       fz_wm.l(usenofp.o)
    0x00008e1c   0x000004c0   Data   RO          655    .constdata          ccsbcs.o
    0x000092dc   0x000000ba   Data   RO          674    .constdata          ff.o
    0x00009396   0x00000002   PAD
    0x00009398   0x00000067   Data   RO          723    .constdata          board.o
    0x000093ff   0x00000017   Data   RO          780    .constdata          retarget.o
    0x00009416   0x00000002   PAD
    0x00009418   0x00000254   Data   RO          855    .constdata          mbed.ar(serial_api.o)
    0x0000966c   0x00000067   Data   RO         1068    .constdata          mbed.ar(gpio.o)
    0x000096d3   0x00000001   PAD
    0x000096d4   0x00000068   Data   RO         1098    .constdata          mbed.ar(gpio_api.o)
    0x0000973c   0x00000054   Data   RO         1109    .constdata          mbed.ar(pinmap.o)
    0x00009790   0x0000029c   Data   RO         1154    .constdata          mbed.ar(spi_api.o)
    0x00009a2c   0x00000011   Data   RO         1269    .constdata          c_w.l(__printf_flags_ss_wp.o)
    0x00009a3d   0x00000003   PAD
    0x00009a40   0x00000008   Data   RO         1558    .constdata          c_w.l(_printf_wctomb.o)
    0x00009a48   0x00000028   Data   RO         1587    .constdata          c_w.l(_printf_hex_int_ll_ptr.o)
    0x00009a70   0x0000000c   Data   RO         1630    .constdata          c_w.l(_monlen.o)
    0x00009a7c   0x00000026   Data   RO         1797    .constdata          c_w.l(_printf_fp_hex.o)
    0x00009aa2   0x00000002   PAD
    0x00009aa4   0x00000094   Data   RO         1808    .constdata          c_w.l(bigflt0.o)
    0x00009b38   0x00000024   Data   RO          548    .constdata__ZTV12FATDirHandle  fatdirhandle.o
    0x00009b5c   0x00000040   Data   RO          319    .constdata__ZTV12SDFileSystem  sdfilesystem.o
    0x00009b9c   0x0000002c   Data   RO          510    .constdata__ZTV13FATFileHandle  fatfilehandle.o
    0x00009bc8   0x00000040   Data   RO          446    .constdata__ZTV13FATFileSystem  fatfilesystem.o
    0x00009c08   0x0000002c   Data   RO          826    .constdata__ZTVN4mbed10FileHandleE  retarget.o
    0x00009c34   0x00000014   Data   RO         1052    .constdata__ZTVN4mbed10TimerEventE  mbed.ar(TimerEvent.o)
    0x00009c48   0x00000024   Data   RO          904    .constdata__ZTVN4mbed14FileSystemLikeE  mbed.ar(FileSystemLike.o)
    0x00009c6c   0x00000014   Data   RO         1013    .constdata__ZTVN4mbed3SPIE  mbed.ar(SPI.o)
    0x00009c80   0x00000014   Data   RO          983    .constdata__ZTVN4mbed6TickerE  mbed.ar(Ticker.o)
    0x00009c94   0x00000010   Data   RO         1193    .constdata__ZTVN4mbed8FileBaseE  mbed.ar(FileBase.o)
    0x00009ca4   0x00000024   Data   RO          556    .constdata__ZTVN4mbed9DirHandleE  fatdirhandle.o
    0x00009cc8   0x00000201   Data   RO            6    .conststring        main.o
    0x00009ec9   0x00000003   PAD
    0x00009ecc   0x00000020   Data   RO         2005    Region$$Table       anon$$obj.o
    0x00009eec   0x0000001c   Data   RO         1850    locale$$data        c_w.l(lc_numeric_c.o)
    0x00009f08   0x00000110   Data   RO         1967    locale$$data        c_w.l(lc_ctype_c.o)
    0x0000a018   0x00000004   Data   RO            8    .init_array         main.o
    0x0000a01c   0x00000000   Data   RO         1324    .init_array         c_w.l(init_aeabi.o)


    Execution Region RW_IRAM1 (Base: 0x100000e8, Size: 0x000006b8, Max: 0x0000ff18, ABSOLUTE)

    Base Addr    Size         Type   Attr      Idx    E Section Name        Object

    0x100000e8   0x00000018   Data   RW            7    .data               main.o
    0x10000100   0x00000004   Data   RW          429    .data               fatfilesystem.o
    0x10000104   0x00000006   Data   RW          675    .data               ff.o
    0x1000010a   0x00000002   PAD
    0x1000010c   0x00000010   Data   RW          714    .data               system_LPC407x_8x_177x_8x.o
    0x1000011c   0x00000010   Data   RW          856    .data               mbed.ar(serial_api.o)
    0x1000012c   0x00000004   Data   RW         1004    .data               mbed.ar(SPI.o)
    0x10000130   0x00000004   Data   RW         1135    .data               mbed.ar(us_ticker.o)
    0x10000134   0x00000004   Data   RW         1182    .data               mbed.ar(FileBase.o)
    0x10000138   0x00000008   Data   RW         1220    .data               mbed.ar(us_ticker_api.o)
    0x10000140   0x00000004   Data   RW         1286    .data               c_w.l(stdio_streams.o)
    0x10000144   0x00000004   Data   RW         1287    .data               c_w.l(stdio_streams.o)
    0x10000148   0x00000004   Data   RW         1288    .data               c_w.l(stdio_streams.o)
    0x1000014c   0x00000004   Data   RW         1921    .data               c_w.l(heapauxa.o)
    0x10000150   0x000002c0   Zero   RW            5    .bss                main.o
    0x10000410   0x00000200   Zero   RW          673    .bss                ff.o
    0x10000610   0x00000040   Zero   RW          779    .bss                retarget.o
    0x10000650   0x00000054   Zero   RW         1283    .bss                c_w.l(stdio_streams.o)
    0x100006a4   0x00000054   Zero   RW         1284    .bss                c_w.l(stdio_streams.o)
    0x100006f8   0x00000054   Zero   RW         1285    .bss                c_w.l(stdio_streams.o)
    0x1000074c   0x0000002c   Zero   RW         1317    .bss                c_w.l(localtime.o)
    0x10000778   0x00000004   Zero   RW         1468    .bss                c_w.l(rt_new_handler_addr.o)
    0x1000077c   0x00000004   Zero   RW         1473    .bss                c_w.l(rt_ddtor_pointer_addr.o)
    0x10000780   0x00000004   Zero   RW         1763    .bss                c_w.l(rt_heap_descriptor.o)
    0x10000784   0x00000014   Zero   RW         1768    .bss                c_w.l(rt_locale.o)
    0x10000798   0x00000004   Zero   RW         1894    .bss                c_w.l(rt_errno_addr.o)
    0x1000079c   0x00000004   Zero   RW         1955    .bss                c_w.l(rt_eh_globals_addr.o)


    Execution Region RW_IRAM2 (Base: 0x20000000, Size: 0x00000000, Max: 0x00004000, ABSOLUTE)

    **** No section assigned to this execution region ****


    Execution Region RW_IRAM3 (Base: 0x20004000, Size: 0x00000000, Max: 0x00004000, ABSOLUTE)

    **** No section assigned to this execution region ****



  Load Region LR_IROM2 (Base: 0x28000000, Size: 0x00000000, Max: 0x01000000, ABSOLUTE)

    Execution Region ER_IROM2 (Base: 0x28000000, Size: 0x00000000, Max: 0x01000000, ABSOLUTE)

    **** No section assigned to this execution region ****


==============================================================================

Image component sizes


      Code (inc. data)   RO Data    RW Data    ZI Data      Debug   Object Name

       264          6        103          0          0        124   board.o
       128         12       1216          0          0       4417   ccsbcs.o
       104          6          0          0          0        132   cmsis_nvic.o
       648        226          0          0          0       4390   diskio.o
       158          8         72          0          0       5921   fatdirhandle.o
       484        142         44          0          0       8672   fatfilehandle.o
       862        242         64          4          0      10362   fatfilesystem.o
     10648        130        186          6        512      28583   ff.o
       500        184        517         24        704      48908   main.o
       752         72         67          0         64       1512   retarget.o
      2606        604         64          0          0      18612   sdfilesystem.o
        40         12        228          0          0        276   startup_LPC407x_8x_177x_8x.o
        28          4          0          0          0        128   sys.o
         4          0          0          0          0        116   sys_helper.o
       744         36          0         16          0        268   system_LPC407x_8x_177x_8x.o

    ----------------------------------------------------------------------
     17974       1684       2600         52       1280     132421   Object Totals
         0          0         32          0          0          0   (incl. Generated)
         4          0          7          2          0          0   (incl. Padding)

    ----------------------------------------------------------------------

      Code (inc. data)   RO Data    RW Data    ZI Data      Debug   Library Member Name

        60          8          0          0          0         84   __0sscanf.o
        20          0          0          0          0         84   __2fprintf.o
        24          4          0          0          0         84   __2printf.o
        44          6          0          0          0         84   __2sprintf.o
         8          0          0          0          0         68   __main.o
       392          4         17          0          0         92   __printf_flags_ss_wp.o
        14          0          0          0          0         68   __printf_wp.o
        52          8          0          0          0          0   __scatter.o
        26          0          0          0          0          0   __scatter_copy.o
        28          0          0          0          0          0   __scatter_zi.o
        28          0          0          0          0         68   _chval.o
         0          0         12          0          0          0   _monlen.o
         6          0          0          0          0          0   _printf_a.o
         6          0          0          0          0          0   _printf_c.o
        44          0          0          0          0        108   _printf_char.o
        48          6          0          0          0         96   _printf_char_common.o
        36          4          0          0          0         80   _printf_char_file.o
        40          0          0          0          0         68   _printf_charcount.o
         6          0          0          0          0          0   _printf_d.o
       116         16          0          0          0         92   _printf_dec.o
         6          0          0          0          0          0   _printf_e.o
         6          0          0          0          0          0   _printf_f.o
      1046          0          0          0          0        216   _printf_fp_dec.o
       760         10         38          0          0        100   _printf_fp_hex.o
       128         16          0          0          0         84   _printf_fp_infnan.o
         6          0          0          0          0          0   _printf_g.o
       148          4         40          0          0        160   _printf_hex_int_ll_ptr.o
         6          0          0          0          0          0   _printf_i.o
       178          0          0          0          0         88   _printf_intcommon.o
        10          0          0          0          0          0   _printf_l.o
         6          0          0          0          0          0   _printf_lc.o
        10          0          0          0          0          0   _printf_ll.o
         6          0          0          0          0          0   _printf_lld.o
         6          0          0          0          0          0   _printf_lli.o
         6          0          0          0          0          0   _printf_llo.o
         6          0          0          0          0          0   _printf_llu.o
         6          0          0          0          0          0   _printf_llx.o
       120         16          0          0          0         92   _printf_longlong_dec.o
         6          0          0          0          0          0   _printf_ls.o
         6          0          0          0          0          0   _printf_n.o
         6          0          0          0          0          0   _printf_o.o
       112          8          0          0          0        124   _printf_oct_int_ll.o
         6          0          0          0          0          0   _printf_p.o
        78          0          0          0          0        108   _printf_pad.o
         0          0          0          0          0          0   _printf_percent.o
         4          0          0          0          0          0   _printf_percent_end.o
         6          0          0          0          0          0   _printf_s.o
        82          0          0          0          0         80   _printf_str.o
        36          0          0          0          0         84   _printf_truncate.o
         6          0          0          0          0          0   _printf_u.o
        44          0          0          0          0        108   _printf_wchar.o
       188          6          8          0          0         92   _printf_wctomb.o
         6          0          0          0          0          0   _printf_x.o
       876          4          0          0          0        100   _scanf.o
       332          0          0          0          0         96   _scanf_int.o
        64          0          0          0          0         84   _sgetc.o
        10          0          0          0          0         68   _sputc.o
        64          0          0          0          0         92   _wcrtomb.o
        16          0          0          0          0         72   abort.o
       216          4        148          0          0         96   bigflt0.o
      1910        128          0          0          0        672   btod.o
        10          0          0          0          0         68   c89vfprintf.o
        48         34          0          0          0         76   defsig_abrt_inner.o
        14          0          0          0          0         80   defsig_abrt_outer.o
        10          0          0          0          0         68   defsig_exit.o
        50          0          0          0          0         88   defsig_general.o
        48         34          0          0          0         76   defsig_pvfn_inner.o
        14          0          0          0          0         80   defsig_pvfn_outer.o
        80         58          0          0          0         76   defsig_rtmem_inner.o
        14          0          0          0          0         80   defsig_rtmem_outer.o
        52         38          0          0          0         76   defsig_rtred_inner.o
        14          0          0          0          0         80   defsig_rtred_outer.o
        76          0          0          0          0         88   fclose.o
         8          0          0          0          0         68   ferror.o
       100          4          0          0          0        120   fflush.o
       470          0          0          0          0         88   flsbuf.o
       236          4          0          0          0        128   fopen.o
        26          0          0          0          0         68   fputc.o
       248          6          0          0          0         84   fseek.o
        66          0          0          0          0         76   ftell.o
        94          0          0          0          0         80   h1_alloc.o
        52          0          0          0          0         68   h1_extend.o
        78          0          0          0          0         80   h1_free.o
        14          0          0          0          0         84   h1_init.o
        80          6          0          4          0         96   heapauxa.o
         4          0          0          0          0        136   hguard.o
         0          0          0          0          0          0   indicate_semi.o
        36         10          0          0          0         80   init_aeabi.o
       138          0          0          0          0        168   init_alloc.o
       312         46          0          0          0        112   initio.o
        18          0          0          0          0         76   isspace.o
        44         10        272          0          0         76   lc_ctype_c.o
        44         10         28          0          0         76   lc_numeric_c.o
         2          0          0          0          0          0   libinit.o
        50          0          0          0          0          0   libinit2.o
         6          0          0          0          0          0   libshutdown2.o
       138          0          0          0          0         80   lludiv10.o
        12          6          0          0         44         68   localtime.o
       164          6          0          0          0         80   localtime_internal.o
         0          0          0          0          0          0   maybetermalloc1.o
       420         10          0          0          0        128   mktime.o
        16          4          0          0          0         76   rt_ctype_table.o
         8          4          0          0          4         68   rt_ddtor_pointer_addr.o
         8          4          0          0          4         68   rt_eh_globals_addr.o
         8          4          0          0          4         68   rt_errno_addr.o
         8          4          0          0          4         68   rt_heap_descriptor.o
         8          4          0          0         20         68   rt_locale.o
        78          0          0          0          0         80   rt_memclr_w.o
       138          0          0          0          0         68   rt_memcpy_v6.o
       100          0          0          0          0         80   rt_memcpy_w.o
       122          0          0          0          0         80   rt_memmove_w.o
         8          4          0          0          4         68   rt_new_handler_addr.o
         0          0          0          0          0          0   rtentry.o
        12          0          0          0          0          0   rtentry2.o
         6          0          0          0          0          0   rtentry4.o
        44          8          0          0          0         84   scanf_char.o
        70          0          0          0          0         80   setvbuf.o
       240          6          0          0          0        156   stdio.o
         0          0          0         12        252          0   stdio_streams.o
       128          0          0          0          0         68   strcmpv7m.o
        62          0          0          0          0         76   strlen.o
       150          0          0          0          0         80   strncmp.o
        12          4          0          0          0         68   sys_exit.o
        14          0          0          0          0         76   sys_wrch.o
         2          0          0          0          0         68   use_no_semi.o
        10          0          0          0          0         68   vfprintf.o
        50          0          0          0          0         84   aeabi_atexit.o
        80         12          0          0          0        104   arm_exceptions_globs.o
        60          0          0          0          0        108   arm_exceptions_mem.o
        26          0          0          0          0         76   arm_exceptions_terminate.o
         4          0          0          0          0         68   arm_newhandler_noexceptions.o
        66          0          0          0          0         84   cxa_finalize.o
         8          0          0          0          0         76   delete.o
        40          6          0          0          0         76   new.o
         6          0          0          0          0         68   pure_virt.o
       826         16          0          0          0        492   daddsub_clz.o
        24          0          0          0          0        116   dcmpi.o
        94          4          0          0          0        140   dfix.o
       120          4          0          0          0        140   dleqf.o
       156          4          0          0          0        140   dnaninf.o
        12          0          0          0          0        116   dretinf.o
       108          0          0          0          0        128   drleqf.o
        86          4          0          0          0        132   f2d.o
       140          4          0          0          0        132   fnaninf.o
        10          0          0          0          0        116   fpinit.o
         4          0          0          0          0        116   printf1.o
         4          0          0          0          0        116   printf2.o
         0          0          0          0          0          0   usenofp.o
       280         28          0          0          0        156   floor.o
        48          0          0          0          0        124   fpclassify.o
       152         24         16          4          0        476   FileBase.o
       154          0          0          0          0        728   FilePath.o
        30          6         36          0          0        356   FileSystemLike.o
        42          0          0          0          0        348   FunctionPointer.o
       160         16         20          4          0        392   SPI.o
       136          6         20          0          0        520   Ticker.o
        84         12         20          0          0        604   TimerEvent.o
        80         56          0          0          0        128   assert.o
        24          4          0          0          0        128   error.o
        32          8          0          0          0        120   exit.o
        68          4        103          0          0        136   gpio.o
       156         30        104          0          0        372   gpio_api.o
       148         56         84          0          0        256   pinmap.o
       236         78          0          0          0        384   pinmap_common.o
       172         26          0          0          0        484   rtc_api.o
        34          0          0          0          0        128   rtc_time.o
       806         62        596         16          0        532   serial_api.o
       782         70        668          0          0        596   spi_api.o
       240         64          0          4          0        596   us_ticker.o
       224         20          0          8          0        512   us_ticker_api.o
        52          0          0          0          0        256   wait_api.o

    ----------------------------------------------------------------------
     18178       1204       2236         52        336      19324   Library Totals
        40          0          6          0          0          0   (incl. Padding)

    ----------------------------------------------------------------------

      Code (inc. data)   RO Data    RW Data    ZI Data      Debug   Library Name

     12074        580        563         16        336       8364   c_w.l
       340         18          0          0          0        744   cpprt_w.l
      1584         36          0          0          0       1884   fz_wm.l
       328         28          0          0          0        280   m_wm.l
      3812        542       1667         36          0       8052   mbed.ar

    ----------------------------------------------------------------------
     18178       1204       2236         52        336      19324   Library Totals

    ----------------------------------------------------------------------

==============================================================================


      Code (inc. data)   RO Data    RW Data    ZI Data      Debug   

     36152       2888       4836        104       1616     134941   Grand Totals
     36152       2888       4836        104       1616     134941   ELF Image Totals
     36152       2888       4836        104          0          0   ROM Totals

==============================================================================

    Total RO  Size (Code + RO Data)                40988 (  40.03kB)
    Total RW  Size (RW Data + ZI Data)              1720 (   1.68kB)
    Total ROM Size (Code + RO Data + RW Data)      41092 (  40.13kB)

==============================================================================

