<!doctype html public "-//w3c//dtd html 4.0 transitional//en">
<html><head>
<title>Static Call Graph - [.\build\mbed_SDSPI.axf]</title></head>
<body><HR>
<H1>Static Call Graph for image .\build\mbed_SDSPI.axf</H1><HR>
<BR><P>#&#060CALLGRAPH&#062# ARM Linker, 5040049: Last Updated: Tue Sep 23 14:24:36 2014
<BR><P>
<H3>Maximum Stack Usage =       1648 bytes + Unknown(Cycles, Untraceable Function Pointers)</H3><H3>
Call chain for Maximum Stack Depth:</H3>
FATFileSystem::open(const char*, int) &rArr; f_open &rArr; dir_register(FATFS_DIR*) &rArr; dir_find(FATFS_DIR*) &rArr; dir_next(FATFS_DIR*, int) &rArr; create_chain(FATFS*, unsigned long) &rArr; put_fat(FATFS*, unsigned long, unsigned long) &rArr; move_window(FATFS*, unsigned long) &rArr; disk_write(unsigned char, const unsigned char*, unsigned long, unsigned char) &rArr; debug_if(int, const char*, ...) &rArr; __c89vfprintf &rArr; _printf_char_file &rArr; _printf_char_common &rArr; __printf
<P>
<H3>
Mutually Recursive functions
</H3> <LI><a href="#[d]">NMI_Handler</a>&nbsp;&nbsp;&nbsp;&rArr;&nbsp;&nbsp;&nbsp;<a href="#[d]">NMI_Handler</a><BR>
 <LI><a href="#[e]">HardFault_Handler</a>&nbsp;&nbsp;&nbsp;&rArr;&nbsp;&nbsp;&nbsp;<a href="#[e]">HardFault_Handler</a><BR>
 <LI><a href="#[f]">MemManage_Handler</a>&nbsp;&nbsp;&nbsp;&rArr;&nbsp;&nbsp;&nbsp;<a href="#[f]">MemManage_Handler</a><BR>
 <LI><a href="#[10]">BusFault_Handler</a>&nbsp;&nbsp;&nbsp;&rArr;&nbsp;&nbsp;&nbsp;<a href="#[10]">BusFault_Handler</a><BR>
 <LI><a href="#[11]">UsageFault_Handler</a>&nbsp;&nbsp;&nbsp;&rArr;&nbsp;&nbsp;&nbsp;<a href="#[11]">UsageFault_Handler</a><BR>
 <LI><a href="#[12]">SVC_Handler</a>&nbsp;&nbsp;&nbsp;&rArr;&nbsp;&nbsp;&nbsp;<a href="#[12]">SVC_Handler</a><BR>
 <LI><a href="#[13]">DebugMon_Handler</a>&nbsp;&nbsp;&nbsp;&rArr;&nbsp;&nbsp;&nbsp;<a href="#[13]">DebugMon_Handler</a><BR>
 <LI><a href="#[14]">PendSV_Handler</a>&nbsp;&nbsp;&nbsp;&rArr;&nbsp;&nbsp;&nbsp;<a href="#[14]">PendSV_Handler</a><BR>
 <LI><a href="#[15]">SysTick_Handler</a>&nbsp;&nbsp;&nbsp;&rArr;&nbsp;&nbsp;&nbsp;<a href="#[15]">SysTick_Handler</a><BR>
 <LI><a href="#[2b]">ADC_IRQHandler</a>&nbsp;&nbsp;&nbsp;&rArr;&nbsp;&nbsp;&nbsp;<a href="#[2b]">ADC_IRQHandler</a><BR>
 <LI><a href="#[182]">mbed_assert_internal</a>&nbsp;&nbsp;&nbsp;&rArr;&nbsp;&nbsp;&nbsp;<a href="#[1a2]">mbed_die</a><BR>
 <LI><a href="#[1ab]">pinmap_pinout</a>&nbsp;&nbsp;&nbsp;&rArr;&nbsp;&nbsp;&nbsp;<a href="#[c2]">error</a><BR>
 <LI><a href="#[1aa]">pinmap_peripheral</a>&nbsp;&nbsp;&nbsp;&rArr;&nbsp;&nbsp;&nbsp;<a href="#[c2]">error</a><BR>
 <LI><a href="#[1a9]">pinmap_merge</a>&nbsp;&nbsp;&nbsp;&rArr;&nbsp;&nbsp;&nbsp;<a href="#[c2]">error</a><BR>
</UL>
<P>
<H3>
Function Pointers
</H3><UL>
 <LI><a href="#[2b]">ADC_IRQHandler</a> from startup_LPC407x_8x_177x_8x.o(.text) referenced from startup_LPC407x_8x_177x_8x.o(RESET)
 <LI><a href="#[2c]">BOD_IRQHandler</a> from startup_LPC407x_8x_177x_8x.o(.text) referenced from startup_LPC407x_8x_177x_8x.o(RESET)
 <LI><a href="#[10]">BusFault_Handler</a> from startup_LPC407x_8x_177x_8x.o(.text) referenced from startup_LPC407x_8x_177x_8x.o(RESET)
 <LI><a href="#[37]">CANActivity_IRQHandler</a> from startup_LPC407x_8x_177x_8x.o(.text) referenced from startup_LPC407x_8x_177x_8x.o(RESET)
 <LI><a href="#[2e]">CAN_IRQHandler</a> from startup_LPC407x_8x_177x_8x.o(.text) referenced from startup_LPC407x_8x_177x_8x.o(RESET)
 <LI><a href="#[2f]">DMA_IRQHandler</a> from startup_LPC407x_8x_177x_8x.o(.text) referenced from startup_LPC407x_8x_177x_8x.o(RESET)
 <LI><a href="#[13]">DebugMon_Handler</a> from startup_LPC407x_8x_177x_8x.o(.text) referenced from startup_LPC407x_8x_177x_8x.o(RESET)
 <LI><a href="#[3d]">EEPROM_IRQHandler</a> from startup_LPC407x_8x_177x_8x.o(.text) referenced from startup_LPC407x_8x_177x_8x.o(RESET)
 <LI><a href="#[27]">EINT0_IRQHandler</a> from startup_LPC407x_8x_177x_8x.o(.text) referenced from startup_LPC407x_8x_177x_8x.o(RESET)
 <LI><a href="#[28]">EINT1_IRQHandler</a> from startup_LPC407x_8x_177x_8x.o(.text) referenced from startup_LPC407x_8x_177x_8x.o(RESET)
 <LI><a href="#[29]">EINT2_IRQHandler</a> from startup_LPC407x_8x_177x_8x.o(.text) referenced from startup_LPC407x_8x_177x_8x.o(RESET)
 <LI><a href="#[2a]">EINT3_IRQHandler</a> from startup_LPC407x_8x_177x_8x.o(.text) referenced from startup_LPC407x_8x_177x_8x.o(RESET)
 <LI><a href="#[31]">ENET_IRQHandler</a> from startup_LPC407x_8x_177x_8x.o(.text) referenced from startup_LPC407x_8x_177x_8x.o(RESET)
 <LI><a href="#[3b]">GPIO_IRQHandler</a> from startup_LPC407x_8x_177x_8x.o(.text) referenced from startup_LPC407x_8x_177x_8x.o(RESET)
 <LI><a href="#[e]">HardFault_Handler</a> from startup_LPC407x_8x_177x_8x.o(.text) referenced from startup_LPC407x_8x_177x_8x.o(RESET)
 <LI><a href="#[20]">I2C0_IRQHandler</a> from startup_LPC407x_8x_177x_8x.o(.text) referenced from startup_LPC407x_8x_177x_8x.o(RESET)
 <LI><a href="#[21]">I2C1_IRQHandler</a> from startup_LPC407x_8x_177x_8x.o(.text) referenced from startup_LPC407x_8x_177x_8x.o(RESET)
 <LI><a href="#[22]">I2C2_IRQHandler</a> from startup_LPC407x_8x_177x_8x.o(.text) referenced from startup_LPC407x_8x_177x_8x.o(RESET)
 <LI><a href="#[30]">I2S_IRQHandler</a> from startup_LPC407x_8x_177x_8x.o(.text) referenced from startup_LPC407x_8x_177x_8x.o(RESET)
 <LI><a href="#[3a]">LCD_IRQHandler</a> from startup_LPC407x_8x_177x_8x.o(.text) referenced from startup_LPC407x_8x_177x_8x.o(RESET)
 <LI><a href="#[32]">MCI_IRQHandler</a> from startup_LPC407x_8x_177x_8x.o(.text) referenced from startup_LPC407x_8x_177x_8x.o(RESET)
 <LI><a href="#[33]">MCPWM_IRQHandler</a> from startup_LPC407x_8x_177x_8x.o(.text) referenced from startup_LPC407x_8x_177x_8x.o(RESET)
 <LI><a href="#[f]">MemManage_Handler</a> from startup_LPC407x_8x_177x_8x.o(.text) referenced from startup_LPC407x_8x_177x_8x.o(RESET)
 <LI><a href="#[d]">NMI_Handler</a> from startup_LPC407x_8x_177x_8x.o(.text) referenced from startup_LPC407x_8x_177x_8x.o(RESET)
 <LI><a href="#[25]">PLL0_IRQHandler</a> from startup_LPC407x_8x_177x_8x.o(.text) referenced from startup_LPC407x_8x_177x_8x.o(RESET)
 <LI><a href="#[35]">PLL1_IRQHandler</a> from startup_LPC407x_8x_177x_8x.o(.text) referenced from startup_LPC407x_8x_177x_8x.o(RESET)
 <LI><a href="#[3c]">PWM0_IRQHandler</a> from startup_LPC407x_8x_177x_8x.o(.text) referenced from startup_LPC407x_8x_177x_8x.o(RESET)
 <LI><a href="#[1f]">PWM1_IRQHandler</a> from startup_LPC407x_8x_177x_8x.o(.text) referenced from startup_LPC407x_8x_177x_8x.o(RESET)
 <LI><a href="#[14]">PendSV_Handler</a> from startup_LPC407x_8x_177x_8x.o(.text) referenced from startup_LPC407x_8x_177x_8x.o(RESET)
 <LI><a href="#[34]">QEI_IRQHandler</a> from startup_LPC407x_8x_177x_8x.o(.text) referenced from startup_LPC407x_8x_177x_8x.o(RESET)
 <LI><a href="#[26]">RTC_IRQHandler</a> from startup_LPC407x_8x_177x_8x.o(.text) referenced from startup_LPC407x_8x_177x_8x.o(RESET)
 <LI><a href="#[c]">Reset_Handler</a> from startup_LPC407x_8x_177x_8x.o(.text) referenced from startup_LPC407x_8x_177x_8x.o(RESET)
 <LI><a href="#[23]">SSP0_IRQHandler</a> from startup_LPC407x_8x_177x_8x.o(.text) referenced from startup_LPC407x_8x_177x_8x.o(RESET)
 <LI><a href="#[24]">SSP1_IRQHandler</a> from startup_LPC407x_8x_177x_8x.o(.text) referenced from startup_LPC407x_8x_177x_8x.o(RESET)
 <LI><a href="#[39]">SSP2_IRQHandler</a> from startup_LPC407x_8x_177x_8x.o(.text) referenced from startup_LPC407x_8x_177x_8x.o(RESET)
 <LI><a href="#[12]">SVC_Handler</a> from startup_LPC407x_8x_177x_8x.o(.text) referenced from startup_LPC407x_8x_177x_8x.o(RESET)
 <LI><a href="#[15]">SysTick_Handler</a> from startup_LPC407x_8x_177x_8x.o(.text) referenced from startup_LPC407x_8x_177x_8x.o(RESET)
 <LI><a href="#[3e]">SystemInit</a> from system_LPC407x_8x_177x_8x.o(i.SystemInit) referenced from startup_LPC407x_8x_177x_8x.o(.text)
 <LI><a href="#[17]">TIMER0_IRQHandler</a> from startup_LPC407x_8x_177x_8x.o(.text) referenced from startup_LPC407x_8x_177x_8x.o(RESET)
 <LI><a href="#[18]">TIMER1_IRQHandler</a> from startup_LPC407x_8x_177x_8x.o(.text) referenced from startup_LPC407x_8x_177x_8x.o(RESET)
 <LI><a href="#[19]">TIMER2_IRQHandler</a> from startup_LPC407x_8x_177x_8x.o(.text) referenced from startup_LPC407x_8x_177x_8x.o(RESET)
 <LI><a href="#[1a]">TIMER3_IRQHandler</a> from startup_LPC407x_8x_177x_8x.o(.text) referenced from startup_LPC407x_8x_177x_8x.o(RESET)
 <LI><a href="#[1b]">UART0_IRQHandler</a> from startup_LPC407x_8x_177x_8x.o(.text) referenced from startup_LPC407x_8x_177x_8x.o(RESET)
 <LI><a href="#[1c]">UART1_IRQHandler</a> from startup_LPC407x_8x_177x_8x.o(.text) referenced from startup_LPC407x_8x_177x_8x.o(RESET)
 <LI><a href="#[1d]">UART2_IRQHandler</a> from startup_LPC407x_8x_177x_8x.o(.text) referenced from startup_LPC407x_8x_177x_8x.o(RESET)
 <LI><a href="#[1e]">UART3_IRQHandler</a> from startup_LPC407x_8x_177x_8x.o(.text) referenced from startup_LPC407x_8x_177x_8x.o(RESET)
 <LI><a href="#[38]">UART4_IRQHandler</a> from startup_LPC407x_8x_177x_8x.o(.text) referenced from startup_LPC407x_8x_177x_8x.o(RESET)
 <LI><a href="#[36]">USBActivity_IRQHandler</a> from startup_LPC407x_8x_177x_8x.o(.text) referenced from startup_LPC407x_8x_177x_8x.o(RESET)
 <LI><a href="#[2d]">USB_IRQHandler</a> from startup_LPC407x_8x_177x_8x.o(.text) referenced from startup_LPC407x_8x_177x_8x.o(RESET)
 <LI><a href="#[11]">UsageFault_Handler</a> from startup_LPC407x_8x_177x_8x.o(.text) referenced from startup_LPC407x_8x_177x_8x.o(RESET)
 <LI><a href="#[16]">WDT_IRQHandler</a> from startup_LPC407x_8x_177x_8x.o(.text) referenced from startup_LPC407x_8x_177x_8x.o(RESET)
 <LI><a href="#[4c]">__default_new_handler()</a> from arm_newhandler_noexceptions.o(.text) referenced from new.o(i._Znwj)
 <LI><a href="#[4a]">__default_terminate_handler()</a> from arm_exceptions_globs.o(.text) referenced from arm_exceptions_globs.o(.text)
 <LI><a href="#[bc]">time()</a> from main.o(.text) referenced from main.o(.text)
 <LI><a href="#[4f]">FATDirHandle::readdir()</a> from fatdirhandle.o(.text) referenced from fatdirhandle.o(.constdata__ZTV12FATDirHandle)
 <LI><a href="#[52]">FATDirHandle::seekdir(long)</a> from fatdirhandle.o(.text) referenced from fatdirhandle.o(.constdata__ZTV12FATDirHandle)
 <LI><a href="#[51]">FATDirHandle::telldir()</a> from fatdirhandle.o(.text) referenced from fatdirhandle.o(.constdata__ZTV12FATDirHandle)
 <LI><a href="#[4e]">FATDirHandle::closedir()</a> from fatdirhandle.o(.text) referenced from fatdirhandle.o(.constdata__ZTV12FATDirHandle)
 <LI><a href="#[50]">FATDirHandle::rewinddir()</a> from fatdirhandle.o(.text) referenced from fatdirhandle.o(.constdata__ZTV12FATDirHandle)
 <LI><a href="#[54]">FATDirHandle::~FATDirHandle__deallocating()</a> from fatdirhandle.o(i._ZN12FATDirHandleD0Ev) referenced from fatdirhandle.o(.constdata__ZTV12FATDirHandle)
 <LI><a href="#[53]">FATDirHandle::~FATDirHandle()</a> from fatdirhandle.o(i._ZN12FATDirHandleD1Ev) referenced from fatdirhandle.o(.constdata__ZTV12FATDirHandle)
 <LI><a href="#[5d]">SDFileSystem::disk_write(const unsigned char*, unsigned long long)</a> from sdfilesystem.o(.text) referenced from sdfilesystem.o(.constdata__ZTV12SDFileSystem)
 <LI><a href="#[5b]">SDFileSystem::disk_status()</a> from sdfilesystem.o(.text) referenced from sdfilesystem.o(.constdata__ZTV12SDFileSystem)
 <LI><a href="#[5f]">SDFileSystem::disk_sectors()</a> from sdfilesystem.o(.text) referenced from sdfilesystem.o(.constdata__ZTV12SDFileSystem)
 <LI><a href="#[5a]">SDFileSystem::disk_initialize()</a> from sdfilesystem.o(.text) referenced from sdfilesystem.o(.constdata__ZTV12SDFileSystem)
 <LI><a href="#[5c]">SDFileSystem::disk_read(unsigned char*, unsigned long long)</a> from sdfilesystem.o(.text) referenced from sdfilesystem.o(.constdata__ZTV12SDFileSystem)
 <LI><a href="#[5e]">SDFileSystem::disk_sync()</a> from sdfilesystem.o(.text) referenced from sdfilesystem.o(.constdata__ZTV12SDFileSystem)
 <LI><a href="#[40]">SDFileSystem::~SDFileSystem()</a> from main.o(i._ZN12SDFileSystemD1Ev) referenced from sdfilesystem.o(.constdata__ZTV12SDFileSystem)
 <LI><a href="#[40]">SDFileSystem::~SDFileSystem()</a> from main.o(i._ZN12SDFileSystemD1Ev) referenced from main.o(.text)
 <LI><a href="#[66]">FATFileHandle::flen()</a> from fatfilehandle.o(.text) referenced from fatfilehandle.o(.constdata__ZTV13FATFileHandle)
 <LI><a href="#[62]">FATFileHandle::read(void*, unsigned)</a> from fatfilehandle.o(.text) referenced from fatfilehandle.o(.constdata__ZTV13FATFileHandle)
 <LI><a href="#[61]">FATFileHandle::close()</a> from fatfilehandle.o(.text) referenced from fatfilehandle.o(.constdata__ZTV13FATFileHandle)
 <LI><a href="#[65]">FATFileHandle::fsync()</a> from fatfilehandle.o(.text) referenced from fatfilehandle.o(.constdata__ZTV13FATFileHandle)
 <LI><a href="#[64]">FATFileHandle::lseek(long, int)</a> from fatfilehandle.o(.text) referenced from fatfilehandle.o(.constdata__ZTV13FATFileHandle)
 <LI><a href="#[60]">FATFileHandle::write(const void*, unsigned)</a> from fatfilehandle.o(.text) referenced from fatfilehandle.o(.constdata__ZTV13FATFileHandle)
 <LI><a href="#[63]">FATFileHandle::isatty()</a> from fatfilehandle.o(.text) referenced from fatfilehandle.o(.constdata__ZTV13FATFileHandle)
 <LI><a href="#[68]">FATFileHandle::~FATFileHandle__deallocating()</a> from fatfilehandle.o(i._ZN13FATFileHandleD0Ev) referenced from fatfilehandle.o(.constdata__ZTV13FATFileHandle)
 <LI><a href="#[67]">FATFileHandle::~FATFileHandle()</a> from fatfilehandle.o(i._ZN13FATFileHandleD1Ev) referenced from fatfilehandle.o(.constdata__ZTV13FATFileHandle)
 <LI><a href="#[6c]">FATFileSystem::disk_status()</a> from fatfilesystem.o(i._ZN13FATFileSystem11disk_statusEv) referenced from fatfilesystem.o(.constdata__ZTV13FATFileSystem)
 <LI><a href="#[6b]">FATFileSystem::disk_initialize()</a> from fatfilesystem.o(i._ZN13FATFileSystem15disk_initializeEv) referenced from fatfilesystem.o(.constdata__ZTV13FATFileSystem)
 <LI><a href="#[55]">FATFileSystem::open(const char*, int)</a> from fatfilesystem.o(.text) referenced from sdfilesystem.o(.constdata__ZTV12SDFileSystem)
 <LI><a href="#[55]">FATFileSystem::open(const char*, int)</a> from fatfilesystem.o(.text) referenced from fatfilesystem.o(.constdata__ZTV13FATFileSystem)
 <LI><a href="#[58]">FATFileSystem::mkdir(const char*, int)</a> from fatfilesystem.o(.text) referenced from sdfilesystem.o(.constdata__ZTV12SDFileSystem)
 <LI><a href="#[58]">FATFileSystem::mkdir(const char*, int)</a> from fatfilesystem.o(.text) referenced from fatfilesystem.o(.constdata__ZTV13FATFileSystem)
 <LI><a href="#[59]">FATFileSystem::format()</a> from fatfilesystem.o(.text) referenced from sdfilesystem.o(.constdata__ZTV12SDFileSystem)
 <LI><a href="#[59]">FATFileSystem::format()</a> from fatfilesystem.o(.text) referenced from fatfilesystem.o(.constdata__ZTV13FATFileSystem)
 <LI><a href="#[56]">FATFileSystem::remove(const char*)</a> from fatfilesystem.o(.text) referenced from sdfilesystem.o(.constdata__ZTV12SDFileSystem)
 <LI><a href="#[56]">FATFileSystem::remove(const char*)</a> from fatfilesystem.o(.text) referenced from fatfilesystem.o(.constdata__ZTV13FATFileSystem)
 <LI><a href="#[57]">FATFileSystem::opendir(const char*)</a> from fatfilesystem.o(.text) referenced from sdfilesystem.o(.constdata__ZTV12SDFileSystem)
 <LI><a href="#[57]">FATFileSystem::opendir(const char*)</a> from fatfilesystem.o(.text) referenced from fatfilesystem.o(.constdata__ZTV13FATFileSystem)
 <LI><a href="#[6e]">FATFileSystem::disk_sync()</a> from fatfilesystem.o(i._ZN13FATFileSystem9disk_syncEv) referenced from fatfilesystem.o(.constdata__ZTV13FATFileSystem)
 <LI><a href="#[6a]">FATFileSystem::~FATFileSystem__deallocating()</a> from fatfilesystem.o(.text) referenced from fatfilesystem.o(.constdata__ZTV13FATFileSystem)
 <LI><a href="#[69]">FATFileSystem::~FATFileSystem__sub_object()</a> from fatfilesystem.o(.text) referenced from fatfilesystem.o(.constdata__ZTV13FATFileSystem)
 <LI><a href="#[6f]">mbed::FileHandle::flen()</a> from retarget.o(i._ZN4mbed10FileHandle4flenEv) referenced from retarget.o(.constdata__ZTVN4mbed10FileHandleE)
 <LI><a href="#[70]">mbed::FileHandle::~FileHandle__sub_object()</a> from retarget.o(i._ZN4mbed10FileHandleD2Ev) referenced from retarget.o(.constdata__ZTVN4mbed10FileHandleE)
 <LI><a href="#[4b]">mbed::TimerEvent::irq(unsigned)</a> from TimerEvent.o(i._ZN4mbed10TimerEvent3irqEj) referenced from TimerEvent.o(i._ZN4mbed10TimerEventC2Ev)
 <LI><a href="#[71]">mbed::TimerEvent::~TimerEvent__sub_object()</a> from TimerEvent.o(i._ZN4mbed10TimerEventD2Ev) referenced from TimerEvent.o(.constdata__ZTVN4mbed10TimerEventE)
 <LI><a href="#[73]">mbed::FileSystemLike::mkdir(const char*, int)</a> from FileSystemLike.o(i._ZN4mbed14FileSystemLike5mkdirEPKci) referenced from FileSystemLike.o(.constdata__ZTVN4mbed14FileSystemLikeE)
 <LI><a href="#[72]">mbed::FileSystemLike::~FileSystemLike__sub_object()</a> from FileSystemLike.o(i._ZN4mbed14FileSystemLikeD2Ev) referenced from FileSystemLike.o(.constdata__ZTVN4mbed14FileSystemLikeE)
 <LI><a href="#[74]">mbed::SPI::write(int)</a> from SPI.o(i._ZN4mbed3SPI5writeEi) referenced from SPI.o(.constdata__ZTVN4mbed3SPIE)
 <LI><a href="#[75]">mbed::Ticker::handler()</a> from Ticker.o(i._ZN4mbed6Ticker7handlerEv) referenced from Ticker.o(.constdata__ZTVN4mbed6TickerE)
 <LI><a href="#[41]">mbed::Ticker::~Ticker()</a> from Ticker.o(i._ZN4mbed6TickerD1Ev) referenced from Ticker.o(.constdata__ZTVN4mbed6TickerE)
 <LI><a href="#[41]">mbed::Ticker::~Ticker()</a> from Ticker.o(i._ZN4mbed6TickerD1Ev) referenced from main.o(.text)
 <LI><a href="#[76]">mbed::FileBase::~FileBase()</a> from FileBase.o(i._ZN4mbed8FileBaseD1Ev) referenced from FileBase.o(.constdata__ZTVN4mbed8FileBaseE)
 <LI><a href="#[6d]">__cxa_pure_virtual</a> from pure_virt.o(i.__cxa_pure_virtual) referenced 3 times from fatfilesystem.o(.constdata__ZTV13FATFileSystem)
 <LI><a href="#[6d]">__cxa_pure_virtual</a> from pure_virt.o(i.__cxa_pure_virtual) referenced 6 times from retarget.o(.constdata__ZTVN4mbed10FileHandleE)
 <LI><a href="#[6d]">__cxa_pure_virtual</a> from pure_virt.o(i.__cxa_pure_virtual) referenced from TimerEvent.o(.constdata__ZTVN4mbed10TimerEventE)
 <LI><a href="#[6d]">__cxa_pure_virtual</a> from pure_virt.o(i.__cxa_pure_virtual) referenced from FileSystemLike.o(.constdata__ZTVN4mbed14FileSystemLikeE)
 <LI><a href="#[6d]">__cxa_pure_virtual</a> from pure_virt.o(i.__cxa_pure_virtual) referenced 3 times from fatdirhandle.o(.constdata__ZTVN4mbed9DirHandleE)
 <LI><a href="#[78]">__main</a> from __main.o(!!!main) referenced from startup_LPC407x_8x_177x_8x.o(.text)
 <LI><a href="#[77]">__sti___8_main_cpp_sd</a> from main.o(.text) referenced from main.o(.init_array)
 <LI><a href="#[49]">_get_lc_ctype</a> from lc_ctype_c.o(locale$$code) referenced from rt_ctype_table.o(.text)
 <LI><a href="#[45]">_printf_input_char</a> from _printf_char_common.o(.text) referenced from _printf_char_common.o(.text)
 <LI><a href="#[44]">_sbackspace</a> from _sgetc.o(.text) referenced from __0sscanf.o(.text)
 <LI><a href="#[47]">_scanf_char_input</a> from scanf_char.o(.text) referenced from scanf_char.o(.text)
 <LI><a href="#[43]">_sgetc</a> from _sgetc.o(.text) referenced from __0sscanf.o(.text)
 <LI><a href="#[42]">_sputc</a> from _sputc.o(.text) referenced from __2sprintf.o(.text)
 <LI><a href="#[46]">fputc</a> from fputc.o(i.fputc) referenced from _printf_char_file.o(.text)
 <LI><a href="#[48]">isspace</a> from isspace.o(.text) referenced from scanf_char.o(.text)
 <LI><a href="#[4d]">us_ticker_irq_handler</a> from us_ticker_api.o(i.us_ticker_irq_handler) referenced from us_ticker.o(i.us_ticker_init)
 <LI><a href="#[4d]">us_ticker_irq_handler</a> from us_ticker_api.o(i.us_ticker_irq_handler) referenced from us_ticker.o(i.us_ticker_read)
</UL>
<P>
<H3>
Global Symbols
</H3>
<P><STRONG><a name="[78]"></a>__main</STRONG> (Thumb, 8 bytes, Stack size 0 bytes, __main.o(!!!main))
<BR><BR>[Calls]<UL><LI><a href="#[7b]">&gt;&gt;</a>&nbsp;&nbsp;&nbsp;__rt_entry
<LI><a href="#[7a]">&gt;&gt;</a>&nbsp;&nbsp;&nbsp;__scatterload
</UL>

<P><STRONG><a name="[7a]"></a>__scatterload</STRONG> (Thumb, 0 bytes, Stack size unknown bytes, __scatter.o(!!!scatter))
<BR><BR>[Called By]<UL><LI><a href="#[78]">&gt;&gt;</a>&nbsp;&nbsp;&nbsp;__main
</UL>

<P><STRONG><a name="[7c]"></a>__scatterload_rt2</STRONG> (Thumb, 44 bytes, Stack size unknown bytes, __scatter.o(!!!scatter), UNUSED)
<BR><BR>[Calls]<UL><LI><a href="#[7b]">&gt;&gt;</a>&nbsp;&nbsp;&nbsp;__rt_entry
</UL>

<P><STRONG><a name="[1c6]"></a>__scatterload_rt2_thumb_only</STRONG> (Thumb, 0 bytes, Stack size unknown bytes, __scatter.o(!!!scatter), UNUSED)

<P><STRONG><a name="[1c7]"></a>__scatterload_null</STRONG> (Thumb, 0 bytes, Stack size unknown bytes, __scatter.o(!!!scatter), UNUSED)

<P><STRONG><a name="[7d]"></a>__scatterload_copy</STRONG> (Thumb, 26 bytes, Stack size unknown bytes, __scatter_copy.o(!!handler_copy), UNUSED)
<BR><BR>[Calls]<UL><LI><a href="#[7d]">&gt;&gt;</a>&nbsp;&nbsp;&nbsp;__scatterload_copy
</UL>
<BR>[Called By]<UL><LI><a href="#[7d]">&gt;&gt;</a>&nbsp;&nbsp;&nbsp;__scatterload_copy
</UL>

<P><STRONG><a name="[1c8]"></a>__scatterload_zeroinit</STRONG> (Thumb, 28 bytes, Stack size unknown bytes, __scatter_zi.o(!!handler_zi), UNUSED)

<P><STRONG><a name="[7e]"></a>_printf_n</STRONG> (Thumb, 0 bytes, Stack size unknown bytes, _printf_n.o(.ARM.Collect$$_printf_percent$$00000001))
<BR><BR>[Calls]<UL><LI><a href="#[7f]">&gt;&gt;</a>&nbsp;&nbsp;&nbsp;_printf_charcount
</UL>

<P><STRONG><a name="[12c]"></a>_printf_percent</STRONG> (Thumb, 0 bytes, Stack size unknown bytes, _printf_percent.o(.ARM.Collect$$_printf_percent$$00000000))
<BR><BR>[Called By]<UL><LI><a href="#[12a]">&gt;&gt;</a>&nbsp;&nbsp;&nbsp;__printf
</UL>

<P><STRONG><a name="[80]"></a>_printf_p</STRONG> (Thumb, 0 bytes, Stack size unknown bytes, _printf_p.o(.ARM.Collect$$_printf_percent$$00000002))
<BR><BR>[Stack]<UL><LI>Max Depth = 64 + Unknown Stack Size
<LI>Call Chain = _printf_p &rArr; _printf_hex_ptr &rArr; _printf_longlong_hex &rArr; _printf_int_common &rArr; _printf_post_padding
</UL>
<BR>[Calls]<UL><LI><a href="#[81]">&gt;&gt;</a>&nbsp;&nbsp;&nbsp;_printf_hex_ptr
</UL>

<P><STRONG><a name="[82]"></a>_printf_f</STRONG> (Thumb, 0 bytes, Stack size unknown bytes, _printf_f.o(.ARM.Collect$$_printf_percent$$00000003))
<BR><BR>[Stack]<UL><LI>Max Depth = 320 + Unknown Stack Size
<LI>Call Chain = _printf_f &rArr; _printf_fp_dec &rArr; _printf_fp_dec_real &rArr; _fp_digits &rArr; _btod_etento &rArr; _btod_emul &rArr; _e2e
</UL>
<BR>[Calls]<UL><LI><a href="#[83]">&gt;&gt;</a>&nbsp;&nbsp;&nbsp;_printf_fp_dec
</UL>

<P><STRONG><a name="[84]"></a>_printf_e</STRONG> (Thumb, 0 bytes, Stack size unknown bytes, _printf_e.o(.ARM.Collect$$_printf_percent$$00000004))
<BR><BR>[Stack]<UL><LI>Max Depth = 320 + Unknown Stack Size
<LI>Call Chain = _printf_e &rArr; _printf_fp_dec &rArr; _printf_fp_dec_real &rArr; _fp_digits &rArr; _btod_etento &rArr; _btod_emul &rArr; _e2e
</UL>
<BR>[Calls]<UL><LI><a href="#[83]">&gt;&gt;</a>&nbsp;&nbsp;&nbsp;_printf_fp_dec
</UL>

<P><STRONG><a name="[85]"></a>_printf_g</STRONG> (Thumb, 0 bytes, Stack size unknown bytes, _printf_g.o(.ARM.Collect$$_printf_percent$$00000005))
<BR><BR>[Stack]<UL><LI>Max Depth = 320 + Unknown Stack Size
<LI>Call Chain = _printf_g &rArr; _printf_fp_dec &rArr; _printf_fp_dec_real &rArr; _fp_digits &rArr; _btod_etento &rArr; _btod_emul &rArr; _e2e
</UL>
<BR>[Calls]<UL><LI><a href="#[83]">&gt;&gt;</a>&nbsp;&nbsp;&nbsp;_printf_fp_dec
</UL>

<P><STRONG><a name="[86]"></a>_printf_a</STRONG> (Thumb, 0 bytes, Stack size unknown bytes, _printf_a.o(.ARM.Collect$$_printf_percent$$00000006))
<BR><BR>[Stack]<UL><LI>Max Depth = 112 + Unknown Stack Size
<LI>Call Chain = _printf_a &rArr; _printf_fp_hex &rArr; _printf_fp_hex_real &rArr; _printf_fp_infnan &rArr; _printf_post_padding
</UL>
<BR>[Calls]<UL><LI><a href="#[87]">&gt;&gt;</a>&nbsp;&nbsp;&nbsp;_printf_fp_hex
</UL>

<P><STRONG><a name="[1c9]"></a>_printf_ll</STRONG> (Thumb, 0 bytes, Stack size unknown bytes, _printf_ll.o(.ARM.Collect$$_printf_percent$$00000007))

<P><STRONG><a name="[88]"></a>_printf_i</STRONG> (Thumb, 0 bytes, Stack size unknown bytes, _printf_i.o(.ARM.Collect$$_printf_percent$$00000008))
<BR><BR>[Stack]<UL><LI>Max Depth = 72 + Unknown Stack Size
<LI>Call Chain = _printf_i &rArr; _printf_int_dec &rArr; _printf_int_common &rArr; _printf_post_padding
</UL>
<BR>[Calls]<UL><LI><a href="#[89]">&gt;&gt;</a>&nbsp;&nbsp;&nbsp;_printf_int_dec
</UL>

<P><STRONG><a name="[8a]"></a>_printf_d</STRONG> (Thumb, 0 bytes, Stack size unknown bytes, _printf_d.o(.ARM.Collect$$_printf_percent$$00000009))
<BR><BR>[Stack]<UL><LI>Max Depth = 72 + Unknown Stack Size
<LI>Call Chain = _printf_d &rArr; _printf_int_dec &rArr; _printf_int_common &rArr; _printf_post_padding
</UL>
<BR>[Calls]<UL><LI><a href="#[89]">&gt;&gt;</a>&nbsp;&nbsp;&nbsp;_printf_int_dec
</UL>

<P><STRONG><a name="[8b]"></a>_printf_u</STRONG> (Thumb, 0 bytes, Stack size unknown bytes, _printf_u.o(.ARM.Collect$$_printf_percent$$0000000A))
<BR><BR>[Stack]<UL><LI>Max Depth = 72 + Unknown Stack Size
<LI>Call Chain = _printf_u &rArr; _printf_int_dec &rArr; _printf_int_common &rArr; _printf_post_padding
</UL>
<BR>[Calls]<UL><LI><a href="#[89]">&gt;&gt;</a>&nbsp;&nbsp;&nbsp;_printf_int_dec
</UL>

<P><STRONG><a name="[8c]"></a>_printf_o</STRONG> (Thumb, 0 bytes, Stack size unknown bytes, _printf_o.o(.ARM.Collect$$_printf_percent$$0000000B))
<BR><BR>[Stack]<UL><LI>Max Depth = 64 + Unknown Stack Size
<LI>Call Chain = _printf_o &rArr; _printf_int_oct &rArr; _printf_longlong_oct &rArr; _printf_int_common &rArr; _printf_post_padding
</UL>
<BR>[Calls]<UL><LI><a href="#[8d]">&gt;&gt;</a>&nbsp;&nbsp;&nbsp;_printf_int_oct
</UL>

<P><STRONG><a name="[8e]"></a>_printf_x</STRONG> (Thumb, 0 bytes, Stack size unknown bytes, _printf_x.o(.ARM.Collect$$_printf_percent$$0000000C))
<BR><BR>[Stack]<UL><LI>Max Depth = 80 + Unknown Stack Size
<LI>Call Chain = _printf_x &rArr; _printf_int_hex &rArr; _printf_longlong_hex &rArr; _printf_int_common &rArr; _printf_post_padding
</UL>
<BR>[Calls]<UL><LI><a href="#[8f]">&gt;&gt;</a>&nbsp;&nbsp;&nbsp;_printf_int_hex
</UL>

<P><STRONG><a name="[90]"></a>_printf_lli</STRONG> (Thumb, 0 bytes, Stack size unknown bytes, _printf_lli.o(.ARM.Collect$$_printf_percent$$0000000D))
<BR><BR>[Stack]<UL><LI>Max Depth = 72 + Unknown Stack Size
<LI>Call Chain = _printf_lli &rArr; _printf_longlong_dec &rArr; _printf_int_common &rArr; _printf_post_padding
</UL>
<BR>[Calls]<UL><LI><a href="#[91]">&gt;&gt;</a>&nbsp;&nbsp;&nbsp;_printf_longlong_dec
</UL>

<P><STRONG><a name="[92]"></a>_printf_lld</STRONG> (Thumb, 0 bytes, Stack size unknown bytes, _printf_lld.o(.ARM.Collect$$_printf_percent$$0000000E))
<BR><BR>[Stack]<UL><LI>Max Depth = 72 + Unknown Stack Size
<LI>Call Chain = _printf_lld &rArr; _printf_longlong_dec &rArr; _printf_int_common &rArr; _printf_post_padding
</UL>
<BR>[Calls]<UL><LI><a href="#[91]">&gt;&gt;</a>&nbsp;&nbsp;&nbsp;_printf_longlong_dec
</UL>

<P><STRONG><a name="[93]"></a>_printf_llu</STRONG> (Thumb, 0 bytes, Stack size unknown bytes, _printf_llu.o(.ARM.Collect$$_printf_percent$$0000000F))
<BR><BR>[Stack]<UL><LI>Max Depth = 72 + Unknown Stack Size
<LI>Call Chain = _printf_llu &rArr; _printf_longlong_dec &rArr; _printf_int_common &rArr; _printf_post_padding
</UL>
<BR>[Calls]<UL><LI><a href="#[91]">&gt;&gt;</a>&nbsp;&nbsp;&nbsp;_printf_longlong_dec
</UL>

<P><STRONG><a name="[94]"></a>_printf_llo</STRONG> (Thumb, 0 bytes, Stack size unknown bytes, _printf_llo.o(.ARM.Collect$$_printf_percent$$00000010))
<BR><BR>[Stack]<UL><LI>Max Depth = 56 + Unknown Stack Size
<LI>Call Chain = _printf_llo &rArr; _printf_ll_oct &rArr; _printf_longlong_oct &rArr; _printf_int_common &rArr; _printf_post_padding
</UL>
<BR>[Calls]<UL><LI><a href="#[95]">&gt;&gt;</a>&nbsp;&nbsp;&nbsp;_printf_ll_oct
</UL>

<P><STRONG><a name="[96]"></a>_printf_llx</STRONG> (Thumb, 0 bytes, Stack size unknown bytes, _printf_llx.o(.ARM.Collect$$_printf_percent$$00000011))
<BR><BR>[Stack]<UL><LI>Max Depth = 64 + Unknown Stack Size
<LI>Call Chain = _printf_llx &rArr; _printf_ll_hex &rArr; _printf_longlong_hex &rArr; _printf_int_common &rArr; _printf_post_padding
</UL>
<BR>[Calls]<UL><LI><a href="#[97]">&gt;&gt;</a>&nbsp;&nbsp;&nbsp;_printf_ll_hex
</UL>

<P><STRONG><a name="[1ca]"></a>_printf_l</STRONG> (Thumb, 0 bytes, Stack size unknown bytes, _printf_l.o(.ARM.Collect$$_printf_percent$$00000012))

<P><STRONG><a name="[98]"></a>_printf_c</STRONG> (Thumb, 0 bytes, Stack size unknown bytes, _printf_c.o(.ARM.Collect$$_printf_percent$$00000013))
<BR><BR>[Stack]<UL><LI>Max Depth = 40 + Unknown Stack Size
<LI>Call Chain = _printf_c &rArr; _printf_char &rArr; _printf_cs_common &rArr; _printf_str &rArr; _printf_post_padding
</UL>
<BR>[Calls]<UL><LI><a href="#[99]">&gt;&gt;</a>&nbsp;&nbsp;&nbsp;_printf_char
</UL>

<P><STRONG><a name="[9a]"></a>_printf_s</STRONG> (Thumb, 0 bytes, Stack size unknown bytes, _printf_s.o(.ARM.Collect$$_printf_percent$$00000014))
<BR><BR>[Stack]<UL><LI>Max Depth = 40 + Unknown Stack Size
<LI>Call Chain = _printf_s &rArr; _printf_string &rArr; _printf_cs_common &rArr; _printf_str &rArr; _printf_post_padding
</UL>
<BR>[Calls]<UL><LI><a href="#[9b]">&gt;&gt;</a>&nbsp;&nbsp;&nbsp;_printf_string
</UL>

<P><STRONG><a name="[9c]"></a>_printf_lc</STRONG> (Thumb, 0 bytes, Stack size unknown bytes, _printf_lc.o(.ARM.Collect$$_printf_percent$$00000015))
<BR><BR>[Stack]<UL><LI>Max Depth = 88 + Unknown Stack Size
<LI>Call Chain = _printf_lc &rArr; _printf_wchar &rArr; _printf_lcs_common &rArr; _printf_wctomb &rArr; _wcrtomb &rArr; __rt_ctype_table
</UL>
<BR>[Calls]<UL><LI><a href="#[9d]">&gt;&gt;</a>&nbsp;&nbsp;&nbsp;_printf_wchar
</UL>

<P><STRONG><a name="[9e]"></a>_printf_ls</STRONG> (Thumb, 0 bytes, Stack size unknown bytes, _printf_ls.o(.ARM.Collect$$_printf_percent$$00000016))
<BR><BR>[Stack]<UL><LI>Max Depth = 88 + Unknown Stack Size
<LI>Call Chain = _printf_ls &rArr; _printf_wstring &rArr; _printf_lcs_common &rArr; _printf_wctomb &rArr; _wcrtomb &rArr; __rt_ctype_table
</UL>
<BR>[Calls]<UL><LI><a href="#[9f]">&gt;&gt;</a>&nbsp;&nbsp;&nbsp;_printf_wstring
</UL>

<P><STRONG><a name="[1cb]"></a>_printf_percent_end</STRONG> (Thumb, 0 bytes, Stack size unknown bytes, _printf_percent_end.o(.ARM.Collect$$_printf_percent$$00000017))

<P><STRONG><a name="[b1]"></a>__rt_lib_init</STRONG> (Thumb, 0 bytes, Stack size unknown bytes, libinit.o(.ARM.Collect$$libinit$$00000000))
<BR><BR>[Called By]<UL><LI><a href="#[b0]">&gt;&gt;</a>&nbsp;&nbsp;&nbsp;__rt_entry_li
</UL>

<P><STRONG><a name="[a0]"></a>__rt_lib_init_fp_1</STRONG> (Thumb, 0 bytes, Stack size unknown bytes, libinit2.o(.ARM.Collect$$libinit$$00000001))
<BR><BR>[Calls]<UL><LI><a href="#[a1]">&gt;&gt;</a>&nbsp;&nbsp;&nbsp;_fp_init
</UL>

<P><STRONG><a name="[a2]"></a>__rt_lib_init_heap_2</STRONG> (Thumb, 0 bytes, Stack size unknown bytes, libinit2.o(.ARM.Collect$$libinit$$00000003))
<BR><BR>[Stack]<UL><LI>Max Depth = 64 + Unknown Stack Size
<LI>Call Chain = __rt_lib_init_heap_2 &rArr; _init_alloc &rArr; __rt_SIGRTMEM &rArr; __rt_SIGRTMEM_inner &rArr; __default_signal_display &rArr; _ttywrch
</UL>
<BR>[Calls]<UL><LI><a href="#[a3]">&gt;&gt;</a>&nbsp;&nbsp;&nbsp;_init_alloc
</UL>

<P><STRONG><a name="[1cc]"></a>__rt_lib_init_heap_1</STRONG> (Thumb, 0 bytes, Stack size unknown bytes, libinit2.o(.ARM.Collect$$libinit$$00000008))

<P><STRONG><a name="[a4]"></a>__rt_lib_init_lc_common</STRONG> (Thumb, 0 bytes, Stack size unknown bytes, libinit2.o(.ARM.Collect$$libinit$$0000000D))
<BR><BR>[Calls]<UL><LI><a href="#[a5]">&gt;&gt;</a>&nbsp;&nbsp;&nbsp;__rt_locale
</UL>

<P><STRONG><a name="[1cd]"></a>__rt_lib_init_rand_1</STRONG> (Thumb, 0 bytes, Stack size unknown bytes, libinit2.o(.ARM.Collect$$libinit$$0000000C))

<P><STRONG><a name="[1ce]"></a>__rt_lib_init_user_alloc_1</STRONG> (Thumb, 0 bytes, Stack size unknown bytes, libinit2.o(.ARM.Collect$$libinit$$0000000A))

<P><STRONG><a name="[1cf]"></a>__rt_lib_init_lc_collate_1</STRONG> (Thumb, 0 bytes, Stack size unknown bytes, libinit2.o(.ARM.Collect$$libinit$$0000000F))

<P><STRONG><a name="[a6]"></a>__rt_lib_init_lc_ctype_2</STRONG> (Thumb, 0 bytes, Stack size unknown bytes, libinit2.o(.ARM.Collect$$libinit$$00000010))
<BR><BR>[Stack]<UL><LI>Max Depth = 8 + Unknown Stack Size
<LI>Call Chain = __rt_lib_init_lc_ctype_2 &rArr; _get_lc_ctype
</UL>
<BR>[Calls]<UL><LI><a href="#[49]">&gt;&gt;</a>&nbsp;&nbsp;&nbsp;_get_lc_ctype
</UL>

<P><STRONG><a name="[1d0]"></a>__rt_lib_init_lc_ctype_1</STRONG> (Thumb, 0 bytes, Stack size unknown bytes, libinit2.o(.ARM.Collect$$libinit$$00000011))

<P><STRONG><a name="[1d1]"></a>__rt_lib_init_lc_monetary_1</STRONG> (Thumb, 0 bytes, Stack size unknown bytes, libinit2.o(.ARM.Collect$$libinit$$00000013))

<P><STRONG><a name="[a7]"></a>__rt_lib_init_lc_numeric_2</STRONG> (Thumb, 0 bytes, Stack size unknown bytes, libinit2.o(.ARM.Collect$$libinit$$00000014))
<BR><BR>[Stack]<UL><LI>Max Depth = 8 + Unknown Stack Size
<LI>Call Chain = __rt_lib_init_lc_numeric_2 &rArr; _get_lc_numeric
</UL>
<BR>[Calls]<UL><LI><a href="#[a8]">&gt;&gt;</a>&nbsp;&nbsp;&nbsp;_get_lc_numeric
</UL>

<P><STRONG><a name="[1d2]"></a>__rt_lib_init_atexit_1</STRONG> (Thumb, 0 bytes, Stack size unknown bytes, libinit2.o(.ARM.Collect$$libinit$$00000019))

<P><STRONG><a name="[1d3]"></a>__rt_lib_init_clock_1</STRONG> (Thumb, 0 bytes, Stack size unknown bytes, libinit2.o(.ARM.Collect$$libinit$$0000001F))

<P><STRONG><a name="[1d4]"></a>__rt_lib_init_fp_trap_1</STRONG> (Thumb, 0 bytes, Stack size unknown bytes, libinit2.o(.ARM.Collect$$libinit$$0000001D))

<P><STRONG><a name="[1d5]"></a>__rt_lib_init_getenv_1</STRONG> (Thumb, 0 bytes, Stack size unknown bytes, libinit2.o(.ARM.Collect$$libinit$$00000021))

<P><STRONG><a name="[1d6]"></a>__rt_lib_init_lc_numeric_1</STRONG> (Thumb, 0 bytes, Stack size unknown bytes, libinit2.o(.ARM.Collect$$libinit$$00000015))

<P><STRONG><a name="[1d7]"></a>__rt_lib_init_lc_time_1</STRONG> (Thumb, 0 bytes, Stack size unknown bytes, libinit2.o(.ARM.Collect$$libinit$$00000017))

<P><STRONG><a name="[1d8]"></a>__rt_lib_init_signal_1</STRONG> (Thumb, 0 bytes, Stack size unknown bytes, libinit2.o(.ARM.Collect$$libinit$$0000001B))

<P><STRONG><a name="[a9]"></a>__rt_lib_init_stdio_2</STRONG> (Thumb, 0 bytes, Stack size unknown bytes, libinit2.o(.ARM.Collect$$libinit$$00000022))
<BR><BR>[Stack]<UL><LI>Max Depth = 352 + Unknown Stack Size
<LI>Call Chain = __rt_lib_init_stdio_2 &rArr; _initio &rArr; freopen &rArr; _fclose_internal &rArr; _fflush &rArr; _writebuf &rArr; _sys_write &rArr; serial_init &rArr; serial_format &rArr; mbed_assert_internal &rArr;  mbed_die (Cycle)
</UL>
<BR>[Calls]<UL><LI><a href="#[aa]">&gt;&gt;</a>&nbsp;&nbsp;&nbsp;_initio
</UL>

<P><STRONG><a name="[1d9]"></a>__rt_lib_init_alloca_1</STRONG> (Thumb, 0 bytes, Stack size unknown bytes, libinit2.o(.ARM.Collect$$libinit$$0000002C))

<P><STRONG><a name="[1da]"></a>__rt_lib_init_argv_1</STRONG> (Thumb, 0 bytes, Stack size unknown bytes, libinit2.o(.ARM.Collect$$libinit$$0000002A))

<P><STRONG><a name="[ab]"></a>__rt_lib_init_cpp_2</STRONG> (Thumb, 0 bytes, Stack size unknown bytes, libinit2.o(.ARM.Collect$$libinit$$0000002F))
<BR><BR>[Stack]<UL><LI>Max Depth = 16 + Unknown Stack Size
<LI>Call Chain = __rt_lib_init_cpp_2 &rArr; __cpp_initialize__aeabi_
</UL>
<BR>[Calls]<UL><LI><a href="#[79]">&gt;&gt;</a>&nbsp;&nbsp;&nbsp;__cpp_initialize__aeabi_
</UL>

<P><STRONG><a name="[1db]"></a>__rt_lib_init_exceptions_1</STRONG> (Thumb, 0 bytes, Stack size unknown bytes, libinit2.o(.ARM.Collect$$libinit$$0000002E))

<P><STRONG><a name="[1dc]"></a>__rt_lib_init_stdio_1</STRONG> (Thumb, 0 bytes, Stack size unknown bytes, libinit2.o(.ARM.Collect$$libinit$$00000023))

<P><STRONG><a name="[1dd]"></a>__rt_lib_init_cpp_1</STRONG> (Thumb, 0 bytes, Stack size unknown bytes, libinit2.o(.ARM.Collect$$libinit$$00000030))

<P><STRONG><a name="[1de]"></a>__rt_lib_init_return</STRONG> (Thumb, 0 bytes, Stack size unknown bytes, libinit2.o(.ARM.Collect$$libinit$$00000031))

<P><STRONG><a name="[ac]"></a>__rt_lib_shutdown_cpp_1</STRONG> (Thumb, 0 bytes, Stack size unknown bytes, libshutdown2.o(.ARM.Collect$$libshutdown$$00000001))
<BR><BR>[Stack]<UL><LI>Max Depth = 40 + Unknown Stack Size
<LI>Call Chain = __rt_lib_shutdown_cpp_1 &rArr; __cxa_finalize &rArr; free
</UL>
<BR>[Calls]<UL><LI><a href="#[ad]">&gt;&gt;</a>&nbsp;&nbsp;&nbsp;__cxa_finalize
</UL>

<P><STRONG><a name="[7b]"></a>__rt_entry</STRONG> (Thumb, 0 bytes, Stack size unknown bytes, rtentry.o(.ARM.Collect$$rtentry$$00000000))
<BR><BR>[Called By]<UL><LI><a href="#[78]">&gt;&gt;</a>&nbsp;&nbsp;&nbsp;__main
<LI><a href="#[7c]">&gt;&gt;</a>&nbsp;&nbsp;&nbsp;__scatterload_rt2
</UL>

<P><STRONG><a name="[1df]"></a>__rt_entry_presh_1</STRONG> (Thumb, 0 bytes, Stack size unknown bytes, rtentry2.o(.ARM.Collect$$rtentry$$00000002))

<P><STRONG><a name="[ae]"></a>__rt_entry_sh</STRONG> (Thumb, 0 bytes, Stack size unknown bytes, rtentry4.o(.ARM.Collect$$rtentry$$00000004))
<BR><BR>[Stack]<UL><LI>Max Depth = 16 + Unknown Stack Size
<LI>Call Chain = __rt_entry_sh &rArr; __user_setup_stackheap
</UL>
<BR>[Calls]<UL><LI><a href="#[af]">&gt;&gt;</a>&nbsp;&nbsp;&nbsp;__user_setup_stackheap
</UL>

<P><STRONG><a name="[1e0]"></a>__rt_lib_shutdown_stdio_2</STRONG> (Thumb, 0 bytes, Stack size unknown bytes, libshutdown2.o(.ARM.Collect$$libshutdown$$00000003))

<P><STRONG><a name="[b0]"></a>__rt_entry_li</STRONG> (Thumb, 0 bytes, Stack size unknown bytes, rtentry2.o(.ARM.Collect$$rtentry$$0000000A))
<BR><BR>[Calls]<UL><LI><a href="#[b1]">&gt;&gt;</a>&nbsp;&nbsp;&nbsp;__rt_lib_init
</UL>

<P><STRONG><a name="[1e1]"></a>__rt_entry_postsh_1</STRONG> (Thumb, 0 bytes, Stack size unknown bytes, rtentry2.o(.ARM.Collect$$rtentry$$00000009))

<P><STRONG><a name="[b2]"></a>__rt_entry_main</STRONG> (Thumb, 0 bytes, Stack size unknown bytes, rtentry2.o(.ARM.Collect$$rtentry$$0000000D))
<BR><BR>[Stack]<UL><LI>Max Depth = 400 + Unknown Stack Size
<LI>Call Chain = __rt_entry_main &rArr; main &rArr; $Super$$main &rArr; fopen &rArr; freopen &rArr; _fclose_internal &rArr; _fflush &rArr; _writebuf &rArr; _sys_write &rArr; serial_init &rArr; serial_format &rArr; mbed_assert_internal &rArr;  mbed_die (Cycle)
</UL>
<BR>[Calls]<UL><LI><a href="#[b4]">&gt;&gt;</a>&nbsp;&nbsp;&nbsp;exit
<LI><a href="#[b3]">&gt;&gt;</a>&nbsp;&nbsp;&nbsp;main
</UL>

<P><STRONG><a name="[1e2]"></a>__rt_entry_postli_1</STRONG> (Thumb, 0 bytes, Stack size unknown bytes, rtentry2.o(.ARM.Collect$$rtentry$$0000000C))

<P><STRONG><a name="[b5]"></a>FATDirHandle::FATDirHandle(const FATFS_DIR&)</STRONG> (Thumb, 26 bytes, Stack size 16 bytes, fatdirhandle.o(.text))
<BR><BR>[Stack]<UL><LI>Max Depth = 24<LI>Call Chain = FATDirHandle::FATDirHandle(const FATFS_DIR&) &rArr; __aeabi_memcpy4
</UL>
<BR>[Calls]<UL><LI><a href="#[b6]">&gt;&gt;</a>&nbsp;&nbsp;&nbsp;__aeabi_memcpy4
</UL>
<BR>[Called By]<UL><LI><a href="#[57]">&gt;&gt;</a>&nbsp;&nbsp;&nbsp;FATFileSystem::opendir(const char*)
</UL>

<P><STRONG><a name="[1e3]"></a>FATDirHandle::FATDirHandle__sub_object(const FATFS_DIR&)</STRONG> (Thumb, 0 bytes, Stack size 16 bytes, fatdirhandle.o(.text), UNUSED)

<P><STRONG><a name="[1e4]"></a>_maybe_terminate_alloc</STRONG> (Thumb, 0 bytes, Stack size 16 bytes, maybetermalloc1.o(.emb_text), UNUSED)

<P><STRONG><a name="[4e]"></a>FATDirHandle::closedir()</STRONG> (Thumb, 18 bytes, Stack size 8 bytes, fatdirhandle.o(.text))
<BR><BR>[Stack]<UL><LI>Max Depth = 8<LI>Call Chain = FATDirHandle::closedir()
</UL>
<BR>[Address Reference Count : 1]<UL><LI> fatdirhandle.o(.constdata__ZTV12FATDirHandle)
</UL>
<P><STRONG><a name="[4f]"></a>FATDirHandle::readdir()</STRONG> (Thumb, 68 bytes, Stack size 48 bytes, fatdirhandle.o(.text))
<BR><BR>[Stack]<UL><LI>Max Depth = 408 + Unknown Stack Size
<LI>Call Chain = FATDirHandle::readdir() &rArr; f_readdir &rArr; dir_read(FATFS_DIR*) &rArr; dir_next(FATFS_DIR*, int) &rArr; create_chain(FATFS*, unsigned long) &rArr; put_fat(FATFS*, unsigned long, unsigned long) &rArr; move_window(FATFS*, unsigned long) &rArr; disk_write(unsigned char, const unsigned char*, unsigned long, unsigned char) &rArr; debug_if(int, const char*, ...) &rArr; __c89vfprintf &rArr; _printf_char_file &rArr; _printf_char_common &rArr; __printf
</UL>
<BR>[Calls]<UL><LI><a href="#[b7]">&gt;&gt;</a>&nbsp;&nbsp;&nbsp;f_readdir
<LI><a href="#[b8]">&gt;&gt;</a>&nbsp;&nbsp;&nbsp;__aeabi_memcpy
</UL>
<BR>[Address Reference Count : 1]<UL><LI> fatdirhandle.o(.constdata__ZTV12FATDirHandle)
</UL>
<P><STRONG><a name="[50]"></a>FATDirHandle::rewinddir()</STRONG> (Thumb, 6 bytes, Stack size 0 bytes, fatdirhandle.o(.text))
<BR>[Address Reference Count : 1]<UL><LI> fatdirhandle.o(.constdata__ZTV12FATDirHandle)
</UL>
<P><STRONG><a name="[51]"></a>FATDirHandle::telldir()</STRONG> (Thumb, 6 bytes, Stack size 0 bytes, fatdirhandle.o(.text))
<BR>[Address Reference Count : 1]<UL><LI> fatdirhandle.o(.constdata__ZTV12FATDirHandle)
</UL>
<P><STRONG><a name="[52]"></a>FATDirHandle::seekdir(long)</STRONG> (Thumb, 4 bytes, Stack size 0 bytes, fatdirhandle.o(.text))
<BR>[Address Reference Count : 1]<UL><LI> fatdirhandle.o(.constdata__ZTV12FATDirHandle)
</UL>
<P><STRONG><a name="[c]"></a>Reset_Handler</STRONG> (Thumb, 8 bytes, Stack size 0 bytes, startup_LPC407x_8x_177x_8x.o(.text))
<BR>[Address Reference Count : 1]<UL><LI> startup_LPC407x_8x_177x_8x.o(RESET)
</UL>
<P><STRONG><a name="[d]"></a>NMI_Handler</STRONG> (Thumb, 2 bytes, Stack size 0 bytes, startup_LPC407x_8x_177x_8x.o(.text))
<BR><BR>[Calls]<UL><LI><a href="#[d]">&gt;&gt;</a>&nbsp;&nbsp;&nbsp;NMI_Handler
</UL>
<BR>[Called By]<UL><LI><a href="#[d]">&gt;&gt;</a>&nbsp;&nbsp;&nbsp;NMI_Handler
</UL>
<BR>[Address Reference Count : 1]<UL><LI> startup_LPC407x_8x_177x_8x.o(RESET)
</UL>
<P><STRONG><a name="[e]"></a>HardFault_Handler</STRONG> (Thumb, 2 bytes, Stack size 0 bytes, startup_LPC407x_8x_177x_8x.o(.text))
<BR><BR>[Calls]<UL><LI><a href="#[e]">&gt;&gt;</a>&nbsp;&nbsp;&nbsp;HardFault_Handler
</UL>
<BR>[Called By]<UL><LI><a href="#[e]">&gt;&gt;</a>&nbsp;&nbsp;&nbsp;HardFault_Handler
</UL>
<BR>[Address Reference Count : 1]<UL><LI> startup_LPC407x_8x_177x_8x.o(RESET)
</UL>
<P><STRONG><a name="[f]"></a>MemManage_Handler</STRONG> (Thumb, 2 bytes, Stack size 0 bytes, startup_LPC407x_8x_177x_8x.o(.text))
<BR><BR>[Calls]<UL><LI><a href="#[f]">&gt;&gt;</a>&nbsp;&nbsp;&nbsp;MemManage_Handler
</UL>
<BR>[Called By]<UL><LI><a href="#[f]">&gt;&gt;</a>&nbsp;&nbsp;&nbsp;MemManage_Handler
</UL>
<BR>[Address Reference Count : 1]<UL><LI> startup_LPC407x_8x_177x_8x.o(RESET)
</UL>
<P><STRONG><a name="[10]"></a>BusFault_Handler</STRONG> (Thumb, 2 bytes, Stack size 0 bytes, startup_LPC407x_8x_177x_8x.o(.text))
<BR><BR>[Calls]<UL><LI><a href="#[10]">&gt;&gt;</a>&nbsp;&nbsp;&nbsp;BusFault_Handler
</UL>
<BR>[Called By]<UL><LI><a href="#[10]">&gt;&gt;</a>&nbsp;&nbsp;&nbsp;BusFault_Handler
</UL>
<BR>[Address Reference Count : 1]<UL><LI> startup_LPC407x_8x_177x_8x.o(RESET)
</UL>
<P><STRONG><a name="[11]"></a>UsageFault_Handler</STRONG> (Thumb, 2 bytes, Stack size 0 bytes, startup_LPC407x_8x_177x_8x.o(.text))
<BR><BR>[Calls]<UL><LI><a href="#[11]">&gt;&gt;</a>&nbsp;&nbsp;&nbsp;UsageFault_Handler
</UL>
<BR>[Called By]<UL><LI><a href="#[11]">&gt;&gt;</a>&nbsp;&nbsp;&nbsp;UsageFault_Handler
</UL>
<BR>[Address Reference Count : 1]<UL><LI> startup_LPC407x_8x_177x_8x.o(RESET)
</UL>
<P><STRONG><a name="[12]"></a>SVC_Handler</STRONG> (Thumb, 2 bytes, Stack size 0 bytes, startup_LPC407x_8x_177x_8x.o(.text))
<BR><BR>[Calls]<UL><LI><a href="#[12]">&gt;&gt;</a>&nbsp;&nbsp;&nbsp;SVC_Handler
</UL>
<BR>[Called By]<UL><LI><a href="#[12]">&gt;&gt;</a>&nbsp;&nbsp;&nbsp;SVC_Handler
</UL>
<BR>[Address Reference Count : 1]<UL><LI> startup_LPC407x_8x_177x_8x.o(RESET)
</UL>
<P><STRONG><a name="[13]"></a>DebugMon_Handler</STRONG> (Thumb, 2 bytes, Stack size 0 bytes, startup_LPC407x_8x_177x_8x.o(.text))
<BR><BR>[Calls]<UL><LI><a href="#[13]">&gt;&gt;</a>&nbsp;&nbsp;&nbsp;DebugMon_Handler
</UL>
<BR>[Called By]<UL><LI><a href="#[13]">&gt;&gt;</a>&nbsp;&nbsp;&nbsp;DebugMon_Handler
</UL>
<BR>[Address Reference Count : 1]<UL><LI> startup_LPC407x_8x_177x_8x.o(RESET)
</UL>
<P><STRONG><a name="[14]"></a>PendSV_Handler</STRONG> (Thumb, 2 bytes, Stack size 0 bytes, startup_LPC407x_8x_177x_8x.o(.text))
<BR><BR>[Calls]<UL><LI><a href="#[14]">&gt;&gt;</a>&nbsp;&nbsp;&nbsp;PendSV_Handler
</UL>
<BR>[Called By]<UL><LI><a href="#[14]">&gt;&gt;</a>&nbsp;&nbsp;&nbsp;PendSV_Handler
</UL>
<BR>[Address Reference Count : 1]<UL><LI> startup_LPC407x_8x_177x_8x.o(RESET)
</UL>
<P><STRONG><a name="[15]"></a>SysTick_Handler</STRONG> (Thumb, 2 bytes, Stack size 0 bytes, startup_LPC407x_8x_177x_8x.o(.text))
<BR><BR>[Calls]<UL><LI><a href="#[15]">&gt;&gt;</a>&nbsp;&nbsp;&nbsp;SysTick_Handler
</UL>
<BR>[Called By]<UL><LI><a href="#[15]">&gt;&gt;</a>&nbsp;&nbsp;&nbsp;SysTick_Handler
</UL>
<BR>[Address Reference Count : 1]<UL><LI> startup_LPC407x_8x_177x_8x.o(RESET)
</UL>
<P><STRONG><a name="[2b]"></a>ADC_IRQHandler</STRONG> (Thumb, 0 bytes, Stack size 0 bytes, startup_LPC407x_8x_177x_8x.o(.text))
<BR><BR>[Calls]<UL><LI><a href="#[2b]">&gt;&gt;</a>&nbsp;&nbsp;&nbsp;ADC_IRQHandler
</UL>
<BR>[Called By]<UL><LI><a href="#[2b]">&gt;&gt;</a>&nbsp;&nbsp;&nbsp;ADC_IRQHandler
</UL>
<BR>[Address Reference Count : 1]<UL><LI> startup_LPC407x_8x_177x_8x.o(RESET)
</UL>
<P><STRONG><a name="[2c]"></a>BOD_IRQHandler</STRONG> (Thumb, 0 bytes, Stack size 0 bytes, startup_LPC407x_8x_177x_8x.o(.text))
<BR>[Address Reference Count : 1]<UL><LI> startup_LPC407x_8x_177x_8x.o(RESET)
</UL>
<P><STRONG><a name="[37]"></a>CANActivity_IRQHandler</STRONG> (Thumb, 0 bytes, Stack size 0 bytes, startup_LPC407x_8x_177x_8x.o(.text))
<BR>[Address Reference Count : 1]<UL><LI> startup_LPC407x_8x_177x_8x.o(RESET)
</UL>
<P><STRONG><a name="[2e]"></a>CAN_IRQHandler</STRONG> (Thumb, 0 bytes, Stack size 0 bytes, startup_LPC407x_8x_177x_8x.o(.text))
<BR>[Address Reference Count : 1]<UL><LI> startup_LPC407x_8x_177x_8x.o(RESET)
</UL>
<P><STRONG><a name="[2f]"></a>DMA_IRQHandler</STRONG> (Thumb, 0 bytes, Stack size 0 bytes, startup_LPC407x_8x_177x_8x.o(.text))
<BR>[Address Reference Count : 1]<UL><LI> startup_LPC407x_8x_177x_8x.o(RESET)
</UL>
<P><STRONG><a name="[3d]"></a>EEPROM_IRQHandler</STRONG> (Thumb, 0 bytes, Stack size 0 bytes, startup_LPC407x_8x_177x_8x.o(.text))
<BR>[Address Reference Count : 1]<UL><LI> startup_LPC407x_8x_177x_8x.o(RESET)
</UL>
<P><STRONG><a name="[27]"></a>EINT0_IRQHandler</STRONG> (Thumb, 0 bytes, Stack size 0 bytes, startup_LPC407x_8x_177x_8x.o(.text))
<BR>[Address Reference Count : 1]<UL><LI> startup_LPC407x_8x_177x_8x.o(RESET)
</UL>
<P><STRONG><a name="[28]"></a>EINT1_IRQHandler</STRONG> (Thumb, 0 bytes, Stack size 0 bytes, startup_LPC407x_8x_177x_8x.o(.text))
<BR>[Address Reference Count : 1]<UL><LI> startup_LPC407x_8x_177x_8x.o(RESET)
</UL>
<P><STRONG><a name="[29]"></a>EINT2_IRQHandler</STRONG> (Thumb, 0 bytes, Stack size 0 bytes, startup_LPC407x_8x_177x_8x.o(.text))
<BR>[Address Reference Count : 1]<UL><LI> startup_LPC407x_8x_177x_8x.o(RESET)
</UL>
<P><STRONG><a name="[2a]"></a>EINT3_IRQHandler</STRONG> (Thumb, 0 bytes, Stack size 0 bytes, startup_LPC407x_8x_177x_8x.o(.text))
<BR>[Address Reference Count : 1]<UL><LI> startup_LPC407x_8x_177x_8x.o(RESET)
</UL>
<P><STRONG><a name="[31]"></a>ENET_IRQHandler</STRONG> (Thumb, 0 bytes, Stack size 0 bytes, startup_LPC407x_8x_177x_8x.o(.text))
<BR>[Address Reference Count : 1]<UL><LI> startup_LPC407x_8x_177x_8x.o(RESET)
</UL>
<P><STRONG><a name="[3b]"></a>GPIO_IRQHandler</STRONG> (Thumb, 0 bytes, Stack size 0 bytes, startup_LPC407x_8x_177x_8x.o(.text))
<BR>[Address Reference Count : 1]<UL><LI> startup_LPC407x_8x_177x_8x.o(RESET)
</UL>
<P><STRONG><a name="[20]"></a>I2C0_IRQHandler</STRONG> (Thumb, 0 bytes, Stack size 0 bytes, startup_LPC407x_8x_177x_8x.o(.text))
<BR>[Address Reference Count : 1]<UL><LI> startup_LPC407x_8x_177x_8x.o(RESET)
</UL>
<P><STRONG><a name="[21]"></a>I2C1_IRQHandler</STRONG> (Thumb, 0 bytes, Stack size 0 bytes, startup_LPC407x_8x_177x_8x.o(.text))
<BR>[Address Reference Count : 1]<UL><LI> startup_LPC407x_8x_177x_8x.o(RESET)
</UL>
<P><STRONG><a name="[22]"></a>I2C2_IRQHandler</STRONG> (Thumb, 0 bytes, Stack size 0 bytes, startup_LPC407x_8x_177x_8x.o(.text))
<BR>[Address Reference Count : 1]<UL><LI> startup_LPC407x_8x_177x_8x.o(RESET)
</UL>
<P><STRONG><a name="[30]"></a>I2S_IRQHandler</STRONG> (Thumb, 0 bytes, Stack size 0 bytes, startup_LPC407x_8x_177x_8x.o(.text))
<BR>[Address Reference Count : 1]<UL><LI> startup_LPC407x_8x_177x_8x.o(RESET)
</UL>
<P><STRONG><a name="[3a]"></a>LCD_IRQHandler</STRONG> (Thumb, 0 bytes, Stack size 0 bytes, startup_LPC407x_8x_177x_8x.o(.text))
<BR>[Address Reference Count : 1]<UL><LI> startup_LPC407x_8x_177x_8x.o(RESET)
</UL>
<P><STRONG><a name="[32]"></a>MCI_IRQHandler</STRONG> (Thumb, 0 bytes, Stack size 0 bytes, startup_LPC407x_8x_177x_8x.o(.text))
<BR>[Address Reference Count : 1]<UL><LI> startup_LPC407x_8x_177x_8x.o(RESET)
</UL>
<P><STRONG><a name="[33]"></a>MCPWM_IRQHandler</STRONG> (Thumb, 0 bytes, Stack size 0 bytes, startup_LPC407x_8x_177x_8x.o(.text))
<BR>[Address Reference Count : 1]<UL><LI> startup_LPC407x_8x_177x_8x.o(RESET)
</UL>
<P><STRONG><a name="[25]"></a>PLL0_IRQHandler</STRONG> (Thumb, 0 bytes, Stack size 0 bytes, startup_LPC407x_8x_177x_8x.o(.text))
<BR>[Address Reference Count : 1]<UL><LI> startup_LPC407x_8x_177x_8x.o(RESET)
</UL>
<P><STRONG><a name="[35]"></a>PLL1_IRQHandler</STRONG> (Thumb, 0 bytes, Stack size 0 bytes, startup_LPC407x_8x_177x_8x.o(.text))
<BR>[Address Reference Count : 1]<UL><LI> startup_LPC407x_8x_177x_8x.o(RESET)
</UL>
<P><STRONG><a name="[3c]"></a>PWM0_IRQHandler</STRONG> (Thumb, 0 bytes, Stack size 0 bytes, startup_LPC407x_8x_177x_8x.o(.text))
<BR>[Address Reference Count : 1]<UL><LI> startup_LPC407x_8x_177x_8x.o(RESET)
</UL>
<P><STRONG><a name="[1f]"></a>PWM1_IRQHandler</STRONG> (Thumb, 0 bytes, Stack size 0 bytes, startup_LPC407x_8x_177x_8x.o(.text))
<BR>[Address Reference Count : 1]<UL><LI> startup_LPC407x_8x_177x_8x.o(RESET)
</UL>
<P><STRONG><a name="[34]"></a>QEI_IRQHandler</STRONG> (Thumb, 0 bytes, Stack size 0 bytes, startup_LPC407x_8x_177x_8x.o(.text))
<BR>[Address Reference Count : 1]<UL><LI> startup_LPC407x_8x_177x_8x.o(RESET)
</UL>
<P><STRONG><a name="[26]"></a>RTC_IRQHandler</STRONG> (Thumb, 0 bytes, Stack size 0 bytes, startup_LPC407x_8x_177x_8x.o(.text))
<BR>[Address Reference Count : 1]<UL><LI> startup_LPC407x_8x_177x_8x.o(RESET)
</UL>
<P><STRONG><a name="[23]"></a>SSP0_IRQHandler</STRONG> (Thumb, 0 bytes, Stack size 0 bytes, startup_LPC407x_8x_177x_8x.o(.text))
<BR>[Address Reference Count : 1]<UL><LI> startup_LPC407x_8x_177x_8x.o(RESET)
</UL>
<P><STRONG><a name="[24]"></a>SSP1_IRQHandler</STRONG> (Thumb, 0 bytes, Stack size 0 bytes, startup_LPC407x_8x_177x_8x.o(.text))
<BR>[Address Reference Count : 1]<UL><LI> startup_LPC407x_8x_177x_8x.o(RESET)
</UL>
<P><STRONG><a name="[39]"></a>SSP2_IRQHandler</STRONG> (Thumb, 0 bytes, Stack size 0 bytes, startup_LPC407x_8x_177x_8x.o(.text))
<BR>[Address Reference Count : 1]<UL><LI> startup_LPC407x_8x_177x_8x.o(RESET)
</UL>
<P><STRONG><a name="[17]"></a>TIMER0_IRQHandler</STRONG> (Thumb, 0 bytes, Stack size 0 bytes, startup_LPC407x_8x_177x_8x.o(.text))
<BR>[Address Reference Count : 1]<UL><LI> startup_LPC407x_8x_177x_8x.o(RESET)
</UL>
<P><STRONG><a name="[18]"></a>TIMER1_IRQHandler</STRONG> (Thumb, 0 bytes, Stack size 0 bytes, startup_LPC407x_8x_177x_8x.o(.text))
<BR>[Address Reference Count : 1]<UL><LI> startup_LPC407x_8x_177x_8x.o(RESET)
</UL>
<P><STRONG><a name="[19]"></a>TIMER2_IRQHandler</STRONG> (Thumb, 0 bytes, Stack size 0 bytes, startup_LPC407x_8x_177x_8x.o(.text))
<BR>[Address Reference Count : 1]<UL><LI> startup_LPC407x_8x_177x_8x.o(RESET)
</UL>
<P><STRONG><a name="[1a]"></a>TIMER3_IRQHandler</STRONG> (Thumb, 0 bytes, Stack size 0 bytes, startup_LPC407x_8x_177x_8x.o(.text))
<BR>[Address Reference Count : 1]<UL><LI> startup_LPC407x_8x_177x_8x.o(RESET)
</UL>
<P><STRONG><a name="[1b]"></a>UART0_IRQHandler</STRONG> (Thumb, 0 bytes, Stack size 0 bytes, startup_LPC407x_8x_177x_8x.o(.text))
<BR>[Address Reference Count : 1]<UL><LI> startup_LPC407x_8x_177x_8x.o(RESET)
</UL>
<P><STRONG><a name="[1c]"></a>UART1_IRQHandler</STRONG> (Thumb, 0 bytes, Stack size 0 bytes, startup_LPC407x_8x_177x_8x.o(.text))
<BR>[Address Reference Count : 1]<UL><LI> startup_LPC407x_8x_177x_8x.o(RESET)
</UL>
<P><STRONG><a name="[1d]"></a>UART2_IRQHandler</STRONG> (Thumb, 0 bytes, Stack size 0 bytes, startup_LPC407x_8x_177x_8x.o(.text))
<BR>[Address Reference Count : 1]<UL><LI> startup_LPC407x_8x_177x_8x.o(RESET)
</UL>
<P><STRONG><a name="[1e]"></a>UART3_IRQHandler</STRONG> (Thumb, 0 bytes, Stack size 0 bytes, startup_LPC407x_8x_177x_8x.o(.text))
<BR>[Address Reference Count : 1]<UL><LI> startup_LPC407x_8x_177x_8x.o(RESET)
</UL>
<P><STRONG><a name="[38]"></a>UART4_IRQHandler</STRONG> (Thumb, 0 bytes, Stack size 0 bytes, startup_LPC407x_8x_177x_8x.o(.text))
<BR>[Address Reference Count : 1]<UL><LI> startup_LPC407x_8x_177x_8x.o(RESET)
</UL>
<P><STRONG><a name="[36]"></a>USBActivity_IRQHandler</STRONG> (Thumb, 0 bytes, Stack size 0 bytes, startup_LPC407x_8x_177x_8x.o(.text))
<BR>[Address Reference Count : 1]<UL><LI> startup_LPC407x_8x_177x_8x.o(RESET)
</UL>
<P><STRONG><a name="[2d]"></a>USB_IRQHandler</STRONG> (Thumb, 0 bytes, Stack size 0 bytes, startup_LPC407x_8x_177x_8x.o(.text))
<BR>[Address Reference Count : 1]<UL><LI> startup_LPC407x_8x_177x_8x.o(RESET)
</UL>
<P><STRONG><a name="[16]"></a>WDT_IRQHandler</STRONG> (Thumb, 0 bytes, Stack size 0 bytes, startup_LPC407x_8x_177x_8x.o(.text))
<BR>[Address Reference Count : 1]<UL><LI> startup_LPC407x_8x_177x_8x.o(RESET)
</UL>
<P><STRONG><a name="[b9]"></a>vfprintf</STRONG> (Thumb, 10 bytes, Stack size 0 bytes, vfprintf.o(.text))
<BR><BR>[Stack]<UL><LI>Max Depth = 120 + Unknown Stack Size
<LI>Call Chain = vfprintf &rArr; _printf_char_file &rArr; _printf_char_common &rArr; __printf
</UL>
<BR>[Calls]<UL><LI><a href="#[ba]">&gt;&gt;</a>&nbsp;&nbsp;&nbsp;_printf_char_file
</UL>
<BR>[Called By]<UL><LI><a href="#[c2]">&gt;&gt;</a>&nbsp;&nbsp;&nbsp;error
</UL>

<P><STRONG><a name="[bb]"></a>__c89vfprintf</STRONG> (Thumb, 10 bytes, Stack size 0 bytes, c89vfprintf.o(.text))
<BR><BR>[Stack]<UL><LI>Max Depth = 120 + Unknown Stack Size
<LI>Call Chain = __c89vfprintf &rArr; _printf_char_file &rArr; _printf_char_common &rArr; __printf
</UL>
<BR>[Calls]<UL><LI><a href="#[ba]">&gt;&gt;</a>&nbsp;&nbsp;&nbsp;_printf_char_file
</UL>
<BR>[Called By]<UL><LI><a href="#[f7]">&gt;&gt;</a>&nbsp;&nbsp;&nbsp;debug_if(int, const char*, ...)
<LI><a href="#[f2]">&gt;&gt;</a>&nbsp;&nbsp;&nbsp;debug_if(int, const char*, ...)
<LI><a href="#[e2]">&gt;&gt;</a>&nbsp;&nbsp;&nbsp;debug_if(int, const char*, ...)
<LI><a href="#[d8]">&gt;&gt;</a>&nbsp;&nbsp;&nbsp;debug(const char*, ...)
<LI><a href="#[ce]">&gt;&gt;</a>&nbsp;&nbsp;&nbsp;debug_if(int, const char*, ...)
</UL>

<P><STRONG><a name="[197]"></a>__rt_new_handler_addr</STRONG> (Thumb, 8 bytes, Stack size 0 bytes, rt_new_handler_addr.o(.text))
<BR><BR>[Called By]<UL><LI><a href="#[ec]">&gt;&gt;</a>&nbsp;&nbsp;&nbsp;operator new(unsigned)
</UL>

<P><STRONG><a name="[bc]"></a>time()</STRONG> (Thumb, 46 bytes, Stack size 8 bytes, main.o(.text))
<BR><BR>[Stack]<UL><LI>Max Depth = 152 + Unknown Stack Size
<LI>Call Chain = time() &rArr; __2printf &rArr; _printf_char_file &rArr; _printf_char_common &rArr; __printf
</UL>
<BR>[Calls]<UL><LI><a href="#[be]">&gt;&gt;</a>&nbsp;&nbsp;&nbsp;__2printf
<LI><a href="#[bd]">&gt;&gt;</a>&nbsp;&nbsp;&nbsp;__aeabi_dadd
</UL>
<BR>[Address Reference Count : 1]<UL><LI> main.o(.text)
</UL>
<P><STRONG><a name="[bf]"></a>$Super$$main</STRONG> (Thumb, 170 bytes, Stack size 24 bytes, main.o(.text))
<BR><BR>[Stack]<UL><LI>Max Depth = 392 + Unknown Stack Size
<LI>Call Chain = $Super$$main &rArr; fopen &rArr; freopen &rArr; _fclose_internal &rArr; _fflush &rArr; _writebuf &rArr; _sys_write &rArr; serial_init &rArr; serial_format &rArr; mbed_assert_internal &rArr;  mbed_die (Cycle)
</UL>
<BR>[Calls]<UL><LI><a href="#[c6]">&gt;&gt;</a>&nbsp;&nbsp;&nbsp;wait_us
<LI><a href="#[c0]">&gt;&gt;</a>&nbsp;&nbsp;&nbsp;mkdir
<LI><a href="#[c2]">&gt;&gt;</a>&nbsp;&nbsp;&nbsp;error
<LI><a href="#[c9]">&gt;&gt;</a>&nbsp;&nbsp;&nbsp;mbed::Ticker::detach()
<LI><a href="#[c4]">&gt;&gt;</a>&nbsp;&nbsp;&nbsp;mbed::Ticker::setup(unsigned long long)
<LI><a href="#[c3]">&gt;&gt;</a>&nbsp;&nbsp;&nbsp;mbed::FunctionPointer::attach(void(*)())
<LI><a href="#[c5]">&gt;&gt;</a>&nbsp;&nbsp;&nbsp;__2fprintf
<LI><a href="#[be]">&gt;&gt;</a>&nbsp;&nbsp;&nbsp;__2printf
<LI><a href="#[c7]">&gt;&gt;</a>&nbsp;&nbsp;&nbsp;__aeabi_cdcmple
<LI><a href="#[bd]">&gt;&gt;</a>&nbsp;&nbsp;&nbsp;__aeabi_dadd
<LI><a href="#[c8]">&gt;&gt;</a>&nbsp;&nbsp;&nbsp;fclose
<LI><a href="#[c1]">&gt;&gt;</a>&nbsp;&nbsp;&nbsp;fopen
</UL>
<BR>[Called By]<UL><LI><a href="#[b3]">&gt;&gt;</a>&nbsp;&nbsp;&nbsp;main
</UL>

<P><STRONG><a name="[ca]"></a>SDFileSystem::SDFileSystem(PinName, PinName, PinName, PinName, const char*)</STRONG> (Thumb, 96 bytes, Stack size 40 bytes, sdfilesystem.o(.text))
<BR><BR>[Stack]<UL><LI>Max Depth = 448 + Unknown Stack Size
<LI>Call Chain = SDFileSystem::SDFileSystem(PinName, PinName, PinName, PinName, const char*) &rArr; mbed::SPI::SPI(PinName, PinName, PinName, PinName) &rArr; spi_init &rArr; error &rArr; exit &rArr; fflush &rArr; _do_fflush &rArr; _fflush &rArr; _writebuf &rArr; _sys_write &rArr; serial_init &rArr; serial_format &rArr; mbed_assert_internal &rArr;  mbed_die (Cycle)
</UL>
<BR>[Calls]<UL><LI><a href="#[d3]">&gt;&gt;</a>&nbsp;&nbsp;&nbsp;mbed::DigitalOut::operator =(int)
<LI><a href="#[d2]">&gt;&gt;</a>&nbsp;&nbsp;&nbsp;gpio_init_out
<LI><a href="#[d0]">&gt;&gt;</a>&nbsp;&nbsp;&nbsp;mbed::SPI::SPI(PinName, PinName, PinName, PinName)
<LI><a href="#[cf]">&gt;&gt;</a>&nbsp;&nbsp;&nbsp;FATFileSystem::FATFileSystem__sub_object(const char*)
<LI><a href="#[d1]">&gt;&gt;</a>&nbsp;&nbsp;&nbsp;__aeabi_memclr4
</UL>
<BR>[Called By]<UL><LI><a href="#[77]">&gt;&gt;</a>&nbsp;&nbsp;&nbsp;__sti___8_main_cpp_sd
</UL>

<P><STRONG><a name="[1e5]"></a>SDFileSystem::SDFileSystem__sub_object(PinName, PinName, PinName, PinName, const char*)</STRONG> (Thumb, 0 bytes, Stack size 40 bytes, sdfilesystem.o(.text), UNUSED)

<P><STRONG><a name="[d4]"></a>SDFileSystem::_cmd(int, int)</STRONG> (Thumb, 166 bytes, Stack size 24 bytes, sdfilesystem.o(.text))
<BR><BR>[Stack]<UL><LI>Max Depth = 416 + Unknown Stack Size
<LI>Call Chain = SDFileSystem::_cmd(int, int) &rArr; mbed::SPI::write(int) &rArr; spi_frequency &rArr; error &rArr; exit &rArr; fflush &rArr; _do_fflush &rArr; _fflush &rArr; _writebuf &rArr; _sys_write &rArr; serial_init &rArr; serial_format &rArr; mbed_assert_internal &rArr;  mbed_die (Cycle)
</UL>
<BR>[Calls]<UL><LI><a href="#[d3]">&gt;&gt;</a>&nbsp;&nbsp;&nbsp;mbed::DigitalOut::operator =(int)
<LI><a href="#[74]">&gt;&gt;</a>&nbsp;&nbsp;&nbsp;mbed::SPI::write(int)
</UL>
<BR>[Called By]<UL><LI><a href="#[5d]">&gt;&gt;</a>&nbsp;&nbsp;&nbsp;SDFileSystem::disk_write(const unsigned char*, unsigned long long)
<LI><a href="#[5c]">&gt;&gt;</a>&nbsp;&nbsp;&nbsp;SDFileSystem::disk_read(unsigned char*, unsigned long long)
<LI><a href="#[5a]">&gt;&gt;</a>&nbsp;&nbsp;&nbsp;SDFileSystem::disk_initialize()
<LI><a href="#[df]">&gt;&gt;</a>&nbsp;&nbsp;&nbsp;SDFileSystem::initialise_card()
<LI><a href="#[dc]">&gt;&gt;</a>&nbsp;&nbsp;&nbsp;SDFileSystem::initialise_card_v2()
<LI><a href="#[da]">&gt;&gt;</a>&nbsp;&nbsp;&nbsp;SDFileSystem::initialise_card_v1()
</UL>

<P><STRONG><a name="[d5]"></a>SDFileSystem::_read(unsigned char*, unsigned)</STRONG> (Thumb, 104 bytes, Stack size 24 bytes, sdfilesystem.o(.text))
<BR><BR>[Stack]<UL><LI>Max Depth = 416 + Unknown Stack Size
<LI>Call Chain = SDFileSystem::_read(unsigned char*, unsigned) &rArr; mbed::SPI::write(int) &rArr; spi_frequency &rArr; error &rArr; exit &rArr; fflush &rArr; _do_fflush &rArr; _fflush &rArr; _writebuf &rArr; _sys_write &rArr; serial_init &rArr; serial_format &rArr; mbed_assert_internal &rArr;  mbed_die (Cycle)
</UL>
<BR>[Calls]<UL><LI><a href="#[d3]">&gt;&gt;</a>&nbsp;&nbsp;&nbsp;mbed::DigitalOut::operator =(int)
<LI><a href="#[74]">&gt;&gt;</a>&nbsp;&nbsp;&nbsp;mbed::SPI::write(int)
</UL>
<BR>[Called By]<UL><LI><a href="#[5c]">&gt;&gt;</a>&nbsp;&nbsp;&nbsp;SDFileSystem::disk_read(unsigned char*, unsigned long long)
<LI><a href="#[d7]">&gt;&gt;</a>&nbsp;&nbsp;&nbsp;SDFileSystem::_sd_sectors()
</UL>

<P><STRONG><a name="[d6]"></a>SDFileSystem::_cmdx(int, int)</STRONG> (Thumb, 146 bytes, Stack size 24 bytes, sdfilesystem.o(.text))
<BR><BR>[Stack]<UL><LI>Max Depth = 416 + Unknown Stack Size
<LI>Call Chain = SDFileSystem::_cmdx(int, int) &rArr; mbed::SPI::write(int) &rArr; spi_frequency &rArr; error &rArr; exit &rArr; fflush &rArr; _do_fflush &rArr; _fflush &rArr; _writebuf &rArr; _sys_write &rArr; serial_init &rArr; serial_format &rArr; mbed_assert_internal &rArr;  mbed_die (Cycle)
</UL>
<BR>[Calls]<UL><LI><a href="#[d3]">&gt;&gt;</a>&nbsp;&nbsp;&nbsp;mbed::DigitalOut::operator =(int)
<LI><a href="#[74]">&gt;&gt;</a>&nbsp;&nbsp;&nbsp;mbed::SPI::write(int)
</UL>
<BR>[Called By]<UL><LI><a href="#[d7]">&gt;&gt;</a>&nbsp;&nbsp;&nbsp;SDFileSystem::_sd_sectors()
</UL>

<P><STRONG><a name="[d7]"></a>SDFileSystem::_sd_sectors()</STRONG> (Thumb, 270 bytes, Stack size 88 bytes, sdfilesystem.o(.text))
<BR><BR>[Stack]<UL><LI>Max Depth = 504 + Unknown Stack Size
<LI>Call Chain = SDFileSystem::_sd_sectors() &rArr; SDFileSystem::_cmdx(int, int) &rArr; mbed::SPI::write(int) &rArr; spi_frequency &rArr; error &rArr; exit &rArr; fflush &rArr; _do_fflush &rArr; _fflush &rArr; _writebuf &rArr; _sys_write &rArr; serial_init &rArr; serial_format &rArr; mbed_assert_internal &rArr;  mbed_die (Cycle)
</UL>
<BR>[Calls]<UL><LI><a href="#[d6]">&gt;&gt;</a>&nbsp;&nbsp;&nbsp;SDFileSystem::_cmdx(int, int)
<LI><a href="#[d5]">&gt;&gt;</a>&nbsp;&nbsp;&nbsp;SDFileSystem::_read(unsigned char*, unsigned)
<LI><a href="#[d8]">&gt;&gt;</a>&nbsp;&nbsp;&nbsp;debug(const char*, ...)
<LI><a href="#[d9]">&gt;&gt;</a>&nbsp;&nbsp;&nbsp;ext_bits(unsigned char*, int, int)
<LI><a href="#[ce]">&gt;&gt;</a>&nbsp;&nbsp;&nbsp;debug_if(int, const char*, ...)
</UL>
<BR>[Called By]<UL><LI><a href="#[5a]">&gt;&gt;</a>&nbsp;&nbsp;&nbsp;SDFileSystem::disk_initialize()
</UL>

<P><STRONG><a name="[da]"></a>SDFileSystem::initialise_card_v1()</STRONG> (Thumb, 70 bytes, Stack size 16 bytes, sdfilesystem.o(.text))
<BR><BR>[Stack]<UL><LI>Max Depth = 432 + Unknown Stack Size
<LI>Call Chain = SDFileSystem::initialise_card_v1() &rArr; SDFileSystem::_cmd(int, int) &rArr; mbed::SPI::write(int) &rArr; spi_frequency &rArr; error &rArr; exit &rArr; fflush &rArr; _do_fflush &rArr; _fflush &rArr; _writebuf &rArr; _sys_write &rArr; serial_init &rArr; serial_format &rArr; mbed_assert_internal &rArr;  mbed_die (Cycle)
</UL>
<BR>[Calls]<UL><LI><a href="#[d4]">&gt;&gt;</a>&nbsp;&nbsp;&nbsp;SDFileSystem::_cmd(int, int)
<LI><a href="#[d8]">&gt;&gt;</a>&nbsp;&nbsp;&nbsp;debug(const char*, ...)
<LI><a href="#[ce]">&gt;&gt;</a>&nbsp;&nbsp;&nbsp;debug_if(int, const char*, ...)
</UL>
<BR>[Called By]<UL><LI><a href="#[df]">&gt;&gt;</a>&nbsp;&nbsp;&nbsp;SDFileSystem::initialise_card()
</UL>

<P><STRONG><a name="[db]"></a>SDFileSystem::_cmd58()</STRONG> (Thumb, 506 bytes, Stack size 24 bytes, sdfilesystem.o(.text))
<BR><BR>[Stack]<UL><LI>Max Depth = 416 + Unknown Stack Size
<LI>Call Chain = SDFileSystem::_cmd58() &rArr; mbed::SPI::write(int) &rArr; spi_frequency &rArr; error &rArr; exit &rArr; fflush &rArr; _do_fflush &rArr; _fflush &rArr; _writebuf &rArr; _sys_write &rArr; serial_init &rArr; serial_format &rArr; mbed_assert_internal &rArr;  mbed_die (Cycle)
</UL>
<BR>[Calls]<UL><LI><a href="#[d3]">&gt;&gt;</a>&nbsp;&nbsp;&nbsp;mbed::DigitalOut::operator =(int)
<LI><a href="#[74]">&gt;&gt;</a>&nbsp;&nbsp;&nbsp;mbed::SPI::write(int)
</UL>
<BR>[Called By]<UL><LI><a href="#[dc]">&gt;&gt;</a>&nbsp;&nbsp;&nbsp;SDFileSystem::initialise_card_v2()
</UL>

<P><STRONG><a name="[dc]"></a>SDFileSystem::initialise_card_v2()</STRONG> (Thumb, 88 bytes, Stack size 16 bytes, sdfilesystem.o(.text))
<BR><BR>[Stack]<UL><LI>Max Depth = 432 + Unknown Stack Size
<LI>Call Chain = SDFileSystem::initialise_card_v2() &rArr; SDFileSystem::_cmd58() &rArr; mbed::SPI::write(int) &rArr; spi_frequency &rArr; error &rArr; exit &rArr; fflush &rArr; _do_fflush &rArr; _fflush &rArr; _writebuf &rArr; _sys_write &rArr; serial_init &rArr; serial_format &rArr; mbed_assert_internal &rArr;  mbed_die (Cycle)
</UL>
<BR>[Calls]<UL><LI><a href="#[dd]">&gt;&gt;</a>&nbsp;&nbsp;&nbsp;wait_ms
<LI><a href="#[db]">&gt;&gt;</a>&nbsp;&nbsp;&nbsp;SDFileSystem::_cmd58()
<LI><a href="#[d4]">&gt;&gt;</a>&nbsp;&nbsp;&nbsp;SDFileSystem::_cmd(int, int)
<LI><a href="#[d8]">&gt;&gt;</a>&nbsp;&nbsp;&nbsp;debug(const char*, ...)
<LI><a href="#[ce]">&gt;&gt;</a>&nbsp;&nbsp;&nbsp;debug_if(int, const char*, ...)
</UL>
<BR>[Called By]<UL><LI><a href="#[df]">&gt;&gt;</a>&nbsp;&nbsp;&nbsp;SDFileSystem::initialise_card()
</UL>

<P><STRONG><a name="[de]"></a>SDFileSystem::_cmd8()</STRONG> (Thumb, 190 bytes, Stack size 24 bytes, sdfilesystem.o(.text))
<BR><BR>[Stack]<UL><LI>Max Depth = 416 + Unknown Stack Size
<LI>Call Chain = SDFileSystem::_cmd8() &rArr; mbed::SPI::write(int) &rArr; spi_frequency &rArr; error &rArr; exit &rArr; fflush &rArr; _do_fflush &rArr; _fflush &rArr; _writebuf &rArr; _sys_write &rArr; serial_init &rArr; serial_format &rArr; mbed_assert_internal &rArr;  mbed_die (Cycle)
</UL>
<BR>[Calls]<UL><LI><a href="#[d3]">&gt;&gt;</a>&nbsp;&nbsp;&nbsp;mbed::DigitalOut::operator =(int)
<LI><a href="#[74]">&gt;&gt;</a>&nbsp;&nbsp;&nbsp;mbed::SPI::write(int)
</UL>
<BR>[Called By]<UL><LI><a href="#[df]">&gt;&gt;</a>&nbsp;&nbsp;&nbsp;SDFileSystem::initialise_card()
</UL>

<P><STRONG><a name="[df]"></a>SDFileSystem::initialise_card()</STRONG> (Thumb, 110 bytes, Stack size 16 bytes, sdfilesystem.o(.text))
<BR><BR>[Stack]<UL><LI>Max Depth = 448 + Unknown Stack Size
<LI>Call Chain = SDFileSystem::initialise_card() &rArr; SDFileSystem::initialise_card_v2() &rArr; SDFileSystem::_cmd58() &rArr; mbed::SPI::write(int) &rArr; spi_frequency &rArr; error &rArr; exit &rArr; fflush &rArr; _do_fflush &rArr; _fflush &rArr; _writebuf &rArr; _sys_write &rArr; serial_init &rArr; serial_format &rArr; mbed_assert_internal &rArr;  mbed_die (Cycle)
</UL>
<BR>[Calls]<UL><LI><a href="#[d3]">&gt;&gt;</a>&nbsp;&nbsp;&nbsp;mbed::DigitalOut::operator =(int)
<LI><a href="#[e0]">&gt;&gt;</a>&nbsp;&nbsp;&nbsp;mbed::SPI::frequency(int)
<LI><a href="#[74]">&gt;&gt;</a>&nbsp;&nbsp;&nbsp;mbed::SPI::write(int)
<LI><a href="#[de]">&gt;&gt;</a>&nbsp;&nbsp;&nbsp;SDFileSystem::_cmd8()
<LI><a href="#[dc]">&gt;&gt;</a>&nbsp;&nbsp;&nbsp;SDFileSystem::initialise_card_v2()
<LI><a href="#[da]">&gt;&gt;</a>&nbsp;&nbsp;&nbsp;SDFileSystem::initialise_card_v1()
<LI><a href="#[d4]">&gt;&gt;</a>&nbsp;&nbsp;&nbsp;SDFileSystem::_cmd(int, int)
<LI><a href="#[d8]">&gt;&gt;</a>&nbsp;&nbsp;&nbsp;debug(const char*, ...)
</UL>
<BR>[Called By]<UL><LI><a href="#[5a]">&gt;&gt;</a>&nbsp;&nbsp;&nbsp;SDFileSystem::disk_initialize()
</UL>

<P><STRONG><a name="[5a]"></a>SDFileSystem::disk_initialize()</STRONG> (Thumb, 72 bytes, Stack size 16 bytes, sdfilesystem.o(.text))
<BR><BR>[Stack]<UL><LI>Max Depth = 520 + Unknown Stack Size
<LI>Call Chain = SDFileSystem::disk_initialize() &rArr; SDFileSystem::_sd_sectors() &rArr; SDFileSystem::_cmdx(int, int) &rArr; mbed::SPI::write(int) &rArr; spi_frequency &rArr; error &rArr; exit &rArr; fflush &rArr; _do_fflush &rArr; _fflush &rArr; _writebuf &rArr; _sys_write &rArr; serial_init &rArr; serial_format &rArr; mbed_assert_internal &rArr;  mbed_die (Cycle)
</UL>
<BR>[Calls]<UL><LI><a href="#[e0]">&gt;&gt;</a>&nbsp;&nbsp;&nbsp;mbed::SPI::frequency(int)
<LI><a href="#[df]">&gt;&gt;</a>&nbsp;&nbsp;&nbsp;SDFileSystem::initialise_card()
<LI><a href="#[d7]">&gt;&gt;</a>&nbsp;&nbsp;&nbsp;SDFileSystem::_sd_sectors()
<LI><a href="#[d4]">&gt;&gt;</a>&nbsp;&nbsp;&nbsp;SDFileSystem::_cmd(int, int)
<LI><a href="#[d8]">&gt;&gt;</a>&nbsp;&nbsp;&nbsp;debug(const char*, ...)
<LI><a href="#[ce]">&gt;&gt;</a>&nbsp;&nbsp;&nbsp;debug_if(int, const char*, ...)
</UL>
<BR>[Address Reference Count : 1]<UL><LI> sdfilesystem.o(.constdata__ZTV12SDFileSystem)
</UL>
<P><STRONG><a name="[5b]"></a>SDFileSystem::disk_status()</STRONG> (Thumb, 6 bytes, Stack size 0 bytes, sdfilesystem.o(.text))
<BR>[Address Reference Count : 1]<UL><LI> sdfilesystem.o(.constdata__ZTV12SDFileSystem)
</UL>
<P><STRONG><a name="[5c]"></a>SDFileSystem::disk_read(unsigned char*, unsigned long long)</STRONG> (Thumb, 52 bytes, Stack size 24 bytes, sdfilesystem.o(.text))
<BR><BR>[Stack]<UL><LI>Max Depth = 440 + Unknown Stack Size
<LI>Call Chain = SDFileSystem::disk_read(unsigned char*, unsigned long long) &rArr; SDFileSystem::_read(unsigned char*, unsigned) &rArr; mbed::SPI::write(int) &rArr; spi_frequency &rArr; error &rArr; exit &rArr; fflush &rArr; _do_fflush &rArr; _fflush &rArr; _writebuf &rArr; _sys_write &rArr; serial_init &rArr; serial_format &rArr; mbed_assert_internal &rArr;  mbed_die (Cycle)
</UL>
<BR>[Calls]<UL><LI><a href="#[d5]">&gt;&gt;</a>&nbsp;&nbsp;&nbsp;SDFileSystem::_read(unsigned char*, unsigned)
<LI><a href="#[d4]">&gt;&gt;</a>&nbsp;&nbsp;&nbsp;SDFileSystem::_cmd(int, int)
</UL>
<BR>[Address Reference Count : 1]<UL><LI> sdfilesystem.o(.constdata__ZTV12SDFileSystem)
</UL>
<P><STRONG><a name="[e1]"></a>SDFileSystem::_write(const unsigned char*, unsigned)</STRONG> (Thumb, 154 bytes, Stack size 24 bytes, sdfilesystem.o(.text))
<BR><BR>[Stack]<UL><LI>Max Depth = 416 + Unknown Stack Size
<LI>Call Chain = SDFileSystem::_write(const unsigned char*, unsigned) &rArr; mbed::SPI::write(int) &rArr; spi_frequency &rArr; error &rArr; exit &rArr; fflush &rArr; _do_fflush &rArr; _fflush &rArr; _writebuf &rArr; _sys_write &rArr; serial_init &rArr; serial_format &rArr; mbed_assert_internal &rArr;  mbed_die (Cycle)
</UL>
<BR>[Calls]<UL><LI><a href="#[d3]">&gt;&gt;</a>&nbsp;&nbsp;&nbsp;mbed::DigitalOut::operator =(int)
<LI><a href="#[74]">&gt;&gt;</a>&nbsp;&nbsp;&nbsp;mbed::SPI::write(int)
</UL>
<BR>[Called By]<UL><LI><a href="#[5d]">&gt;&gt;</a>&nbsp;&nbsp;&nbsp;SDFileSystem::disk_write(const unsigned char*, unsigned long long)
</UL>

<P><STRONG><a name="[5d]"></a>SDFileSystem::disk_write(const unsigned char*, unsigned long long)</STRONG> (Thumb, 52 bytes, Stack size 24 bytes, sdfilesystem.o(.text))
<BR><BR>[Stack]<UL><LI>Max Depth = 440 + Unknown Stack Size
<LI>Call Chain = SDFileSystem::disk_write(const unsigned char*, unsigned long long) &rArr; SDFileSystem::_write(const unsigned char*, unsigned) &rArr; mbed::SPI::write(int) &rArr; spi_frequency &rArr; error &rArr; exit &rArr; fflush &rArr; _do_fflush &rArr; _fflush &rArr; _writebuf &rArr; _sys_write &rArr; serial_init &rArr; serial_format &rArr; mbed_assert_internal &rArr;  mbed_die (Cycle)
</UL>
<BR>[Calls]<UL><LI><a href="#[e1]">&gt;&gt;</a>&nbsp;&nbsp;&nbsp;SDFileSystem::_write(const unsigned char*, unsigned)
<LI><a href="#[d4]">&gt;&gt;</a>&nbsp;&nbsp;&nbsp;SDFileSystem::_cmd(int, int)
</UL>
<BR>[Address Reference Count : 1]<UL><LI> sdfilesystem.o(.constdata__ZTV12SDFileSystem)
</UL>
<P><STRONG><a name="[5e]"></a>SDFileSystem::disk_sync()</STRONG> (Thumb, 6 bytes, Stack size 0 bytes, sdfilesystem.o(.text))
<BR>[Address Reference Count : 1]<UL><LI> sdfilesystem.o(.constdata__ZTV12SDFileSystem)
</UL>
<P><STRONG><a name="[5f]"></a>SDFileSystem::disk_sectors()</STRONG> (Thumb, 10 bytes, Stack size 0 bytes, sdfilesystem.o(.text))
<BR>[Address Reference Count : 1]<UL><LI> sdfilesystem.o(.constdata__ZTV12SDFileSystem)
</UL>
<P><STRONG><a name="[e3]"></a>get_fattime</STRONG> (Thumb, 60 bytes, Stack size 16 bytes, fatfilesystem.o(.text))
<BR><BR>[Stack]<UL><LI>Max Depth = 148<LI>Call Chain = get_fattime &rArr; time &rArr; rtc_read &rArr; mktime &rArr; _tm_carry
</UL>
<BR>[Calls]<UL><LI><a href="#[e4]">&gt;&gt;</a>&nbsp;&nbsp;&nbsp;time
<LI><a href="#[e5]">&gt;&gt;</a>&nbsp;&nbsp;&nbsp;localtime
</UL>
<BR>[Called By]<UL><LI><a href="#[f6]">&gt;&gt;</a>&nbsp;&nbsp;&nbsp;f_sync
<LI><a href="#[ea]">&gt;&gt;</a>&nbsp;&nbsp;&nbsp;f_open
<LI><a href="#[ef]">&gt;&gt;</a>&nbsp;&nbsp;&nbsp;f_mkfs
<LI><a href="#[f1]">&gt;&gt;</a>&nbsp;&nbsp;&nbsp;f_mkdir
</UL>

<P><STRONG><a name="[cf]"></a>FATFileSystem::FATFileSystem__sub_object(const char*)</STRONG> (Thumb, 98 bytes, Stack size 16 bytes, fatfilesystem.o(.text))
<BR><BR>[Stack]<UL><LI>Max Depth = 360 + Unknown Stack Size
<LI>Call Chain = FATFileSystem::FATFileSystem__sub_object(const char*) &rArr; error &rArr; exit &rArr; fflush &rArr; _do_fflush &rArr; _fflush &rArr; _writebuf &rArr; _sys_write &rArr; serial_init &rArr; serial_format &rArr; mbed_assert_internal &rArr;  mbed_die (Cycle)
</UL>
<BR>[Calls]<UL><LI><a href="#[e7]">&gt;&gt;</a>&nbsp;&nbsp;&nbsp;f_mount
<LI><a href="#[e6]">&gt;&gt;</a>&nbsp;&nbsp;&nbsp;mbed::FileSystemLike::FileSystemLike__sub_object(const char*)
<LI><a href="#[e2]">&gt;&gt;</a>&nbsp;&nbsp;&nbsp;debug_if(int, const char*, ...)
<LI><a href="#[c2]">&gt;&gt;</a>&nbsp;&nbsp;&nbsp;error
</UL>
<BR>[Called By]<UL><LI><a href="#[ca]">&gt;&gt;</a>&nbsp;&nbsp;&nbsp;SDFileSystem::SDFileSystem(PinName, PinName, PinName, PinName, const char*)
</UL>

<P><STRONG><a name="[1e6]"></a>FATFileSystem::~FATFileSystem()</STRONG> (Thumb, 0 bytes, Stack size 16 bytes, fatfilesystem.o(.text), UNUSED)

<P><STRONG><a name="[69]"></a>FATFileSystem::~FATFileSystem__sub_object()</STRONG> (Thumb, 56 bytes, Stack size 16 bytes, fatfilesystem.o(.text))
<BR><BR>[Stack]<UL><LI>Max Depth = 16<LI>Call Chain = FATFileSystem::~FATFileSystem__sub_object()
</UL>
<BR>[Calls]<UL><LI><a href="#[e7]">&gt;&gt;</a>&nbsp;&nbsp;&nbsp;f_mount
<LI><a href="#[72]">&gt;&gt;</a>&nbsp;&nbsp;&nbsp;mbed::FileSystemLike::~FileSystemLike__sub_object()
</UL>
<BR>[Called By]<UL><LI><a href="#[6a]">&gt;&gt;</a>&nbsp;&nbsp;&nbsp;FATFileSystem::~FATFileSystem__deallocating()
<LI><a href="#[40]">&gt;&gt;</a>&nbsp;&nbsp;&nbsp;SDFileSystem::~SDFileSystem()
</UL>
<BR>[Address Reference Count : 1]<UL><LI> fatfilesystem.o(.constdata__ZTV13FATFileSystem)
</UL>
<P><STRONG><a name="[6a]"></a>FATFileSystem::~FATFileSystem__deallocating()</STRONG> (Thumb, 18 bytes, Stack size 16 bytes, fatfilesystem.o(.text))
<BR><BR>[Stack]<UL><LI>Max Depth = 40<LI>Call Chain = FATFileSystem::~FATFileSystem__deallocating() &rArr; operator delete (void*) &rArr; free
</UL>
<BR>[Calls]<UL><LI><a href="#[69]">&gt;&gt;</a>&nbsp;&nbsp;&nbsp;FATFileSystem::~FATFileSystem__sub_object()
<LI><a href="#[e8]">&gt;&gt;</a>&nbsp;&nbsp;&nbsp;operator delete (void*)
</UL>
<BR>[Address Reference Count : 1]<UL><LI> fatfilesystem.o(.constdata__ZTV13FATFileSystem)
</UL>
<P><STRONG><a name="[55]"></a>FATFileSystem::open(const char*, int)</STRONG> (Thumb, 178 bytes, Stack size 1176 bytes, fatfilesystem.o(.text))
<BR><BR>[Stack]<UL><LI>Max Depth = 1648 + Unknown Stack Size
<LI>Call Chain = FATFileSystem::open(const char*, int) &rArr; f_open &rArr; dir_register(FATFS_DIR*) &rArr; dir_find(FATFS_DIR*) &rArr; dir_next(FATFS_DIR*, int) &rArr; create_chain(FATFS*, unsigned long) &rArr; put_fat(FATFS*, unsigned long, unsigned long) &rArr; move_window(FATFS*, unsigned long) &rArr; disk_write(unsigned char, const unsigned char*, unsigned long, unsigned char) &rArr; debug_if(int, const char*, ...) &rArr; __c89vfprintf &rArr; _printf_char_file &rArr; _printf_char_common &rArr; __printf
</UL>
<BR>[Calls]<UL><LI><a href="#[ea]">&gt;&gt;</a>&nbsp;&nbsp;&nbsp;f_open
<LI><a href="#[eb]">&gt;&gt;</a>&nbsp;&nbsp;&nbsp;f_lseek
<LI><a href="#[ed]">&gt;&gt;</a>&nbsp;&nbsp;&nbsp;FATFileHandle::FATFileHandle(FIL)
<LI><a href="#[e2]">&gt;&gt;</a>&nbsp;&nbsp;&nbsp;debug_if(int, const char*, ...)
<LI><a href="#[e9]">&gt;&gt;</a>&nbsp;&nbsp;&nbsp;__2sprintf
<LI><a href="#[ec]">&gt;&gt;</a>&nbsp;&nbsp;&nbsp;operator new(unsigned)
<LI><a href="#[b6]">&gt;&gt;</a>&nbsp;&nbsp;&nbsp;__aeabi_memcpy4
</UL>
<BR>[Address Reference Count : 2]<UL><LI> sdfilesystem.o(.constdata__ZTV12SDFileSystem)
<LI> fatfilesystem.o(.constdata__ZTV13FATFileSystem)
</UL>
<P><STRONG><a name="[56]"></a>FATFileSystem::remove(const char*)</STRONG> (Thumb, 36 bytes, Stack size 16 bytes, fatfilesystem.o(.text))
<BR><BR>[Stack]<UL><LI>Max Depth = 480 + Unknown Stack Size
<LI>Call Chain = FATFileSystem::remove(const char*) &rArr; f_unlink &rArr; follow_path(FATFS_DIR*, const char*) &rArr; dir_find(FATFS_DIR*) &rArr; dir_next(FATFS_DIR*, int) &rArr; create_chain(FATFS*, unsigned long) &rArr; put_fat(FATFS*, unsigned long, unsigned long) &rArr; move_window(FATFS*, unsigned long) &rArr; disk_write(unsigned char, const unsigned char*, unsigned long, unsigned char) &rArr; debug_if(int, const char*, ...) &rArr; __c89vfprintf &rArr; _printf_char_file &rArr; _printf_char_common &rArr; __printf
</UL>
<BR>[Calls]<UL><LI><a href="#[ee]">&gt;&gt;</a>&nbsp;&nbsp;&nbsp;f_unlink
<LI><a href="#[e2]">&gt;&gt;</a>&nbsp;&nbsp;&nbsp;debug_if(int, const char*, ...)
</UL>
<BR>[Address Reference Count : 2]<UL><LI> sdfilesystem.o(.constdata__ZTV12SDFileSystem)
<LI> fatfilesystem.o(.constdata__ZTV13FATFileSystem)
</UL>
<P><STRONG><a name="[59]"></a>FATFileSystem::format()</STRONG> (Thumb, 42 bytes, Stack size 16 bytes, fatfilesystem.o(.text))
<BR><BR>[Stack]<UL><LI>Max Depth = 304 + Unknown Stack Size
<LI>Call Chain = FATFileSystem::format() &rArr; f_mkfs &rArr; disk_write(unsigned char, const unsigned char*, unsigned long, unsigned char) &rArr; debug_if(int, const char*, ...) &rArr; __c89vfprintf &rArr; _printf_char_file &rArr; _printf_char_common &rArr; __printf
</UL>
<BR>[Calls]<UL><LI><a href="#[ef]">&gt;&gt;</a>&nbsp;&nbsp;&nbsp;f_mkfs
<LI><a href="#[e2]">&gt;&gt;</a>&nbsp;&nbsp;&nbsp;debug_if(int, const char*, ...)
</UL>
<BR>[Address Reference Count : 2]<UL><LI> sdfilesystem.o(.constdata__ZTV12SDFileSystem)
<LI> fatfilesystem.o(.constdata__ZTV13FATFileSystem)
</UL>
<P><STRONG><a name="[57]"></a>FATFileSystem::opendir(const char*)</STRONG> (Thumb, 46 bytes, Stack size 56 bytes, fatfilesystem.o(.text))
<BR><BR>[Stack]<UL><LI>Max Depth = 456 + Unknown Stack Size
<LI>Call Chain = FATFileSystem::opendir(const char*) &rArr; f_opendir &rArr; follow_path(FATFS_DIR*, const char*) &rArr; dir_find(FATFS_DIR*) &rArr; dir_next(FATFS_DIR*, int) &rArr; create_chain(FATFS*, unsigned long) &rArr; put_fat(FATFS*, unsigned long, unsigned long) &rArr; move_window(FATFS*, unsigned long) &rArr; disk_write(unsigned char, const unsigned char*, unsigned long, unsigned char) &rArr; debug_if(int, const char*, ...) &rArr; __c89vfprintf &rArr; _printf_char_file &rArr; _printf_char_common &rArr; __printf
</UL>
<BR>[Calls]<UL><LI><a href="#[f0]">&gt;&gt;</a>&nbsp;&nbsp;&nbsp;f_opendir
<LI><a href="#[b5]">&gt;&gt;</a>&nbsp;&nbsp;&nbsp;FATDirHandle::FATDirHandle(const FATFS_DIR&)
<LI><a href="#[ec]">&gt;&gt;</a>&nbsp;&nbsp;&nbsp;operator new(unsigned)
</UL>
<BR>[Address Reference Count : 2]<UL><LI> sdfilesystem.o(.constdata__ZTV12SDFileSystem)
<LI> fatfilesystem.o(.constdata__ZTV13FATFileSystem)
</UL>
<P><STRONG><a name="[58]"></a>FATFileSystem::mkdir(const char*, int)</STRONG> (Thumb, 32 bytes, Stack size 24 bytes, fatfilesystem.o(.text))
<BR><BR>[Stack]<UL><LI>Max Depth = 496 + Unknown Stack Size
<LI>Call Chain = FATFileSystem::mkdir(const char*, int) &rArr; f_mkdir &rArr; dir_register(FATFS_DIR*) &rArr; dir_find(FATFS_DIR*) &rArr; dir_next(FATFS_DIR*, int) &rArr; create_chain(FATFS*, unsigned long) &rArr; put_fat(FATFS*, unsigned long, unsigned long) &rArr; move_window(FATFS*, unsigned long) &rArr; disk_write(unsigned char, const unsigned char*, unsigned long, unsigned char) &rArr; debug_if(int, const char*, ...) &rArr; __c89vfprintf &rArr; _printf_char_file &rArr; _printf_char_common &rArr; __printf
</UL>
<BR>[Calls]<UL><LI><a href="#[f1]">&gt;&gt;</a>&nbsp;&nbsp;&nbsp;f_mkdir
</UL>
<BR>[Address Reference Count : 2]<UL><LI> sdfilesystem.o(.constdata__ZTV12SDFileSystem)
<LI> fatfilesystem.o(.constdata__ZTV13FATFileSystem)
</UL>
<P><STRONG><a name="[ed]"></a>FATFileHandle::FATFileHandle(FIL)</STRONG> (Thumb, 32 bytes, Stack size 24 bytes, fatfilehandle.o(.text))
<BR><BR>[Stack]<UL><LI>Max Depth = 32<LI>Call Chain = FATFileHandle::FATFileHandle(FIL) &rArr; __aeabi_memcpy4
</UL>
[...]
</UL>
<BR>[Calls]<UL><LI><a href="#[101]">&gt;&gt;</a>&nbsp;&nbsp;&nbsp;put_fat(FATFS*, unsigned long, unsigned long)
<LI><a href="#[100]">&gt;&gt;</a>&nbsp;&nbsp;&nbsp;get_fat(FATFS*, unsigned long)
</UL>
<BR>[Called By]<UL><LI><a href="#[ee]">&gt;&gt;</a>&nbsp;&nbsp;&nbsp;f_unlink
<LI><a href="#[ea]">&gt;&gt;</a>&nbsp;&nbsp;&nbsp;f_open
<LI><a href="#[f1]">&gt;&gt;</a>&nbsp;&nbsp;&nbsp;f_mkdir
<LI><a href="#[11f]">&gt;&gt;</a>&nbsp;&nbsp;&nbsp;f_truncate
</UL>

<P><STRONG><a name="[103]"></a>create_chain(FATFS*, unsigned long)</STRONG> (Thumb, 202 bytes, Stack size 32 bytes, ff.o(.text))
<BR><BR>[Stack]<UL><LI>Max Depth = 272 + Unknown Stack Size
<LI>Call Chain = create_chain(FATFS*, unsigned long) &rArr; put_fat(FATFS*, unsigned long, unsigned long) &rArr; move_window(FATFS*, unsigned long) &rArr; disk_write(unsigned char, const unsigned char*, unsigned long, unsigned char) &rArr; debug_if(int, const char*, ...) &rArr; __c89vfprintf &rArr; _printf_char_file &rArr; _printf_char_common &rArr; __printf
</UL>
<BR>[Calls]<UL><LI><a href="#[101]">&gt;&gt;</a>&nbsp;&nbsp;&nbsp;put_fat(FATFS*, unsigned long, unsigned long)
<LI><a href="#[100]">&gt;&gt;</a>&nbsp;&nbsp;&nbsp;get_fat(FATFS*, unsigned long)
</UL>
<BR>[Called By]<UL><LI><a href="#[f4]">&gt;&gt;</a>&nbsp;&nbsp;&nbsp;f_write
<LI><a href="#[f1]">&gt;&gt;</a>&nbsp;&nbsp;&nbsp;f_mkdir
<LI><a href="#[eb]">&gt;&gt;</a>&nbsp;&nbsp;&nbsp;f_lseek
<LI><a href="#[106]">&gt;&gt;</a>&nbsp;&nbsp;&nbsp;dir_next(FATFS_DIR*, int)
</UL>

<P><STRONG><a name="[104]"></a>dir_sdi(FATFS_DIR*, unsigned short)</STRONG> (Thumb, 156 bytes, Stack size 24 bytes, ff.o(.text))
<BR><BR>[Stack]<UL><LI>Max Depth = 256 + Unknown Stack Size
<LI>Call Chain = dir_sdi(FATFS_DIR*, unsigned short) &rArr; get_fat(FATFS*, unsigned long) &rArr; move_window(FATFS*, unsigned long) &rArr; disk_write(unsigned char, const unsigned char*, unsigned long, unsigned char) &rArr; debug_if(int, const char*, ...) &rArr; __c89vfprintf &rArr; _printf_char_file &rArr; _printf_char_common &rArr; __printf
</UL>
<BR>[Calls]<UL><LI><a href="#[100]">&gt;&gt;</a>&nbsp;&nbsp;&nbsp;get_fat(FATFS*, unsigned long)
<LI><a href="#[105]">&gt;&gt;</a>&nbsp;&nbsp;&nbsp;clust2sect(FATFS*, unsigned long)
</UL>
<BR>[Called By]<UL><LI><a href="#[b7]">&gt;&gt;</a>&nbsp;&nbsp;&nbsp;f_readdir
<LI><a href="#[ee]">&gt;&gt;</a>&nbsp;&nbsp;&nbsp;f_unlink
<LI><a href="#[f0]">&gt;&gt;</a>&nbsp;&nbsp;&nbsp;f_opendir
<LI><a href="#[117]">&gt;&gt;</a>&nbsp;&nbsp;&nbsp;follow_path(FATFS_DIR*, const char*)
<LI><a href="#[112]">&gt;&gt;</a>&nbsp;&nbsp;&nbsp;dir_remove(FATFS_DIR*)
<LI><a href="#[110]">&gt;&gt;</a>&nbsp;&nbsp;&nbsp;dir_register(FATFS_DIR*)
<LI><a href="#[10b]">&gt;&gt;</a>&nbsp;&nbsp;&nbsp;dir_find(FATFS_DIR*)
</UL>

<P><STRONG><a name="[106]"></a>dir_next(FATFS_DIR*, int)</STRONG> (Thumb, 280 bytes, Stack size 24 bytes, ff.o(.text))
<BR><BR>[Stack]<UL><LI>Max Depth = 296 + Unknown Stack Size
<LI>Call Chain = dir_next(FATFS_DIR*, int) &rArr; create_chain(FATFS*, unsigned long) &rArr; put_fat(FATFS*, unsigned long, unsigned long) &rArr; move_window(FATFS*, unsigned long) &rArr; disk_write(unsigned char, const unsigned char*, unsigned long, unsigned char) &rArr; debug_if(int, const char*, ...) &rArr; __c89vfprintf &rArr; _printf_char_file &rArr; _printf_char_common &rArr; __printf
</UL>
<BR>[Calls]<UL><LI><a href="#[100]">&gt;&gt;</a>&nbsp;&nbsp;&nbsp;get_fat(FATFS*, unsigned long)
<LI><a href="#[105]">&gt;&gt;</a>&nbsp;&nbsp;&nbsp;clust2sect(FATFS*, unsigned long)
<LI><a href="#[103]">&gt;&gt;</a>&nbsp;&nbsp;&nbsp;create_chain(FATFS*, unsigned long)
<LI><a href="#[fd]">&gt;&gt;</a>&nbsp;&nbsp;&nbsp;move_window(FATFS*, unsigned long)
<LI><a href="#[ff]">&gt;&gt;</a>&nbsp;&nbsp;&nbsp;mem_set(void*, int, unsigned)
</UL>
<BR>[Called By]<UL><LI><a href="#[b7]">&gt;&gt;</a>&nbsp;&nbsp;&nbsp;f_readdir
<LI><a href="#[112]">&gt;&gt;</a>&nbsp;&nbsp;&nbsp;dir_remove(FATFS_DIR*)
<LI><a href="#[110]">&gt;&gt;</a>&nbsp;&nbsp;&nbsp;dir_register(FATFS_DIR*)
<LI><a href="#[10e]">&gt;&gt;</a>&nbsp;&nbsp;&nbsp;dir_read(FATFS_DIR*)
<LI><a href="#[10b]">&gt;&gt;</a>&nbsp;&nbsp;&nbsp;dir_find(FATFS_DIR*)
</UL>

<P><STRONG><a name="[118]"></a>ld_clust(FATFS*, unsigned char*)</STRONG> (Thumb, 32 bytes, Stack size 8 bytes, ff.o(.text))
<BR><BR>[Stack]<UL><LI>Max Depth = 8<LI>Call Chain = ld_clust(FATFS*, unsigned char*)
</UL>
<BR>[Called By]<UL><LI><a href="#[ee]">&gt;&gt;</a>&nbsp;&nbsp;&nbsp;f_unlink
<LI><a href="#[f0]">&gt;&gt;</a>&nbsp;&nbsp;&nbsp;f_opendir
<LI><a href="#[ea]">&gt;&gt;</a>&nbsp;&nbsp;&nbsp;f_open
<LI><a href="#[122]">&gt;&gt;</a>&nbsp;&nbsp;&nbsp;f_rename
<LI><a href="#[117]">&gt;&gt;</a>&nbsp;&nbsp;&nbsp;follow_path(FATFS_DIR*, const char*)
</UL>

<P><STRONG><a name="[11c]"></a>st_clust(unsigned char*, unsigned long)</STRONG> (Thumb, 16 bytes, Stack size 0 bytes, ff.o(.text))
<BR><BR>[Called By]<UL><LI><a href="#[f6]">&gt;&gt;</a>&nbsp;&nbsp;&nbsp;f_sync
<LI><a href="#[ea]">&gt;&gt;</a>&nbsp;&nbsp;&nbsp;f_open
<LI><a href="#[f1]">&gt;&gt;</a>&nbsp;&nbsp;&nbsp;f_mkdir
<LI><a href="#[122]">&gt;&gt;</a>&nbsp;&nbsp;&nbsp;f_rename
</UL>

<P><STRONG><a name="[107]"></a>cmp_lfn(unsigned short*, unsigned char*)</STRONG> (Thumb, 138 bytes, Stack size 32 bytes, ff.o(.text))
<BR><BR>[Stack]<UL><LI>Max Depth = 32<LI>Call Chain = cmp_lfn(unsigned short*, unsigned char*)
</UL>
<BR>[Calls]<UL><LI><a href="#[108]">&gt;&gt;</a>&nbsp;&nbsp;&nbsp;ff_wtoupper
</UL>
<BR>[Called By]<UL><LI><a href="#[10b]">&gt;&gt;</a>&nbsp;&nbsp;&nbsp;dir_find(FATFS_DIR*)
</UL>

<P><STRONG><a name="[10f]"></a>pick_lfn(unsigned short*, unsigned char*)</STRONG> (Thumb, 112 bytes, Stack size 20 bytes, ff.o(.text))
<BR><BR>[Stack]<UL><LI>Max Depth = 20<LI>Call Chain = pick_lfn(unsigned short*, unsigned char*)
</UL>
<BR>[Called By]<UL><LI><a href="#[10e]">&gt;&gt;</a>&nbsp;&nbsp;&nbsp;dir_read(FATFS_DIR*)
</UL>

<P><STRONG><a name="[111]"></a>fit_lfn(const unsigned short*, unsigned char*, unsigned char, unsigned char)</STRONG> (Thumb, 122 bytes, Stack size 20 bytes, ff.o(.text))
<BR><BR>[Stack]<UL><LI>Max Depth = 20<LI>Call Chain = fit_lfn(const unsigned short*, unsigned char*, unsigned char, unsigned char)
</UL>
<BR>[Called By]<UL><LI><a href="#[110]">&gt;&gt;</a>&nbsp;&nbsp;&nbsp;dir_register(FATFS_DIR*)
</UL>

<P><STRONG><a name="[10c]"></a>sum_sfn(const unsigned char*)</STRONG> (Thumb, 32 bytes, Stack size 12 bytes, ff.o(.text))
<BR><BR>[Stack]<UL><LI>Max Depth = 12<LI>Call Chain = sum_sfn(const unsigned char*)
</UL>
<BR>[Called By]<UL><LI><a href="#[110]">&gt;&gt;</a>&nbsp;&nbsp;&nbsp;dir_register(FATFS_DIR*)
<LI><a href="#[10e]">&gt;&gt;</a>&nbsp;&nbsp;&nbsp;dir_read(FATFS_DIR*)
<LI><a href="#[10b]">&gt;&gt;</a>&nbsp;&nbsp;&nbsp;dir_find(FATFS_DIR*)
</UL>

<P><STRONG><a name="[10b]"></a>dir_find(FATFS_DIR*)</STRONG> (Thumb, 222 bytes, Stack size 32 bytes, ff.o(.text))
<BR><BR>[Stack]<UL><LI>Max Depth = 328 + Unknown Stack Size
<LI>Call Chain = dir_find(FATFS_DIR*) &rArr; dir_next(FATFS_DIR*, int) &rArr; create_chain(FATFS*, unsigned long) &rArr; put_fat(FATFS*, unsigned long, unsigned long) &rArr; move_window(FATFS*, unsigned long) &rArr; disk_write(unsigned char, const unsigned char*, unsigned long, unsigned char) &rArr; debug_if(int, const char*, ...) &rArr; __c89vfprintf &rArr; _printf_char_file &rArr; _printf_char_common &rArr; __printf
</UL>
<BR>[Calls]<UL><LI><a href="#[10c]">&gt;&gt;</a>&nbsp;&nbsp;&nbsp;sum_sfn(const unsigned char*)
<LI><a href="#[107]">&gt;&gt;</a>&nbsp;&nbsp;&nbsp;cmp_lfn(unsigned short*, unsigned char*)
<LI><a href="#[106]">&gt;&gt;</a>&nbsp;&nbsp;&nbsp;dir_next(FATFS_DIR*, int)
<LI><a href="#[104]">&gt;&gt;</a>&nbsp;&nbsp;&nbsp;dir_sdi(FATFS_DIR*, unsigned short)
<LI><a href="#[fd]">&gt;&gt;</a>&nbsp;&nbsp;&nbsp;move_window(FATFS*, unsigned long)
<LI><a href="#[10d]">&gt;&gt;</a>&nbsp;&nbsp;&nbsp;mem_cmp(const void*, const void*, unsigned)
</UL>
<BR>[Called By]<UL><LI><a href="#[117]">&gt;&gt;</a>&nbsp;&nbsp;&nbsp;follow_path(FATFS_DIR*, const char*)
<LI><a href="#[110]">&gt;&gt;</a>&nbsp;&nbsp;&nbsp;dir_register(FATFS_DIR*)
</UL>

<P><STRONG><a name="[10e]"></a>dir_read(FATFS_DIR*)</STRONG> (Thumb, 190 bytes, Stack size 32 bytes, ff.o(.text))
<BR><BR>[Stack]<UL><LI>Max Depth = 328 + Unknown Stack Size
<LI>Call Chain = dir_read(FATFS_DIR*) &rArr; dir_next(FATFS_DIR*, int) &rArr; create_chain(FATFS*, unsigned long) &rArr; put_fat(FATFS*, unsigned long, unsigned long) &rArr; move_window(FATFS*, unsigned long) &rArr; disk_write(unsigned char, const unsigned char*, unsigned long, unsigned char) &rArr; debug_if(int, const char*, ...) &rArr; __c89vfprintf &rArr; _printf_char_file &rArr; _printf_char_common &rArr; __printf
</UL>
<BR>[Calls]<UL><LI><a href="#[10c]">&gt;&gt;</a>&nbsp;&nbsp;&nbsp;sum_sfn(const unsigned char*)
<LI><a href="#[10f]">&gt;&gt;</a>&nbsp;&nbsp;&nbsp;pick_lfn(unsigned short*, unsigned char*)
<LI><a href="#[106]">&gt;&gt;</a>&nbsp;&nbsp;&nbsp;dir_next(FATFS_DIR*, int)
<LI><a href="#[fd]">&gt;&gt;</a>&nbsp;&nbsp;&nbsp;move_window(FATFS*, unsigned long)
</UL>
<BR>[Called By]<UL><LI><a href="#[b7]">&gt;&gt;</a>&nbsp;&nbsp;&nbsp;f_readdir
<LI><a href="#[ee]">&gt;&gt;</a>&nbsp;&nbsp;&nbsp;f_unlink
</UL>

<P><STRONG><a name="[110]"></a>dir_register(FATFS_DIR*)</STRONG> (Thumb, 400 bytes, Stack size 56 bytes, ff.o(.text))
<BR><BR>[Stack]<UL><LI>Max Depth = 384 + Unknown Stack Size
<LI>Call Chain = dir_register(FATFS_DIR*) &rArr; dir_find(FATFS_DIR*) &rArr; dir_next(FATFS_DIR*, int) &rArr; create_chain(FATFS*, unsigned long) &rArr; put_fat(FATFS*, unsigned long, unsigned long) &rArr; move_window(FATFS*, unsigned long) &rArr; disk_write(unsigned char, const unsigned char*, unsigned long, unsigned char) &rArr; debug_if(int, const char*, ...) &rArr; __c89vfprintf &rArr; _printf_char_file &rArr; _printf_char_common &rArr; __printf
</UL>
<BR>[Calls]<UL><LI><a href="#[109]">&gt;&gt;</a>&nbsp;&nbsp;&nbsp;gen_numname(unsigned char*, const unsigned char*, const unsigned short*, unsigned short)
<LI><a href="#[10b]">&gt;&gt;</a>&nbsp;&nbsp;&nbsp;dir_find(FATFS_DIR*)
<LI><a href="#[10c]">&gt;&gt;</a>&nbsp;&nbsp;&nbsp;sum_sfn(const unsigned char*)
<LI><a href="#[111]">&gt;&gt;</a>&nbsp;&nbsp;&nbsp;fit_lfn(const unsigned short*, unsigned char*, unsigned char, unsigned char)
<LI><a href="#[106]">&gt;&gt;</a>&nbsp;&nbsp;&nbsp;dir_next(FATFS_DIR*, int)
<LI><a href="#[104]">&gt;&gt;</a>&nbsp;&nbsp;&nbsp;dir_sdi(FATFS_DIR*, unsigned short)
<LI><a href="#[fd]">&gt;&gt;</a>&nbsp;&nbsp;&nbsp;move_window(FATFS*, unsigned long)
<LI><a href="#[ff]">&gt;&gt;</a>&nbsp;&nbsp;&nbsp;mem_set(void*, int, unsigned)
<LI><a href="#[10a]">&gt;&gt;</a>&nbsp;&nbsp;&nbsp;mem_cpy(void*, const void*, unsigned)
</UL>
<BR>[Called By]<UL><LI><a href="#[ea]">&gt;&gt;</a>&nbsp;&nbsp;&nbsp;f_open
<LI><a href="#[f1]">&gt;&gt;</a>&nbsp;&nbsp;&nbsp;f_mkdir
<LI><a href="#[122]">&gt;&gt;</a>&nbsp;&nbsp;&nbsp;f_rename
</UL>

<P><STRONG><a name="[112]"></a>dir_remove(FATFS_DIR*)</STRONG> (Thumb, 96 bytes, Stack size 16 bytes, ff.o(.text))
<BR><BR>[Stack]<UL><LI>Max Depth = 312 + Unknown Stack Size
<LI>Call Chain = dir_remove(FATFS_DIR*) &rArr; dir_next(FATFS_DIR*, int) &rArr; create_chain(FATFS*, unsigned long) &rArr; put_fat(FATFS*, unsigned long, unsigned long) &rArr; move_window(FATFS*, unsigned long) &rArr; disk_write(unsigned char, const unsigned char*, unsigned long, unsigned char) &rArr; debug_if(int, const char*, ...) &rArr; __c89vfprintf &rArr; _printf_char_file &rArr; _printf_char_common &rArr; __printf
</UL>
<BR>[Calls]<UL><LI><a href="#[106]">&gt;&gt;</a>&nbsp;&nbsp;&nbsp;dir_next(FATFS_DIR*, int)
<LI><a href="#[104]">&gt;&gt;</a>&nbsp;&nbsp;&nbsp;dir_sdi(FATFS_DIR*, unsigned short)
<LI><a href="#[fd]">&gt;&gt;</a>&nbsp;&nbsp;&nbsp;move_window(FATFS*, unsigned long)
</UL>
<BR>[Called By]<UL><LI><a href="#[ee]">&gt;&gt;</a>&nbsp;&nbsp;&nbsp;f_unlink
<LI><a href="#[122]">&gt;&gt;</a>&nbsp;&nbsp;&nbsp;f_rename
</UL>

<P><STRONG><a name="[113]"></a>create_name(FATFS_DIR*, const char**)</STRONG> (Thumb, 534 bytes, Stack size 56 bytes, ff.o(.text))
<BR><BR>[Stack]<UL><LI>Max Depth = 68<LI>Call Chain = create_name(FATFS_DIR*, const char**) &rArr; mem_set(void*, int, unsigned)
</UL>
<BR>[Calls]<UL><LI><a href="#[114]">&gt;&gt;</a>&nbsp;&nbsp;&nbsp;ff_convert
<LI><a href="#[115]">&gt;&gt;</a>&nbsp;&nbsp;&nbsp;chk_chr(const char*, int)
<LI><a href="#[ff]">&gt;&gt;</a>&nbsp;&nbsp;&nbsp;mem_set(void*, int, unsigned)
</UL>
<BR>[Called By]<UL><LI><a href="#[117]">&gt;&gt;</a>&nbsp;&nbsp;&nbsp;follow_path(FATFS_DIR*, const char*)
</UL>

<P><STRONG><a name="[116]"></a>get_fileinfo(FATFS_DIR*, FILINFO*)</STRONG> (Thumb, 296 bytes, Stack size 48 bytes, ff.o(.text))
<BR><BR>[Stack]<UL><LI>Max Depth = 56<LI>Call Chain = get_fileinfo(FATFS_DIR*, FILINFO*) &rArr; ff_convert
</UL>
<BR>[Calls]<UL><LI><a href="#[114]">&gt;&gt;</a>&nbsp;&nbsp;&nbsp;ff_convert
</UL>
<BR>[Called By]<UL><LI><a href="#[b7]">&gt;&gt;</a>&nbsp;&nbsp;&nbsp;f_readdir
<LI><a href="#[11d]">&gt;&gt;</a>&nbsp;&nbsp;&nbsp;f_stat
</UL>

<P><STRONG><a name="[117]"></a>follow_path(FATFS_DIR*, const char*)</STRONG> (Thumb, 146 bytes, Stack size 32 bytes, ff.o(.text))
<BR><BR>[Stack]<UL><LI>Max Depth = 360 + Unknown Stack Size
<LI>Call Chain = follow_path(FATFS_DIR*, const char*) &rArr; dir_find(FATFS_DIR*) &rArr; dir_next(FATFS_DIR*, int) &rArr; create_chain(FATFS*, unsigned long) &rArr; put_fat(FATFS*, unsigned long, unsigned long) &rArr; move_window(FATFS*, unsigned long) &rArr; disk_write(unsigned char, const unsigned char*, unsigned long, unsigned char) &rArr; debug_if(int, const char*, ...) &rArr; __c89vfprintf &rArr; _printf_char_file &rArr; _printf_char_common &rArr; __printf
</UL>
<BR>[Calls]<UL><LI><a href="#[113]">&gt;&gt;</a>&nbsp;&nbsp;&nbsp;create_name(FATFS_DIR*, const char**)
<LI><a href="#[10b]">&gt;&gt;</a>&nbsp;&nbsp;&nbsp;dir_find(FATFS_DIR*)
<LI><a href="#[118]">&gt;&gt;</a>&nbsp;&nbsp;&nbsp;ld_clust(FATFS*, unsigned char*)
<LI><a href="#[104]">&gt;&gt;</a>&nbsp;&nbsp;&nbsp;dir_sdi(FATFS_DIR*, unsigned short)
</UL>
<BR>[Called By]<UL><LI><a href="#[ee]">&gt;&gt;</a>&nbsp;&nbsp;&nbsp;f_unlink
<LI><a href="#[f0]">&gt;&gt;</a>&nbsp;&nbsp;&nbsp;f_opendir
<LI><a href="#[ea]">&gt;&gt;</a>&nbsp;&nbsp;&nbsp;f_open
<LI><a href="#[f1]">&gt;&gt;</a>&nbsp;&nbsp;&nbsp;f_mkdir
<LI><a href="#[122]">&gt;&gt;</a>&nbsp;&nbsp;&nbsp;f_rename
<LI><a href="#[121]">&gt;&gt;</a>&nbsp;&nbsp;&nbsp;f_utime
<LI><a href="#[120]">&gt;&gt;</a>&nbsp;&nbsp;&nbsp;f_chmod
<LI><a href="#[11d]">&gt;&gt;</a>&nbsp;&nbsp;&nbsp;f_stat
</UL>

<P><STRONG><a name="[119]"></a>check_fs(FATFS*, unsigned long)</STRONG> (Thumb, 166 bytes, Stack size 16 bytes, ff.o(.text))
<BR><BR>[Stack]<UL><LI>Max Depth = 200 + Unknown Stack Size
<LI>Call Chain = check_fs(FATFS*, unsigned long) &rArr; disk_read(unsigned char, unsigned char*, unsigned long, unsigned char) &rArr; debug_if(int, const char*, ...) &rArr; __c89vfprintf &rArr; _printf_char_file &rArr; _printf_char_common &rArr; __printf
</UL>
<BR>[Calls]<UL><LI><a href="#[fa]">&gt;&gt;</a>&nbsp;&nbsp;&nbsp;disk_read(unsigned char, unsigned char*, unsigned long, unsigned char)
</UL>
<BR>[Called By]<UL><LI><a href="#[11a]">&gt;&gt;</a>&nbsp;&nbsp;&nbsp;chk_mounted(const char**, FATFS**, unsigned char)
</UL>

<P><STRONG><a name="[11a]"></a>chk_mounted(const char**, FATFS**, unsigned char)</STRONG> (Thumb, 904 bytes, Stack size 80 bytes, ff.o(.text))
<BR><BR>[Stack]<UL><LI>Max Depth = 280 + Unknown Stack Size
<LI>Call Chain = chk_mounted(const char**, FATFS**, unsigned char) &rArr; check_fs(FATFS*, unsigned long) &rArr; disk_read(unsigned char, unsigned char*, unsigned long, unsigned char) &rArr; debug_if(int, const char*, ...) &rArr; __c89vfprintf &rArr; _printf_char_file &rArr; _printf_char_common &rArr; __printf
</UL>
<BR>[Calls]<UL><LI><a href="#[fa]">&gt;&gt;</a>&nbsp;&nbsp;&nbsp;disk_read(unsigned char, unsigned char*, unsigned long, unsigned char)
<LI><a href="#[f9]">&gt;&gt;</a>&nbsp;&nbsp;&nbsp;disk_status(unsigned char)
<LI><a href="#[f8]">&gt;&gt;</a>&nbsp;&nbsp;&nbsp;disk_initialize(unsigned char)
<LI><a href="#[119]">&gt;&gt;</a>&nbsp;&nbsp;&nbsp;check_fs(FATFS*, unsigned long)
</UL>
<BR>[Called By]<UL><LI><a href="#[ee]">&gt;&gt;</a>&nbsp;&nbsp;&nbsp;f_unlink
<LI><a href="#[f0]">&gt;&gt;</a>&nbsp;&nbsp;&nbsp;f_opendir
<LI><a href="#[ea]">&gt;&gt;</a>&nbsp;&nbsp;&nbsp;f_open
<LI><a href="#[f1]">&gt;&gt;</a>&nbsp;&nbsp;&nbsp;f_mkdir
<LI><a href="#[122]">&gt;&gt;</a>&nbsp;&nbsp;&nbsp;f_rename
<LI><a href="#[121]">&gt;&gt;</a>&nbsp;&nbsp;&nbsp;f_utime
<LI><a href="#[120]">&gt;&gt;</a>&nbsp;&nbsp;&nbsp;f_chmod
<LI><a href="#[11e]">&gt;&gt;</a>&nbsp;&nbsp;&nbsp;f_getfree
<LI><a href="#[11d]">&gt;&gt;</a>&nbsp;&nbsp;&nbsp;f_stat
</UL>

<P><STRONG><a name="[11b]"></a>validate(void*)</STRONG> (Thumb, 52 bytes, Stack size 16 bytes, ff.o(.text))
<BR><BR>[Stack]<UL><LI>Max Depth = 176 + Unknown Stack Size
<LI>Call Chain = validate(void*) &rArr; disk_status(unsigned char) &rArr; debug_if(int, const char*, ...) &rArr; __c89vfprintf &rArr; _printf_char_file &rArr; _printf_char_common &rArr; __printf
</UL>
<BR>[Calls]<UL><LI><a href="#[f9]">&gt;&gt;</a>&nbsp;&nbsp;&nbsp;disk_status(unsigned char)
</UL>
<BR>[Called By]<UL><LI><a href="#[b7]">&gt;&gt;</a>&nbsp;&nbsp;&nbsp;f_readdir
<LI><a href="#[f4]">&gt;&gt;</a>&nbsp;&nbsp;&nbsp;f_write
<LI><a href="#[f6]">&gt;&gt;</a>&nbsp;&nbsp;&nbsp;f_sync
<LI><a href="#[f5]">&gt;&gt;</a>&nbsp;&nbsp;&nbsp;f_read
<LI><a href="#[eb]">&gt;&gt;</a>&nbsp;&nbsp;&nbsp;f_lseek
<LI><a href="#[11f]">&gt;&gt;</a>&nbsp;&nbsp;&nbsp;f_truncate
</UL>

<P><STRONG><a name="[13f]"></a>_tm_carry</STRONG> (Thumb, 54 bytes, Stack size 12 bytes, mktime.o(.text))
<BR><BR>[Stack]<UL><LI>Max Depth = 12<LI>Call Chain = _tm_carry
</UL>
<BR>[Called By]<UL><LI><a href="#[13e]">&gt;&gt;</a>&nbsp;&nbsp;&nbsp;mktime
</UL>

<P><STRONG><a name="[1c2]"></a>_dadd1</STRONG> (Thumb, 0 bytes, Stack size unknown bytes, daddsub_clz.o(x$fpl$dadd), UNUSED)
<BR><BR>[Called By]<UL><LI><a href="#[1c3]">&gt;&gt;</a>&nbsp;&nbsp;&nbsp;_dsub
<LI><a href="#[1c1]">&gt;&gt;</a>&nbsp;&nbsp;&nbsp;_drsb
</UL>

<P><STRONG><a name="[1b9]"></a>_dsub1</STRONG> (Thumb, 0 bytes, Stack size unknown bytes, daddsub_clz.o(x$fpl$dsub), UNUSED)
<BR><BR>[Called By]<UL><LI><a href="#[1c1]">&gt;&gt;</a>&nbsp;&nbsp;&nbsp;_drsb
<LI><a href="#[1b8]">&gt;&gt;</a>&nbsp;&nbsp;&nbsp;_dadd
</UL>

<P><STRONG><a name="[142]"></a>_fp_digits</STRONG> (Thumb, 428 bytes, Stack size 96 bytes, _printf_fp_dec.o(.text))
<BR><BR>[Stack]<UL><LI>Max Depth = 216<LI>Call Chain = _fp_digits &rArr; _btod_etento &rArr; _btod_emul &rArr; _e2e
</UL>
<BR>[Calls]<UL><LI><a href="#[146]">&gt;&gt;</a>&nbsp;&nbsp;&nbsp;_btod_emul
<LI><a href="#[145]">&gt;&gt;</a>&nbsp;&nbsp;&nbsp;_btod_ediv
<LI><a href="#[144]">&gt;&gt;</a>&nbsp;&nbsp;&nbsp;_btod_d2e
<LI><a href="#[143]">&gt;&gt;</a>&nbsp;&nbsp;&nbsp;_btod_etento
<LI><a href="#[147]">&gt;&gt;</a>&nbsp;&nbsp;&nbsp;_ll_udiv10
</UL>
<BR>[Called By]<UL><LI><a href="#[148]">&gt;&gt;</a>&nbsp;&nbsp;&nbsp;_printf_fp_dec_real
</UL>

<P><STRONG><a name="[45]"></a>_printf_input_char</STRONG> (Thumb, 10 bytes, Stack size 0 bytes, _printf_char_common.o(.text))
<BR>[Address Reference Count : 1]<UL><LI> _printf_char_common.o(.text)
</UL>
<P><STRONG><a name="[47]"></a>_scanf_char_input</STRONG> (Thumb, 12 bytes, Stack size 0 bytes, scanf_char.o(.text))
<BR>[Address Reference Count : 1]<UL><LI> scanf_char.o(.text)
</UL>
<P><STRONG><a name="[4a]"></a>__default_terminate_handler()</STRONG> (Thumb, 6 bytes, Stack size 8 bytes, arm_exceptions_globs.o(.text))
<BR><BR>[Stack]<UL><LI>Max Depth = 48<LI>Call Chain = __default_terminate_handler() &rArr; abort &rArr; __rt_SIGABRT &rArr; __rt_SIGABRT_inner &rArr; __default_signal_display &rArr; _ttywrch
</UL>
<BR>[Calls]<UL><LI><a href="#[16f]">&gt;&gt;</a>&nbsp;&nbsp;&nbsp;abort
</UL>
<BR>[Address Reference Count : 1]<UL><LI> arm_exceptions_globs.o(.text)
</UL><P>
<H3>
Undefined Global Symbols
</H3><HR></body></html>
