<html>
<body>
<pre>
<h1>µVision Build Log</h1>
<h2>Project:</h2>
D:\ZHAW\BA\WeKeBA\05_Source\mbed_BusHandlerV2\source\source.uvproj
Project File Date:  12/16/2014

<h2>Output:</h2>
Build target 'NXP LPC4088'
compiling main.cpp...
compiling BusHandler.cpp...
app\BusProtocol\BusHandler.cpp(121): warning:  #550-D: variable "stat" was set but never used
        osStatus stat;
app\BusProtocol\BusHandler.cpp(278): warning:  #940-D: missing return statement at end of non-void function "setTokenStatus"
  }
app\BusProtocol\BusHandler.cpp: 2 warnings, 0 errors
compiling impact_action.cpp...
app\ImpactDetection\impact_action.cpp(208): warning:  #177-D: variable "extData" was declared but never referenced
                ImpExtData_t extData;
app\ImpactDetection\impact_action.cpp(209): warning:  #177-D: variable "rawDataStart" was declared but never referenced
                ImpRawDataStart_t rawDataStart;
app\ImpactDetection\impact_action.cpp(210): warning:  #177-D: variable "rawData" was declared but never referenced
                ImpRawData_t rawData;
app\ImpactDetection\impact_action.cpp: 3 warnings, 0 errors
compiling ProcessingLoops.cpp...
app\ProcessingLoops.cpp(249): warning:  #177-D: variable "allSensorsReceived" was declared but never referenced
        char allSensorsReceived = 0;
app\ProcessingLoops.cpp(260): warning:  #177-D: variable "sensorCounter" was declared but never referenced
        char sensorCounter = 0;
app\ProcessingLoops.cpp: 2 warnings, 0 errors
compiling cmd_action.cpp...
app\CommandLine\cmd_action.cpp(183): warning:  #550-D: variable "success" was set but never used
        uint8_t success = 1;
app\CommandLine\cmd_action.cpp: 1 warning, 0 errors
linking...
HAL/mbed-src/targets/cmsis/TARGET_NXP/TARGET_LPC408X/TOOLCHAIN_ARM_STD/LPC407X_8X.sct(28): warning: L6314W: No section matches pattern *.o(SPIFI_MEM).
Program Size: Code=82436 RO-data=5536 RW-data=776 ZI-data=42556  
Finished: 0 information, 1 warning and 0 error messages.
After Build - User command #1: fromelf --bin -o build\source_LPC4088.bin build\source.axf
".\build\source.axf" - 0 Error(s), 9 Warning(s).
Load "D:\\ZHAW\\BA\\WeKeBA\\05_Source\\mbed_BusHandlerV2\\source\\build\\source.axf" 
Erase Done.
Programming Done.
Verify OK.
Load "D:\\ZHAW\\BA\\WeKeBA\\05_Source\\mbed_BusHandlerV2\\source\\build\\source.axf" 
Erase Done.
Programming Done.
Verify OK.
</pre>
</body>
</html>
_logger_config(LoggerConfig logger)
app\CommandLine\sensor_config.cpp: 2 warnings, 0 errors
linking...
HAL/mbed-src/targets/cmsis/TARGET_NXP/TARGET_LPC408X/TOOLCHAIN_ARM_STD/LPC407X_8X.sct(28): warning: L6314W: No section matches pattern *.o(SPIFI_MEM).
Program Size: Code=82468 RO-data=5536 RW-data=776 ZI-data=42556  
Finished: 0 information, 1 warning and 0 error messages.
After Build - User command #1: fromelf --bin -o build\source_LPC4088.bin build\source.axf
".\build\source.axf" - 0 Error(s), 13 Warning(s).
