<html>
<body>
<pre>
<h1>µVision Build Log</h1>
<h2>Project:</h2>
D:\ZHAW\BA\WeKeBA\05_Source\mbed_BusHandlerV2\source\source.uvproj
Project File Date:  12/09/2014

<h2>Output:</h2>
Build target 'NXP LPC4088'
compiling main.cpp...
main.cpp(99): warning:  #177-D: variable "sensor1" was declared but never referenced
        uint32_t sensor1 = 0x61bfdf6;
main.cpp(185): warning:  #128-D: loop is not reachable
        while (1){
main.cpp: 2 warnings, 0 errors
linking...
mbed-src/targets/cmsis/TARGET_NXP/TARGET_LPC408X/TOOLCHAIN_ARM_STD/LPC407X_8X.sct(28): warning: L6314W: No section matches pattern *.o(SPIFI_MEM).
Program Size: Code=43564 RO-data=2072 RW-data=512 ZI-data=15504  
Finished: 0 information, 1 warning and 0 error messages.
After Build - User command #1: fromelf --bin -o build\source_LPC4088.bin build\source.axf
".\build\source.axf" - 0 Error(s), 3 Warning(s).
Load "D:\\ZHAW\\BA\\WeKeBA\\05_Source\\mbed_BusHandlerV2\\source\\build\\source.axf" 
Erase Done.
Programming Done.
Verify OK.
warning and 0 error messages.
After Build - User command #1: fromelf --bin -o build\source_LPC4088.bin build\source.axf
".\build\source.axf" - 0 Error(s), 5 Warning(s).
Load "D:\\ZHAW\\BA\\WeKeBA\\05_Source\\mbed_BusHandlerV2\\source\\build\\source.axf" 
Erase Done.
Programming Done.
Verify OK.
\build\source.axf" - 0 Error(s), 7 Warning(s).
Load "D:\\ZHAW\\BA\\WeKeBA\\05_Source\\mbed_BusHandlerV2\\source\\build\\source.axf" 
Erase Done.
Programming Done.
Verify OK.
