<html>
<body>
<pre>
<h1>µVision Build Log</h1>
<h2>Project:</h2>
D:\ZHAW\BA\WeKeBA\05_Source\mbed_BusHandlerV2\source\source.uvproj
Project File Date:  12/16/2014

<h2>Output:</h2>
Build target 'NXP LPC4088'
compiling cmd.cpp...
app\CommandLine\cmd_action.h(420): warning:  #1-D: last line of file ends without a newline
  void cmd_enter_sensor_params_raw(void);
app\CommandLine\cmd.cpp: 1 warning, 0 errors
linking...
HAL/mbed-src/targets/cmsis/TARGET_NXP/TARGET_LPC408X/TOOLCHAIN_ARM_STD/LPC407X_8X.sct(28): warning: L6314W: No section matches pattern *.o(SPIFI_MEM).
Program Size: Code=86524 RO-data=5616 RW-data=800 ZI-data=44600  
Finished: 0 information, 1 warning and 0 error messages.
After Build - User command #1: fromelf --bin -o build\source_LPC4088.bin build\source.axf
".\build\source.axf" - 0 Error(s), 2 Warning(s).
Load "D:\\ZHAW\\BA\\WeKeBA\\05_Source\\mbed_BusHandlerV2\\source\\build\\source.axf" 
Erase Done.
Programming Done.
Verify OK.
</pre>
</body>
</html>
ng rtc_time.c...
compiling rt_Task.c...
compiling rt_MemBox.c...
compiling rt_Robin.c...
compiling rt_Mailbox.c...
compiling rt_System.c...
compiling rt_CMSIS.c...
compiling rt_Event.c...
compiling rt_Semaphore.c...
compiling RTX_Conf_CM.c...
compiling rt_Time.c...
compiling rt_Mutex.c...
compiling rt_List.c...
compiling HAL_CM.c...
compiling HAL_CM4.c...
compiling main.cpp...
app/CommandLine/cmd_action.h(420): warning:  #1-D: last line of file ends without a newline
  void cmd_enter_sensor_params_raw(void);
main.cpp: 1 warning, 0 errors
compiling sys.cpp...
compiling sys_helper.cpp...
compiling RawSerial.cpp...
compiling Stream.cpp...
compiling Timeout.cpp...
compiling LocalFileSystem.cpp...
compiling FunctionPointer.cpp...
compiling I2CSlave.cpp...
compiling FilePath.cpp...
compiling InterruptManager.cpp...
compiling BusOut.cpp...
compiling Timer.cpp...
compiling FileSystemLike.cpp...
compiling I2C.cpp...
compiling CAN.cpp...
compiling SPISlave.cpp...
compiling TimerEvent.cpp...
compiling Serial.cpp...
compiling SPI.cpp...
compiling SerialBase.cpp...
compiling Ethernet.cpp...
compiling retarget.cpp...
compiling CallChain.cpp...
compiling BusIn.cpp...
compiling Ticker.cpp...
compiling InterruptIn.cpp...
compiling FileLike.cpp...
compiling BusInOut.cpp...
compiling FileBase.cpp...
compiling RtosTimer.cpp...
compiling Thread.cpp...
compiling Mutex.cpp...
compiling Semaphore.cpp...
compiling BusProtocol.cpp...
compiling BusHandler.cpp...
app\BusProtocol\BusHandler.cpp(121): warning:  #550-D: variable "stat" was set but never used
        osStatus stat;
app\BusProtocol\BusHandler.cpp(352): warning:  #1-D: last line of file ends without a newline
  }
app\BusProtocol\BusHandler.cpp: 2 warnings, 0 errors
compiling SerialID.cpp...
compiling ADC_4088.cpp...
compiling impact_action.cpp...
compiling impact_event.cpp...
compiling impact_fsm.cpp...
compiling sdram.cpp...
compiling ProcessingLoops.cpp...
app/CommandLine/cmd_action.h(420): warning:  #1-D: last line of file ends without a newline
  void cmd_enter_sensor_params_raw(void);
app\ProcessingLoops.cpp(270): warning:  #177-D: variable "allSensorsReceived" was declared but never referenced
        char allSensorsReceived = 0;
app\ProcessingLoops.cpp: 2 warnings, 0 errors
compiling cmd.cpp...
app\CommandLine\cmd_action.h(420): warning:  #1-D: last line of file ends without a newline
  void cmd_enter_sensor_params_raw(void);
app\CommandLine\cmd.cpp: 1 warning, 0 errors
compiling cmd_action.cpp...
app\CommandLine\cmd_action.h(420): warning:  #1-D: last line of file ends without a newline
  void cmd_enter_sensor_params_raw(void);
app\CommandLine\cmd_action.cpp(183): warning:  #550-D: variable "success" was set but never used
        uint8_t success = 1;
app\CommandLine\cmd_action.cpp(990): warning:  #186-D: pointless comparison of unsigned integer with zero
                if(writtenBytes<0){
app\CommandLine\cmd_action.cpp: 3 warnings, 0 errors
compiling file_ops.cpp...
compiling sensor_config.cpp...
app\CommandLine\sensor_config.cpp(148): warning:  #224-D: the format string requires additional arguments
                        &detail_level, &started);
app\CommandLine\sensor_config.cpp(240): warning:  #550-D: parameter "logger" was set but never used
  void init_logger_config(LoggerConfig logger)
app\CommandLine\sensor_config.cpp: 2 warnings, 0 errors
compiling MCIFileSystem.cpp...
compiling FATDirHandle.cpp...
compiling FATFileHandle.cpp...
compiling FATFileSystem.cpp...
compiling ccsbcs.cpp...
compiling diskio.cpp...
compiling ff.cpp...
HAL\EALib\FATFileSystem\ChaN\ff.cpp(1689): warning:  #111-D: statement is unreachable
              w = (w << 8) + b;           /* Create a DBC */
HAL\EALib\FATFileSystem\ChaN\ff.cpp: 1 warning, 0 errors
compiling gpdma.cpp...
compiling UART_RTOS_Interrupt.cpp...
linking...
HAL/mbed-src/targets/cmsis/TARGET_NXP/TARGET_LPC408X/TOOLCHAIN_ARM_STD/LPC407X_8X.sct(28): warning: L6314W: No section matches pattern *.o(SPIFI_MEM).
Program Size: Code=86516 RO-data=5616 RW-data=800 ZI-data=44600  
Finished: 0 information, 1 warning and 0 error messages.
After Build - User command #1: fromelf --bin -o build\source_LPC4088.bin build\source.axf
".\build\source.axf" - 0 Error(s), 13 Warning(s).
Load "D:\\ZHAW\\BA\\WeKeBA\\05_Source\\mbed_BusHandlerV2\\source\\build\\source.axf" 
Erase Done.
Programming Done.
Verify OK.
