<html>
<body>
<pre>
<h1>µVision Build Log</h1>
<h2>Project:</h2>
D:\ZHAW\BA\WeKeBA\05_Source\mbed_BusHandlerV2\source\source.uvproj
Project File Date:  12/16/2014

<h2>Output:</h2>
Build target 'NXP LPC4088'
compiling cmsis_nvic.c...
compiling system_LPC407x_8x_177x_8x.c...
compiling analogin_api.c...
compiling spi_api.c...
compiling gpio_api.c...
compiling i2c_api.c...
compiling analogout_api.c...
compiling rtc_api.c...
compiling can_api.c...
compiling port_api.c...
compiling pwmout_api.c...
compiling serial_api.c...
compiling sleep.c...
compiling gpio_irq_api.c...
compiling pinmap.c...
compiling ethernet_api.c...
compiling us_ticker.c...
compiling exit.c...
compiling wait_api.c...
compiling board.c...
compiling semihost_api.c...
compiling pinmap_common.c...
compiling us_ticker_api.c...
compiling assert.c...
compiling gpio.c...
compiling error.c...
compiling mbed_interface.c...
compiling rtc_time.c...
compiling rt_Task.c...
compiling rt_MemBox.c...
compiling rt_Robin.c...
compiling rt_Mailbox.c...
compiling rt_System.c...
compiling rt_CMSIS.c...
compiling rt_Event.c...
compiling rt_Semaphore.c...
compiling RTX_Conf_CM.c...
compiling rt_Time.c...
compiling rt_Mutex.c...
compiling rt_List.c...
compiling HAL_CM.c...
compiling HAL_CM4.c...
compiling main.cpp...
app/ProcessingLoops.h(22): warning:  #1-D: last line of file ends without a newline
  #endif
main.cpp: 1 warning, 0 errors
compiling sys.cpp...
compiling sys_helper.cpp...
compiling RawSerial.cpp...
compiling Stream.cpp...
compiling Timeout.cpp...
compiling LocalFileSystem.cpp...
compiling FunctionPointer.cpp...
compiling I2CSlave.cpp...
compiling FilePath.cpp...
compiling InterruptManager.cpp...
compiling BusOut.cpp...
compiling Timer.cpp...
compiling FileSystemLike.cpp...
compiling I2C.cpp...
compiling CAN.cpp...
compiling SPISlave.cpp...
compiling TimerEvent.cpp...
compiling Serial.cpp...
compiling SPI.cpp...
compiling SerialBase.cpp...
compiling Ethernet.cpp...
compiling retarget.cpp...
compiling CallChain.cpp...
compiling BusIn.cpp...
compiling Ticker.cpp...
compiling InterruptIn.cpp...
compiling FileLike.cpp...
compiling BusInOut.cpp...
compiling FileBase.cpp...
compiling RtosTimer.cpp...
compiling Thread.cpp...
compiling Mutex.cpp...
compiling Semaphore.cpp...
compiling BusProtocol.cpp...
app\BusProtocol\BusProtocol.cpp(31): warning:  #174-D: expression has no effect
    __disable_irq;
app\BusProtocol\BusProtocol.cpp(35): warning:  #174-D: expression has no effect
        __enable_irq;
app\BusProtocol\BusProtocol.cpp: 2 warnings, 0 errors
compiling BusHandler.cpp...
app\BusProtocol\BusHandler.cpp(108): warning:  #550-D: variable "stat" was set but never used
        osStatus stat;
app\BusProtocol\BusHandler.cpp(237): warning:  #1-D: last line of file ends without a newline
  }
app\BusProtocol\BusHandler.cpp(237): warning:  #940-D: missing return statement at end of non-void function "setTokenStatus"
  }
app\BusProtocol\BusHandler.cpp: 3 warnings, 0 errors
compiling SerialID.cpp...
compiling ADC_4088.cpp...
compiling impact_action.cpp...
app\ImpactDetection\impact_action.cpp(204): warning:  #177-D: variable "i" was declared but never referenced
                uint16_t i;
app\ImpactDetection\impact_action.cpp: 1 warning, 0 errors
compiling impact_event.cpp...
compiling impact_fsm.cpp...
compiling sdram.cpp...
compiling ProcessingLoops.cpp...
app\ProcessingLoops.h(22): warning:  #1-D: last line of file ends without a newline
  #endif
app\ProcessingLoops.cpp(237): warning:  #177-D: variable "allSensorsReceived" was declared but never referenced
        char allSensorsReceived = 0;
app\ProcessingLoops.cpp(244): warning:  #177-D: variable "sensorCounter" was declared but never referenced
        char sensorCounter = 0;
app\ProcessingLoops.cpp(408): warning:  #1-D: last line of file ends without a newline
  }
app\ProcessingLoops.cpp: 4 warnings, 0 errors
compiling cmd.cpp...
app\CommandLine\cmd_action.h(409): warning:  #1-D: last line of file ends without a newline
  void cmd_close_sensor_file(uint8_t sensor_index);
app\CommandLine\cmd.cpp(35): warning:  #177-D: variable "g_cTmpBuf" was declared but never referenced
  static char g_cTmpBuf[PATH_BUF_SIZE];
app\CommandLine\cmd.cpp(42): warning:  #177-D: variable "g_cCmdBuf" was declared but never referenced
  static char g_cCmdBuf[CMD_BUF_SIZE];
app\CommandLine\cmd.cpp: 3 warnings, 0 errors
compiling cmd_action.cpp...
app\CommandLine\cmd_action.h(409): warning:  #1-D: last line of file ends without a newline
  void cmd_close_sensor_file(uint8_t sensor_index);
app\CommandLine\cmd_action.cpp(183): warning:  #550-D: variable "success" was set but never used
        uint8_t success = 1;
app\CommandLine\cmd_action.cpp: 2 warnings, 0 errors
compiling file_ops.cpp...
compiling sensor_config.cpp...
app\CommandLine\sensor_config.cpp(105): warning:  #940-D: missing return statement at end of non-void function "sensor_config_read_file"
  }
app\CommandLine\sensor_config.cpp(131): warning:  #224-D: the format string requires additional arguments
                        &detail_level, &started);
app\CommandLine\sensor_config.cpp(223): warning:  #550-D: parameter "logger" was set but never used
  void init_logger_config(LoggerConfig logger)
app\CommandLine\sensor_config.cpp(246): warning:  #1-D: last line of file ends without a newline
  }
app\CommandLine\sensor_config.cpp: 4 warnings, 0 errors
compiling MCIFileSystem.cpp...
compiling FATDirHandle.cpp...
compiling FATFileHandle.cpp...
compiling FATFileSystem.cpp...
compiling ccsbcs.cpp...
compiling diskio.cpp...
compiling ff.cpp...
HAL\EALib\FATFileSystem\ChaN\ff.cpp(1689): warning:  #111-D: statement is unreachable
              w = (w << 8) + b;           /* Create a DBC */
HAL\EALib\FATFileSystem\ChaN\ff.cpp: 1 warning, 0 errors
compiling gpdma.cpp...
compiling UART_RTOS_Interrupt.cpp...
linking...
HAL/mbed-src/targets/cmsis/TARGET_NXP/TARGET_LPC408X/TOOLCHAIN_ARM_STD/LPC407X_8X.sct(28): warning: L6314W: No section matches pattern *.o(SPIFI_MEM).
Program Size: Code=81704 RO-data=5536 RW-data=764 ZI-data=42560  
Finished: 0 information, 1 warning and 0 error messages.
After Build - User command #1: fromelf --bin -o build\source_LPC4088.bin build\source.axf
".\build\source.axf" - 0 Error(s), 22 Warning(s).
