<html>
<body>
<pre>
<h1>µVision Build Log</h1>
<h2>Project:</h2>
D:\ZHAW\BA\WeKeBA\05_Source\mbed_BusHandlerV2\source\source.uvproj
Project File Date:  12/13/2014

<h2>Output:</h2>
Build target 'NXP LPC4088'
compiling main.cpp...
main.cpp(282): warning:  #177-D: variable "allSensorsReceived" was declared but never referenced
        char allSensorsReceived = 0;
main.cpp(289): warning:  #177-D: variable "sensorCounter" was declared but never referenced
        char sensorCounter = 0;
main.cpp(298): warning:  #177-D: variable "sensor1" was declared but never referenced
        uint32_t sensor1 = 0x61bfdf6;
main.cpp: 3 warnings, 0 errors
compiling BusHandler.cpp...
BusHandler.cpp(107): warning:  #550-D: variable "stat" was set but never used
        osStatus stat;
BusHandler.cpp(244): warning:  #1-D: last line of file ends without a newline
  }
BusHandler.cpp(244): warning:  #940-D: missing return statement at end of non-void function "setTokenStatus"
  }
BusHandler.cpp: 3 warnings, 0 errors
compiling impact_action.cpp...
impact_action.cpp(204): warning:  #177-D: variable "i" was declared but never referenced
                uint16_t i;
impact_action.cpp: 1 warning, 0 errors
linking...
mbed-src/targets/cmsis/TARGET_NXP/TARGET_LPC408X/TOOLCHAIN_ARM_STD/LPC407X_8X.sct(28): warning: L6314W: No section matches pattern *.o(SPIFI_MEM).
Program Size: Code=50076 RO-data=2336 RW-data=648 ZI-data=39572  
Finished: 0 information, 1 warning and 0 error messages.
After Build - User command #1: fromelf --bin -o build\source_LPC4088.bin build\source.axf
".\build\source.axf" - 0 Error(s), 8 Warning(s).
Load "D:\\ZHAW\\BA\\WeKeBA\\05_Source\\mbed_BusHandlerV2\\source\\build\\source.axf" 
Erase Done.
Programming Done.
Verify OK.
tem.cpp...
compiling FunctionPointer.cpp...
compiling I2CSlave.cpp...
compiling FilePath.cpp...
compiling InterruptManager.cpp...
compiling BusOut.cpp...
compiling Timer.cpp...
compiling FileSystemLike.cpp...
compiling I2C.cpp...
compiling CAN.cpp...
compiling SPISlave.cpp...
compiling TimerEvent.cpp...
compiling Serial.cpp...
compiling SPI.cpp...
compiling SerialBase.cpp...
compiling Ethernet.cpp...
compiling retarget.cpp...
compiling CallChain.cpp...
compiling BusIn.cpp...
compiling Ticker.cpp...
compiling InterruptIn.cpp...
compiling FileLike.cpp...
compiling BusInOut.cpp...
compiling FileBase.cpp...
compiling RtosTimer.cpp...
compiling Thread.cpp...
compiling Mutex.cpp...
compiling Semaphore.cpp...
compiling BusProtocol.cpp...
BusProtocol.cpp(31): warning:  #174-D: expression has no effect
    __disable_irq;
BusProtocol.cpp(35): warning:  #174-D: expression has no effect
        __enable_irq;
BusProtocol.cpp: 2 warnings, 0 errors
compiling BusHandler.cpp...
BusHandler.cpp(83): warning:  #550-D: variable "stat" was set but never used
        osStatus stat;
BusHandler.cpp: 1 warning, 0 errors
compiling SerialID.cpp...
compiling ADC_4088.cpp...
compiling impact_action.cpp...
impact_action.cpp(203): warning:  #177-D: variable "i" was declared but never referenced
                uint16_t i;
impact_action.cpp: 1 warning, 0 errors
compiling impact_event.cpp...
compiling impact_fsm.cpp...
linking...
.\build\source.axf: Error: L6218E: Undefined symbol sdram_init() (referred from main.o).
Not enough information to list image symbols.
Finished: 1 information, 0 warning and 1 error messages.
".\build\source.axf" - 1 Error(s), 6 Warning(s).
Target not created
has already been defined
        char data = MAX_NR_OF_MESSAGES;
main.cpp(347): error:  #77-D: this declaration has no storage class or type specifier
        enqueueMessage(1,&data,0x04,0x01,SEND_TOKEN_SINGLE);
main.cpp(347): error:  #247: variable "enqueueMessage" has already been defined
        enqueueMessage(1,&data,0x04,0x01,SEND_TOKEN_SINGLE);
main.cpp(347): error:  #18: expected a ")"
        enqueueMessage(1,&data,0x04,0x01,SEND_TOKEN_SINGLE);
main.cpp: 1 warning, 30 errors
".\build\source.axf" - 30 Error(s), 1 Warning(s).
Target not created
