<!doctype html public "-//w3c//dtd html 4.0 transitional//en">
<html><head>
<title>Static Call Graph - [.\build\source.axf]</title></head>
<body><HR>
<H1>Static Call Graph for image .\build\source.axf</H1><HR>
<BR><P>#&#060CALLGRAPH&#062# ARM Linker, 5040049: Last Updated: Mon Jan 19 16:46:07 2015
<BR><P>
<H3>Maximum Stack Usage =       1656 bytes + Unknown(Cycles, Untraceable Function Pointers)</H3><H3>
Call chain for Maximum Stack Depth:</H3>
FATFileSystem::open(const char*, int) &rArr; f_open &rArr; dir_register(FATFS_DIR*) &rArr; dir_find(FATFS_DIR*) &rArr; dir_next(FATFS_DIR*, int) &rArr; create_chain(FATFS*, unsigned long) &rArr; put_fat(FATFS*, unsigned long, unsigned long) &rArr; move_window(FATFS*, unsigned long) &rArr; disk_write(unsigned char, const unsigned char*, unsigned long, unsigned char) &rArr; debug_if(int, const char*, ...) &rArr; __c89vfprintf &rArr; _printf_char_file &rArr; _printf_char_common &rArr; __printf
<P>
<H3>
Mutually Recursive functions
</H3> <LI><a href="#[106]">mbed_assert_internal</a>&nbsp;&nbsp;&nbsp;&rArr;&nbsp;&nbsp;&nbsp;<a href="#[f8]">mbed_die</a><BR>
 <LI><a href="#[f9]">error</a>&nbsp;&nbsp;&nbsp;&rArr;&nbsp;&nbsp;&nbsp;<a href="#[f6]">exit</a><BR>
 <LI><a href="#[d]">NMI_Handler</a>&nbsp;&nbsp;&nbsp;&rArr;&nbsp;&nbsp;&nbsp;<a href="#[d]">NMI_Handler</a><BR>
 <LI><a href="#[13]">DebugMon_Handler</a>&nbsp;&nbsp;&nbsp;&rArr;&nbsp;&nbsp;&nbsp;<a href="#[13]">DebugMon_Handler</a><BR>
 <LI><a href="#[2b]">ADC_IRQHandler</a>&nbsp;&nbsp;&nbsp;&rArr;&nbsp;&nbsp;&nbsp;<a href="#[2b]">ADC_IRQHandler</a><BR>
</UL>
<P>
<H3>
Function Pointers
</H3><UL>
 <LI><a href="#[48]">&lang;Func1&rang;</a> from can.o(.text) referenced 2 times from can.o(.text)
 <LI><a href="#[2b]">ADC_IRQHandler</a> from startup_lpc407x_8x_177x_8x.o(.text) referenced from startup_lpc407x_8x_177x_8x.o(RESET)
 <LI><a href="#[2c]">BOD_IRQHandler</a> from startup_lpc407x_8x_177x_8x.o(.text) referenced from startup_lpc407x_8x_177x_8x.o(RESET)
 <LI><a href="#[10]">BusFault_Handler</a> from main.o(.text) referenced from startup_lpc407x_8x_177x_8x.o(RESET)
 <LI><a href="#[37]">CANActivity_IRQHandler</a> from startup_lpc407x_8x_177x_8x.o(.text) referenced from startup_lpc407x_8x_177x_8x.o(RESET)
 <LI><a href="#[2e]">CAN_IRQHandler</a> from startup_lpc407x_8x_177x_8x.o(.text) referenced from startup_lpc407x_8x_177x_8x.o(RESET)
 <LI><a href="#[2f]">DMA_IRQHandler</a> from startup_lpc407x_8x_177x_8x.o(.text) referenced from startup_lpc407x_8x_177x_8x.o(RESET)
 <LI><a href="#[13]">DebugMon_Handler</a> from startup_lpc407x_8x_177x_8x.o(.text) referenced from startup_lpc407x_8x_177x_8x.o(RESET)
 <LI><a href="#[3d]">EEPROM_IRQHandler</a> from startup_lpc407x_8x_177x_8x.o(.text) referenced from startup_lpc407x_8x_177x_8x.o(RESET)
 <LI><a href="#[27]">EINT0_IRQHandler</a> from startup_lpc407x_8x_177x_8x.o(.text) referenced from startup_lpc407x_8x_177x_8x.o(RESET)
 <LI><a href="#[28]">EINT1_IRQHandler</a> from startup_lpc407x_8x_177x_8x.o(.text) referenced from startup_lpc407x_8x_177x_8x.o(RESET)
 <LI><a href="#[29]">EINT2_IRQHandler</a> from startup_lpc407x_8x_177x_8x.o(.text) referenced from startup_lpc407x_8x_177x_8x.o(RESET)
 <LI><a href="#[2a]">EINT3_IRQHandler</a> from startup_lpc407x_8x_177x_8x.o(.text) referenced from startup_lpc407x_8x_177x_8x.o(RESET)
 <LI><a href="#[31]">ENET_IRQHandler</a> from startup_lpc407x_8x_177x_8x.o(.text) referenced from startup_lpc407x_8x_177x_8x.o(RESET)
 <LI><a href="#[3b]">GPIO_IRQHandler</a> from startup_lpc407x_8x_177x_8x.o(.text) referenced from startup_lpc407x_8x_177x_8x.o(RESET)
 <LI><a href="#[e]">HardFault_Handler</a> from main.o(.text) referenced from startup_lpc407x_8x_177x_8x.o(RESET)
 <LI><a href="#[20]">I2C0_IRQHandler</a> from startup_lpc407x_8x_177x_8x.o(.text) referenced from startup_lpc407x_8x_177x_8x.o(RESET)
 <LI><a href="#[21]">I2C1_IRQHandler</a> from startup_lpc407x_8x_177x_8x.o(.text) referenced from startup_lpc407x_8x_177x_8x.o(RESET)
 <LI><a href="#[22]">I2C2_IRQHandler</a> from startup_lpc407x_8x_177x_8x.o(.text) referenced from startup_lpc407x_8x_177x_8x.o(RESET)
 <LI><a href="#[30]">I2S_IRQHandler</a> from startup_lpc407x_8x_177x_8x.o(.text) referenced from startup_lpc407x_8x_177x_8x.o(RESET)
 <LI><a href="#[3a]">LCD_IRQHandler</a> from startup_lpc407x_8x_177x_8x.o(.text) referenced from startup_lpc407x_8x_177x_8x.o(RESET)
 <LI><a href="#[32]">MCI_IRQHandler</a> from startup_lpc407x_8x_177x_8x.o(.text) referenced from startup_lpc407x_8x_177x_8x.o(RESET)
 <LI><a href="#[33]">MCPWM_IRQHandler</a> from startup_lpc407x_8x_177x_8x.o(.text) referenced from startup_lpc407x_8x_177x_8x.o(RESET)
 <LI><a href="#[f]">MemManage_Handler</a> from main.o(.text) referenced from startup_lpc407x_8x_177x_8x.o(RESET)
 <LI><a href="#[d]">NMI_Handler</a> from startup_lpc407x_8x_177x_8x.o(.text) referenced from startup_lpc407x_8x_177x_8x.o(RESET)
 <LI><a href="#[25]">PLL0_IRQHandler</a> from startup_lpc407x_8x_177x_8x.o(.text) referenced from startup_lpc407x_8x_177x_8x.o(RESET)
 <LI><a href="#[35]">PLL1_IRQHandler</a> from startup_lpc407x_8x_177x_8x.o(.text) referenced from startup_lpc407x_8x_177x_8x.o(RESET)
 <LI><a href="#[3c]">PWM0_IRQHandler</a> from startup_lpc407x_8x_177x_8x.o(.text) referenced from startup_lpc407x_8x_177x_8x.o(RESET)
 <LI><a href="#[1f]">PWM1_IRQHandler</a> from startup_lpc407x_8x_177x_8x.o(.text) referenced from startup_lpc407x_8x_177x_8x.o(RESET)
 <LI><a href="#[14]">PendSV_Handler</a> from hal_cm4.o(.emb_text) referenced from startup_lpc407x_8x_177x_8x.o(RESET)
 <LI><a href="#[34]">QEI_IRQHandler</a> from startup_lpc407x_8x_177x_8x.o(.text) referenced from startup_lpc407x_8x_177x_8x.o(RESET)
 <LI><a href="#[26]">RTC_IRQHandler</a> from startup_lpc407x_8x_177x_8x.o(.text) referenced from startup_lpc407x_8x_177x_8x.o(RESET)
 <LI><a href="#[c]">Reset_Handler</a> from startup_lpc407x_8x_177x_8x.o(.text) referenced from startup_lpc407x_8x_177x_8x.o(RESET)
 <LI><a href="#[23]">SSP0_IRQHandler</a> from startup_lpc407x_8x_177x_8x.o(.text) referenced from startup_lpc407x_8x_177x_8x.o(RESET)
 <LI><a href="#[24]">SSP1_IRQHandler</a> from startup_lpc407x_8x_177x_8x.o(.text) referenced from startup_lpc407x_8x_177x_8x.o(RESET)
 <LI><a href="#[39]">SSP2_IRQHandler</a> from startup_lpc407x_8x_177x_8x.o(.text) referenced from startup_lpc407x_8x_177x_8x.o(RESET)
 <LI><a href="#[12]">SVC_Handler</a> from hal_cm4.o(.emb_text) referenced from startup_lpc407x_8x_177x_8x.o(RESET)
 <LI><a href="#[15]">SysTick_Handler</a> from hal_cm4.o(.emb_text) referenced from startup_lpc407x_8x_177x_8x.o(RESET)
 <LI><a href="#[3e]">SystemInit</a> from system_lpc407x_8x_177x_8x.o(.text) referenced from startup_lpc407x_8x_177x_8x.o(.text)
 <LI><a href="#[17]">TIMER0_IRQHandler</a> from startup_lpc407x_8x_177x_8x.o(.text) referenced from startup_lpc407x_8x_177x_8x.o(RESET)
 <LI><a href="#[18]">TIMER1_IRQHandler</a> from startup_lpc407x_8x_177x_8x.o(.text) referenced from startup_lpc407x_8x_177x_8x.o(RESET)
 <LI><a href="#[19]">TIMER2_IRQHandler</a> from startup_lpc407x_8x_177x_8x.o(.text) referenced from startup_lpc407x_8x_177x_8x.o(RESET)
 <LI><a href="#[1a]">TIMER3_IRQHandler</a> from startup_lpc407x_8x_177x_8x.o(.text) referenced from startup_lpc407x_8x_177x_8x.o(RESET)
 <LI><a href="#[1b]">UART0_IRQHandler</a> from startup_lpc407x_8x_177x_8x.o(.text) referenced from startup_lpc407x_8x_177x_8x.o(RESET)
 <LI><a href="#[1c]">UART1_IRQHandler</a> from startup_lpc407x_8x_177x_8x.o(.text) referenced from startup_lpc407x_8x_177x_8x.o(RESET)
 <LI><a href="#[1d]">UART2_IRQHandler</a> from startup_lpc407x_8x_177x_8x.o(.text) referenced from startup_lpc407x_8x_177x_8x.o(RESET)
 <LI><a href="#[1e]">UART3_IRQHandler</a> from startup_lpc407x_8x_177x_8x.o(.text) referenced from startup_lpc407x_8x_177x_8x.o(RESET)
 <LI><a href="#[38]">UART4_IRQHandler</a> from startup_lpc407x_8x_177x_8x.o(.text) referenced from startup_lpc407x_8x_177x_8x.o(RESET)
 <LI><a href="#[36]">USBActivity_IRQHandler</a> from startup_lpc407x_8x_177x_8x.o(.text) referenced from startup_lpc407x_8x_177x_8x.o(RESET)
 <LI><a href="#[2d]">USB_IRQHandler</a> from startup_lpc407x_8x_177x_8x.o(.text) referenced from startup_lpc407x_8x_177x_8x.o(RESET)
 <LI><a href="#[11]">UsageFault_Handler</a> from main.o(.text) referenced from startup_lpc407x_8x_177x_8x.o(RESET)
 <LI><a href="#[16]">WDT_IRQHandler</a> from startup_lpc407x_8x_177x_8x.o(.text) referenced from startup_lpc407x_8x_177x_8x.o(RESET)
 <LI><a href="#[251]">CANIRQHandler()</a> from busprotocol.o(.text) referenced from busprotocol.o(.text)
 <LI><a href="#[4d]">CAN_COM_thread(const void*)</a> from bushandler.o(.text) referenced 2 times from processingloops.o(.text)
 <LI><a href="#[269]">start_ADC_Conversion()</a> from adc_4088.o(.text) referenced 2 times from adc_4088.o(.text)
 <LI><a href="#[5d]">__default_new_handler()</a> from arm_newhandler_noexceptions.o(.text) referenced from new.o(i._Znwj)
 <LI><a href="#[36e]">Standard_UART_Interrupt()</a> from uart_rtos_interrupt.o(.text) referenced 2 times from uart_rtos_interrupt.o(.text)
 <LI><a href="#[5c]">__default_terminate_handler()</a> from arm_exceptions_globs.o(.text) referenced from arm_exceptions_globs.o(.text)
 <LI><a href="#[2f2]">list(const char*, bool)</a> from file_ops.o(.text) referenced from file_ops.o(.text)
 <LI><a href="#[295]">time(const void*)</a> from processingloops.o(.text) referenced 2 times from processingloops.o(.text)
 <LI><a href="#[51]">mydmairq()</a> from mcifilesystem.o(.text) referenced from mcifilesystem.o(.text)
 <LI><a href="#[50]">mymciirq()</a> from mcifilesystem.o(.text) referenced from mcifilesystem.o(.text)
 <LI><a href="#[5f]">FATDirHandle::readdir()</a> from fatdirhandle.o(.text) referenced from fatdirhandle.o(.constdata__ZTV12FATDirHandle)
 <LI><a href="#[62]">FATDirHandle::seekdir(long)</a> from fatdirhandle.o(.text) referenced from fatdirhandle.o(.constdata__ZTV12FATDirHandle)
 <LI><a href="#[61]">FATDirHandle::telldir()</a> from fatdirhandle.o(.text) referenced from fatdirhandle.o(.constdata__ZTV12FATDirHandle)
 <LI><a href="#[5e]">FATDirHandle::closedir()</a> from fatdirhandle.o(.text) referenced from fatdirhandle.o(.constdata__ZTV12FATDirHandle)
 <LI><a href="#[60]">FATDirHandle::rewinddir()</a> from fatdirhandle.o(.text) referenced from fatdirhandle.o(.constdata__ZTV12FATDirHandle)
 <LI><a href="#[64]">FATDirHandle::~FATDirHandle__deallocating()</a> from fatdirhandle.o(i._ZN12FATDirHandleD0Ev) referenced from fatdirhandle.o(.constdata__ZTV12FATDirHandle)
 <LI><a href="#[63]">FATDirHandle::~FATDirHandle()</a> from fatdirhandle.o(i._ZN12FATDirHandleD1Ev) referenced from fatdirhandle.o(.constdata__ZTV12FATDirHandle)
 <LI><a href="#[6b]">FATFileHandle::flen()</a> from fatfilehandle.o(.text) referenced from fatfilehandle.o(.constdata__ZTV13FATFileHandle)
 <LI><a href="#[67]">FATFileHandle::read(void*, unsigned)</a> from fatfilehandle.o(.text) referenced from fatfilehandle.o(.constdata__ZTV13FATFileHandle)
 <LI><a href="#[66]">FATFileHandle::close()</a> from fatfilehandle.o(.text) referenced from fatfilehandle.o(.constdata__ZTV13FATFileHandle)
 <LI><a href="#[6a]">FATFileHandle::fsync()</a> from fatfilehandle.o(.text) referenced from fatfilehandle.o(.constdata__ZTV13FATFileHandle)
 <LI><a href="#[69]">FATFileHandle::lseek(long, int)</a> from fatfilehandle.o(.text) referenced from fatfilehandle.o(.constdata__ZTV13FATFileHandle)
 <LI><a href="#[65]">FATFileHandle::write(const void*, unsigned)</a> from fatfilehandle.o(.text) referenced from fatfilehandle.o(.constdata__ZTV13FATFileHandle)
 <LI><a href="#[68]">FATFileHandle::isatty()</a> from fatfilehandle.o(.text) referenced from fatfilehandle.o(.constdata__ZTV13FATFileHandle)
 <LI><a href="#[6d]">FATFileHandle::~FATFileHandle__deallocating()</a> from fatfilehandle.o(i._ZN13FATFileHandleD0Ev) referenced from fatfilehandle.o(.constdata__ZTV13FATFileHandle)
 <LI><a href="#[6c]">FATFileHandle::~FATFileHandle()</a> from fatfilehandle.o(i._ZN13FATFileHandleD1Ev) referenced from fatfilehandle.o(.constdata__ZTV13FATFileHandle)
 <LI><a href="#[77]">FATFileSystem::disk_status()</a> from fatfilesystem.o(i._ZN13FATFileSystem11disk_statusEv) referenced from fatfilesystem.o(.constdata__ZTV13FATFileSystem)
 <LI><a href="#[76]">FATFileSystem::disk_initialize()</a> from fatfilesystem.o(i._ZN13FATFileSystem15disk_initializeEv) referenced from fatfilesystem.o(.constdata__ZTV13FATFileSystem)
 <LI><a href="#[70]">FATFileSystem::open(const char*, int)</a> from fatfilesystem.o(.text) referenced from fatfilesystem.o(.constdata__ZTV13FATFileSystem)
 <LI><a href="#[70]">FATFileSystem::open(const char*, int)</a> from fatfilesystem.o(.text) referenced from mcifilesystem.o(.constdata__ZTV13MCIFileSystem)
 <LI><a href="#[74]">FATFileSystem::mkdir(const char*, int)</a> from fatfilesystem.o(.text) referenced from fatfilesystem.o(.constdata__ZTV13FATFileSystem)
 <LI><a href="#[74]">FATFileSystem::mkdir(const char*, int)</a> from fatfilesystem.o(.text) referenced from mcifilesystem.o(.constdata__ZTV13MCIFileSystem)
 <LI><a href="#[75]">FATFileSystem::format()</a> from fatfilesystem.o(.text) referenced from fatfilesystem.o(.constdata__ZTV13FATFileSystem)
 <LI><a href="#[75]">FATFileSystem::format()</a> from fatfilesystem.o(.text) referenced from mcifilesystem.o(.constdata__ZTV13MCIFileSystem)
 <LI><a href="#[71]">FATFileSystem::remove(const char*)</a> from fatfilesystem.o(.text) referenced from fatfilesystem.o(.constdata__ZTV13FATFileSystem)
 <LI><a href="#[71]">FATFileSystem::remove(const char*)</a> from fatfilesystem.o(.text) referenced from mcifilesystem.o(.constdata__ZTV13MCIFileSystem)
 <LI><a href="#[73]">FATFileSystem::opendir(const char*)</a> from fatfilesystem.o(.text) referenced from fatfilesystem.o(.constdata__ZTV13FATFileSystem)
 <LI><a href="#[73]">FATFileSystem::opendir(const char*)</a> from fatfilesystem.o(.text) referenced from mcifilesystem.o(.constdata__ZTV13MCIFileSystem)
 <LI><a href="#[79]">FATFileSystem::disk_sync()</a> from fatfilesystem.o(i._ZN13FATFileSystem9disk_syncEv) referenced from fatfilesystem.o(.constdata__ZTV13FATFileSystem)
 <LI><a href="#[6f]">FATFileSystem::~FATFileSystem__deallocating()</a> from fatfilesystem.o(.text) referenced from fatfilesystem.o(.constdata__ZTV13FATFileSystem)
 <LI><a href="#[6e]">FATFileSystem::~FATFileSystem__sub_object()</a> from fatfilesystem.o(.text) referenced from fatfilesystem.o(.constdata__ZTV13FATFileSystem)
 <LI><a href="#[7e]">MCIFileSystem::disk_write(const unsigned char*, unsigned long long)</a> from mcifilesystem.o(.text) referenced from mcifilesystem.o(.constdata__ZTV13MCIFileSystem)
 <LI><a href="#[7c]">MCIFileSystem::disk_status()</a> from mcifilesystem.o(.text) referenced from mcifilesystem.o(.constdata__ZTV13MCIFileSystem)
 <LI><a href="#[80]">MCIFileSystem::disk_sectors()</a> from mcifilesystem.o(.text) referenced from mcifilesystem.o(.constdata__ZTV13MCIFileSystem)
 <LI><a href="#[7b]">MCIFileSystem::disk_initialize()</a> from mcifilesystem.o(.text) referenced from mcifilesystem.o(.constdata__ZTV13MCIFileSystem)
 <LI><a href="#[7d]">MCIFileSystem::disk_read(unsigned char*, unsigned long long)</a> from mcifilesystem.o(.text) referenced from mcifilesystem.o(.constdata__ZTV13MCIFileSystem)
 <LI><a href="#[7f]">MCIFileSystem::disk_sync()</a> from mcifilesystem.o(.text) referenced from mcifilesystem.o(.constdata__ZTV13MCIFileSystem)
 <LI><a href="#[7a]">MCIFileSystem::~MCIFileSystem__deallocating()</a> from mcifilesystem.o(.text) referenced from mcifilesystem.o(.constdata__ZTV13MCIFileSystem)
 <LI><a href="#[46]">MCIFileSystem::~MCIFileSystem()</a> from mcifilesystem.o(.text) referenced from mcifilesystem.o(.constdata__ZTV13MCIFileSystem)
 <LI><a href="#[46]">MCIFileSystem::~MCIFileSystem()</a> from mcifilesystem.o(.text) referenced from main.o(.text)
 <LI><a href="#[4b]">mbed::CANMessage::CANMessage()</a> from busprotocol.o(i._ZN4mbed10CANMessageC1Ev) referenced from busprotocol.o(.text)
 <LI><a href="#[81]">mbed::FileHandle::flen()</a> from retarget.o(i._ZN4mbed10FileHandle4flenEv) referenced from retarget.o(.constdata__ZTVN4mbed10FileHandleE)
 <LI><a href="#[81]">mbed::FileHandle::flen()</a> from retarget.o(i._ZN4mbed10FileHandle4flenEv) referenced from filelike.o(.constdata__ZTVN4mbed8FileLikeE)
 <LI><a href="#[83]">mbed::FileHandle::~FileHandle__deallocating()</a> from retarget.o(.text) referenced from retarget.o(.constdata__ZTVN4mbed10FileHandleE)
 <LI><a href="#[82]">mbed::FileHandle::~FileHandle__sub_object()</a> from retarget.o(.text) referenced from retarget.o(.constdata__ZTVN4mbed10FileHandleE)
 <LI><a href="#[22d]">mbed::SerialBase::_irq_handler(unsigned, SerialIrq)</a> from serialbase.o(.text) referenced from serialbase.o(.text)
 <LI><a href="#[21f]">mbed::TimerEvent::irq(unsigned)</a> from timerevent.o(.text) referenced from timerevent.o(.text)
 <LI><a href="#[85]">mbed::TimerEvent::~TimerEvent__deallocating()</a> from timerevent.o(.text) referenced from timerevent.o(.constdata__ZTVN4mbed10TimerEventE)
 <LI><a href="#[84]">mbed::TimerEvent::~TimerEvent__sub_object()</a> from timerevent.o(.text) referenced from timerevent.o(.constdata__ZTVN4mbed10TimerEventE)
 <LI><a href="#[87]">mbed::BaseDirHandle::readdir()</a> from filesystemlike.o(i._ZN4mbed13BaseDirHandle7readdirEv) referenced from filesystemlike.o(.constdata__ZTVN4mbed13BaseDirHandleE)
 <LI><a href="#[8a]">mbed::BaseDirHandle::seekdir(long)</a> from filesystemlike.o(i._ZN4mbed13BaseDirHandle7seekdirEl) referenced from filesystemlike.o(.constdata__ZTVN4mbed13BaseDirHandleE)
 <LI><a href="#[89]">mbed::BaseDirHandle::telldir()</a> from filesystemlike.o(i._ZN4mbed13BaseDirHandle7telldirEv) referenced from filesystemlike.o(.constdata__ZTVN4mbed13BaseDirHandleE)
 <LI><a href="#[86]">mbed::BaseDirHandle::closedir()</a> from filesystemlike.o(i._ZN4mbed13BaseDirHandle8closedirEv) referenced from filesystemlike.o(.constdata__ZTVN4mbed13BaseDirHandleE)
 <LI><a href="#[88]">mbed::BaseDirHandle::rewinddir()</a> from filesystemlike.o(i._ZN4mbed13BaseDirHandle9rewinddirEv) referenced from filesystemlike.o(.constdata__ZTVN4mbed13BaseDirHandleE)
 <LI><a href="#[8c]">mbed::BaseDirHandle::~BaseDirHandle__deallocating()</a> from filesystemlike.o(i._ZN4mbed13BaseDirHandleD0Ev) referenced from filesystemlike.o(.constdata__ZTVN4mbed13BaseDirHandleE)
 <LI><a href="#[8b]">mbed::BaseDirHandle::~BaseDirHandle()</a> from filesystemlike.o(i._ZN4mbed13BaseDirHandleD1Ev) referenced from filesystemlike.o(.constdata__ZTVN4mbed13BaseDirHandleE)
 <LI><a href="#[91]">mbed::FileSystemLike::mkdir(const char*, int)</a> from filesystemlike.o(i._ZN4mbed14FileSystemLike5mkdirEPKci) referenced from filesystemlike.o(.constdata__ZTVN4mbed14FileSystemLikeE)
 <LI><a href="#[8f]">mbed::FileSystemLike::remove(const char*)</a> from filesystemlike.o(i._ZN4mbed14FileSystemLike6removeEPKc) referenced from filesystemlike.o(.constdata__ZTVN4mbed14FileSystemLikeE)
 <LI><a href="#[72]">mbed::FileSystemLike::rename(const char*, const char*)</a> from filesystemlike.o(i._ZN4mbed14FileSystemLike6renameEPKcS2_) referenced from fatfilesystem.o(.constdata__ZTV13FATFileSystem)
 <LI><a href="#[72]">mbed::FileSystemLike::rename(const char*, const char*)</a> from filesystemlike.o(i._ZN4mbed14FileSystemLike6renameEPKcS2_) referenced from mcifilesystem.o(.constdata__ZTV13MCIFileSystem)
 <LI><a href="#[72]">mbed::FileSystemLike::rename(const char*, const char*)</a> from filesystemlike.o(i._ZN4mbed14FileSystemLike6renameEPKcS2_) referenced from filesystemlike.o(.constdata__ZTVN4mbed14FileSystemLikeE)
 <LI><a href="#[90]">mbed::FileSystemLike::opendir(const char*)</a> from filesystemlike.o(i._ZN4mbed14FileSystemLike7opendirEPKc) referenced from filesystemlike.o(.constdata__ZTVN4mbed14FileSystemLikeE)
 <LI><a href="#[8e]">mbed::FileSystemLike::~FileSystemLike__deallocating()</a> from filesystemlike.o(.text) referenced from filesystemlike.o(.constdata__ZTVN4mbed14FileSystemLikeE)
 <LI><a href="#[8d]">mbed::FileSystemLike::~FileSystemLike__sub_object()</a> from filesystemlike.o(.text) referenced from filesystemlike.o(.constdata__ZTVN4mbed14FileSystemLikeE)
 <LI><a href="#[20b]">mbed::CAN::_irq_handler(unsigned, CanIrqType)</a> from can.o(.text) referenced from can.o(.text)
 <LI><a href="#[92]">mbed::CAN::~CAN__deallocating()</a> from can.o(.text) referenced from can.o(.constdata__ZTVN4mbed3CANE)
 <LI><a href="#[4a]">mbed::CAN::~CAN()</a> from can.o(.text) referenced from can.o(.constdata__ZTVN4mbed3CANE)
 <LI><a href="#[4a]">mbed::CAN::~CAN()</a> from can.o(.text) referenced from busprotocol.o(.text)
 <LI><a href="#[93]">mbed::Serial::_getc()</a> from serial.o(.text) referenced from serial.o(.constdata__ZTVN4mbed6SerialE)
 <LI><a href="#[94]">mbed::Serial::_putc(int)</a> from serial.o(.text) referenced from serial.o(.constdata__ZTVN4mbed6SerialE)
 <LI><a href="#[47]">mbed::Serial::~Serial()</a> from main.o(i._ZN4mbed6SerialD1Ev) referenced from serial.o(.constdata__ZTVN4mbed6SerialE)
 <LI><a href="#[47]">mbed::Serial::~Serial()</a> from main.o(i._ZN4mbed6SerialD1Ev) referenced 2 times from main.o(.text)
 <LI><a href="#[9b]">mbed::Stream::flen()</a> from stream.o(.text) referenced from serial.o(.constdata__ZTVN4mbed6SerialE)
 <LI><a href="#[9b]">mbed::Stream::flen()</a> from stream.o(.text) referenced from stream.o(.constdata__ZTVN4mbed6StreamE)
 <LI><a href="#[97]">mbed::Stream::read(void*, unsigned)</a> from stream.o(.text) referenced from serial.o(.constdata__ZTVN4mbed6SerialE)
 <LI><a href="#[97]">mbed::Stream::read(void*, unsigned)</a> from stream.o(.text) referenced from stream.o(.constdata__ZTVN4mbed6StreamE)
 <LI><a href="#[96]">mbed::Stream::close()</a> from stream.o(.text) referenced from serial.o(.constdata__ZTVN4mbed6SerialE)
 <LI><a href="#[96]">mbed::Stream::close()</a> from stream.o(.text) referenced from stream.o(.constdata__ZTVN4mbed6StreamE)
 <LI><a href="#[9a]">mbed::Stream::fsync()</a> from stream.o(.text) referenced from serial.o(.constdata__ZTVN4mbed6SerialE)
 <LI><a href="#[9a]">mbed::Stream::fsync()</a> from stream.o(.text) referenced from stream.o(.constdata__ZTVN4mbed6StreamE)
 <LI><a href="#[99]">mbed::Stream::lseek(long, int)</a> from stream.o(.text) referenced from serial.o(.constdata__ZTVN4mbed6SerialE)
 <LI><a href="#[99]">mbed::Stream::lseek(long, int)</a> from stream.o(.text) referenced from stream.o(.constdata__ZTVN4mbed6StreamE)
 <LI><a href="#[95]">mbed::Stream::write(const void*, unsigned)</a> from stream.o(.text) referenced from serial.o(.constdata__ZTVN4mbed6SerialE)
 <LI><a href="#[95]">mbed::Stream::write(const void*, unsigned)</a> from stream.o(.text) referenced from stream.o(.constdata__ZTVN4mbed6StreamE)
 <LI><a href="#[98]">mbed::Stream::isatty()</a> from stream.o(.text) referenced from serial.o(.constdata__ZTVN4mbed6SerialE)
 <LI><a href="#[98]">mbed::Stream::isatty()</a> from stream.o(.text) referenced from stream.o(.constdata__ZTVN4mbed6StreamE)
 <LI><a href="#[9f]">mbed::Stream::~Stream__deallocating()</a> from stream.o(.text) referenced from stream.o(.constdata__ZTVN4mbed6StreamE)
 <LI><a href="#[9e]">mbed::Stream::~Stream__sub_object()</a> from stream.o(.text) referenced from stream.o(.constdata__ZTVN4mbed6StreamE)
 <LI><a href="#[a2]">mbed::Ticker::handler()</a> from ticker.o(.text) referenced from ticker.o(.constdata__ZTVN4mbed6TickerE)
 <LI><a href="#[4c]">mbed::Ticker::~Ticker()</a> from ticker.o(i._ZN4mbed6TickerD1Ev) referenced from ticker.o(.constdata__ZTVN4mbed6TickerE)
 <LI><a href="#[4c]">mbed::Ticker::~Ticker()</a> from ticker.o(i._ZN4mbed6TickerD1Ev) referenced from adc_4088.o(.text)
 <LI><a href="#[a4]">mbed::FileBase::~FileBase__deallocating()</a> from filebase.o(.text) referenced from filebase.o(.constdata__ZTVN4mbed8FileBaseE)
 <LI><a href="#[a3]">mbed::FileBase::~FileBase()</a> from filebase.o(.text) referenced from filebase.o(.constdata__ZTVN4mbed8FileBaseE)
 <LI><a href="#[a6]">mbed::FileLike::~FileLike__deallocating()</a> from filelike.o(.text) referenced from filelike.o(.constdata__ZTVN4mbed8FileLikeE)
 <LI><a href="#[a5]">mbed::FileLike::~FileLike__sub_object()</a> from filelike.o(.text) referenced from filelike.o(.constdata__ZTVN4mbed8FileLikeE)
 <LI><a href="#[aa]">mbed::DirHandle::seekdir(long)</a> from filesystemlike.o(i._ZN4mbed9DirHandle7seekdirEl) referenced from filesystemlike.o(.constdata__ZTVN4mbed9DirHandleE)
 <LI><a href="#[a9]">mbed::DirHandle::telldir()</a> from filesystemlike.o(i._ZN4mbed9DirHandle7telldirEv) referenced from filesystemlike.o(.constdata__ZTVN4mbed9DirHandleE)
 <LI><a href="#[ac]">rtos::Thread::~Thread__deallocating()</a> from thread.o(.text) referenced from thread.o(.constdata__ZTVN4rtos6ThreadE)
 <LI><a href="#[ab]">rtos::Thread::~Thread()</a> from thread.o(.text) referenced from thread.o(.constdata__ZTVN4rtos6ThreadE)
 <LI><a href="#[a1]">thunk{-4} to mbed::Stream::~Stream__deallocating()</a> from stream.o(.text) referenced from stream.o(.constdata__ZTVN4mbed6StreamE)
 <LI><a href="#[a0]">thunk{-4} to mbed::Stream::~Stream()</a> from stream.o(.text) referenced from stream.o(.constdata__ZTVN4mbed6StreamE)
 <LI><a href="#[a8]">thunk{-4} to mbed::FileLike::~FileLike__deallocating()</a> from filelike.o(.text) referenced from filelike.o(.constdata__ZTVN4mbed8FileLikeE)
 <LI><a href="#[a7]">thunk{-4} to mbed::FileLike::~FileLike()</a> from filelike.o(.text) referenced from filelike.o(.constdata__ZTVN4mbed8FileLikeE)
 <LI><a href="#[9d]">thunk{-72} to mbed::Serial::_getc()</a> from serial.o(.text) referenced from serial.o(.constdata__ZTVN4mbed6SerialE)
 <LI><a href="#[9c]">thunk{-72} to mbed::Serial::_putc(int)</a> from serial.o(.text) referenced from serial.o(.constdata__ZTVN4mbed6SerialE)
 <LI><a href="#[5b]">___backspace$unlocked</a> from backspace.o(.text) referenced from scanf_char_file_locked.o(.text)
 <LI><a href="#[78]">__cxa_pure_virtual</a> from pure_virt.o(i.__cxa_pure_virtual) referenced 3 times from fatfilesystem.o(.constdata__ZTV13FATFileSystem)
 <LI><a href="#[78]">__cxa_pure_virtual</a> from pure_virt.o(i.__cxa_pure_virtual) referenced 6 times from retarget.o(.constdata__ZTVN4mbed10FileHandleE)
 <LI><a href="#[78]">__cxa_pure_virtual</a> from pure_virt.o(i.__cxa_pure_virtual) referenced from timerevent.o(.constdata__ZTVN4mbed10TimerEventE)
 <LI><a href="#[78]">__cxa_pure_virtual</a> from pure_virt.o(i.__cxa_pure_virtual) referenced from filesystemlike.o(.constdata__ZTVN4mbed14FileSystemLikeE)
 <LI><a href="#[78]">__cxa_pure_virtual</a> from pure_virt.o(i.__cxa_pure_virtual) referenced 2 times from stream.o(.constdata__ZTVN4mbed6StreamE)
 <LI><a href="#[78]">__cxa_pure_virtual</a> from pure_virt.o(i.__cxa_pure_virtual) referenced 6 times from filelike.o(.constdata__ZTVN4mbed8FileLikeE)
 <LI><a href="#[78]">__cxa_pure_virtual</a> from pure_virt.o(i.__cxa_pure_virtual) referenced 3 times from filesystemlike.o(.constdata__ZTVN4mbed9DirHandleE)
 <LI><a href="#[b4]">__main</a> from __main.o(!!!main) referenced from startup_lpc407x_8x_177x_8x.o(.text)
 <LI><a href="#[b0]">__sti___12_ADC_4088_cpp_ticker</a> from adc_4088.o(.text) referenced from adc_4088.o(.init_array)
 <LI><a href="#[b2]">__sti___12_file_ops_cpp_myled1</a> from file_ops.o(.text) referenced from file_ops.o(.init_array)
 <LI><a href="#[af]">__sti___14_BusHandler_cpp_inQueue</a> from bushandler.o(.text) referenced from bushandler.o(.init_array)
 <LI><a href="#[ae]">__sti___15_BusProtocol_cpp_can1</a> from busprotocol.o(.text) referenced from busprotocol.o(.init_array)
 <LI><a href="#[b1]">__sti___19_ProcessingLoops_cpp_outQueue</a> from processingloops.o(.text) referenced from processingloops.o(.init_array)
 <LI><a href="#[b3]">__sti___23_UART_RTOS_Interrupt_cpp_5a0c9b47</a> from uart_rtos_interrupt.o(.text) referenced from uart_rtos_interrupt.o(.init_array)
 <LI><a href="#[ad]">__sti___8_main_cpp_mcifs</a> from main.o(.text) referenced from main.o(.init_array)
 <LI><a href="#[5a]">_fgetc$unlocked</a> from fgetc.o(i.fgetc) referenced from scanf_char_file_locked.o(.text)
 <LI><a href="#[59]">_fputc$unlocked</a> from fputc.o(i.fputc) referenced from _printf_char_file_locked.o(.text)
 <LI><a href="#[58]">_get_lc_ctype</a> from lc_ctype_c.o(locale$$code) referenced from rt_ctype_table.o(.text)
 <LI><a href="#[55]">_printf_input_char</a> from _printf_char_common.o(.text) referenced from _printf_char_common.o(.text)
 <LI><a href="#[54]">_sbackspace</a> from _sgetc.o(.text) referenced from __0sscanf.o(.text)
 <LI><a href="#[56]">_scanf_char_input</a> from scanf_char.o(.text) referenced from scanf_char.o(.text)
 <LI><a href="#[53]">_sgetc</a> from _sgetc.o(.text) referenced from __0sscanf.o(.text)
 <LI><a href="#[52]">_sputc</a> from _sputc.o(.text) referenced 2 times from __2sprintf.o(.text)
 <LI><a href="#[117]">can_irq_n</a> from can_api.o(.text) referenced from can_api.o(.text)
 <LI><a href="#[4e]">isr_nextMeasurement</a> from impact_event.o(.text) referenced from processingloops.o(.text)
 <LI><a href="#[57]">isspace</a> from isspace.o(.text) referenced from scanf_char.o(.text)
 <LI><a href="#[b]">main</a> from retarget.o(.text) referenced 2 times from rtx_conf_cm.o(.data)
 <LI><a href="#[181]">osThreadExit</a> from rt_cmsis.o(.text) referenced from rt_cmsis.o(.text)
 <LI><a href="#[a]">osTimerThread</a> from rt_cmsis.o(.text) referenced 2 times from rtx_conf_cm.o(.data)
 <LI><a href="#[43]">os_idle_demon</a> from rtx_conf_cm.o(.text) referenced from rt_task.o(.text)
 <LI><a href="#[40]">rt_alloc_box</a> from rt_membox.o(.text) referenced from hal_cm4.o(.emb_text)
 <LI><a href="#[41]">rt_free_box</a> from rt_membox.o(.text) referenced from hal_cm4.o(.emb_text)
 <LI><a href="#[45]">rt_mut_release</a> from rt_mutex.o(.text) referenced from rtx_conf_cm.o(.text)
 <LI><a href="#[44]">rt_mut_wait</a> from rt_mutex.o(.text) referenced from rtx_conf_cm.o(.text)
 <LI><a href="#[4f]">rt_tsk_delete</a> from rt_task.o(.text) referenced from cmd.o(.text)
 <LI><a href="#[191]">svcDelay</a> from rt_cmsis.o(.text) referenced from rt_cmsis.o(.text)
 <LI><a href="#[17a]">svcKernelInitialize</a> from rt_cmsis.o(.text) referenced from rt_cmsis.o(.text)
 <LI><a href="#[188]">svcKernelRunning</a> from rt_cmsis.o(.text) referenced from rt_cmsis.o(.text)
 <LI><a href="#[184]">svcKernelStart</a> from rt_cmsis.o(.text) referenced from rt_cmsis.o(.text)
 <LI><a href="#[1d5]">svcMailCreate</a> from rt_cmsis.o(.text) referenced from rt_cmsis.o(.text)
 <LI><a href="#[182]">svcMessageCreate</a> from rt_cmsis.o(.text) referenced from rt_cmsis.o(.text)
 <LI><a href="#[1a3]">svcMessageGet</a> from rt_cmsis.o(.text) referenced from rt_cmsis.o(.text)
 <LI><a href="#[1d2]">svcMessagePut</a> from rt_cmsis.o(.text) referenced from rt_cmsis.o(.text)
 <LI><a href="#[1b2]">svcMutexCreate</a> from rt_cmsis.o(.text) referenced from rt_cmsis.o(.text)
 <LI><a href="#[1b6]">svcMutexDelete</a> from rt_cmsis.o(.text) referenced from rt_cmsis.o(.text)
 <LI><a href="#[1b5]">svcMutexRelease</a> from rt_cmsis.o(.text) referenced from rt_cmsis.o(.text)
 <LI><a href="#[1b4]">svcMutexWait</a> from rt_cmsis.o(.text) referenced from rt_cmsis.o(.text)
 <LI><a href="#[1c9]">svcPoolCreate</a> from rt_cmsis.o(.text) referenced from rt_cmsis.o(.text)
 <LI><a href="#[1bc]">svcSemaphoreCreate</a> from rt_cmsis.o(.text) referenced from rt_cmsis.o(.text)
 <LI><a href="#[1c2]">svcSemaphoreDelete</a> from rt_cmsis.o(.text) referenced from rt_cmsis.o(.text)
 <LI><a href="#[1c0]">svcSemaphoreRelease</a> from rt_cmsis.o(.text) referenced from rt_cmsis.o(.text)
 <LI><a href="#[1be]">svcSemaphoreWait</a> from rt_cmsis.o(.text) referenced from rt_cmsis.o(.text)
 <LI><a href="#[1a8]">svcSignalClear</a> from rt_cmsis.o(.text) referenced from rt_cmsis.o(.text)
 <LI><a href="#[1aa]">svcSignalGet</a> from rt_cmsis.o(.text) referenced from rt_cmsis.o(.text)
 <LI><a href="#[1a6]">svcSignalSet</a> from rt_cmsis.o(.text) referenced from rt_cmsis.o(.text)
 <LI><a href="#[1ab]">svcSignalWait</a> from rt_cmsis.o(.text) referenced from rt_cmsis.o(.text)
 <LI><a href="#[17f]">svcThreadCreate</a> from rt_cmsis.o(.text) referenced from rt_cmsis.o(.text)
 <LI><a href="#[17b]">svcThreadGetId</a> from rt_cmsis.o(.text) referenced 2 times from rt_cmsis.o(.text)
 <LI><a href="#[18b]">svcThreadGetPriority</a> from rt_cmsis.o(.text) referenced from rt_cmsis.o(.text)
 <LI><a href="#[18a]">svcThreadSetPriority</a> from rt_cmsis.o(.text) referenced from rt_cmsis.o(.text)
 <LI><a href="#[17d]">svcThreadTerminate</a> from rt_cmsis.o(.text) referenced 2 times from rt_cmsis.o(.text)
 <LI><a href="#[189]">svcThreadYield</a> from rt_cmsis.o(.text) referenced from rt_cmsis.o(.text)
 <LI><a href="#[19c]">svcTimerCall</a> from rt_cmsis.o(.text) referenced from rt_cmsis.o(.text)
 <LI><a href="#[195]">svcTimerCreate</a> from rt_cmsis.o(.text) referenced from rt_cmsis.o(.text)
 <LI><a href="#[19b]">svcTimerDelete</a> from rt_cmsis.o(.text) referenced from rt_cmsis.o(.text)
 <LI><a href="#[196]">svcTimerStart</a> from rt_cmsis.o(.text) referenced from rt_cmsis.o(.text)
 <LI><a href="#[19a]">svcTimerStop</a> from rt_cmsis.o(.text) referenced from rt_cmsis.o(.text)
 <LI><a href="#[1d6]">sysMailAlloc</a> from rt_cmsis.o(.text) referenced 2 times from rt_cmsis.o(.text)
 <LI><a href="#[1d7]">sysMailFree</a> from rt_cmsis.o(.text) referenced from rt_cmsis.o(.text)
 <LI><a href="#[1cb]">sysPoolAlloc</a> from rt_cmsis.o(.text) referenced 2 times from rt_cmsis.o(.text)
 <LI><a href="#[1cd]">sysPoolFree</a> from rt_cmsis.o(.text) referenced from rt_cmsis.o(.text)
 <LI><a href="#[12b]">uart0_irq</a> from serial_api.o(.text) referenced from serial_api.o(.text)
 <LI><a href="#[12d]">uart1_irq</a> from serial_api.o(.text) referenced from serial_api.o(.text)
 <LI><a href="#[12e]">uart2_irq</a> from serial_api.o(.text) referenced from serial_api.o(.text)
 <LI><a href="#[12f]">uart3_irq</a> from serial_api.o(.text) referenced from serial_api.o(.text)
 <LI><a href="#[130]">uart4_irq</a> from serial_api.o(.text) referenced from serial_api.o(.text)
 <LI><a href="#[42]">us_ticker_irq_handler</a> from us_ticker_api.o(.text) referenced from us_ticker.o(.text)
</UL>
<P>
<H3>
Global Symbols
</H3>
<P><STRONG><a name="[b4]"></a>__main</STRONG> (Thumb, 8 bytes, Stack size 0 bytes, __main.o(!!!main))
<BR><BR>[Stack]<UL><LI>Max Depth = 424 + Unknown Stack Size
<LI>Call Chain = __main &rArr; __rt_entry &rArr; osThreadCreate &rArr; svcThreadCreate &rArr; sysThreadError &rArr; mbed_die &rArr; gpio_init_out &rArr; gpio_init_out_ex &rArr; _gpio_init_out &rArr; gpio_mode &rArr; pin_mode &rArr; mbed_assert_internal &rArr;  mbed_die (Cycle)
</UL>
<BR>[Calls]<UL><LI><a href="#[bd]">&gt;&gt;</a>&nbsp;&nbsp;&nbsp;__rt_entry
<LI><a href="#[bc]">&gt;&gt;</a>&nbsp;&nbsp;&nbsp;__scatterload
</UL>

<P><STRONG><a name="[bc]"></a>__scatterload</STRONG> (Thumb, 0 bytes, Stack size unknown bytes, __scatter.o(!!!scatter))
<BR><BR>[Called By]<UL><LI><a href="#[b4]">&gt;&gt;</a>&nbsp;&nbsp;&nbsp;__main
</UL>

<P><STRONG><a name="[be]"></a>__scatterload_rt2</STRONG> (Thumb, 44 bytes, Stack size unknown bytes, __scatter.o(!!!scatter), UNUSED)
<BR><BR>[Calls]<UL><LI><a href="#[bd]">&gt;&gt;</a>&nbsp;&nbsp;&nbsp;__rt_entry
</UL>

<P><STRONG><a name="[408]"></a>__scatterload_rt2_thumb_only</STRONG> (Thumb, 0 bytes, Stack size unknown bytes, __scatter.o(!!!scatter), UNUSED)

<P><STRONG><a name="[409]"></a>__scatterload_null</STRONG> (Thumb, 0 bytes, Stack size unknown bytes, __scatter.o(!!!scatter), UNUSED)

<P><STRONG><a name="[40a]"></a>__decompress</STRONG> (Thumb, 90 bytes, Stack size unknown bytes, __dczerorl2.o(!!dczerorl2), UNUSED)

<P><STRONG><a name="[40b]"></a>__decompress1</STRONG> (Thumb, 0 bytes, Stack size unknown bytes, __dczerorl2.o(!!dczerorl2), UNUSED)

<P><STRONG><a name="[40c]"></a>__scatterload_zeroinit</STRONG> (Thumb, 28 bytes, Stack size unknown bytes, __scatter_zi.o(!!handler_zi), UNUSED)

<P><STRONG><a name="[bf]"></a>_printf_n</STRONG> (Thumb, 0 bytes, Stack size unknown bytes, _printf_n.o(.ARM.Collect$$_printf_percent$$00000001))
<BR><BR>[Calls]<UL><LI><a href="#[c0]">&gt;&gt;</a>&nbsp;&nbsp;&nbsp;_printf_charcount
</UL>

<P><STRONG><a name="[381]"></a>_printf_percent</STRONG> (Thumb, 0 bytes, Stack size unknown bytes, _printf_percent.o(.ARM.Collect$$_printf_percent$$00000000))
<BR><BR>[Called By]<UL><LI><a href="#[37f]">&gt;&gt;</a>&nbsp;&nbsp;&nbsp;__printf
</UL>

<P><STRONG><a name="[c1]"></a>_printf_p</STRONG> (Thumb, 0 bytes, Stack size unknown bytes, _printf_p.o(.ARM.Collect$$_printf_percent$$00000002))
<BR><BR>[Stack]<UL><LI>Max Depth = 64 + Unknown Stack Size
<LI>Call Chain = _printf_p &rArr; _printf_hex_ptr &rArr; _printf_longlong_hex &rArr; _printf_int_common &rArr; _printf_post_padding
</UL>
<BR>[Calls]<UL><LI><a href="#[c2]">&gt;&gt;</a>&nbsp;&nbsp;&nbsp;_printf_hex_ptr
</UL>

<P><STRONG><a name="[c3]"></a>_printf_f</STRONG> (Thumb, 0 bytes, Stack size unknown bytes, _printf_f.o(.ARM.Collect$$_printf_percent$$00000003))
<BR><BR>[Stack]<UL><LI>Max Depth = 320 + Unknown Stack Size
<LI>Call Chain = _printf_f &rArr; _printf_fp_dec &rArr; _printf_fp_dec_real &rArr; _fp_digits &rArr; _btod_etento &rArr; _btod_emul &rArr; _e2e
</UL>
<BR>[Calls]<UL><LI><a href="#[c4]">&gt;&gt;</a>&nbsp;&nbsp;&nbsp;_printf_fp_dec
</UL>

<P><STRONG><a name="[c5]"></a>_printf_e</STRONG> (Thumb, 0 bytes, Stack size unknown bytes, _printf_e.o(.ARM.Collect$$_printf_percent$$00000004))
<BR><BR>[Stack]<UL><LI>Max Depth = 320 + Unknown Stack Size
<LI>Call Chain = _printf_e &rArr; _printf_fp_dec &rArr; _printf_fp_dec_real &rArr; _fp_digits &rArr; _btod_etento &rArr; _btod_emul &rArr; _e2e
</UL>
<BR>[Calls]<UL><LI><a href="#[c4]">&gt;&gt;</a>&nbsp;&nbsp;&nbsp;_printf_fp_dec
</UL>

<P><STRONG><a name="[c6]"></a>_printf_g</STRONG> (Thumb, 0 bytes, Stack size unknown bytes, _printf_g.o(.ARM.Collect$$_printf_percent$$00000005))
<BR><BR>[Stack]<UL><LI>Max Depth = 320 + Unknown Stack Size
<LI>Call Chain = _printf_g &rArr; _printf_fp_dec &rArr; _printf_fp_dec_real &rArr; _fp_digits &rArr; _btod_etento &rArr; _btod_emul &rArr; _e2e
</UL>
<BR>[Calls]<UL><LI><a href="#[c4]">&gt;&gt;</a>&nbsp;&nbsp;&nbsp;_printf_fp_dec
</UL>

<P><STRONG><a name="[c7]"></a>_printf_a</STRONG> (Thumb, 0 bytes, Stack size unknown bytes, _printf_a.o(.ARM.Collect$$_printf_percent$$00000006))
<BR><BR>[Stack]<UL><LI>Max Depth = 112 + Unknown Stack Size
<LI>Call Chain = _printf_a &rArr; _printf_fp_hex &rArr; _printf_fp_hex_real &rArr; _printf_fp_infnan &rArr; _printf_post_padding
</UL>
<BR>[Calls]<UL><LI><a href="#[c8]">&gt;&gt;</a>&nbsp;&nbsp;&nbsp;_printf_fp_hex
</UL>

<P><STRONG><a name="[40d]"></a>_printf_ll</STRONG> (Thumb, 0 bytes, Stack size unknown bytes, _printf_ll.o(.ARM.Collect$$_printf_percent$$00000007))

<P><STRONG><a name="[c9]"></a>_printf_i</STRONG> (Thumb, 0 bytes, Stack size unknown bytes, _printf_i.o(.ARM.Collect$$_printf_percent$$00000008))
<BR><BR>[Stack]<UL><LI>Max Depth = 72 + Unknown Stack Size
<LI>Call Chain = _printf_i &rArr; _printf_int_dec &rArr; _printf_int_common &rArr; _printf_post_padding
</UL>
<BR>[Calls]<UL><LI><a href="#[ca]">&gt;&gt;</a>&nbsp;&nbsp;&nbsp;_printf_int_dec
</UL>

<P><STRONG><a name="[cb]"></a>_printf_d</STRONG> (Thumb, 0 bytes, Stack size unknown bytes, _printf_d.o(.ARM.Collect$$_printf_percent$$00000009))
<BR><BR>[Stack]<UL><LI>Max Depth = 72 + Unknown Stack Size
<LI>Call Chain = _printf_d &rArr; _printf_int_dec &rArr; _printf_int_common &rArr; _printf_post_padding
</UL>
<BR>[Calls]<UL><LI><a href="#[ca]">&gt;&gt;</a>&nbsp;&nbsp;&nbsp;_printf_int_dec
</UL>

<P><STRONG><a name="[cc]"></a>_printf_u</STRONG> (Thumb, 0 bytes, Stack size unknown bytes, _printf_u.o(.ARM.Collect$$_printf_percent$$0000000A))
<BR><BR>[Stack]<UL><LI>Max Depth = 72 + Unknown Stack Size
<LI>Call Chain = _printf_u &rArr; _printf_int_dec &rArr; _printf_int_common &rArr; _printf_post_padding
</UL>
<BR>[Calls]<UL><LI><a href="#[ca]">&gt;&gt;</a>&nbsp;&nbsp;&nbsp;_printf_int_dec
</UL>

<P><STRONG><a name="[cd]"></a>_printf_o</STRONG> (Thumb, 0 bytes, Stack size unknown bytes, _printf_o.o(.ARM.Collect$$_printf_percent$$0000000B))
<BR><BR>[Stack]<UL><LI>Max Depth = 64 + Unknown Stack Size
<LI>Call Chain = _printf_o &rArr; _printf_int_oct &rArr; _printf_longlong_oct &rArr; _printf_int_common &rArr; _printf_post_padding
</UL>
<BR>[Calls]<UL><LI><a href="#[ce]">&gt;&gt;</a>&nbsp;&nbsp;&nbsp;_printf_int_oct
</UL>

<P><STRONG><a name="[cf]"></a>_printf_x</STRONG> (Thumb, 0 bytes, Stack size unknown bytes, _printf_x.o(.ARM.Collect$$_printf_percent$$0000000C))
<BR><BR>[Stack]<UL><LI>Max Depth = 80 + Unknown Stack Size
<LI>Call Chain = _printf_x &rArr; _printf_int_hex &rArr; _printf_longlong_hex &rArr; _printf_int_common &rArr; _printf_post_padding
</UL>
<BR>[Calls]<UL><LI><a href="#[d0]">&gt;&gt;</a>&nbsp;&nbsp;&nbsp;_printf_int_hex
</UL>

<P><STRONG><a name="[d1]"></a>_printf_lli</STRONG> (Thumb, 0 bytes, Stack size unknown bytes, _printf_lli.o(.ARM.Collect$$_printf_percent$$0000000D))
<BR><BR>[Stack]<UL><LI>Max Depth = 72 + Unknown Stack Size
<LI>Call Chain = _printf_lli &rArr; _printf_longlong_dec &rArr; _printf_int_common &rArr; _printf_post_padding
</UL>
<BR>[Calls]<UL><LI><a href="#[d2]">&gt;&gt;</a>&nbsp;&nbsp;&nbsp;_printf_longlong_dec
</UL>

<P><STRONG><a name="[d3]"></a>_printf_lld</STRONG> (Thumb, 0 bytes, Stack size unknown bytes, _printf_lld.o(.ARM.Collect$$_printf_percent$$0000000E))
<BR><BR>[Stack]<UL><LI>Max Depth = 72 + Unknown Stack Size
<LI>Call Chain = _printf_lld &rArr; _printf_longlong_dec &rArr; _printf_int_common &rArr; _printf_post_padding
</UL>
<BR>[Calls]<UL><LI><a href="#[d2]">&gt;&gt;</a>&nbsp;&nbsp;&nbsp;_printf_longlong_dec
</UL>

<P><STRONG><a name="[d4]"></a>_printf_llu</STRONG> (Thumb, 0 bytes, Stack size unknown bytes, _printf_llu.o(.ARM.Collect$$_printf_percent$$0000000F))
<BR><BR>[Stack]<UL><LI>Max Depth = 72 + Unknown Stack Size
<LI>Call Chain = _printf_llu &rArr; _printf_longlong_dec &rArr; _printf_int_common &rArr; _printf_post_padding
</UL>
<BR>[Calls]<UL><LI><a href="#[d2]">&gt;&gt;</a>&nbsp;&nbsp;&nbsp;_printf_longlong_dec
</UL>

<P><STRONG><a name="[d5]"></a>_printf_llo</STRONG> (Thumb, 0 bytes, Stack size unknown bytes, _printf_llo.o(.ARM.Collect$$_printf_percent$$00000010))
<BR><BR>[Stack]<UL><LI>Max Depth = 56 + Unknown Stack Size
<LI>Call Chain = _printf_llo &rArr; _printf_ll_oct &rArr; _printf_longlong_oct &rArr; _printf_int_common &rArr; _printf_post_padding
</UL>
<BR>[Calls]<UL><LI><a href="#[d6]">&gt;&gt;</a>&nbsp;&nbsp;&nbsp;_printf_ll_oct
</UL>

<P><STRONG><a name="[d7]"></a>_printf_llx</STRONG> (Thumb, 0 bytes, Stack size unknown bytes, _printf_llx.o(.ARM.Collect$$_printf_percent$$00000011))
<BR><BR>[Stack]<UL><LI>Max Depth = 64 + Unknown Stack Size
<LI>Call Chain = _printf_llx &rArr; _printf_ll_hex &rArr; _printf_longlong_hex &rArr; _printf_int_common &rArr; _printf_post_padding
</UL>
<BR>[Calls]<UL><LI><a href="#[d8]">&gt;&gt;</a>&nbsp;&nbsp;&nbsp;_printf_ll_hex
</UL>

<P><STRONG><a name="[40e]"></a>_printf_l</STRONG> (Thumb, 0 bytes, Stack size unknown bytes, _printf_l.o(.ARM.Collect$$_printf_percent$$00000012))

<P><STRONG><a name="[d9]"></a>_printf_c</STRONG> (Thumb, 0 bytes, Stack size unknown bytes, _printf_c.o(.ARM.Collect$$_printf_percent$$00000013))
<BR><BR>[Stack]<UL><LI>Max Depth = 40 + Unknown Stack Size
<LI>Call Chain = _printf_c &rArr; _printf_char &rArr; _printf_cs_common &rArr; _printf_str &rArr; _printf_post_padding
</UL>
<BR>[Calls]<UL><LI><a href="#[da]">&gt;&gt;</a>&nbsp;&nbsp;&nbsp;_printf_char
</UL>

<P><STRONG><a name="[db]"></a>_printf_s</STRONG> (Thumb, 0 bytes, Stack size unknown bytes, _printf_s.o(.ARM.Collect$$_printf_percent$$00000014))
<BR><BR>[Stack]<UL><LI>Max Depth = 40 + Unknown Stack Size
<LI>Call Chain = _printf_s &rArr; _printf_string &rArr; _printf_cs_common &rArr; _printf_str &rArr; _printf_post_padding
</UL>
<BR>[Calls]<UL><LI><a href="#[dc]">&gt;&gt;</a>&nbsp;&nbsp;&nbsp;_printf_string
</UL>

<P><STRONG><a name="[dd]"></a>_printf_lc</STRONG> (Thumb, 0 bytes, Stack size unknown bytes, _printf_lc.o(.ARM.Collect$$_printf_percent$$00000015))
<BR><BR>[Stack]<UL><LI>Max Depth = 96 + Unknown Stack Size
<LI>Call Chain = _printf_lc &rArr; _printf_wchar &rArr; _printf_lcs_common &rArr; _printf_wctomb &rArr; _wcrtomb &rArr; __rt_ctype_table &rArr; __rt_locale
</UL>
<BR>[Calls]<UL><LI><a href="#[de]">&gt;&gt;</a>&nbsp;&nbsp;&nbsp;_printf_wchar
</UL>

<P><STRONG><a name="[df]"></a>_printf_ls</STRONG> (Thumb, 0 bytes, Stack size unknown bytes, _printf_ls.o(.ARM.Collect$$_printf_percent$$00000016))
<BR><BR>[Stack]<UL><LI>Max Depth = 96 + Unknown Stack Size
<LI>Call Chain = _printf_ls &rArr; _printf_wstring &rArr; _printf_lcs_common &rArr; _printf_wctomb &rArr; _wcrtomb &rArr; __rt_ctype_table &rArr; __rt_locale
</UL>
<BR>[Calls]<UL><LI><a href="#[e0]">&gt;&gt;</a>&nbsp;&nbsp;&nbsp;_printf_wstring
</UL>

<P><STRONG><a name="[40f]"></a>_printf_percent_end</STRONG> (Thumb, 0 bytes, Stack size unknown bytes, _printf_percent_end.o(.ARM.Collect$$_printf_percent$$00000017))

<P><STRONG><a name="[f2]"></a>__rt_lib_init</STRONG> (Thumb, 0 bytes, Stack size unknown bytes, libinit.o(.ARM.Collect$$libinit$$00000000))
<BR><BR>[Called By]<UL><LI><a href="#[bd]">&gt;&gt;</a>&nbsp;&nbsp;&nbsp;__rt_entry
</UL>

<P><STRONG><a name="[e1]"></a>__rt_lib_init_fp_1</STRONG> (Thumb, 0 bytes, Stack size unknown bytes, libinit2.o(.ARM.Collect$$libinit$$00000001))
<BR><BR>[Calls]<UL><LI><a href="#[e2]">&gt;&gt;</a>&nbsp;&nbsp;&nbsp;_fp_init
</UL>

<P><STRONG><a name="[e3]"></a>__rt_lib_init_heap_2</STRONG> (Thumb, 0 bytes, Stack size unknown bytes, libinit2.o(.ARM.Collect$$libinit$$00000003))
<BR><BR>[Stack]<UL><LI>Max Depth = 192 + Unknown Stack Size
<LI>Call Chain = __rt_lib_init_heap_2 &rArr; _init_alloc &rArr; __Heap_Initialize &rArr; _mutex_initialize &rArr; error &rArr;  exit (Cycle)
</UL>
<BR>[Calls]<UL><LI><a href="#[e4]">&gt;&gt;</a>&nbsp;&nbsp;&nbsp;_init_alloc
</UL>

<P><STRONG><a name="[410]"></a>__rt_lib_init_heap_1</STRONG> (Thumb, 0 bytes, Stack size unknown bytes, libinit2.o(.ARM.Collect$$libinit$$00000008))

<P><STRONG><a name="[e5]"></a>__rt_lib_init_lc_common</STRONG> (Thumb, 0 bytes, Stack size unknown bytes, libinit2.o(.ARM.Collect$$libinit$$0000000D))
<BR><BR>[Stack]<UL><LI>Max Depth = 8 + Unknown Stack Size
<LI>Call Chain = __rt_lib_init_lc_common &rArr; __rt_locale
</UL>
<BR>[Calls]<UL><LI><a href="#[e6]">&gt;&gt;</a>&nbsp;&nbsp;&nbsp;__rt_locale
</UL>

<P><STRONG><a name="[411]"></a>__rt_lib_init_rand_1</STRONG> (Thumb, 0 bytes, Stack size unknown bytes, libinit2.o(.ARM.Collect$$libinit$$0000000C))

<P><STRONG><a name="[412]"></a>__rt_lib_init_user_alloc_1</STRONG> (Thumb, 0 bytes, Stack size unknown bytes, libinit2.o(.ARM.Collect$$libinit$$0000000A))

<P><STRONG><a name="[413]"></a>__rt_lib_init_lc_collate_1</STRONG> (Thumb, 0 bytes, Stack size unknown bytes, libinit2.o(.ARM.Collect$$libinit$$0000000F))

<P><STRONG><a name="[e7]"></a>__rt_lib_init_lc_ctype_2</STRONG> (Thumb, 0 bytes, Stack size unknown bytes, libinit2.o(.ARM.Collect$$libinit$$00000010))
<BR><BR>[Stack]<UL><LI>Max Depth = 8 + Unknown Stack Size
<LI>Call Chain = __rt_lib_init_lc_ctype_2 &rArr; _get_lc_ctype
</UL>
<BR>[Calls]<UL><LI><a href="#[58]">&gt;&gt;</a>&nbsp;&nbsp;&nbsp;_get_lc_ctype
</UL>

<P><STRONG><a name="[414]"></a>__rt_lib_init_lc_ctype_1</STRONG> (Thumb, 0 bytes, Stack size unknown bytes, libinit2.o(.ARM.Collect$$libinit$$00000011))

<P><STRONG><a name="[415]"></a>__rt_lib_init_lc_monetary_1</STRONG> (Thumb, 0 bytes, Stack size unknown bytes, libinit2.o(.ARM.Collect$$libinit$$00000013))

<P><STRONG><a name="[e8]"></a>__rt_lib_init_lc_numeric_2</STRONG> (Thumb, 0 bytes, Stack size unknown bytes, libinit2.o(.ARM.Collect$$libinit$$00000014))
<BR><BR>[Stack]<UL><LI>Max Depth = 8 + Unknown Stack Size
<LI>Call Chain = __rt_lib_init_lc_numeric_2 &rArr; _get_lc_numeric
</UL>
<BR>[Calls]<UL><LI><a href="#[e9]">&gt;&gt;</a>&nbsp;&nbsp;&nbsp;_get_lc_numeric
</UL>

<P><STRONG><a name="[416]"></a>__rt_lib_init_lc_numeric_1</STRONG> (Thumb, 0 bytes, Stack size unknown bytes, libinit2.o(.ARM.Collect$$libinit$$00000015))

<P><STRONG><a name="[ea]"></a>__rt_lib_init_lc_time_2</STRONG> (Thumb, 0 bytes, Stack size unknown bytes, libinit2.o(.ARM.Collect$$libinit$$00000016))
<BR><BR>[Stack]<UL><LI>Max Depth = 8 + Unknown Stack Size
<LI>Call Chain = __rt_lib_init_lc_time_2 &rArr; _get_lc_time
</UL>
<BR>[Calls]<UL><LI><a href="#[eb]">&gt;&gt;</a>&nbsp;&nbsp;&nbsp;_get_lc_time
</UL>

<P><STRONG><a name="[417]"></a>__rt_lib_init_atexit_1</STRONG> (Thumb, 0 bytes, Stack size unknown bytes, libinit2.o(.ARM.Collect$$libinit$$00000019))

<P><STRONG><a name="[418]"></a>__rt_lib_init_clock_1</STRONG> (Thumb, 0 bytes, Stack size unknown bytes, libinit2.o(.ARM.Collect$$libinit$$0000001F))

<P><STRONG><a name="[419]"></a>__rt_lib_init_fp_trap_1</STRONG> (Thumb, 0 bytes, Stack size unknown bytes, libinit2.o(.ARM.Collect$$libinit$$0000001D))

<P><STRONG><a name="[41a]"></a>__rt_lib_init_getenv_1</STRONG> (Thumb, 0 bytes, Stack size unknown bytes, libinit2.o(.ARM.Collect$$libinit$$00000021))

<P><STRONG><a name="[41b]"></a>__rt_lib_init_lc_time_1</STRONG> (Thumb, 0 bytes, Stack size unknown bytes, libinit2.o(.ARM.Collect$$libinit$$00000017))

<P><STRONG><a name="[41c]"></a>__rt_lib_init_signal_1</STRONG> (Thumb, 0 bytes, Stack size unknown bytes, libinit2.o(.ARM.Collect$$libinit$$0000001B))

<P><STRONG><a name="[ec]"></a>__rt_lib_init_stdio_2</STRONG> (Thumb, 0 bytes, Stack size unknown bytes, libinit2.o(.ARM.Collect$$libinit$$00000022))
<BR><BR>[Stack]<UL><LI>Max Depth = 608 + Unknown Stack Size
<LI>Call Chain = __rt_lib_init_stdio_2 &rArr; _initio &rArr; freopen &rArr; _freopen_locked &rArr; _sys_open &rArr; __0sscanf &rArr; __vfscanf_char &rArr; __vfscanf &rArr; _scanf_real &rArr; _scanf_really_real &rArr; _fp_value &rArr; _btod_etento &rArr; _btod_emul &rArr; _e2e
</UL>
<BR>[Calls]<UL><LI><a href="#[ed]">&gt;&gt;</a>&nbsp;&nbsp;&nbsp;_initio
</UL>

<P><STRONG><a name="[41d]"></a>__rt_lib_init_alloca_1</STRONG> (Thumb, 0 bytes, Stack size unknown bytes, libinit2.o(.ARM.Collect$$libinit$$0000002C))

<P><STRONG><a name="[41e]"></a>__rt_lib_init_argv_1</STRONG> (Thumb, 0 bytes, Stack size unknown bytes, libinit2.o(.ARM.Collect$$libinit$$0000002A))

<P><STRONG><a name="[ee]"></a>__rt_lib_init_cpp_2</STRONG> (Thumb, 0 bytes, Stack size unknown bytes, libinit2.o(.ARM.Collect$$libinit$$0000002F))
<BR><BR>[Stack]<UL><LI>Max Depth = 16 + Unknown Stack Size
<LI>Call Chain = __rt_lib_init_cpp_2 &rArr; __cpp_initialize__aeabi_
</UL>
<BR>[Calls]<UL><LI><a href="#[bb]">&gt;&gt;</a>&nbsp;&nbsp;&nbsp;__cpp_initialize__aeabi_
</UL>

<P><STRONG><a name="[41f]"></a>__rt_lib_init_exceptions_1</STRONG> (Thumb, 0 bytes, Stack size unknown bytes, libinit2.o(.ARM.Collect$$libinit$$0000002E))

<P><STRONG><a name="[420]"></a>__rt_lib_init_stdio_1</STRONG> (Thumb, 0 bytes, Stack size unknown bytes, libinit2.o(.ARM.Collect$$libinit$$00000023))

<P><STRONG><a name="[421]"></a>__rt_lib_init_cpp_1</STRONG> (Thumb, 0 bytes, Stack size unknown bytes, libinit2.o(.ARM.Collect$$libinit$$00000030))

<P><STRONG><a name="[422]"></a>__rt_lib_init_return</STRONG> (Thumb, 0 bytes, Stack size unknown bytes, libinit2.o(.ARM.Collect$$libinit$$00000031))

<P><STRONG><a name="[ef]"></a>__rt_lib_shutdown_cpp_1</STRONG> (Thumb, 0 bytes, Stack size unknown bytes, libshutdown2.o(.ARM.Collect$$libshutdown$$00000001))
<BR><BR>[Stack]<UL><LI>Max Depth = 56 + Unknown Stack Size
<LI>Call Chain = __rt_lib_shutdown_cpp_1 &rArr; __cxa_finalize &rArr; free &rArr; _free_internal &rArr; _mutex_release
</UL>
<BR>[Calls]<UL><LI><a href="#[f0]">&gt;&gt;</a>&nbsp;&nbsp;&nbsp;__cxa_finalize
</UL>

<P><STRONG><a name="[bd]"></a>__rt_entry</STRONG> (Thumb, 36 bytes, Stack size 0 bytes, rtx_conf_cm.o(.emb_text))
<BR><BR>[Stack]<UL><LI>Max Depth = 424 + Unknown Stack Size
<LI>Call Chain = __rt_entry &rArr; osThreadCreate &rArr; svcThreadCreate &rArr; sysThreadError &rArr; mbed_die &rArr; gpio_init_out &rArr; gpio_init_out_ex &rArr; _gpio_init_out &rArr; gpio_mode &rArr; pin_mode &rArr; mbed_assert_internal &rArr;  mbed_die (Cycle)
</UL>
<BR>[Calls]<UL><LI><a href="#[f6]">&gt;&gt;</a>&nbsp;&nbsp;&nbsp;exit
<LI><a href="#[b5]">&gt;&gt;</a>&nbsp;&nbsp;&nbsp;set_main_stack
<LI><a href="#[f1]">&gt;&gt;</a>&nbsp;&nbsp;&nbsp;__user_setup_stackheap
<LI><a href="#[f4]">&gt;&gt;</a>&nbsp;&nbsp;&nbsp;osThreadCreate
<LI><a href="#[f5]">&gt;&gt;</a>&nbsp;&nbsp;&nbsp;osKernelStart
<LI><a href="#[f3]">&gt;&gt;</a>&nbsp;&nbsp;&nbsp;osKernelInitialize
<LI><a href="#[f2]">&gt;&gt;</a>&nbsp;&nbsp;&nbsp;__rt_lib_init
</UL>
<BR>[Called By]<UL><LI><a href="#[b4]">&gt;&gt;</a>&nbsp;&nbsp;&nbsp;__main
<LI><a href="#[be]">&gt;&gt;</a>&nbsp;&nbsp;&nbsp;__scatterload_rt2
</UL>

<P><STRONG><a name="[423]"></a>__rt_lib_shutdown_stdio_2</STRONG> (Thumb, 0 bytes, Stack size 0 bytes, libshutdown2.o(.ARM.Collect$$libshutdown$$00000003))

<P><STRONG><a name="[c]"></a>Reset_Handler</STRONG> (Thumb, 8 bytes, Stack size 0 bytes, startup_lpc407x_8x_177x_8x.o(.text))
<BR>[Address Reference Count : 1]<UL><LI> startup_lpc407x_8x_177x_8x.o(RESET)
</UL>
<P><STRONG><a name="[424]"></a>_maybe_terminate_alloc</STRONG> (Thumb, 0 bytes, Stack size 0 bytes, maybetermalloc1.o(.emb_text), UNUSED)

<P><STRONG><a name="[d]"></a>NMI_Handler</STRONG> (Thumb, 2 bytes, Stack size 0 bytes, startup_lpc407x_8x_177x_8x.o(.text))
<BR><BR>[Calls]<UL><LI><a href="#[d]">&gt;&gt;</a>&nbsp;&nbsp;&nbsp;NMI_Handler
</UL>
<BR>[Called By]<UL><LI><a href="#[d]">&gt;&gt;</a>&nbsp;&nbsp;&nbsp;NMI_Handler
</UL>
<BR>[Address Reference Count : 1]<UL><LI> startup_lpc407x_8x_177x_8x.o(RESET)
</UL>
<P><STRONG><a name="[13]"></a>DebugMon_Handler</STRONG> (Thumb, 2 bytes, Stack size 0 bytes, startup_lpc407x_8x_177x_8x.o(.text))
<BR><BR>[Calls]<UL><LI><a href="#[13]">&gt;&gt;</a>&nbsp;&nbsp;&nbsp;DebugMon_Handler
</UL>
<BR>[Called By]<UL><LI><a href="#[13]">&gt;&gt;</a>&nbsp;&nbsp;&nbsp;DebugMon_Handler
</UL>
<BR>[Address Reference Count : 1]<UL><LI> startup_lpc407x_8x_177x_8x.o(RESET)
</UL>
<P><STRONG><a name="[2b]"></a>ADC_IRQHandler</STRONG> (Thumb, 0 bytes, Stack size 0 bytes, startup_lpc407x_8x_177x_8x.o(.text))
<BR><BR>[Calls]<UL><LI><a href="#[2b]">&gt;&gt;</a>&nbsp;&nbsp;&nbsp;ADC_IRQHandler
</UL>
<BR>[Called By]<UL><LI><a href="#[2b]">&gt;&gt;</a>&nbsp;&nbsp;&nbsp;ADC_IRQHandler
</UL>
<BR>[Address Reference Count : 1]<UL><LI> startup_lpc407x_8x_177x_8x.o(RESET)
</UL>
<P><STRONG><a name="[2c]"></a>BOD_IRQHandler</STRONG> (Thumb, 0 bytes, Stack size 0 bytes, startup_lpc407x_8x_177x_8x.o(.text))
<BR>[Address Reference Count : 1]<UL><LI> startup_lpc407x_8x_177x_8x.o(RESET)
</UL>
<P><STRONG><a name="[37]"></a>CANActivity_IRQHandler</STRONG> (Thumb, 0 bytes, Stack size 0 bytes, startup_lpc407x_8x_177x_8x.o(.text))
<BR>[Address Reference Count : 1]<UL><LI> startup_lpc407x_8x_177x_8x.o(RESET)
</UL>
<P><STRONG><a name="[2e]"></a>CAN_IRQHandler</STRONG> (Thumb, 0 bytes, Stack size 0 bytes, startup_lpc407x_8x_177x_8x.o(.text))
<BR>[Address Reference Count : 1]<UL><LI> startup_lpc407x_8x_177x_8x.o(RESET)
</UL>
<P><STRONG><a name="[2f]"></a>DMA_IRQHandler</STRONG> (Thumb, 0 bytes, Stack size 0 bytes, startup_lpc407x_8x_177x_8x.o(.text))
<BR>[Address Reference Count : 1]<UL><LI> startup_lpc407x_8x_177x_8x.o(RESET)
</UL>
<P><STRONG><a name="[3d]"></a>EEPROM_IRQHandler</STRONG> (Thumb, 0 bytes, Stack size 0 bytes, startup_lpc407x_8x_177x_8x.o(.text))
<BR>[Address Reference Count : 1]<UL><LI> startup_lpc407x_8x_177x_8x.o(RESET)
</UL>
<P><STRONG><a name="[27]"></a>EINT0_IRQHandler</STRONG> (Thumb, 0 bytes, Stack size 0 bytes, startup_lpc407x_8x_177x_8x.o(.text))
<BR>[Address Reference Count : 1]<UL><LI> startup_lpc407x_8x_177x_8x.o(RESET)
</UL>
<P><STRONG><a name="[28]"></a>EINT1_IRQHandler</STRONG> (Thumb, 0 bytes, Stack size 0 bytes, startup_lpc407x_8x_177x_8x.o(.text))
<BR>[Address Reference Count : 1]<UL><LI> startup_lpc407x_8x_177x_8x.o(RESET)
</UL>
<P><STRONG><a name="[29]"></a>EINT2_IRQHandler</STRONG> (Thumb, 0 bytes, Stack size 0 bytes, startup_lpc407x_8x_177x_8x.o(.text))
<BR>[Address Reference Count : 1]<UL><LI> startup_lpc407x_8x_177x_8x.o(RESET)
</UL>
<P><STRONG><a name="[2a]"></a>EINT3_IRQHandler</STRONG> (Thumb, 0 bytes, Stack size 0 bytes, startup_lpc407x_8x_177x_8x.o(.text))
<BR>[Address Reference Count : 1]<UL><LI> startup_lpc407x_8x_177x_8x.o(RESET)
</UL>
<P><STRONG><a name="[31]"></a>ENET_IRQHandler</STRONG> (Thumb, 0 bytes, Stack size 0 bytes, startup_lpc407x_8x_177x_8x.o(.text))
<BR>[Address Reference Count : 1]<UL><LI> startup_lpc407x_8x_177x_8x.o(RESET)
</UL>
<P><STRONG><a name="[3b]"></a>GPIO_IRQHandler</STRONG> (Thumb, 0 bytes, Stack size 0 bytes, startup_lpc407x_8x_177x_8x.o(.text))
<BR>[Address Reference Count : 1]<UL><LI> startup_lpc407x_8x_177x_8x.o(RESET)
</UL>
<P><STRONG><a name="[20]"></a>I2C0_IRQHandler</STRONG> (Thumb, 0 bytes, Stack size 0 bytes, startup_lpc407x_8x_177x_8x.o(.text))
<BR>[Address Reference Count : 1]<UL><LI> startup_lpc407x_8x_177x_8x.o(RESET)
</UL>
<P><STRONG><a name="[21]"></a>I2C1_IRQHandler</STRONG> (Thumb, 0 bytes, Stack size 0 bytes, startup_lpc407x_8x_177x_8x.o(.text))
<BR>[Address Reference Count : 1]<UL><LI> startup_lpc407x_8x_177x_8x.o(RESET)
</UL>
<P><STRONG><a name="[22]"></a>I2C2_IRQHandler</STRONG> (Thumb, 0 bytes, Stack size 0 bytes, startup_lpc407x_8x_177x_8x.o(.text))
<BR>[Address Reference Count : 1]<UL><LI> startup_lpc407x_8x_177x_8x.o(RESET)
</UL>
<P><STRONG><a name="[30]"></a>I2S_IRQHandler</STRONG> (Thumb, 0 bytes, Stack size 0 bytes, startup_lpc407x_8x_177x_8x.o(.text))
<BR>[Address Reference Count : 1]<UL><LI> startup_lpc407x_8x_177x_8x.o(RESET)
</UL>
<P><STRONG><a name="[3a]"></a>LCD_IRQHandler</STRONG> (Thumb, 0 bytes, Stack size 0 bytes, startup_lpc407x_8x_177x_8x.o(.text))
<BR>[Address Reference Count : 1]<UL><LI> startup_lpc407x_8x_177x_8x.o(RESET)
</UL>
<P><STRONG><a name="[32]"></a>MCI_IRQHandler</STRONG> (Thumb, 0 bytes, Stack size 0 bytes, startup_lpc407x_8x_177x_8x.o(.text))
<BR>[Address Reference Count : 1]<UL><LI> startup_lpc407x_8x_177x_8x.o(RESET)
</UL>
<P><STRONG><a name="[33]"></a>MCPWM_IRQHandler</STRONG> (Thumb, 0 bytes, Stack size 0 bytes, startup_lpc407x_8x_177x_8x.o(.text))
<BR>[Address Reference Count : 1]<UL><LI> startup_lpc407x_8x_177x_8x.o(RESET)
</UL>
<P><STRONG><a name="[25]"></a>PLL0_IRQHandler</STRONG> (Thumb, 0 bytes, Stack size 0 bytes, startup_lpc407x_8x_177x_8x.o(.text))
<BR>[Address Reference Count : 1]<UL><LI> startup_lpc407x_8x_177x_8x.o(RESET)
</UL>
<P><STRONG><a name="[35]"></a>PLL1_IRQHandler</STRONG> (Thumb, 0 bytes, Stack size 0 bytes, startup_lpc407x_8x_177x_8x.o(.text))
<BR>[Address Reference Count : 1]<UL><LI> startup_lpc407x_8x_177x_8x.o(RESET)
</UL>
<P><STRONG><a name="[3c]"></a>PWM0_IRQHandler</STRONG> (Thumb, 0 bytes, Stack size 0 bytes, startup_lpc407x_8x_177x_8x.o(.text))
<BR>[Address Reference Count : 1]<UL><LI> startup_lpc407x_8x_177x_8x.o(RESET)
</UL>
<P><STRONG><a name="[1f]"></a>PWM1_IRQHandler</STRONG> (Thumb, 0 bytes, Stack size 0 bytes, startup_lpc407x_8x_177x_8x.o(.text))
<BR>[Address Reference Count : 1]<UL><LI> startup_lpc407x_8x_177x_8x.o(RESET)
</UL>
<P><STRONG><a name="[34]"></a>QEI_IRQHandler</STRONG> (Thumb, 0 bytes, Stack size 0 bytes, startup_lpc407x_8x_177x_8x.o(.text))
<BR>[Address Reference Count : 1]<UL><LI> startup_lpc407x_8x_177x_8x.o(RESET)
</UL>
<P><STRONG><a name="[26]"></a>RTC_IRQHandler</STRONG> (Thumb, 0 bytes, Stack size 0 bytes, startup_lpc407x_8x_177x_8x.o(.text))
<BR>[Address Reference Count : 1]<UL><LI> startup_lpc407x_8x_177x_8x.o(RESET)
</UL>
<P><STRONG><a name="[23]"></a>SSP0_IRQHandler</STRONG> (Thumb, 0 bytes, Stack size 0 bytes, startup_lpc407x_8x_177x_8x.o(.text))
<BR>[Address Reference Count : 1]<UL><LI> startup_lpc407x_8x_177x_8x.o(RESET)
</UL>
<P><STRONG><a name="[24]"></a>SSP1_IRQHandler</STRONG> (Thumb, 0 bytes, Stack size 0 bytes, startup_lpc407x_8x_177x_8x.o(.text))
<BR>[Address Reference Count : 1]<UL><LI> startup_lpc407x_8x_177x_8x.o(RESET)
</UL>
<P><STRONG><a name="[39]"></a>SSP2_IRQHandler</STRONG> (Thumb, 0 bytes, Stack size 0 bytes, startup_lpc407x_8x_177x_8x.o(.text))
<BR>[Address Reference Count : 1]<UL><LI> startup_lpc407x_8x_177x_8x.o(RESET)
</UL>
<P><STRONG><a name="[17]"></a>TIMER0_IRQHandler</STRONG> (Thumb, 0 bytes, Stack size 0 bytes, startup_lpc407x_8x_177x_8x.o(.text))
<BR>[Address Reference Count : 1]<UL><LI> startup_lpc407x_8x_177x_8x.o(RESET)
</UL>
<P><STRONG><a name="[18]"></a>TIMER1_IRQHandler</STRONG> (Thumb, 0 bytes, Stack size 0 bytes, startup_lpc407x_8x_177x_8x.o(.text))
<BR>[Address Reference Count : 1]<UL><LI> startup_lpc407x_8x_177x_8x.o(RESET)
</UL>
<P><STRONG><a name="[19]"></a>TIMER2_IRQHandler</STRONG> (Thumb, 0 bytes, Stack size 0 bytes, startup_lpc407x_8x_177x_8x.o(.text))
<BR>[Address Reference Count : 1]<UL><LI> startup_lpc407x_8x_177x_8x.o(RESET)
</UL>
<P><STRONG><a name="[1a]"></a>TIMER3_IRQHandler</STRONG> (Thumb, 0 bytes, Stack size 0 bytes, startup_lpc407x_8x_177x_8x.o(.text))
<BR>[Address Reference Count : 1]<UL><LI> startup_lpc407x_8x_177x_8x.o(RESET)
</UL>
<P><STRONG><a name="[1b]"></a>UART0_IRQHandler</STRONG> (Thumb, 0 bytes, Stack size 0 bytes, startup_lpc407x_8x_177x_8x.o(.text))
<BR>[Address Reference Count : 1]<UL><LI> startup_lpc407x_8x_177x_8x.o(RESET)
</UL>
<P><STRONG><a name="[1c]"></a>UART1_IRQHandler</STRONG> (Thumb, 0 bytes, Stack size 0 bytes, startup_lpc407x_8x_177x_8x.o(.text))
<BR>[Address Reference Count : 1]<UL><LI> startup_lpc407x_8x_177x_8x.o(RESET)
</UL>
<P><STRONG><a name="[1d]"></a>UART2_IRQHandler</STRONG> (Thumb, 0 bytes, Stack size 0 bytes, startup_lpc407x_8x_177x_8x.o(.text))
<BR>[Address Reference Count : 1]<UL><LI> startup_lpc407x_8x_177x_8x.o(RESET)
</UL>
<P><STRONG><a name="[1e]"></a>UART3_IRQHandler</STRONG> (Thumb, 0 bytes, Stack size 0 bytes, startup_lpc407x_8x_177x_8x.o(.text))
<BR>[Address Reference Count : 1]<UL><LI> startup_lpc407x_8x_177x_8x.o(RESET)
</UL>
<P><STRONG><a name="[38]"></a>UART4_IRQHandler</STRONG> (Thumb, 0 bytes, Stack size 0 bytes, startup_lpc407x_8x_177x_8x.o(.text))
<BR>[Address Reference Count : 1]<UL><LI> startup_lpc407x_8x_177x_8x.o(RESET)
</UL>
<P><STRONG><a name="[36]"></a>USBActivity_IRQHandler</STRONG> (Thumb, 0 bytes, Stack size 0 bytes, startup_lpc407x_8x_177x_8x.o(.text))
<BR>[Address Reference Count : 1]<UL><LI> startup_lpc407x_8x_177x_8x.o(RESET)
</UL>
<P><STRONG><a name="[2d]"></a>USB_IRQHandler</STRONG> (Thumb, 0 bytes, Stack size 0 bytes, startup_lpc407x_8x_177x_8x.o(.text))
<BR>[Address Reference Count : 1]<UL><LI> startup_lpc407x_8x_177x_8x.o(RESET)
</UL>
<P><STRONG><a name="[16]"></a>WDT_IRQHandler</STRONG> (Thumb, 0 bytes, Stack size 0 bytes, startup_lpc407x_8x_177x_8x.o(.text))
<BR>[Address Reference Count : 1]<UL><LI> startup_lpc407x_8x_177x_8x.o(RESET)
</UL>
<P><STRONG><a name="[f6]"></a>exit</STRONG> (Thumb, 24 bytes, Stack size 0 bytes, exit.o(.text))
<BR><BR>[Stack]<UL><LI>Max Depth = 384 + Unknown Stack Size
<LI>Call Chain = exit &rArr; fflush &rArr; _do_fflush &rArr; _fflush &rArr; _writebuf &rArr; _sys_write &rArr; init_serial() &rArr; serial_init &rArr; pinmap_pinout &rArr; pin_mode &rArr; mbed_assert_internal &rArr;  mbed_die (Cycle)
</UL>
<BR>[Calls]<UL><LI><a href="#[f8]">&gt;&gt;</a>&nbsp;&nbsp;&nbsp;mbed_die
<LI><a href="#[f7]">&gt;&gt;</a>&nbsp;&nbsp;&nbsp;fflush
</UL>
<BR>[Called By]<UL><LI><a href="#[f9]">&gt;&gt;</a>&nbsp;&nbsp;&nbsp;error
<LI><a href="#[bd]">&gt;&gt;</a>&nbsp;&nbsp;&nbsp;__rt_entry
<LI><a href="#[27a]">&gt;&gt;</a>&nbsp;&nbsp;&nbsp;init_impact_input_queue
<LI><a href="#[26c]">&gt;&gt;</a>&nbsp;&nbsp;&nbsp;init_impact
</UL>

<P><STRONG><a name="[f9]"></a>error</STRONG> (Thumb, 28 bytes, Stack size 24 bytes, error.o(.text))
<BR><BR>[Stack]<UL><LI>Max Depth = 152 + Unknown Stack Size
 + In Cycle
<LI>Call Chain = error &rArr;  exit (Cycle)
</UL>
<BR>[Calls]<UL><LI><a href="#[f6]">&gt;&gt;</a>&nbsp;&nbsp;&nbsp;exit
<LI><a href="#[fa]">&gt;&gt;</a>&nbsp;&nbsp;&nbsp;vfprintf
</UL>
<BR>[Called By]<UL><LI><a href="#[122]">&gt;&gt;</a>&nbsp;&nbsp;&nbsp;pinmap_merge
<LI><a href="#[107]">&gt;&gt;</a>&nbsp;&nbsp;&nbsp;pinmap_pinout
<LI><a href="#[105]">&gt;&gt;</a>&nbsp;&nbsp;&nbsp;pinmap_peripheral
<LI><a href="#[b8]">&gt;&gt;</a>&nbsp;&nbsp;&nbsp;_mutex_initialize
<LI><a href="#[f]">&gt;&gt;</a>&nbsp;&nbsp;&nbsp;MemManage_Handler
<LI><a href="#[11]">&gt;&gt;</a>&nbsp;&nbsp;&nbsp;UsageFault_Handler
<LI><a href="#[10]">&gt;&gt;</a>&nbsp;&nbsp;&nbsp;BusFault_Handler
<LI><a href="#[e]">&gt;&gt;</a>&nbsp;&nbsp;&nbsp;HardFault_Handler
<LI><a href="#[b1]">&gt;&gt;</a>&nbsp;&nbsp;&nbsp;__sti___19_ProcessingLoops_cpp_outQueue
<LI><a href="#[af]">&gt;&gt;</a>&nbsp;&nbsp;&nbsp;__sti___14_BusHandler_cpp_inQueue
<LI><a href="#[245]">&gt;&gt;</a>&nbsp;&nbsp;&nbsp;rtos::Thread::Thread(void(*)(const void*), void*, osPriority, unsigned, unsigned char*)
<LI><a href="#[309]">&gt;&gt;</a>&nbsp;&nbsp;&nbsp;FATFileSystem::FATFileSystem__sub_object(const char*)
</UL>

<P><STRONG><a name="[fb]"></a>__aeabi_errno_addr</STRONG> (Thumb, 4 bytes, Stack size 0 bytes, rt_errno_addr_twolibspace.o(.text))
<BR><BR>[Calls]<UL><LI><a href="#[fc]">&gt;&gt;</a>&nbsp;&nbsp;&nbsp;__user_perthread_libspace
</UL>
<BR>[Called By]<UL><LI><a href="#[389]">&gt;&gt;</a>&nbsp;&nbsp;&nbsp;_ftell_internal
<LI><a href="#[2a2]">&gt;&gt;</a>&nbsp;&nbsp;&nbsp;atoi
<LI><a href="#[3af]">&gt;&gt;</a>&nbsp;&nbsp;&nbsp;_strtoul
<LI><a href="#[3d0]">&gt;&gt;</a>&nbsp;&nbsp;&nbsp;_fp_value
<LI><a href="#[386]">&gt;&gt;</a>&nbsp;&nbsp;&nbsp;strtol
<LI><a href="#[3e5]">&gt;&gt;</a>&nbsp;&nbsp;&nbsp;__set_errno
<LI><a href="#[3e4]">&gt;&gt;</a>&nbsp;&nbsp;&nbsp;__read_errno
</UL>

<P><STRONG><a name="[425]"></a>__errno$twolibspace</STRONG> (Thumb, 0 bytes, Stack size 0 bytes, rt_errno_addr_twolibspace.o(.text), UNUSED)

<P><STRONG><a name="[426]"></a>__rt_errno_addr$twolibspace</STRONG> (Thumb, 0 bytes, Stack size 0 bytes, rt_errno_addr_twolibspace.o(.text), UNUSED)

<P><STRONG><a name="[427]"></a>rt_set_PSP</STRONG> (Thumb, 6 bytes, Stack size 0 bytes, hal_cm4.o(.emb_text), UNUSED)

<P><STRONG><a name="[15f]"></a>rt_get_PSP</STRONG> (Thumb, 6 bytes, Stack size 0 bytes, hal_cm4.o(.emb_text))
<BR><BR>[Called By]<UL><LI><a href="#[4f]">&gt;&gt;</a>&nbsp;&nbsp;&nbsp;rt_tsk_delete
</UL>

<P><STRONG><a name="[428]"></a>os_set_env</STRONG> (Thumb, 24 bytes, Stack size 0 bytes, hal_cm4.o(.emb_text), UNUSED)

<P><STRONG><a name="[167]"></a>_alloc_box</STRONG> (Thumb, 28 bytes, Stack size 0 bytes, hal_cm4.o(.emb_text), UNUSED)
<BR><BR>[Called By]<UL><LI><a href="#[166]">&gt;&gt;</a>&nbsp;&nbsp;&nbsp;_calloc_box
</UL>

<P><STRONG><a name="[429]"></a>_free_box</STRONG> (Thumb, 28 bytes, Stack size 0 bytes, hal_cm4.o(.emb_text), UNUSED)

<P><STRONG><a name="[12]"></a>SVC_Handler</STRONG> (Thumb, 148 bytes, Stack size 0 bytes, hal_cm4.o(.emb_text))
<BR><BR>[Stack]<UL><LI>Max Depth = 384 + Unknown Stack Size
<LI>Call Chain = SVC_Handler &rArr; rt_stk_check &rArr; os_error &rArr; mbed_die &rArr; gpio_init_out &rArr; gpio_init_out_ex &rArr; _gpio_init_out &rArr; gpio_mode &rArr; pin_mode &rArr; mbed_assert_internal &rArr;  mbed_die (Cycle)
</UL>
<BR>[Calls]<UL><LI><a href="#[fd]">&gt;&gt;</a>&nbsp;&nbsp;&nbsp;rt_stk_check
</UL>
<BR>[Address Reference Count : 1]<UL><LI> startup_lpc407x_8x_177x_8x.o(RESET)
</UL>
<P><STRONG><a name="[14]"></a>PendSV_Handler</STRONG> (Thumb, 96 bytes, Stack size 0 bytes, hal_cm4.o(.emb_text))
<BR><BR>[Stack]<UL><LI>Max Depth = 416 + Unknown Stack Size
<LI>Call Chain = PendSV_Handler &rArr; rt_pop_req &rArr; rt_mbx_psh &rArr; os_error &rArr; mbed_die &rArr; gpio_init_out &rArr; gpio_init_out_ex &rArr; _gpio_init_out &rArr; gpio_mode &rArr; pin_mode &rArr; mbed_assert_internal &rArr;  mbed_die (Cycle)
</UL>
<BR>[Calls]<UL><LI><a href="#[fe]">&gt;&gt;</a>&nbsp;&nbsp;&nbsp;rt_pop_req
<LI><a href="#[fd]">&gt;&gt;</a>&nbsp;&nbsp;&nbsp;rt_stk_check
</UL>
<BR>[Address Reference Count : 1]<UL><LI> startup_lpc407x_8x_177x_8x.o(RESET)
</UL>
<P><STRONG><a name="[15]"></a>SysTick_Handler</STRONG> (Thumb, 8 bytes, Stack size 0 bytes, hal_cm4.o(.emb_text))
<BR><BR>[Stack]<UL><LI>Max Depth = 456 + Unknown Stack Size
<LI>Call Chain = SysTick_Handler &rArr; rt_systick &rArr; sysTimerTick &rArr; isrMessagePut &rArr; isr_mbx_send &rArr; rt_psq_enq &rArr; os_error &rArr; mbed_die &rArr; gpio_init_out &rArr; gpio_init_out_ex &rArr; _gpio_init_out &rArr; gpio_mode &rArr; pin_mode &rArr; mbed_assert_internal &rArr;  mbed_die (Cycle)
</UL>
<BR>[Calls]<UL><LI><a href="#[ff]">&gt;&gt;</a>&nbsp;&nbsp;&nbsp;rt_systick
</UL>
<BR>[Address Reference Count : 1]<UL><LI> startup_lpc407x_8x_177x_8x.o(RESET)
</UL>
<P><STRONG><a name="[100]"></a>OS_Tick_Handler</STRONG> (Thumb, 12 bytes, Stack size 0 bytes, hal_cm4.o(.emb_text), UNUSED)
<BR><BR>[Calls]<UL><LI><a href="#[101]">&gt;&gt;</a>&nbsp;&nbsp;&nbsp;os_tick_irqack
<LI><a href="#[ff]">&gt;&gt;</a>&nbsp;&nbsp;&nbsp;rt_systick
</UL>

<P><STRONG><a name="[11c]"></a>NVIC_SetVector</STRONG> (Thumb, 58 bytes, Stack size 16 bytes, cmsis_nvic.o(.text))
<BR><BR>[Stack]<UL><LI>Max Depth = 16<LI>Call Chain = NVIC_SetVector
</UL>
<BR>[Called By]<UL><LI><a href="#[137]">&gt;&gt;</a>&nbsp;&nbsp;&nbsp;us_ticker_init
<LI><a href="#[131]">&gt;&gt;</a>&nbsp;&nbsp;&nbsp;serial_irq_set
<LI><a href="#[11b]">&gt;&gt;</a>&nbsp;&nbsp;&nbsp;can_irq_set
<LI><a href="#[26b]">&gt;&gt;</a>&nbsp;&nbsp;&nbsp;register_ADC_interrupt
<LI><a href="#[306]">&gt;&gt;</a>&nbsp;&nbsp;&nbsp;MCIFileSystem::initMCI()
</UL>

<P><STRONG><a name="[42a]"></a>NVIC_GetVector</STRONG> (Thumb, 16 bytes, Stack size 0 bytes, cmsis_nvic.o(.text), UNUSED)

<P><STRONG><a name="[103]"></a>SystemCoreClockUpdate</STRONG> (Thumb, 696 bytes, Stack size 12 bytes, system_lpc407x_8x_177x_8x.o(.text))
<BR><BR>[Stack]<UL><LI>Max Depth = 12<LI>Call Chain = SystemCoreClockUpdate
</UL>
<BR>[Called By]<UL><LI><a href="#[3e]">&gt;&gt;</a>&nbsp;&nbsp;&nbsp;SystemInit
</UL>

<P><STRONG><a name="[102]"></a>fpu_init</STRONG> (Thumb, 62 bytes, Stack size 24 bytes, system_lpc407x_8x_177x_8x.o(.text))
<BR><BR>[Stack]<UL><LI>Max Depth = 24<LI>Call Chain = fpu_init
</UL>
<BR>[Called By]<UL><LI><a href="#[3e]">&gt;&gt;</a>&nbsp;&nbsp;&nbsp;SystemInit
</UL>

<P><STRONG><a name="[3e]"></a>SystemInit</STRONG> (Thumb, 224 bytes, Stack size 4 bytes, system_lpc407x_8x_177x_8x.o(.text))
<BR><BR>[Stack]<UL><LI>Max Depth = 28<LI>Call Chain = SystemInit &rArr; fpu_init
</UL>
<BR>[Calls]<UL><LI><a href="#[102]">&gt;&gt;</a>&nbsp;&nbsp;&nbsp;fpu_init
<LI><a href="#[103]">&gt;&gt;</a>&nbsp;&nbsp;&nbsp;SystemCoreClockUpdate
</UL>
<BR>[Address Reference Count : 1]<UL><LI> startup_lpc407x_8x_177x_8x.o(.text)
</UL>
<P><STRONG><a name="[104]"></a>analogin_init</STRONG> (Thumb, 120 bytes, Stack size 32 bytes, analogin_api.o(.text))
<BR><BR>[Stack]<UL><LI>Max Depth = 248 + Unknown Stack Size
<LI>Call Chain = analogin_init &rArr; pinmap_pinout &rArr; pin_mode &rArr; mbed_assert_internal &rArr;  mbed_die (Cycle)
</UL>
<BR>[Calls]<UL><LI><a href="#[107]">&gt;&gt;</a>&nbsp;&nbsp;&nbsp;pinmap_pinout
<LI><a href="#[105]">&gt;&gt;</a>&nbsp;&nbsp;&nbsp;pinmap_peripheral
<LI><a href="#[106]">&gt;&gt;</a>&nbsp;&nbsp;&nbsp;mbed_assert_internal
</UL>
<BR>[Called By]<UL><LI><a href="#[1e8]">&gt;&gt;</a>&nbsp;&nbsp;&nbsp;mbed::AnalogIn::AnalogIn(PinName)
</UL>

<P><STRONG><a name="[10b]"></a>analogin_read_u16</STRONG> (Thumb, 24 bytes, Stack size 16 bytes, analogin_api.o(.text), UNUSED)
<BR><BR>[Calls]<UL><LI><a href="#[108]">&gt;&gt;</a>&nbsp;&nbsp;&nbsp;adc_read_u32
</UL>

<P><STRONG><a name="[10c]"></a>analogin_read</STRONG> (Thumb, 36 bytes, Stack size 16 bytes, analogin_api.o(.text), UNUSED)
<BR><BR>[Calls]<UL><LI><a href="#[108]">&gt;&gt;</a>&nbsp;&nbsp;&nbsp;adc_read_u32
</UL>

<P><STRONG><a name="[10d]"></a>gpio_set</STRONG> (Thumb, 40 bytes, Stack size 8 bytes, gpio_api.o(.text))
<BR><BR>[Stack]<UL><LI>Max Depth = 200 + Unknown Stack Size
<LI>Call Chain = gpio_set &rArr; pin_function &rArr; mbed_assert_internal &rArr;  mbed_die (Cycle)
</UL>
<BR>[Calls]<UL><LI><a href="#[10e]">&gt;&gt;</a>&nbsp;&nbsp;&nbsp;pin_function
<LI><a href="#[106]">&gt;&gt;</a>&nbsp;&nbsp;&nbsp;mbed_assert_internal
</UL>
<BR>[Called By]<UL><LI><a href="#[10f]">&gt;&gt;</a>&nbsp;&nbsp;&nbsp;gpio_init
</UL>

<P><STRONG><a name="[10f]"></a>gpio_init</STRONG> (Thumb, 50 bytes, Stack size 16 bytes, gpio_api.o(.text))
<BR><BR>[Stack]<UL><LI>Max Depth = 216 + Unknown Stack Size
<LI>Call Chain = gpio_init &rArr; gpio_set &rArr; pin_function &rArr; mbed_assert_internal &rArr;  mbed_die (Cycle)
</UL>
<BR>[Calls]<UL><LI><a href="#[10d]">&gt;&gt;</a>&nbsp;&nbsp;&nbsp;gpio_set
</UL>
<BR>[Called By]<UL><LI><a href="#[148]">&gt;&gt;</a>&nbsp;&nbsp;&nbsp;_gpio_init_out
<LI><a href="#[147]">&gt;&gt;</a>&nbsp;&nbsp;&nbsp;_gpio_init_in
</UL>

<P><STRONG><a name="[110]"></a>gpio_mode</STRONG> (Thumb, 18 bytes, Stack size 16 bytes, gpio_api.o(.text))
<BR><BR>[Stack]<UL><LI>Max Depth = 216 + Unknown Stack Size
<LI>Call Chain = gpio_mode &rArr; pin_mode &rArr; mbed_assert_internal &rArr;  mbed_die (Cycle)
</UL>
<BR>[Calls]<UL><LI><a href="#[111]">&gt;&gt;</a>&nbsp;&nbsp;&nbsp;pin_mode
</UL>
<BR>[Called By]<UL><LI><a href="#[148]">&gt;&gt;</a>&nbsp;&nbsp;&nbsp;_gpio_init_out
<LI><a href="#[147]">&gt;&gt;</a>&nbsp;&nbsp;&nbsp;_gpio_init_in
<LI><a href="#[1e6]">&gt;&gt;</a>&nbsp;&nbsp;&nbsp;MCIFileSystem::MCIFileSystem(const char*, PinName)
</UL>

<P><STRONG><a name="[112]"></a>gpio_dir</STRONG> (Thumb, 68 bytes, Stack size 16 bytes, gpio_api.o(.text))
<BR><BR>[Stack]<UL><LI>Max Depth = 192 + Unknown Stack Size
<LI>Call Chain = gpio_dir &rArr; mbed_assert_internal &rArr;  mbed_die (Cycle)
</UL>
<BR>[Calls]<UL><LI><a href="#[106]">&gt;&gt;</a>&nbsp;&nbsp;&nbsp;mbed_assert_internal
</UL>
<BR>[Called By]<UL><LI><a href="#[148]">&gt;&gt;</a>&nbsp;&nbsp;&nbsp;_gpio_init_out
<LI><a href="#[147]">&gt;&gt;</a>&nbsp;&nbsp;&nbsp;_gpio_init_in
</UL>

<P><STRONG><a name="[14e]"></a>rtc_init</STRONG> (Thumb, 34 bytes, Stack size 0 bytes, rtc_api.o(.text))
<BR><BR>[Called By]<UL><LI><a href="#[14d]">&gt;&gt;</a>&nbsp;&nbsp;&nbsp;set_time
</UL>

<P><STRONG><a name="[42b]"></a>rtc_free</STRONG> (Thumb, 2 bytes, Stack size 0 bytes, rtc_api.o(.text), UNUSED)

<P><STRONG><a name="[150]"></a>rtc_isenabled</STRONG> (Thumb, 10 bytes, Stack size 0 bytes, rtc_api.o(.text))
<BR><BR>[Called By]<UL><LI><a href="#[14f]">&gt;&gt;</a>&nbsp;&nbsp;&nbsp;time
</UL>

<P><STRONG><a name="[113]"></a>rtc_read</STRONG> (Thumb, 70 bytes, Stack size 56 bytes, rtc_api.o(.text))
<BR><BR>[Stack]<UL><LI>Max Depth = 124<LI>Call Chain = rtc_read &rArr; mktime &rArr; _tm_carry
</UL>
<BR>[Calls]<UL><LI><a href="#[114]">&gt;&gt;</a>&nbsp;&nbsp;&nbsp;mktime
</UL>
<BR>[Called By]<UL><LI><a href="#[14f]">&gt;&gt;</a>&nbsp;&nbsp;&nbsp;time
</UL>

<P><STRONG><a name="[115]"></a>rtc_write</STRONG> (Thumb, 80 bytes, Stack size 16 bytes, rtc_api.o(.text))
<BR><BR>[Stack]<UL><LI>Max Depth = 36<LI>Call Chain = rtc_write &rArr; localtime &rArr; _localtime_r &rArr; __aeabi_memclr4
</UL>
<BR>[Calls]<UL><LI><a href="#[116]">&gt;&gt;</a>&nbsp;&nbsp;&nbsp;localtime
</UL>
<BR>[Called By]<UL><LI><a href="#[14d]">&gt;&gt;</a>&nbsp;&nbsp;&nbsp;set_time
</UL>

<P><STRONG><a name="[217]"></a>can_mode</STRONG> (Thumb, 6 bytes, Stack size 0 bytes, can_api.o(.text))
<BR><BR>[Called By]<UL><LI><a href="#[216]">&gt;&gt;</a>&nbsp;&nbsp;&nbsp;mbed::CAN::mode(mbed::CAN::Mode)
</UL>

<P><STRONG><a name="[219]"></a>can_filter</STRONG> (Thumb, 10 bytes, Stack size 12 bytes, can_api.o(.text), UNUSED)
<BR><BR>[Called By]<UL><LI><a href="#[218]">&gt;&gt;</a>&nbsp;&nbsp;&nbsp;mbed::CAN::filter(unsigned, unsigned, CANFormat, int)
</UL>

<P><STRONG><a name="[117]"></a>can_irq_n</STRONG> (Thumb, 56 bytes, Stack size 8 bytes, can_api.o(.text))
<BR><BR>[Stack]<UL><LI>Max Depth = 24<LI>Call Chain = can_irq_n &rArr; can_irq
</UL>
<BR>[Calls]<UL><LI><a href="#[118]">&gt;&gt;</a>&nbsp;&nbsp;&nbsp;can_irq
</UL>
<BR>[Address Reference Count : 1]<UL><LI> can_api.o(.text)
</UL>
<P><STRONG><a name="[20f]"></a>can_irq_init</STRONG> (Thumb, 16 bytes, Stack size 8 bytes, can_api.o(.text))
<BR><BR>[Stack]<UL><LI>Max Depth = 8<LI>Call Chain = can_irq_init
</UL>
<BR>[Called By]<UL><LI><a href="#[20d]">&gt;&gt;</a>&nbsp;&nbsp;&nbsp;mbed::CAN::CAN(PinName, PinName)
</UL>

<P><STRONG><a name="[119]"></a>can_irq_free</STRONG> (Thumb, 46 bytes, Stack size 8 bytes, can_api.o(.text))
<BR><BR>[Stack]<UL><LI>Max Depth = 8<LI>Call Chain = can_irq_free
</UL>
<BR>[Calls]<UL><LI><a href="#[11a]">&gt;&gt;</a>&nbsp;&nbsp;&nbsp;NVIC_DisableIRQ
</UL>
<BR>[Called By]<UL><LI><a href="#[4a]">&gt;&gt;</a>&nbsp;&nbsp;&nbsp;mbed::CAN::~CAN()
</UL>

<P><STRONG><a name="[11b]"></a>can_irq_set</STRONG> (Thumb, 194 bytes, Stack size 24 bytes, can_api.o(.text))
<BR><BR>[Stack]<UL><LI>Max Depth = 40<LI>Call Chain = can_irq_set &rArr; NVIC_SetVector
</UL>
<BR>[Calls]<UL><LI><a href="#[11a]">&gt;&gt;</a>&nbsp;&nbsp;&nbsp;NVIC_DisableIRQ
<LI><a href="#[11c]">&gt;&gt;</a>&nbsp;&nbsp;&nbsp;NVIC_SetVector
</UL>
<BR>[Called By]<UL><LI><a href="#[21e]">&gt;&gt;</a>&nbsp;&nbsp;&nbsp;mbed::CAN::attach(void(*)(), mbed::CAN::IrqType)
</UL>

<P><STRONG><a name="[11d]"></a>can_frequency</STRONG> (Thumb, 56 bytes, Stack size 24 bytes, can_api.o(.text))
<BR><BR>[Stack]<UL><LI>Max Depth = 56<LI>Call Chain = can_frequency &rArr; can_speed
</UL>
<BR>[Calls]<UL><LI><a href="#[11e]">&gt;&gt;</a>&nbsp;&nbsp;&nbsp;can_speed
<LI><a href="#[11f]">&gt;&gt;</a>&nbsp;&nbsp;&nbsp;can_disable
</UL>
<BR>[Called By]<UL><LI><a href="#[121]">&gt;&gt;</a>&nbsp;&nbsp;&nbsp;can_init
<LI><a href="#[211]">&gt;&gt;</a>&nbsp;&nbsp;&nbsp;mbed::CAN::frequency(int)
</UL>

<P><STRONG><a name="[120]"></a>can_reset</STRONG> (Thumb, 18 bytes, Stack size 8 bytes, can_api.o(.text))
<BR><BR>[Stack]<UL><LI>Max Depth = 8<LI>Call Chain = can_reset
</UL>
<BR>[Calls]<UL><LI><a href="#[11f]">&gt;&gt;</a>&nbsp;&nbsp;&nbsp;can_disable
</UL>
<BR>[Called By]<UL><LI><a href="#[121]">&gt;&gt;</a>&nbsp;&nbsp;&nbsp;can_init
<LI><a href="#[214]">&gt;&gt;</a>&nbsp;&nbsp;&nbsp;mbed::CAN::reset()
</UL>

<P><STRONG><a name="[121]"></a>can_init</STRONG> (Thumb, 194 bytes, Stack size 24 bytes, can_api.o(.text))
<BR><BR>[Stack]<UL><LI>Max Depth = 240 + Unknown Stack Size
<LI>Call Chain = can_init &rArr; pinmap_pinout &rArr; pin_mode &rArr; mbed_assert_internal &rArr;  mbed_die (Cycle)
</UL>
<BR>[Calls]<UL><LI><a href="#[120]">&gt;&gt;</a>&nbsp;&nbsp;&nbsp;can_reset
<LI><a href="#[11d]">&gt;&gt;</a>&nbsp;&nbsp;&nbsp;can_frequency
<LI><a href="#[122]">&gt;&gt;</a>&nbsp;&nbsp;&nbsp;pinmap_merge
<LI><a href="#[107]">&gt;&gt;</a>&nbsp;&nbsp;&nbsp;pinmap_pinout
<LI><a href="#[105]">&gt;&gt;</a>&nbsp;&nbsp;&nbsp;pinmap_peripheral
<LI><a href="#[106]">&gt;&gt;</a>&nbsp;&nbsp;&nbsp;mbed_assert_internal
</UL>
<BR>[Called By]<UL><LI><a href="#[20d]">&gt;&gt;</a>&nbsp;&nbsp;&nbsp;mbed::CAN::CAN(PinName, PinName)
</UL>

<P><STRONG><a name="[210]"></a>can_free</STRONG> (Thumb, 58 bytes, Stack size 0 bytes, can_api.o(.text))
<BR><BR>[Called By]<UL><LI><a href="#[4a]">&gt;&gt;</a>&nbsp;&nbsp;&nbsp;mbed::CAN::~CAN()
</UL>

<P><STRONG><a name="[123]"></a>can_write</STRONG> (Thumb, 380 bytes, Stack size 56 bytes, can_api.o(.text))
<BR><BR>[Stack]<UL><LI>Max Depth = 64<LI>Call Chain = can_write &rArr; __aeabi_memcpy4
</UL>
<BR>[Calls]<UL><LI><a href="#[124]">&gt;&gt;</a>&nbsp;&nbsp;&nbsp;can_enable
<LI><a href="#[125]">&gt;&gt;</a>&nbsp;&nbsp;&nbsp;__aeabi_memcpy4
</UL>
<BR>[Called By]<UL><LI><a href="#[212]">&gt;&gt;</a>&nbsp;&nbsp;&nbsp;mbed::CAN::write(mbed::CANMessage)
</UL>

<P><STRONG><a name="[126]"></a>can_read</STRONG> (Thumb, 110 bytes, Stack size 40 bytes, can_api.o(.text))
<BR><BR>[Stack]<UL><LI>Max Depth = 48<LI>Call Chain = can_read &rArr; __aeabi_memcpy4
</UL>
<BR>[Calls]<UL><LI><a href="#[124]">&gt;&gt;</a>&nbsp;&nbsp;&nbsp;can_enable
<LI><a href="#[125]">&gt;&gt;</a>&nbsp;&nbsp;&nbsp;__aeabi_memcpy4
</UL>
<BR>[Called By]<UL><LI><a href="#[213]">&gt;&gt;</a>&nbsp;&nbsp;&nbsp;mbed::CAN::read(mbed::CANMessage&, int)
</UL>

<P><STRONG><a name="[21b]"></a>can_rderror</STRONG> (Thumb, 12 bytes, Stack size 0 bytes, can_api.o(.text), UNUSED)
<BR><BR>[Called By]<UL><LI><a href="#[21a]">&gt;&gt;</a>&nbsp;&nbsp;&nbsp;mbed::CAN::rderror()
</UL>

<P><STRONG><a name="[21d]"></a>can_tderror</STRONG> (Thumb, 10 bytes, Stack size 0 bytes, can_api.o(.text), UNUSED)
[...]
<LI><a href="#[349]">&gt;&gt;</a>&nbsp;&nbsp;&nbsp;mem_set(void*, int, unsigned)
</UL>
<BR>[Called By]<UL><LI><a href="#[35c]">&gt;&gt;</a>&nbsp;&nbsp;&nbsp;dir_remove(FATFS_DIR*)
<LI><a href="#[35a]">&gt;&gt;</a>&nbsp;&nbsp;&nbsp;dir_register(FATFS_DIR*)
<LI><a href="#[358]">&gt;&gt;</a>&nbsp;&nbsp;&nbsp;dir_read(FATFS_DIR*)
<LI><a href="#[355]">&gt;&gt;</a>&nbsp;&nbsp;&nbsp;dir_find(FATFS_DIR*)
<LI><a href="#[331]">&gt;&gt;</a>&nbsp;&nbsp;&nbsp;f_readdir
</UL>

<P><STRONG><a name="[362]"></a>ld_clust(FATFS*, unsigned char*)</STRONG> (Thumb, 32 bytes, Stack size 8 bytes, ff.o(.text))
<BR><BR>[Stack]<UL><LI>Max Depth = 8<LI>Call Chain = ld_clust(FATFS*, unsigned char*)
</UL>
<BR>[Called By]<UL><LI><a href="#[36c]">&gt;&gt;</a>&nbsp;&nbsp;&nbsp;f_rename
<LI><a href="#[361]">&gt;&gt;</a>&nbsp;&nbsp;&nbsp;follow_path(FATFS_DIR*, const char*)
<LI><a href="#[33d]">&gt;&gt;</a>&nbsp;&nbsp;&nbsp;f_unlink
<LI><a href="#[33f]">&gt;&gt;</a>&nbsp;&nbsp;&nbsp;f_opendir
<LI><a href="#[33c]">&gt;&gt;</a>&nbsp;&nbsp;&nbsp;f_open
</UL>

<P><STRONG><a name="[366]"></a>st_clust(unsigned char*, unsigned long)</STRONG> (Thumb, 16 bytes, Stack size 0 bytes, ff.o(.text))
<BR><BR>[Called By]<UL><LI><a href="#[36c]">&gt;&gt;</a>&nbsp;&nbsp;&nbsp;f_rename
<LI><a href="#[33c]">&gt;&gt;</a>&nbsp;&nbsp;&nbsp;f_open
<LI><a href="#[340]">&gt;&gt;</a>&nbsp;&nbsp;&nbsp;f_mkdir
<LI><a href="#[338]">&gt;&gt;</a>&nbsp;&nbsp;&nbsp;f_sync
</UL>

<P><STRONG><a name="[351]"></a>cmp_lfn(unsigned short*, unsigned char*)</STRONG> (Thumb, 138 bytes, Stack size 32 bytes, ff.o(.text))
<BR><BR>[Stack]<UL><LI>Max Depth = 32<LI>Call Chain = cmp_lfn(unsigned short*, unsigned char*)
</UL>
<BR>[Calls]<UL><LI><a href="#[352]">&gt;&gt;</a>&nbsp;&nbsp;&nbsp;ff_wtoupper
</UL>
<BR>[Called By]<UL><LI><a href="#[355]">&gt;&gt;</a>&nbsp;&nbsp;&nbsp;dir_find(FATFS_DIR*)
</UL>

<P><STRONG><a name="[359]"></a>pick_lfn(unsigned short*, unsigned char*)</STRONG> (Thumb, 112 bytes, Stack size 20 bytes, ff.o(.text))
<BR><BR>[Stack]<UL><LI>Max Depth = 20<LI>Call Chain = pick_lfn(unsigned short*, unsigned char*)
</UL>
<BR>[Called By]<UL><LI><a href="#[358]">&gt;&gt;</a>&nbsp;&nbsp;&nbsp;dir_read(FATFS_DIR*)
</UL>

<P><STRONG><a name="[35b]"></a>fit_lfn(const unsigned short*, unsigned char*, unsigned char, unsigned char)</STRONG> (Thumb, 122 bytes, Stack size 20 bytes, ff.o(.text))
<BR><BR>[Stack]<UL><LI>Max Depth = 20<LI>Call Chain = fit_lfn(const unsigned short*, unsigned char*, unsigned char, unsigned char)
</UL>
<BR>[Called By]<UL><LI><a href="#[35a]">&gt;&gt;</a>&nbsp;&nbsp;&nbsp;dir_register(FATFS_DIR*)
</UL>

<P><STRONG><a name="[356]"></a>sum_sfn(const unsigned char*)</STRONG> (Thumb, 32 bytes, Stack size 12 bytes, ff.o(.text))
<BR><BR>[Stack]<UL><LI>Max Depth = 12<LI>Call Chain = sum_sfn(const unsigned char*)
</UL>
<BR>[Called By]<UL><LI><a href="#[35a]">&gt;&gt;</a>&nbsp;&nbsp;&nbsp;dir_register(FATFS_DIR*)
<LI><a href="#[358]">&gt;&gt;</a>&nbsp;&nbsp;&nbsp;dir_read(FATFS_DIR*)
<LI><a href="#[355]">&gt;&gt;</a>&nbsp;&nbsp;&nbsp;dir_find(FATFS_DIR*)
</UL>

<P><STRONG><a name="[355]"></a>dir_find(FATFS_DIR*)</STRONG> (Thumb, 222 bytes, Stack size 32 bytes, ff.o(.text))
<BR><BR>[Stack]<UL><LI>Max Depth = 336 + Unknown Stack Size
<LI>Call Chain = dir_find(FATFS_DIR*) &rArr; dir_next(FATFS_DIR*, int) &rArr; create_chain(FATFS*, unsigned long) &rArr; put_fat(FATFS*, unsigned long, unsigned long) &rArr; move_window(FATFS*, unsigned long) &rArr; disk_write(unsigned char, const unsigned char*, unsigned long, unsigned char) &rArr; debug_if(int, const char*, ...) &rArr; __c89vfprintf &rArr; _printf_char_file &rArr; _printf_char_common &rArr; __printf
</UL>
<BR>[Calls]<UL><LI><a href="#[356]">&gt;&gt;</a>&nbsp;&nbsp;&nbsp;sum_sfn(const unsigned char*)
<LI><a href="#[351]">&gt;&gt;</a>&nbsp;&nbsp;&nbsp;cmp_lfn(unsigned short*, unsigned char*)
<LI><a href="#[350]">&gt;&gt;</a>&nbsp;&nbsp;&nbsp;dir_next(FATFS_DIR*, int)
<LI><a href="#[34e]">&gt;&gt;</a>&nbsp;&nbsp;&nbsp;dir_sdi(FATFS_DIR*, unsigned short)
<LI><a href="#[347]">&gt;&gt;</a>&nbsp;&nbsp;&nbsp;move_window(FATFS*, unsigned long)
<LI><a href="#[357]">&gt;&gt;</a>&nbsp;&nbsp;&nbsp;mem_cmp(const void*, const void*, unsigned)
</UL>
<BR>[Called By]<UL><LI><a href="#[361]">&gt;&gt;</a>&nbsp;&nbsp;&nbsp;follow_path(FATFS_DIR*, const char*)
<LI><a href="#[35a]">&gt;&gt;</a>&nbsp;&nbsp;&nbsp;dir_register(FATFS_DIR*)
</UL>

<P><STRONG><a name="[358]"></a>dir_read(FATFS_DIR*)</STRONG> (Thumb, 190 bytes, Stack size 32 bytes, ff.o(.text))
<BR><BR>[Stack]<UL><LI>Max Depth = 336 + Unknown Stack Size
<LI>Call Chain = dir_read(FATFS_DIR*) &rArr; dir_next(FATFS_DIR*, int) &rArr; create_chain(FATFS*, unsigned long) &rArr; put_fat(FATFS*, unsigned long, unsigned long) &rArr; move_window(FATFS*, unsigned long) &rArr; disk_write(unsigned char, const unsigned char*, unsigned long, unsigned char) &rArr; debug_if(int, const char*, ...) &rArr; __c89vfprintf &rArr; _printf_char_file &rArr; _printf_char_common &rArr; __printf
</UL>
<BR>[Calls]<UL><LI><a href="#[356]">&gt;&gt;</a>&nbsp;&nbsp;&nbsp;sum_sfn(const unsigned char*)
<LI><a href="#[359]">&gt;&gt;</a>&nbsp;&nbsp;&nbsp;pick_lfn(unsigned short*, unsigned char*)
<LI><a href="#[350]">&gt;&gt;</a>&nbsp;&nbsp;&nbsp;dir_next(FATFS_DIR*, int)
<LI><a href="#[347]">&gt;&gt;</a>&nbsp;&nbsp;&nbsp;move_window(FATFS*, unsigned long)
</UL>
<BR>[Called By]<UL><LI><a href="#[33d]">&gt;&gt;</a>&nbsp;&nbsp;&nbsp;f_unlink
<LI><a href="#[331]">&gt;&gt;</a>&nbsp;&nbsp;&nbsp;f_readdir
</UL>

<P><STRONG><a name="[35a]"></a>dir_register(FATFS_DIR*)</STRONG> (Thumb, 400 bytes, Stack size 56 bytes, ff.o(.text))
<BR><BR>[Stack]<UL><LI>Max Depth = 392 + Unknown Stack Size
<LI>Call Chain = dir_register(FATFS_DIR*) &rArr; dir_find(FATFS_DIR*) &rArr; dir_next(FATFS_DIR*, int) &rArr; create_chain(FATFS*, unsigned long) &rArr; put_fat(FATFS*, unsigned long, unsigned long) &rArr; move_window(FATFS*, unsigned long) &rArr; disk_write(unsigned char, const unsigned char*, unsigned long, unsigned char) &rArr; debug_if(int, const char*, ...) &rArr; __c89vfprintf &rArr; _printf_char_file &rArr; _printf_char_common &rArr; __printf
</UL>
<BR>[Calls]<UL><LI><a href="#[353]">&gt;&gt;</a>&nbsp;&nbsp;&nbsp;gen_numname(unsigned char*, const unsigned char*, const unsigned short*, unsigned short)
<LI><a href="#[355]">&gt;&gt;</a>&nbsp;&nbsp;&nbsp;dir_find(FATFS_DIR*)
<LI><a href="#[356]">&gt;&gt;</a>&nbsp;&nbsp;&nbsp;sum_sfn(const unsigned char*)
<LI><a href="#[35b]">&gt;&gt;</a>&nbsp;&nbsp;&nbsp;fit_lfn(const unsigned short*, unsigned char*, unsigned char, unsigned char)
<LI><a href="#[350]">&gt;&gt;</a>&nbsp;&nbsp;&nbsp;dir_next(FATFS_DIR*, int)
<LI><a href="#[34e]">&gt;&gt;</a>&nbsp;&nbsp;&nbsp;dir_sdi(FATFS_DIR*, unsigned short)
<LI><a href="#[347]">&gt;&gt;</a>&nbsp;&nbsp;&nbsp;move_window(FATFS*, unsigned long)
<LI><a href="#[349]">&gt;&gt;</a>&nbsp;&nbsp;&nbsp;mem_set(void*, int, unsigned)
<LI><a href="#[354]">&gt;&gt;</a>&nbsp;&nbsp;&nbsp;mem_cpy(void*, const void*, unsigned)
</UL>
<BR>[Called By]<UL><LI><a href="#[36c]">&gt;&gt;</a>&nbsp;&nbsp;&nbsp;f_rename
<LI><a href="#[33c]">&gt;&gt;</a>&nbsp;&nbsp;&nbsp;f_open
<LI><a href="#[340]">&gt;&gt;</a>&nbsp;&nbsp;&nbsp;f_mkdir
</UL>

<P><STRONG><a name="[35c]"></a>dir_remove(FATFS_DIR*)</STRONG> (Thumb, 96 bytes, Stack size 16 bytes, ff.o(.text))
<BR><BR>[Stack]<UL><LI>Max Depth = 320 + Unknown Stack Size
<LI>Call Chain = dir_remove(FATFS_DIR*) &rArr; dir_next(FATFS_DIR*, int) &rArr; create_chain(FATFS*, unsigned long) &rArr; put_fat(FATFS*, unsigned long, unsigned long) &rArr; move_window(FATFS*, unsigned long) &rArr; disk_write(unsigned char, const unsigned char*, unsigned long, unsigned char) &rArr; debug_if(int, const char*, ...) &rArr; __c89vfprintf &rArr; _printf_char_file &rArr; _printf_char_common &rArr; __printf
</UL>
<BR>[Calls]<UL><LI><a href="#[350]">&gt;&gt;</a>&nbsp;&nbsp;&nbsp;dir_next(FATFS_DIR*, int)
<LI><a href="#[34e]">&gt;&gt;</a>&nbsp;&nbsp;&nbsp;dir_sdi(FATFS_DIR*, unsigned short)
<LI><a href="#[347]">&gt;&gt;</a>&nbsp;&nbsp;&nbsp;move_window(FATFS*, unsigned long)
</UL>
<BR>[Called By]<UL><LI><a href="#[36c]">&gt;&gt;</a>&nbsp;&nbsp;&nbsp;f_rename
<LI><a href="#[33d]">&gt;&gt;</a>&nbsp;&nbsp;&nbsp;f_unlink
</UL>

<P><STRONG><a name="[35d]"></a>create_name(FATFS_DIR*, const char**)</STRONG> (Thumb, 534 bytes, Stack size 56 bytes, ff.o(.text))
<BR><BR>[Stack]<UL><LI>Max Depth = 68<LI>Call Chain = create_name(FATFS_DIR*, const char**) &rArr; mem_set(void*, int, unsigned)
</UL>
<BR>[Calls]<UL><LI><a href="#[35f]">&gt;&gt;</a>&nbsp;&nbsp;&nbsp;chk_chr(const char*, int)
<LI><a href="#[349]">&gt;&gt;</a>&nbsp;&nbsp;&nbsp;mem_set(void*, int, unsigned)
<LI><a href="#[35e]">&gt;&gt;</a>&nbsp;&nbsp;&nbsp;ff_convert
</UL>
<BR>[Called By]<UL><LI><a href="#[361]">&gt;&gt;</a>&nbsp;&nbsp;&nbsp;follow_path(FATFS_DIR*, const char*)
</UL>

<P><STRONG><a name="[360]"></a>get_fileinfo(FATFS_DIR*, FILINFO*)</STRONG> (Thumb, 296 bytes, Stack size 48 bytes, ff.o(.text))
<BR><BR>[Stack]<UL><LI>Max Depth = 56<LI>Call Chain = get_fileinfo(FATFS_DIR*, FILINFO*) &rArr; ff_convert
</UL>
<BR>[Calls]<UL><LI><a href="#[35e]">&gt;&gt;</a>&nbsp;&nbsp;&nbsp;ff_convert
</UL>
<BR>[Called By]<UL><LI><a href="#[367]">&gt;&gt;</a>&nbsp;&nbsp;&nbsp;f_stat
<LI><a href="#[331]">&gt;&gt;</a>&nbsp;&nbsp;&nbsp;f_readdir
</UL>

<P><STRONG><a name="[361]"></a>follow_path(FATFS_DIR*, const char*)</STRONG> (Thumb, 146 bytes, Stack size 32 bytes, ff.o(.text))
<BR><BR>[Stack]<UL><LI>Max Depth = 368 + Unknown Stack Size
<LI>Call Chain = follow_path(FATFS_DIR*, const char*) &rArr; dir_find(FATFS_DIR*) &rArr; dir_next(FATFS_DIR*, int) &rArr; create_chain(FATFS*, unsigned long) &rArr; put_fat(FATFS*, unsigned long, unsigned long) &rArr; move_window(FATFS*, unsigned long) &rArr; disk_write(unsigned char, const unsigned char*, unsigned long, unsigned char) &rArr; debug_if(int, const char*, ...) &rArr; __c89vfprintf &rArr; _printf_char_file &rArr; _printf_char_common &rArr; __printf
</UL>
<BR>[Calls]<UL><LI><a href="#[35d]">&gt;&gt;</a>&nbsp;&nbsp;&nbsp;create_name(FATFS_DIR*, const char**)
<LI><a href="#[355]">&gt;&gt;</a>&nbsp;&nbsp;&nbsp;dir_find(FATFS_DIR*)
<LI><a href="#[362]">&gt;&gt;</a>&nbsp;&nbsp;&nbsp;ld_clust(FATFS*, unsigned char*)
<LI><a href="#[34e]">&gt;&gt;</a>&nbsp;&nbsp;&nbsp;dir_sdi(FATFS_DIR*, unsigned short)
</UL>
<BR>[Called By]<UL><LI><a href="#[36c]">&gt;&gt;</a>&nbsp;&nbsp;&nbsp;f_rename
<LI><a href="#[36b]">&gt;&gt;</a>&nbsp;&nbsp;&nbsp;f_utime
<LI><a href="#[36a]">&gt;&gt;</a>&nbsp;&nbsp;&nbsp;f_chmod
<LI><a href="#[367]">&gt;&gt;</a>&nbsp;&nbsp;&nbsp;f_stat
<LI><a href="#[33d]">&gt;&gt;</a>&nbsp;&nbsp;&nbsp;f_unlink
<LI><a href="#[33f]">&gt;&gt;</a>&nbsp;&nbsp;&nbsp;f_opendir
<LI><a href="#[33c]">&gt;&gt;</a>&nbsp;&nbsp;&nbsp;f_open
<LI><a href="#[340]">&gt;&gt;</a>&nbsp;&nbsp;&nbsp;f_mkdir
</UL>

<P><STRONG><a name="[363]"></a>check_fs(FATFS*, unsigned long)</STRONG> (Thumb, 166 bytes, Stack size 16 bytes, ff.o(.text))
<BR><BR>[Stack]<UL><LI>Max Depth = 208 + Unknown Stack Size
<LI>Call Chain = check_fs(FATFS*, unsigned long) &rArr; disk_read(unsigned char, unsigned char*, unsigned long, unsigned char) &rArr; debug_if(int, const char*, ...) &rArr; __c89vfprintf &rArr; _printf_char_file &rArr; _printf_char_common &rArr; __printf
</UL>
<BR>[Calls]<UL><LI><a href="#[344]">&gt;&gt;</a>&nbsp;&nbsp;&nbsp;disk_read(unsigned char, unsigned char*, unsigned long, unsigned char)
</UL>
<BR>[Called By]<UL><LI><a href="#[364]">&gt;&gt;</a>&nbsp;&nbsp;&nbsp;chk_mounted(const char**, FATFS**, unsigned char)
</UL>

<P><STRONG><a name="[364]"></a>chk_mounted(const char**, FATFS**, unsigned char)</STRONG> (Thumb, 904 bytes, Stack size 80 bytes, ff.o(.text))
<BR><BR>[Stack]<UL><LI>Max Depth = 288 + Unknown Stack Size
<LI>Call Chain = chk_mounted(const char**, FATFS**, unsigned char) &rArr; check_fs(FATFS*, unsigned long) &rArr; disk_read(unsigned char, unsigned char*, unsigned long, unsigned char) &rArr; debug_if(int, const char*, ...) &rArr; __c89vfprintf &rArr; _printf_char_file &rArr; _printf_char_common &rArr; __printf
</UL>
<BR>[Calls]<UL><LI><a href="#[363]">&gt;&gt;</a>&nbsp;&nbsp;&nbsp;check_fs(FATFS*, unsigned long)
<LI><a href="#[344]">&gt;&gt;</a>&nbsp;&nbsp;&nbsp;disk_read(unsigned char, unsigned char*, unsigned long, unsigned char)
<LI><a href="#[343]">&gt;&gt;</a>&nbsp;&nbsp;&nbsp;disk_status(unsigned char)
<LI><a href="#[342]">&gt;&gt;</a>&nbsp;&nbsp;&nbsp;disk_initialize(unsigned char)
</UL>
<BR>[Called By]<UL><LI><a href="#[36c]">&gt;&gt;</a>&nbsp;&nbsp;&nbsp;f_rename
<LI><a href="#[36b]">&gt;&gt;</a>&nbsp;&nbsp;&nbsp;f_utime
<LI><a href="#[36a]">&gt;&gt;</a>&nbsp;&nbsp;&nbsp;f_chmod
<LI><a href="#[368]">&gt;&gt;</a>&nbsp;&nbsp;&nbsp;f_getfree
<LI><a href="#[367]">&gt;&gt;</a>&nbsp;&nbsp;&nbsp;f_stat
<LI><a href="#[33d]">&gt;&gt;</a>&nbsp;&nbsp;&nbsp;f_unlink
<LI><a href="#[33f]">&gt;&gt;</a>&nbsp;&nbsp;&nbsp;f_opendir
<LI><a href="#[33c]">&gt;&gt;</a>&nbsp;&nbsp;&nbsp;f_open
<LI><a href="#[340]">&gt;&gt;</a>&nbsp;&nbsp;&nbsp;f_mkdir
</UL>

<P><STRONG><a name="[365]"></a>validate(void*)</STRONG> (Thumb, 52 bytes, Stack size 16 bytes, ff.o(.text))
<BR><BR>[Stack]<UL><LI>Max Depth = 184 + Unknown Stack Size
<LI>Call Chain = validate(void*) &rArr; disk_status(unsigned char) &rArr; debug_if(int, const char*, ...) &rArr; __c89vfprintf &rArr; _printf_char_file &rArr; _printf_char_common &rArr; __printf
</UL>
<BR>[Calls]<UL><LI><a href="#[343]">&gt;&gt;</a>&nbsp;&nbsp;&nbsp;disk_status(unsigned char)
</UL>
<BR>[Called By]<UL><LI><a href="#[369]">&gt;&gt;</a>&nbsp;&nbsp;&nbsp;f_truncate
<LI><a href="#[335]">&gt;&gt;</a>&nbsp;&nbsp;&nbsp;f_write
<LI><a href="#[338]">&gt;&gt;</a>&nbsp;&nbsp;&nbsp;f_sync
<LI><a href="#[336]">&gt;&gt;</a>&nbsp;&nbsp;&nbsp;f_read
<LI><a href="#[337]">&gt;&gt;</a>&nbsp;&nbsp;&nbsp;f_lseek
<LI><a href="#[331]">&gt;&gt;</a>&nbsp;&nbsp;&nbsp;f_readdir
</UL>

<P><STRONG><a name="[36d]"></a>gpdma_transfer(GPDMA_Channel_CFG_T*, unsigned, unsigned, unsigned char, unsigned char)</STRONG> (Thumb, 114 bytes, Stack size 20 bytes, gpdma.o(.text))
<BR><BR>[Stack]<UL><LI>Max Depth = 20<LI>Call Chain = gpdma_transfer(GPDMA_Channel_CFG_T*, unsigned, unsigned, unsigned char, unsigned char)
</UL>
<BR>[Called By]<UL><LI><a href="#[32a]">&gt;&gt;</a>&nbsp;&nbsp;&nbsp;gpdma_transfer_from_mci(unsigned char, unsigned, unsigned)
<LI><a href="#[32e]">&gt;&gt;</a>&nbsp;&nbsp;&nbsp;gpdma_transfer_to_mci(unsigned char, unsigned, unsigned)
</UL>

<P><STRONG><a name="[b3]"></a>__sti___23_UART_RTOS_Interrupt_cpp_5a0c9b47</STRONG> (Thumb, 26 bytes, Stack size 8 bytes, uart_rtos_interrupt.o(.text))
<BR><BR>[Stack]<UL><LI>Max Depth = 656 + Unknown Stack Size
<LI>Call Chain = __sti___23_UART_RTOS_Interrupt_cpp_5a0c9b47 &rArr; mbed::Serial::Serial(PinName, PinName, const char*) &rArr; mbed::Stream::Stream__sub_object(const char*) &rArr; fopen &rArr; _freopen_locked &rArr; _sys_open &rArr; __0sscanf &rArr; __vfscanf_char &rArr; __vfscanf &rArr; _scanf_real &rArr; _scanf_really_real &rArr; _fp_value &rArr; _btod_etento &rArr; _btod_emul &rArr; _e2e
</UL>
<BR>[Calls]<UL><LI><a href="#[1ea]">&gt;&gt;</a>&nbsp;&nbsp;&nbsp;mbed::Serial::Serial(PinName, PinName, const char*)
<LI><a href="#[1e7]">&gt;&gt;</a>&nbsp;&nbsp;&nbsp;__aeabi_atexit
</UL>
<BR>[Address Reference Count : 1]<UL><LI> uart_rtos_interrupt.o(.init_array)
</UL>
<P><STRONG><a name="[372]"></a>Heap1_SizeAdjust</STRONG> (Thumb, 8 bytes, Stack size 0 bytes, h1_alloc_mt.o(.text))
<BR><BR>[Called By]<UL><LI><a href="#[371]">&gt;&gt;</a>&nbsp;&nbsp;&nbsp;_malloc_internal
</UL>

<P><STRONG><a name="[391]"></a>_freopen_locked</STRONG> (Thumb, 174 bytes, Stack size 32 bytes, fopen_locked.o(.text))
<BR><BR>[Stack]<UL><LI>Max Depth = 576 + Unknown Stack Size
<LI>Call Chain = _freopen_locked &rArr; _sys_open &rArr; __0sscanf &rArr; __vfscanf_char &rArr; __vfscanf &rArr; _scanf_real &rArr; _scanf_really_real &rArr; _fp_value &rArr; _btod_etento &rArr; _btod_emul &rArr; _e2e
</UL>
<BR>[Calls]<UL><LI><a href="#[ba]">&gt;&gt;</a>&nbsp;&nbsp;&nbsp;_mutex_release
<LI><a href="#[b9]">&gt;&gt;</a>&nbsp;&nbsp;&nbsp;_mutex_acquire
<LI><a href="#[230]">&gt;&gt;</a>&nbsp;&nbsp;&nbsp;_sys_open
<LI><a href="#[38d]">&gt;&gt;</a>&nbsp;&nbsp;&nbsp;_fclose_internal
<LI><a href="#[387]">&gt;&gt;</a>&nbsp;&nbsp;&nbsp;_fseek
</UL>
<BR>[Called By]<UL><LI><a href="#[1ef]">&gt;&gt;</a>&nbsp;&nbsp;&nbsp;fopen
<LI><a href="#[392]">&gt;&gt;</a>&nbsp;&nbsp;&nbsp;freopen
</UL>

<P><STRONG><a name="[399]"></a>_tm_carry</STRONG> (Thumb, 54 bytes, Stack size 12 bytes, mktime.o(.text))
<BR><BR>[Stack]<UL><LI>Max Depth = 12<LI>Call Chain = _tm_carry
</UL>
<BR>[Called By]<UL><LI><a href="#[114]">&gt;&gt;</a>&nbsp;&nbsp;&nbsp;mktime
</UL>

<P><STRONG><a name="[39a]"></a>_isoweek</STRONG> (Thumb, 64 bytes, Stack size 16 bytes, strftime.o(.text), UNUSED)
<BR><BR>[Calls]<UL><LI><a href="#[39b]">&gt;&gt;</a>&nbsp;&nbsp;&nbsp;_yeardays
</UL>
<BR>[Called By]<UL><LI><a href="#[2de]">&gt;&gt;</a>&nbsp;&nbsp;&nbsp;strftime
<LI><a href="#[39c]">&gt;&gt;</a>&nbsp;&nbsp;&nbsp;_weekbasedyear
</UL>

<P><STRONG><a name="[39d]"></a>_findweek</STRONG> (Thumb, 24 bytes, Stack size 0 bytes, strftime.o(.text), UNUSED)
<BR><BR>[Called By]<UL><LI><a href="#[2de]">&gt;&gt;</a>&nbsp;&nbsp;&nbsp;strftime
</UL>

<P><STRONG><a name="[39b]"></a>_yeardays</STRONG> (Thumb, 42 bytes, Stack size 0 bytes, strftime.o(.text), UNUSED)
<BR><BR>[Called By]<UL><LI><a href="#[39a]">&gt;&gt;</a>&nbsp;&nbsp;&nbsp;_isoweek
</UL>

<P><STRONG><a name="[39c]"></a>_weekbasedyear</STRONG> (Thumb, 24 bytes, Stack size 8 bytes, strftime.o(.text), UNUSED)
<BR><BR>[Calls]<UL><LI><a href="#[39a]">&gt;&gt;</a>&nbsp;&nbsp;&nbsp;_isoweek
</UL>
<BR>[Called By]<UL><LI><a href="#[2de]">&gt;&gt;</a>&nbsp;&nbsp;&nbsp;strftime
</UL>

<P><STRONG><a name="[55]"></a>_printf_input_char</STRONG> (Thumb, 10 bytes, Stack size 0 bytes, _printf_char_common.o(.text))
<BR>[Address Reference Count : 1]<UL><LI> _printf_char_common.o(.text)
</UL>
<P><STRONG><a name="[56]"></a>_scanf_char_input</STRONG> (Thumb, 12 bytes, Stack size 0 bytes, scanf_char.o(.text))
<BR>[Address Reference Count : 1]<UL><LI> scanf_char.o(.text)
</UL>
<P><STRONG><a name="[3c4]"></a>_fp_digits</STRONG> (Thumb, 428 bytes, Stack size 96 bytes, _printf_fp_dec.o(.text))
<BR><BR>[Stack]<UL><LI>Max Depth = 216<LI>Call Chain = _fp_digits &rArr; _btod_etento &rArr; _btod_emul &rArr; _e2e
</UL>
<BR>[Calls]<UL><LI><a href="#[3c8]">&gt;&gt;</a>&nbsp;&nbsp;&nbsp;_btod_emul
<LI><a href="#[3c7]">&gt;&gt;</a>&nbsp;&nbsp;&nbsp;_btod_ediv
<LI><a href="#[3c6]">&gt;&gt;</a>&nbsp;&nbsp;&nbsp;_btod_d2e
<LI><a href="#[3c5]">&gt;&gt;</a>&nbsp;&nbsp;&nbsp;_btod_etento
<LI><a href="#[3aa]">&gt;&gt;</a>&nbsp;&nbsp;&nbsp;_ll_udiv10
</UL>
<BR>[Called By]<UL><LI><a href="#[3c9]">&gt;&gt;</a>&nbsp;&nbsp;&nbsp;_printf_fp_dec_real
</UL>

<P><STRONG><a name="[3d0]"></a>_fp_value</STRONG> (Thumb, 508 bytes, Stack size 88 bytes, scanf_fp.o(.text))
<BR><BR>[Stack]<UL><LI>Max Depth = 208<LI>Call Chain = _fp_value &rArr; _btod_etento &rArr; _btod_emul &rArr; _e2e
</UL>
<BR>[Calls]<UL><LI><a href="#[fb]">&gt;&gt;</a>&nbsp;&nbsp;&nbsp;__aeabi_errno_addr
<LI><a href="#[3d1]">&gt;&gt;</a>&nbsp;&nbsp;&nbsp;_btod_emuld
<LI><a href="#[3d2]">&gt;&gt;</a>&nbsp;&nbsp;&nbsp;_btod_edivd
<LI><a href="#[3c5]">&gt;&gt;</a>&nbsp;&nbsp;&nbsp;_btod_etento
</UL>
<BR>[Called By]<UL><LI><a href="#[3d3]">&gt;&gt;</a>&nbsp;&nbsp;&nbsp;_scanf_really_real
</UL>

<P><STRONG><a name="[5c]"></a>__default_terminate_handler()</STRONG> (Thumb, 6 bytes, Stack size 8 bytes, arm_exceptions_globs.o(.text))
<BR><BR>[Stack]<UL><LI>Max Depth = 48<LI>Call Chain = __default_terminate_handler() &rArr; abort &rArr; __rt_SIGABRT &rArr; __rt_SIGABRT_inner &rArr; __default_signal_display &rArr; _ttywrch
</UL>
<BR>[Calls]<UL><LI><a href="#[3df]">&gt;&gt;</a>&nbsp;&nbsp;&nbsp;abort
</UL>
<BR>[Address Reference Count : 1]<UL><LI> arm_exceptions_globs.o(.text)
</UL><P>
<H3>
Undefined Global Symbols
</H3><HR></body></html>
