<html>
<body>
<pre>
<h1>µVision Build Log</h1>
<h2>Project:</h2>
D:\ZHAW\BA\WeKeBA\05_Source\mbed_BusHandlerV2\source\source.uvproj
Project File Date:  12/09/2014

<h2>Output:</h2>
Build target 'NXP LPC4088'
linking...
mbed-src/targets/cmsis/TARGET_NXP/TARGET_LPC408X/TOOLCHAIN_ARM_STD/LPC407X_8X.sct(28): warning: L6314W: No section matches pattern *.o(SPIFI_MEM).
Program Size: Code=44108 RO-data=2072 RW-data=524 ZI-data=15504  
Finished: 0 information, 1 warning and 0 error messages.
After Build - User command #1: fromelf --bin -o build\source_LPC4088.bin build\source.axf
".\build\source.axf" - 0 Error(s), 1 Warning(s).
Load "D:\\ZHAW\\BA\\WeKeBA\\05_Source\\mbed_BusHandlerV2\\source\\build\\source.axf" 
Erase Done.
Programming Done.
Verify OK.
ser command #1: fromelf --bin -o build\source_LPC4088.bin build\source.axf
".\build\source.axf" - 0 Error(s), 3 Warning(s).
ce.axf" 
Erase Done.
Programming Done.
Verify OK.
V2\\source\\build\\source.axf" 
Erase Done.
Programming Done.
Verify OK.
Load "D:\\ZHAW\\BA\\WeKeBA\\05_Source\\mbed_BusHandlerV2\\source\\build\\source.axf" 
Erase Done.
Programming Done.
Verify OK.
rt_CMSIS.c...
compiling rt_Event.c...
compiling rt_Semaphore.c...
compiling RTX_Conf_CM.c...
compiling rt_Time.c...
compiling rt_Mutex.c...
compiling rt_List.c...
compiling HAL_CM.c...
compiling HAL_CM4.c...
compiling main.cpp...
main.cpp(115): warning:  #177-D: variable "sensor1" was declared but never referenced
        uint32_t sensor1 = 0x61bfdf6;
main.cpp(235): warning:  #128-D: loop is not reachable
        while (1){
main.cpp: 2 warnings, 0 errors
compiling sys.cpp...
compiling sys_helper.cpp...
compiling RawSerial.cpp...
compiling Stream.cpp...
compiling Timeout.cpp...
compiling LocalFileSystem.cpp...
compiling FunctionPointer.cpp...
compiling I2CSlave.cpp...
compiling FilePath.cpp...
compiling InterruptManager.cpp...
compiling BusOut.cpp...
compiling Timer.cpp...
compiling FileSystemLike.cpp...
compiling I2C.cpp...
compiling CAN.cpp...
compiling SPISlave.cpp...
compiling TimerEvent.cpp...
compiling Serial.cpp...
compiling SPI.cpp...
compiling SerialBase.cpp...
compiling Ethernet.cpp...
compiling retarget.cpp...
compiling CallChain.cpp...
compiling BusIn.cpp...
compiling Ticker.cpp...
compiling InterruptIn.cpp...
compiling FileLike.cpp...
compiling BusInOut.cpp...
compiling FileBase.cpp...
compiling RtosTimer.cpp...
compiling Thread.cpp...
compiling Mutex.cpp...
compiling Semaphore.cpp...
compiling BusProtocol.cpp...
BusProtocol.cpp(31): warning:  #174-D: expression has no effect
    __disable_irq;
BusProtocol.cpp(35): warning:  #174-D: expression has no effect
        __enable_irq;
BusProtocol.cpp: 2 warnings, 0 errors
compiling BusHandler.cpp...
BusHandler.cpp(61): warning:  #550-D: variable "stat" was set but never used
        osStatus stat;
BusHandler.cpp(118): warning:  #177-D: variable "outMsgId" was declared but never referenced
        uint32_t outMsgId = 0;
BusHandler.cpp(153): warning:  #1-D: last line of file ends without a newline
  };
BusHandler.cpp: 3 warnings, 0 errors
compiling SerialID.cpp...
linking...
mbed-src/targets/cmsis/TARGET_NXP/TARGET_LPC408X/TOOLCHAIN_ARM_STD/LPC407X_8X.sct(28): warning: L6314W: No section matches pattern *.o(SPIFI_MEM).
Program Size: Code=43836 RO-data=2072 RW-data=512 ZI-data=15504  
Finished: 0 information, 1 warning and 0 error messages.
After Build - User command #1: fromelf --bin -o build\source_LPC4088.bin build\source.axf
".\build\source.axf" - 0 Error(s), 8 Warning(s).
