<html>
<body>
<pre>
<h1>µVision Build Log</h1>
<h2>Project:</h2>
D:\ZHAW\BA\WeKeBA\05_Source\mbed_BusHandlerV2\source\source.uvproj
Project File Date:  12/13/2014

<h2>Output:</h2>
Build target 'NXP LPC4088'
compiling main.cpp...
linking...
mbed-src/targets/cmsis/TARGET_NXP/TARGET_LPC408X/TOOLCHAIN_ARM_STD/LPC407X_8X.sct(28): warning: L6314W: No section matches pattern *.o(SPIFI_MEM).
Program Size: Code=48028 RO-data=2336 RW-data=596 ZI-data=15568  
Finished: 0 information, 1 warning and 0 error messages.
After Build - User command #1: fromelf --bin -o build\source_LPC4088.bin build\source.axf
".\build\source.axf" - 0 Error(s), 1 Warning(s).
Load "D:\\ZHAW\\BA\\WeKeBA\\05_Source\\mbed_BusHandlerV2\\source\\build\\source.axf" 
Erase Done.
Programming Done.
Verify OK.
referenced
                uint16_t i;
impact_action.cpp: 1 warning, 0 errors
".\build\source.axf" - 1 Error(s), 2 Warning(s).
Target not created
or messages.
After Build - User command #1: fromelf --bin -o build\source_LPC4088.bin build\source.axf
".\build\source.axf" - 0 Error(s), 3 Warning(s).
ndlerV2\\source\\build\\source.axf" 
Erase Done.
Programming Done.
Verify OK.
