<html>
<body>
<pre>
<h1>µVision Build Log</h1>
<h2>Project:</h2>
D:\ZHAW\BA\WeKeBA\05_Source\mbed_BusHandlerV2\source\source.uvproj
Project File Date:  12/16/2014

<h2>Output:</h2>
Build target 'NXP LPC4088'
compiling ProcessingLoops.cpp...
app\ProcessingLoops.h(65): warning:  #1-D: last line of file ends without a newline
  #endif
app\ProcessingLoops.cpp(238): warning:  #177-D: variable "allSensorsReceived" was declared but never referenced
        char allSensorsReceived = 0;
app\ProcessingLoops.cpp(245): warning:  #177-D: variable "sensorCounter" was declared but never referenced
        char sensorCounter = 0;
app\ProcessingLoops.cpp(418): warning:  #1-D: last line of file ends without a newline
  }
app\ProcessingLoops.cpp: 4 warnings, 0 errors
linking...
HAL/mbed-src/targets/cmsis/TARGET_NXP/TARGET_LPC408X/TOOLCHAIN_ARM_STD/LPC407X_8X.sct(28): warning: L6314W: No section matches pattern *.o(SPIFI_MEM).
Program Size: Code=81856 RO-data=5536 RW-data=764 ZI-data=42560  
Finished: 0 information, 1 warning and 0 error messages.
After Build - User command #1: fromelf --bin -o build\source_LPC4088.bin build\source.axf
".\build\source.axf" - 0 Error(s), 5 Warning(s).
Load "D:\\ZHAW\\BA\\WeKeBA\\05_Source\\mbed_BusHandlerV2\\source\\build\\source.axf" 
Erase Done.
Programming Done.
Verify OK.
