<html>
<body>
<pre>
<h1>µVision Build Log</h1>
<h2>Project:</h2>
C:\Temp\weltitob\Github\WeKeBA\05_Source\app_sdcard\app_sdcard.uvproj
Project File Date:  09/25/2014

<h2>Output:</h2>
Build target 'NXP LPC4088'
compiling main.cpp...
linking...
Program Size: Code=39342 RO-data=3226 RW-data=104 ZI-data=2140  
After Build - User command #1: fromelf --bin -o build\app_sdcard_LPC4088.bin build\app_sdcard.axf
".\build\app_sdcard.axf" - 0 Error(s), 0 Warning(s).
Load "C:\\Temp\\weltitob\\Github\\WeKeBA\\05_Source\\app_sdcard\\build\\app_sdcard.axf" 
Erase Done.
Programming Done.
Verify OK.
Load "C:\\Temp\\weltitob\\Github\\WeKeBA\\05_Source\\app_sdcard\\build\\app_sdcard.axf" 
Erase Done.
Programming Done.
Verify OK.
</pre>
</body>
</html>
compiling MCIFileSystem.cpp...
compiling FATFileSystem.cpp...
compiling FATFileHandle.cpp...
compiling FATDirHandle.cpp...
compiling diskio.cpp...
compiling ccsbcs.cpp...
compiling ff.cpp...
EALib/FATFileSystem/ChaN/ff.cpp(1689): warning:  #111-D: statement is unreachable
              w = (w << 8) + b;           /* Create a DBC */
EALib/FATFileSystem/ChaN/ff.cpp: 1 warning, 0 errors
linking...
Program Size: Code=39298 RO-data=3054 RW-data=104 ZI-data=2140  
After Build - User command #1: fromelf --bin -o build\app_sdcard_LPC4088.bin build\app_sdcard.axf
".\build\app_sdcard.axf" - 0 Error(s), 2 Warning(s).
Load "C:\\Temp\\weltitob\\Github\\WeKeBA\\05_Source\\app_sdcard\\build\\app_sdcard.axf" 
Erase Done.
Programming Done.
Verify OK.
