<html>
<body>
<pre>
<h1>µVision Build Log</h1>
<h2>Project:</h2>
D:\ZHAW\BA\WeKeBA\05_Source\Neuer Ordner\app_sdcard\app_sdcard.uvproj
Project File Date:  09/25/2014

<h2>Output:</h2>
Build target 'NXP LPC4088'
compiling glcdfont.c...
EALib/glcdfont.c(13): warning:  #177-D: variable "font" was declared but never referenced
  static const unsigned char font[] PROGMEM = {
EALib/glcdfont.c: 1 warning, 0 errors
compiling main.cpp...
compiling TSC2046.cpp...
compiling gpdma.cpp...
compiling GFXFb.cpp...
compiling Adafruit_GFX.cpp...
compiling sdram.cpp...
compiling MMA7455.cpp...
compiling SPIFI.cpp...
compiling AR1021.cpp...
compiling QSPIFileSystem.cpp...
compiling LcdController.cpp...
compiling EaLcdBoard.cpp...
compiling XBee.cpp...
compiling MCIFileSystem.cpp...
compiling FATFileSystem.cpp...
compiling FATFileHandle.cpp...
compiling FATDirHandle.cpp...
compiling diskio.cpp...
compiling ccsbcs.cpp...
compiling ff.cpp...
EALib/FATFileSystem/ChaN/ff.cpp(1689): warning:  #111-D: statement is unreachable
              w = (w << 8) + b;           /* Create a DBC */
EALib/FATFileSystem/ChaN/ff.cpp: 1 warning, 0 errors
linking...
Program Size: Code=39298 RO-data=3054 RW-data=104 ZI-data=2140  
After Build - User command #1: fromelf --bin -o build\app_sdcard_LPC4088.bin build\app_sdcard.axf
".\build\app_sdcard.axf" - 0 Error(s), 2 Warning(s).
Load "D:\\ZHAW\\BA\\WeKeBA\\05_Source\\Neuer Ordner\\app_sdcard\\build\\app_sdcard.axf" 
RDDI-DAP Error
Error: Flash Download failed  -  Target DLL has been cancelled
Load "D:\\ZHAW\\BA\\WeKeBA\\05_Source\\Neuer Ordner\\app_sdcard\\build\\app_sdcard.axf" 
Erase Done.
Programming Done.
Verify OK.
</pre>
</body>
</html>
