<html>
<body>
<pre>
<h1>µVision Build Log</h1>
<h2>Project:</h2>
D:\ZHAW\BA\GitHub\WeKeBA\05_Source\mbed_CAN\mbed_CAN.uvproj
Project File Date:  09/08/2014

<h2>Output:</h2>
Build target 'NXP LPC4088'
assembling startup_LPC407x_8x_177x_8x.s...
compiling port_api.c...
compiling spi_api.c...
compiling analogout_api.c...
compiling analogin_api.c...
compiling gpio_api.c...
compiling rtc_api.c...
compiling gpio_irq_api.c...
compiling serial_api.c...
compiling i2c_api.c...
compiling pwmout_api.c...
compiling ethernet_api.c...
compiling sleep.c...
compiling pinmap.c...
compiling us_ticker.c...
compiling can_api.c...
compiling cmsis_nvic.c...
compiling system_LPC407x_8x_177x_8x.c...
compiling board.c...
compiling assert.c...
compiling mbed_interface.c...
compiling exit.c...
compiling rtc_time.c...
compiling us_ticker_api.c...
compiling pinmap_common.c...
compiling error.c...
compiling gpio.c...
compiling semihost_api.c...
compiling wait_api.c...
compiling sys_helper.cpp...
compiling sys.cpp...
compiling RawSerial.cpp...
compiling Ticker.cpp...
compiling FilePath.cpp...
compiling I2C.cpp...
compiling FileBase.cpp...
compiling retarget.cpp...
compiling Serial.cpp...
compiling Stream.cpp...
compiling FileSystemLike.cpp...
compiling CallChain.cpp...
compiling InterruptManager.cpp...
compiling SerialBase.cpp...
compiling BusInOut.cpp...
compiling SPISlave.cpp...
compiling I2CSlave.cpp...
compiling FunctionPointer.cpp...
compiling Timer.cpp...
compiling SPI.cpp...
compiling Timeout.cpp...
compiling Ethernet.cpp...
compiling TimerEvent.cpp...
compiling CAN.cpp...
compiling BusOut.cpp...
compiling FileLike.cpp...
compiling BusIn.cpp...
compiling InterruptIn.cpp...
compiling LocalFileSystem.cpp...
compiling main.cpp...
CANTestingA/main.cpp(38): warning:  #1-D: last line of file ends without a newline
  }
CANTestingA/main.cpp: 1 warning, 0 errors
linking...
Program Size: Code=30236 RO-data=2060 RW-data=80 ZI-data=1116  
After Build - User command #1: fromelf --bin -o build\mbed_CAN_LPC4088.bin build\mbed_CAN.axf
".\build\mbed_CAN.axf" - 0 Error(s), 1 Warning(s).
Load "D:\\ZHAW\\BA\\GitHub\\WeKeBA\\05_Source\\mbed_CAN\\build\\mbed_CAN.axf" 
Erase Done.
Programming Done.
Verify OK.
Load "D:\\ZHAW\\BA\\GitHub\\WeKeBA\\05_Source\\mbed_CAN\\build\\mbed_CAN.axf" 
Erase Done.
Programming Done.
Verify OK.
