<html>
<body>
<pre>
<h1>µVision Build Log</h1>
<h2>Project:</h2>
D:\ZHAW\BA\GitHub\WeKeBA\05_Source\mbed_CAN_Sender\mbed_CAN.uvproj
Project File Date:  09/15/2014

<h2>Output:</h2>
Build target 'NXP LPC4088'
compiling main.cpp...
CANTestingA/main.cpp(35): warning:  #1-D: last line of file ends without a newline
  }
CANTestingA/main.cpp: 1 warning, 0 errors
linking...
Program Size: Code=30076 RO-data=2060 RW-data=80 ZI-data=1116  
After Build - User command #1: fromelf --bin -o build\mbed_CAN_LPC4088.bin build\mbed_CAN.axf
".\build\mbed_CAN.axf" - 0 Error(s), 1 Warning(s).
Load "D:\\ZHAW\\BA\\GitHub\\WeKeBA\\05_Source\\mbed_CAN_Sender\\build\\mbed_CAN.axf" 
Erase Done.
Programming Done.
Verify OK.
Load "D:\\ZHAW\\BA\\GitHub\\WeKeBA\\05_Source\\mbed_CAN_Sender\\build\\mbed_CAN.axf" 
Erase Done.
Programming Done.
Verify OK.
</pre>
</body>
</html>
