<html>
<body>
<pre>
<h1>µVision Build Log</h1>
<h2>Project:</h2>
D:\ZHAW\BA\WeKeBA\05_Source\mbed_BusHandler\mbed_BusHandler.uvproj
Project File Date:  11/03/2014

<h2>Output:</h2>
Rebuild target 'NXP LPC4088'
compiling main.cpp...
compiling BusHandler.cpp...
linking...
Program Size: Code=18624 RO-data=2536 RW-data=104 ZI-data=1056  
After Build - User command #1: fromelf --bin -o build\mbed_BusHandler_LPC4088.bin build\mbed_BusHandler.axf
".\build\mbed_BusHandler.axf" - 0 Error(s), 0 Warning(s).
T_LPC408X/gpio_object.h(19): error:  #5: cannot open source input file "mbed_assert.h": No such file or directory
  #include "mbed_assert.h"
BusHandler.cpp: 0 warnings, 1 error
".\build\mbed_BusHandler.axf" - 2 Error(s), 0 Warning(s).
Target not created
