<html>
<body>
<pre>
<h1>µVision Build Log</h1>
<h2>Project:</h2>
D:\ZHAW\BA\WeKeBA\05_Source\mbed_BusHandler\mbed_BusHandler.uvproj
Project File Date:  10/28/2014

<h2>Output:</h2>
Build target 'NXP LPC4088'
compiling BusHandler.cpp...
linking...
mbed/TARGET_LPC4088/TOOLCHAIN_ARM_STD/LPC407X_8X.sct(28): warning: L6314W: No section matches pattern *.o(SPIFI_MEM).
Program Size: Code=18008 RO-data=2540 RW-data=104 ZI-data=1056  
Finished: 0 information, 1 warning and 0 error messages.
After Build - User command #1: fromelf --bin -o build\mbed_BusHandler_LPC4088.bin build\mbed_BusHandler.axf
".\build\mbed_BusHandler.axf" - 0 Error(s), 1 Warning(s).
Load "D:\\ZHAW\\BA\\WeKeBA\\05_Source\\mbed_BusHandler\\build\\mbed_BusHandler.axf" 
Erase Done.
Programming Done.
Verify OK.
ming Done.
Verify OK.
ion, 1 warning and 0 error messages.
After Build - User command #1: fromelf --bin -o build\mbed_BusHandler_LPC4088.bin build\mbed_BusHandler.axf
".\build\mbed_BusHandler.axf" - 0 Error(s), 4 Warning(s).
build\mbed_BusHandler.axf
".\build\mbed_BusHandler.axf" - 0 Error(s), 5 Warning(s).
ler.cpp(99): warning:  #1-D: last line of file ends without a newline
  }
BusHandler.cpp: 4 warnings, 4 errors
".\build\mbed_BusHandler.axf" - 4 Error(s), 4 Warning(s).
Target not created
